Archive member included to satisfy reference by file (symbol)

/opt/gcc-arm/bin/../lib/gcc/arm-none-eabi/14.2.1/../../../../arm-none-eabi/lib/thumb/v7-m/nofp/libc.a(libc_a-memcpy.o)
                              rtos/queue.o (memcpy)
/home/dima/stm32//rtos/libwwg/libwwg.a(uartlib.o)
                              main.o (open_uart)
/home/dima/stm32//rtos/libwwg/libwwg.a(miniprintf.o)
                              /home/dima/stm32//rtos/libwwg/libwwg.a(uartlib.o) (mini_vprintf_cooked)
/home/dima/stm32//rtos/libwwg/libwwg.a(mcuio.o)
                              main.o (std_printf)
/home/dima/stm32//rtos/libwwg/libwwg.a(getline.o)
                              /home/dima/stm32//rtos/libwwg/libwwg.a(uartlib.o) (getline)
/home/dima/stm32//rtos/libwwg/libwwg.a(usbcdc.o)
                              /home/dima/stm32//rtos/libwwg/libwwg.a(mcuio.o) (usb_putc)
/home/dima/stm32/libopencm3/lib/libopencm3_stm32f1.a(gpio.o)
                              main.o (gpio_set_mode)
/home/dima/stm32/libopencm3/lib/libopencm3_stm32f1.a(gpio_common_all.o)
                              main.o (gpio_clear)
/home/dima/stm32/libopencm3/lib/libopencm3_stm32f1.a(rcc.o)
                              main.o (rcc_enable_rtc_clock)
/home/dima/stm32/libopencm3/lib/libopencm3_stm32f1.a(rcc_common_all.o)
                              main.o (rcc_periph_clock_enable)
/home/dima/stm32/libopencm3/lib/libopencm3_stm32f1.a(rtc.o)
                              main.o (rtc_awake_from_off)
/home/dima/stm32/libopencm3/lib/libopencm3_stm32f1.a(usart_common_all.o)
                              /home/dima/stm32//rtos/libwwg/libwwg.a(uartlib.o) (usart_set_baudrate)
/home/dima/stm32/libopencm3/lib/libopencm3_stm32f1.a(usart_common_f124.o)
                              /home/dima/stm32/libopencm3/lib/libopencm3_stm32f1.a(usart_common_all.o) (usart_send)
/home/dima/stm32/libopencm3/lib/libopencm3_stm32f1.a(usb.o)
                              /home/dima/stm32//rtos/libwwg/libwwg.a(usbcdc.o) (usbd_init)
/home/dima/stm32/libopencm3/lib/libopencm3_stm32f1.a(usb_control.o)
                              /home/dima/stm32//rtos/libwwg/libwwg.a(usbcdc.o) (usbd_register_control_callback)
/home/dima/stm32/libopencm3/lib/libopencm3_stm32f1.a(usb_standard.o)
                              /home/dima/stm32//rtos/libwwg/libwwg.a(usbcdc.o) (usbd_register_set_config_callback)
/home/dima/stm32/libopencm3/lib/libopencm3_stm32f1.a(st_usbfs_v1.o)
                              /home/dima/stm32//rtos/libwwg/libwwg.a(usbcdc.o) (st_usbfs_v1_usb_driver)
/home/dima/stm32/libopencm3/lib/libopencm3_stm32f1.a(vector.o)
                              (reset_handler)
/home/dima/stm32/libopencm3/lib/libopencm3_stm32f1.a(nvic.o)
                              main.o (nvic_enable_irq)
/home/dima/stm32/libopencm3/lib/libopencm3_stm32f1.a(assert.o)
                              /home/dima/stm32/libopencm3/lib/libopencm3_stm32f1.a(rcc.o) (cm3_assert_failed)
/home/dima/stm32/libopencm3/lib/libopencm3_stm32f1.a(flash_common_all.o)
                              /home/dima/stm32/libopencm3/lib/libopencm3_stm32f1.a(rcc.o) (flash_set_ws)
/home/dima/stm32/libopencm3/lib/libopencm3_stm32f1.a(pwr_common_v1.o)
                              /home/dima/stm32/libopencm3/lib/libopencm3_stm32f1.a(rtc.o) (pwr_disable_backup_domain_write_protect)
/home/dima/stm32/libopencm3/lib/libopencm3_stm32f1.a(st_usbfs_core.o)
                              /home/dima/stm32/libopencm3/lib/libopencm3_stm32f1.a(st_usbfs_v1.o) (st_usbfs_set_address)
/opt/gcc-arm/bin/../lib/gcc/arm-none-eabi/14.2.1/../../../../arm-none-eabi/lib/thumb/v7-m/nofp/libc.a(libc_a-malloc.o)
                              /home/dima/stm32//rtos/libwwg/libwwg.a(uartlib.o) (malloc)
/opt/gcc-arm/bin/../lib/gcc/arm-none-eabi/14.2.1/../../../../arm-none-eabi/lib/thumb/v7-m/nofp/libc.a(libc_a-mallocr.o)
                              /opt/gcc-arm/bin/../lib/gcc/arm-none-eabi/14.2.1/../../../../arm-none-eabi/lib/thumb/v7-m/nofp/libc.a(libc_a-malloc.o) (_malloc_r)
/opt/gcc-arm/bin/../lib/gcc/arm-none-eabi/14.2.1/../../../../arm-none-eabi/lib/thumb/v7-m/nofp/libc.a(libc_a-mlock.o)
                              /opt/gcc-arm/bin/../lib/gcc/arm-none-eabi/14.2.1/../../../../arm-none-eabi/lib/thumb/v7-m/nofp/libc.a(libc_a-mallocr.o) (__malloc_lock)
/opt/gcc-arm/bin/../lib/gcc/arm-none-eabi/14.2.1/../../../../arm-none-eabi/lib/thumb/v7-m/nofp/libc.a(libc_a-memmove.o)
                              /home/dima/stm32//rtos/libwwg/libwwg.a(getline.o) (memmove)
/opt/gcc-arm/bin/../lib/gcc/arm-none-eabi/14.2.1/../../../../arm-none-eabi/lib/thumb/v7-m/nofp/libc.a(libc_a-impure.o)
                              /opt/gcc-arm/bin/../lib/gcc/arm-none-eabi/14.2.1/../../../../arm-none-eabi/lib/thumb/v7-m/nofp/libc.a(libc_a-malloc.o) (_impure_ptr)
/opt/gcc-arm/bin/../lib/gcc/arm-none-eabi/14.2.1/../../../../arm-none-eabi/lib/thumb/v7-m/nofp/libc.a(libc_a-sbrkr.o)
[...]
Memory Configuration

Name             Origin             Length             Attributes
rom              0x08000000         0x00010000         xr
ram              0x20000000         0x00005000         xrw
*default*        0x00000000         0xffffffff

Linker script and memory map

LOAD main.o
LOAD rtos/heap_4.o
LOAD rtos/list.o
LOAD rtos/port.o
LOAD rtos/queue.o
LOAD rtos/tasks.o
LOAD rtos/opencm3.o
START GROUP
LOAD /opt/gcc-arm/bin/../lib/gcc/arm-none-eabi/14.2.1/../../../../arm-none-eabi/lib/thumb/v7-m/nofp/libc.a
LOAD /opt/gcc-arm/bin/../lib/gcc/arm-none-eabi/14.2.1/thumb/v7-m/nofp/libgcc.a
LOAD /opt/gcc-arm/bin/../lib/gcc/arm-none-eabi/14.2.1/../../../../arm-none-eabi/lib/thumb/v7-m/nofp/libnosys.a
END GROUP
LOAD /home/dima/stm32//rtos/libwwg/libwwg.a
LOAD /home/dima/stm32/libopencm3/lib/libopencm3_stm32f1.a
START GROUP
LOAD /opt/gcc-arm/bin/../lib/gcc/arm-none-eabi/14.2.1/thumb/v7-m/nofp/libgcc.a
LOAD /opt/gcc-arm/bin/../lib/gcc/arm-none-eabi/14.2.1/../../../../arm-none-eabi/lib/thumb/v7-m/nofp/libc.a
END GROUP
START GROUP
LOAD /opt/gcc-arm/bin/../lib/gcc/arm-none-eabi/14.2.1/thumb/v7-m/nofp/libgcc.a
LOAD /opt/gcc-arm/bin/../lib/gcc/arm-none-eabi/14.2.1/../../../../arm-none-eabi/lib/thumb/v7-m/nofp/libc.a
LOAD /opt/gcc-arm/bin/../lib/gcc/arm-none-eabi/14.2.1/../../../../arm-none-eabi/lib/thumb/v7-m/nofp/libnosys.a
END GROUP

.text           0x08000000     0x32fc
 *(.vectors)
 .vectors       0x08000000      0x150 /home/dima/stm32/libopencm3/lib/libopencm3_stm32f1.a(vector.o)
                0x08000000                vector_table
 *(.text*)
 .text.mutex_lock
                0x08000150       0x14 main.o
 .text.mutex_unlock
                0x08000164       0x14 main.o
 .text.task3    0x08000178       0x44 main.o
 .text.task2    0x080001bc       0x74 main.o
 .text.task1    0x08000230      0x128 main.o
 .text.rtc_isr  0x08000358      0x108 main.o
                0x08000358                rtc_isr
 .text.startup.main
                0x08000460      0x100 main.o
                0x08000460                main
 .text.prvInsertBlockIntoFreeList
                0x08000560       0x4c rtos/heap_4.o
 .text.pvPortMalloc
                0x080005ac       0xf4 rtos/heap_4.o
                0x080005ac                pvPortMalloc
 .text.vPortFree
                0x080006a0       0x4c rtos/heap_4.o
                0x080006a0                vPortFree
 .text.vListInitialise
                0x080006ec       0x16 rtos/list.o
                0x080006ec                vListInitialise
 .text.vListInitialiseItem
                0x08000702        0x6 rtos/list.o
                0x08000702                vListInitialiseItem
 .text.vListInsertEnd
                0x08000708       0x16 rtos/list.o
                0x08000708                vListInsertEnd
 .text.vListInsert
                0x0800071e       0x2e rtos/list.o
                0x0800071e                vListInsert
 .text.uxListRemove
                0x0800074c       0x1e rtos/list.o
                0x0800074c                uxListRemove
 .text.prvTaskExitError
                0x0800076a       0x12 rtos/port.o
 .text.prvPortStartFirstTask
                0x0800077c       0x20 rtos/port.o
 .text.pxPortInitialiseStack
                0x0800079c       0x24 rtos/port.o
                0x0800079c                pxPortInitialiseStack
 .text.vPortSVCHandler
                0x080007c0       0x24 rtos/port.o
                0x080007c0                vPortSVCHandler
 .text.vPortEnterCritical
                0x080007e4       0x20 rtos/port.o
                0x080007e4                vPortEnterCritical
 .text.vPortExitCritical
                0x08000804       0x14 rtos/port.o
                0x08000804                vPortExitCritical
 *fill*         0x08000818        0x8 
 .text.xPortPendSVHandler
                0x08000820       0x44 rtos/port.o
                0x08000820                xPortPendSVHandler
 .text.xPortSysTickHandler
                0x08000864       0x2c rtos/port.o
                0x08000864                xPortSysTickHandler
 .text.vPortSetupTimerInterrupt
                0x08000890       0x10 rtos/port.o
                0x08000890                vPortSetupTimerInterrupt
 .text.xPortStartScheduler
                0x080008a0       0x34 rtos/port.o
                0x080008a0                xPortStartScheduler
 .text.prvCopyDataToQueue
                0x080008d4       0x66 rtos/queue.o
 .text.prvCopyDataFromQueue
                0x0800093a       0x26 rtos/queue.o
 .text.prvUnlockQueue
                0x08000960       0x6c rtos/queue.o
 .text.xQueueGenericReset
                0x080009cc       0x6a rtos/queue.o
                0x080009cc                xQueueGenericReset
 .text.xQueueGenericCreate
                0x08000a36       0x2e rtos/queue.o
                0x08000a36                xQueueGenericCreate
 .text.xQueueGenericSend
                0x08000a64       0xfa rtos/queue.o
                0x08000a64                xQueueGenericSend
 .text.xQueueCreateMutex
                0x08000b5e       0x24 rtos/queue.o
                0x08000b5e                xQueueCreateMutex
 .text.xQueueGenericReceive
                0x08000b82      0x138 rtos/queue.o
                0x08000b82                xQueueGenericReceive
 .text.prvIdleTask
                0x08000cba        0x2 rtos/tasks.o
 .text.prvAddCurrentTaskToDelayedList
                0x08000cbc       0x88 rtos/tasks.o
 .text.prvResetNextTaskUnblockTime
                0x08000d44       0x24 rtos/tasks.o
 .text.xTaskCreate
                0x08000d68      0x198 rtos/tasks.o
                0x08000d68                xTaskCreate
 .text.vTaskStartScheduler
                0x08000f00       0x60 rtos/tasks.o
                0x08000f00                vTaskStartScheduler
 .text.vTaskSuspendAll
                0x08000f60       0x10 rtos/tasks.o
                0x08000f60                vTaskSuspendAll
 .text.xTaskGetTickCount
                0x08000f70        0xc rtos/tasks.o
                0x08000f70                xTaskGetTickCount
 .text.xTaskIncrementTick
                0x08000f7c      0x11c rtos/tasks.o
                0x08000f7c                xTaskIncrementTick
 .text.xTaskResumeAll
                0x08001098       0xd8 rtos/tasks.o
                0x08001098                xTaskResumeAll
 .text.vTaskSwitchContext
                0x08001170       0x54 rtos/tasks.o
                0x08001170                vTaskSwitchContext
 .text.vTaskPlaceOnEventList
                0x080011c4       0x20 rtos/tasks.o
                0x080011c4                vTaskPlaceOnEventList
 .text.xTaskRemoveFromEventList
                0x080011e4       0x70 rtos/tasks.o
                0x080011e4                xTaskRemoveFromEventList
 .text.vTaskSetTimeOutState
                0x08001254       0x18 rtos/tasks.o
                0x08001254                vTaskSetTimeOutState
 .text.xTaskCheckForTimeOut
                0x0800126c       0x4c rtos/tasks.o
                0x0800126c                xTaskCheckForTimeOut
 .text.vTaskMissedYield
                0x080012b8        0xc rtos/tasks.o
                0x080012b8                vTaskMissedYield
 .text.vTaskPriorityInherit
                0x080012c4       0x94 rtos/tasks.o
                0x080012c4                vTaskPriorityInherit
 .text.xTaskPriorityDisinherit
                0x08001358       0x70 rtos/tasks.o
                0x08001358                xTaskPriorityDisinherit
 .text.pvTaskIncrementMutexHeldCount
                0x080013c8       0x18 rtos/tasks.o
                0x080013c8                pvTaskIncrementMutexHeldCount
 .text.ulTaskNotifyTake
                0x080013e0       0x64 rtos/tasks.o
                0x080013e0                ulTaskNotifyTake
 .text.vTaskNotifyGiveFromISR
                0x08001444       0xa0 rtos/tasks.o
                0x08001444                vTaskNotifyGiveFromISR
 .text.sv_call_handler
                0x080014e4        0x4 rtos/opencm3.o
                0x080014e4                sv_call_handler
 .text.pend_sv_handler
                0x080014e8        0x4 rtos/opencm3.o
                0x080014e8                pend_sv_handler
 .text.sys_tick_handler
                0x080014ec        0x4 rtos/opencm3.o
                0x080014ec                sys_tick_handler
 .text          0x080014f0       0xec /opt/gcc-arm/bin/../lib/gcc/arm-none-eabi/14.2.1/../../../../arm-none-eabi/lib/thumb/v7-m/nofp/libc.a(libc_a-memcpy.o)
                0x080014f0                memcpy
 .text.uart_common_isr
                0x080015dc       0x44 /home/dima/stm32//rtos/libwwg/libwwg.a(uartlib.o)
 .text.usart1_isr
                0x08001620        0x6 /home/dima/stm32//rtos/libwwg/libwwg.a(uartlib.o)
                0x08001620                usart1_isr
 .text.usart2_isr
                0x08001626        0x6 /home/dima/stm32//rtos/libwwg/libwwg.a(uartlib.o)
                0x08001626                usart2_isr
 .text.usart3_isr
                0x0800162c        0x6 /home/dima/stm32//rtos/libwwg/libwwg.a(uartlib.o)
                0x0800162c                usart3_isr
 *fill*         0x08001632        0x2 
 .text.open_uart
                0x08001634      0x144 /home/dima/stm32//rtos/libwwg/libwwg.a(uartlib.o)
                0x08001634                open_uart
 .text.putc_uart
                0x08001778       0x34 /home/dima/stm32//rtos/libwwg/libwwg.a(uartlib.o)
                0x08001778                putc_uart
 .text.uart1_putc
                0x080017ac       0x1c /home/dima/stm32//rtos/libwwg/libwwg.a(uartlib.o)
                0x080017ac                uart1_putc
 .text.uart2_putc
                0x080017c8       0x1c /home/dima/stm32//rtos/libwwg/libwwg.a(uartlib.o)
                0x080017c8                uart2_putc
 .text.uart3_putc
                0x080017e4       0x1c /home/dima/stm32//rtos/libwwg/libwwg.a(uartlib.o)
                0x080017e4                uart3_putc
 .text.write_uart
                0x08001800       0x44 /home/dima/stm32//rtos/libwwg/libwwg.a(uartlib.o)
                0x08001800                write_uart
 .text.puts_uart
                0x08001844       0x40 /home/dima/stm32//rtos/libwwg/libwwg.a(uartlib.o)
                0x08001844                puts_uart
 .text.getc_uart_nb
                0x08001884       0x34 /home/dima/stm32//rtos/libwwg/libwwg.a(uartlib.o)
                0x08001884                getc_uart_nb
 .text.getc_uart
                0x080018b8       0x4c /home/dima/stm32//rtos/libwwg/libwwg.a(uartlib.o)
                0x080018b8                getc_uart
 .text.uart1_getc
                0x08001904        0xa /home/dima/stm32//rtos/libwwg/libwwg.a(uartlib.o)
                0x08001904                uart1_getc
 .text.uart2_getc
                0x0800190e        0xa /home/dima/stm32//rtos/libwwg/libwwg.a(uartlib.o)
                0x0800190e                uart2_getc
 .text.uart3_getc
                0x08001918        0xa /home/dima/stm32//rtos/libwwg/libwwg.a(uartlib.o)
                0x08001918                uart3_getc
 *fill*         0x08001922        0x2 
 .text.getline_uart
                0x08001924       0x20 /home/dima/stm32//rtos/libwwg/libwwg.a(uartlib.o)
                0x08001924                getline_uart
 .text.uart1_puts
                0x08001944        0x8 /home/dima/stm32//rtos/libwwg/libwwg.a(uartlib.o)
                0x08001944                uart1_puts
 .text.uart1_vprintf
                0x0800194c       0x10 /home/dima/stm32//rtos/libwwg/libwwg.a(uartlib.o)
                0x0800194c                uart1_vprintf
 .text.uart1_peek
                0x0800195c        0x6 /home/dima/stm32//rtos/libwwg/libwwg.a(uartlib.o)
                0x0800195c                uart1_peek
 .text.uart1_gets
                0x08001962        0xa /home/dima/stm32//rtos/libwwg/libwwg.a(uartlib.o)
                0x08001962                uart1_gets
 .text.uart1_write
                0x0800196c        0xa /home/dima/stm32//rtos/libwwg/libwwg.a(uartlib.o)
                0x0800196c                uart1_write
 .text.uart1_getline
                0x08001976        0x4 /home/dima/stm32//rtos/libwwg/libwwg.a(uartlib.o)
                0x08001976                uart1_getline
 .text.mini_write
                0x0800197a       0x16 /home/dima/stm32//rtos/libwwg/libwwg.a(miniprintf.o)
 .text.mini_putc
                0x08001990       0x2a /home/dima/stm32//rtos/libwwg/libwwg.a(miniprintf.o)
 .text.mini_pad
                0x080019ba       0x24 /home/dima/stm32//rtos/libwwg/libwwg.a(miniprintf.o)
 *fill*         0x080019de        0x2 
 .text.internal_vprintf
                0x080019e0      0x1f0 /home/dima/stm32//rtos/libwwg/libwwg.a(miniprintf.o)
 .text.mini_vprintf_cooked
                0x08001bd0       0x30 /home/dima/stm32//rtos/libwwg/libwwg.a(miniprintf.o)
                0x08001bd0                mini_vprintf_cooked
 .text.std_printf
                0x08001c00       0x24 /home/dima/stm32//rtos/libwwg/libwwg.a(mcuio.o)
                0x08001c00                std_printf
 .text.getline  0x08001c24      0x18c /home/dima/stm32//rtos/libwwg/libwwg.a(getline.o)
                0x08001c24                getline
 .text.usb_putc
                0x08001db0       0x5c /home/dima/stm32//rtos/libwwg/libwwg.a(usbcdc.o)
                0x08001db0                usb_putc
 .text.usb_getc
                0x08001e0c       0x2c /home/dima/stm32//rtos/libwwg/libwwg.a(usbcdc.o)
                0x08001e0c                usb_getc
 .text.usb_puts
                0x08001e38       0x12 /home/dima/stm32//rtos/libwwg/libwwg.a(usbcdc.o)
                0x08001e38                usb_puts
 *fill*         0x08001e4a        0x2 
 .text.usb_vprintf
                0x08001e4c       0x10 /home/dima/stm32//rtos/libwwg/libwwg.a(usbcdc.o)
                0x08001e4c                usb_vprintf
 .text.usb_write
                0x08001e5c       0x24 /home/dima/stm32//rtos/libwwg/libwwg.a(usbcdc.o)
                0x08001e5c                usb_write
 .text.usb_peek
                0x08001e80       0x28 /home/dima/stm32//rtos/libwwg/libwwg.a(usbcdc.o)
                0x08001e80                usb_peek
 .text.usb_gets
                0x08001ea8       0x4a /home/dima/stm32//rtos/libwwg/libwwg.a(usbcdc.o)
                0x08001ea8                usb_gets
 *fill*         0x08001ef2        0x2 
 .text.usb_getline
                0x08001ef4       0x10 /home/dima/stm32//rtos/libwwg/libwwg.a(usbcdc.o)
                0x08001ef4                usb_getline
 .text.gpio_set_mode
                0x08001f04       0x6a /home/dima/stm32/libopencm3/lib/libopencm3_stm32f1.a(gpio.o)
                0x08001f04                gpio_set_mode
 .text.gpio_clear
                0x08001f6e        0x6 /home/dima/stm32/libopencm3/lib/libopencm3_stm32f1.a(gpio_common_all.o)
                0x08001f6e                gpio_clear
 .text.gpio_toggle
                0x08001f74       0x12 /home/dima/stm32/libopencm3/lib/libopencm3_stm32f1.a(gpio_common_all.o)
                0x08001f74                gpio_toggle
 *fill*         0x08001f86        0x2 
 .text.rcc_is_osc_ready
                0x08001f88       0x58 /home/dima/stm32/libopencm3/lib/libopencm3_stm32f1.a(rcc.o)
                0x08001f88                rcc_is_osc_ready
 .text.rcc_wait_for_osc_ready
                0x08001fe0       0x10 /home/dima/stm32/libopencm3/lib/libopencm3_stm32f1.a(rcc.o)
                0x08001fe0                rcc_wait_for_osc_ready
 .text.rcc_osc_on
                0x08001ff0       0x60 /home/dima/stm32/libopencm3/lib/libopencm3_stm32f1.a(rcc.o)
                0x08001ff0                rcc_osc_on
 .text.rcc_set_sysclk_source
                0x08002050       0x14 /home/dima/stm32/libopencm3/lib/libopencm3_stm32f1.a(rcc.o)
                0x08002050                rcc_set_sysclk_source
 .text.rcc_set_pll_multiplication_factor
                0x08002064       0x14 /home/dima/stm32/libopencm3/lib/libopencm3_stm32f1.a(rcc.o)
                0x08002064                rcc_set_pll_multiplication_factor
 .text.rcc_set_pll2_multiplication_factor
                0x08002078       0x14 /home/dima/stm32/libopencm3/lib/libopencm3_stm32f1.a(rcc.o)
                0x08002078                rcc_set_pll2_multiplication_factor
 .text.rcc_set_pll3_multiplication_factor
                0x0800208c       0x14 /home/dima/stm32/libopencm3/lib/libopencm3_stm32f1.a(rcc.o)
                0x0800208c                rcc_set_pll3_multiplication_factor
 .text.rcc_set_pll_source
                0x080020a0       0x14 /home/dima/stm32/libopencm3/lib/libopencm3_stm32f1.a(rcc.o)
                0x080020a0                rcc_set_pll_source
 .text.rcc_set_pllxtpre
                0x080020b4       0x14 /home/dima/stm32/libopencm3/lib/libopencm3_stm32f1.a(rcc.o)
                0x080020b4                rcc_set_pllxtpre
 .text.rcc_enable_rtc_clock
                0x080020c8       0x10 /home/dima/stm32/libopencm3/lib/libopencm3_stm32f1.a(rcc.o)
                0x080020c8                rcc_enable_rtc_clock
 .text.rcc_set_rtc_clock_source
                0x080020d8       0x84 /home/dima/stm32/libopencm3/lib/libopencm3_stm32f1.a(rcc.o)
                0x080020d8                rcc_set_rtc_clock_source
 .text.rcc_set_adcpre
                0x0800215c       0x14 /home/dima/stm32/libopencm3/lib/libopencm3_stm32f1.a(rcc.o)
                0x0800215c                rcc_set_adcpre
 .text.rcc_set_ppre2
                0x08002170       0x14 /home/dima/stm32/libopencm3/lib/libopencm3_stm32f1.a(rcc.o)
                0x08002170                rcc_set_ppre2
 .text.rcc_set_ppre1
                0x08002184       0x14 /home/dima/stm32/libopencm3/lib/libopencm3_stm32f1.a(rcc.o)
                0x08002184                rcc_set_ppre1
 .text.rcc_set_hpre
                0x08002198       0x14 /home/dima/stm32/libopencm3/lib/libopencm3_stm32f1.a(rcc.o)
                0x08002198                rcc_set_hpre
 .text.rcc_set_usbpre
                0x080021ac       0x18 /home/dima/stm32/libopencm3/lib/libopencm3_stm32f1.a(rcc.o)
                0x080021ac                rcc_set_usbpre
 .text.rcc_set_prediv1
                0x080021c4       0x14 /home/dima/stm32/libopencm3/lib/libopencm3_stm32f1.a(rcc.o)
                0x080021c4                rcc_set_prediv1
 .text.rcc_set_prediv2
                0x080021d8       0x14 /home/dima/stm32/libopencm3/lib/libopencm3_stm32f1.a(rcc.o)
                0x080021d8                rcc_set_prediv2
 .text.rcc_set_prediv1_source
                0x080021ec       0x18 /home/dima/stm32/libopencm3/lib/libopencm3_stm32f1.a(rcc.o)
                0x080021ec                rcc_set_prediv1_source
 .text.rcc_clock_setup_pll
                0x08002204       0xbc /home/dima/stm32/libopencm3/lib/libopencm3_stm32f1.a(rcc.o)
                0x08002204                rcc_clock_setup_pll
 .text.rcc_get_usart_clk_freq
                0x080022c0       0x1c /home/dima/stm32/libopencm3/lib/libopencm3_stm32f1.a(rcc.o)
                0x080022c0                rcc_get_usart_clk_freq
 .text.rcc_periph_clock_enable
                0x080022dc       0x1a /home/dima/stm32/libopencm3/lib/libopencm3_stm32f1.a(rcc_common_all.o)
                0x080022dc                rcc_periph_clock_enable
 *fill*         0x080022f6        0x2 
 .text.rtc_enter_config_mode
                0x080022f8       0x1c /home/dima/stm32/libopencm3/lib/libopencm3_stm32f1.a(rtc.o)
                0x080022f8                rtc_enter_config_mode
 .text.rtc_exit_config_mode
                0x08002314       0x1c /home/dima/stm32/libopencm3/lib/libopencm3_stm32f1.a(rtc.o)
                0x08002314                rtc_exit_config_mode
 .text.rtc_awake_from_off
                0x08002330       0x6c /home/dima/stm32/libopencm3/lib/libopencm3_stm32f1.a(rtc.o)
                0x08002330                rtc_awake_from_off
 .text.rtc_set_alarm_time
                0x0800239c       0x20 /home/dima/stm32/libopencm3/lib/libopencm3_stm32f1.a(rtc.o)
                0x0800239c                rtc_set_alarm_time
 .text.rtc_enable_alarm
                0x080023bc       0x20 /home/dima/stm32/libopencm3/lib/libopencm3_stm32f1.a(rtc.o)
                0x080023bc                rtc_enable_alarm
 .text.rtc_disable_alarm
                0x080023dc       0x20 /home/dima/stm32/libopencm3/lib/libopencm3_stm32f1.a(rtc.o)
                0x080023dc                rtc_disable_alarm
 .text.rtc_set_prescale_val
                0x080023fc       0x24 /home/dima/stm32/libopencm3/lib/libopencm3_stm32f1.a(rtc.o)
                0x080023fc                rtc_set_prescale_val
 .text.rtc_get_counter_val
                0x08002420       0x14 /home/dima/stm32/libopencm3/lib/libopencm3_stm32f1.a(rtc.o)
                0x08002420                rtc_get_counter_val
 .text.rtc_set_counter_val
                0x08002434       0x20 /home/dima/stm32/libopencm3/lib/libopencm3_stm32f1.a(rtc.o)
                0x08002434                rtc_set_counter_val
 .text.rtc_interrupt_enable
                0x08002454       0x44 /home/dima/stm32/libopencm3/lib/libopencm3_stm32f1.a(rtc.o)
                0x08002454                rtc_interrupt_enable
 .text.rtc_interrupt_disable
                0x08002498       0x44 /home/dima/stm32/libopencm3/lib/libopencm3_stm32f1.a(rtc.o)
                0x08002498                rtc_interrupt_disable
 .text.rtc_clear_flag
                0x080024dc       0x38 /home/dima/stm32/libopencm3/lib/libopencm3_stm32f1.a(rtc.o)
                0x080024dc                rtc_clear_flag
 .text.rtc_check_flag
                0x08002514       0x38 /home/dima/stm32/libopencm3/lib/libopencm3_stm32f1.a(rtc.o)
                0x08002514                rtc_check_flag
 .text.usart_set_baudrate
                0x0800254c       0x16 /home/dima/stm32/libopencm3/lib/libopencm3_stm32f1.a(usart_common_all.o)
                0x0800254c                usart_set_baudrate
 .text.usart_set_databits
                0x08002562       0x12 /home/dima/stm32/libopencm3/lib/libopencm3_stm32f1.a(usart_common_all.o)
                0x08002562                usart_set_databits
 .text.usart_set_stopbits
                0x08002574        0xc /home/dima/stm32/libopencm3/lib/libopencm3_stm32f1.a(usart_common_all.o)
                0x08002574                usart_set_stopbits
 .text.usart_set_parity
                0x08002580        0xc /home/dima/stm32/libopencm3/lib/libopencm3_stm32f1.a(usart_common_all.o)
                0x08002580                usart_set_parity
 .text.usart_set_mode
                0x0800258c        0xc /home/dima/stm32/libopencm3/lib/libopencm3_stm32f1.a(usart_common_all.o)
                0x0800258c                usart_set_mode
 .text.usart_set_flow_control
                0x08002598        0xc /home/dima/stm32/libopencm3/lib/libopencm3_stm32f1.a(usart_common_all.o)
                0x08002598                usart_set_flow_control
 .text.usart_enable
                0x080025a4        0xa /home/dima/stm32/libopencm3/lib/libopencm3_stm32f1.a(usart_common_all.o)
                0x080025a4                usart_enable
 .text.usart_send_blocking
                0x080025ae       0x16 /home/dima/stm32/libopencm3/lib/libopencm3_stm32f1.a(usart_common_all.o)
                0x080025ae                usart_send_blocking
 .text.usart_enable_rx_interrupt
                0x080025c4        0xa /home/dima/stm32/libopencm3/lib/libopencm3_stm32f1.a(usart_common_all.o)
                0x080025c4                usart_enable_rx_interrupt
 .text.usart_disable_rx_interrupt
                0x080025ce        0xa /home/dima/stm32/libopencm3/lib/libopencm3_stm32f1.a(usart_common_all.o)
                0x080025ce                usart_disable_rx_interrupt
 .text.usart_send
                0x080025d8        0x8 /home/dima/stm32/libopencm3/lib/libopencm3_stm32f1.a(usart_common_f124.o)
                0x080025d8                usart_send
 .text.usart_wait_send_ready
                0x080025e0        0x8 /home/dima/stm32/libopencm3/lib/libopencm3_stm32f1.a(usart_common_f124.o)
                0x080025e0                usart_wait_send_ready
 .text.blocking_handler
                0x080025e8        0x2 /home/dima/stm32/libopencm3/lib/libopencm3_stm32f1.a(vector.o)
                0x080025e8                tim7_isr
                0x080025e8                adc1_2_isr
                0x080025e8                tim1_trg_com_isr
                0x080025e8                usb_hp_can_tx_isr
                0x080025e8                tim6_isr
                0x080025e8                usb_wakeup_isr
                0x080025e8                blocking_handler
                0x080025e8                tim5_isr
                0x080025e8                otg_fs_isr
                0x080025e8                spi1_isr
                0x080025e8                exti2_isr
                0x080025e8                dma1_channel6_isr
                0x080025e8                can_rx1_isr
                0x080025e8                dma1_channel5_isr
                0x080025e8                dma2_channel5_isr
                0x080025e8                usage_fault_handler
                0x080025e8                tim8_trg_com_isr
                0x080025e8                can2_rx0_isr
                0x080025e8                tim1_brk_isr
                0x080025e8                can2_rx1_isr
                0x080025e8                tim1_cc_isr
                0x080025e8                sdio_isr
                0x080025e8                eth_isr
                0x080025e8                dma1_channel4_isr
                0x080025e8                tim8_brk_isr
                0x080025e8                dma2_channel4_5_isr
                0x080025e8                pvd_isr
                0x080025e8                rcc_isr
                0x080025e8                flash_isr
                0x080025e8                uart4_isr
                0x080025e8                rtc_alarm_isr
                0x080025e8                exti15_10_isr
                0x080025e8                hard_fault_handler
                0x080025e8                exti1_isr
                0x080025e8                i2c1_ev_isr
                0x080025e8                dma2_channel1_isr
                0x080025e8                spi2_isr
                0x080025e8                tim8_up_isr
                0x080025e8                dma2_channel2_isr
                0x080025e8                exti3_isr
                0x080025e8                adc3_isr
                0x080025e8                tim3_isr
                0x080025e8                usb_lp_can_rx0_isr
                0x080025e8                i2c2_er_isr
                0x080025e8                i2c2_ev_isr
                0x080025e8                uart5_isr
                0x080025e8                fsmc_isr
                0x080025e8                dma1_channel1_isr
                0x080025e8                exti4_isr
                0x080025e8                mem_manage_handler
                0x080025e8                can2_tx_isr
                0x080025e8                exti9_5_isr
                0x080025e8                dma2_channel3_isr
                0x080025e8                dma1_channel7_isr
                0x080025e8                tim1_up_isr
                0x080025e8                can2_sce_isr
                0x080025e8                tim4_isr
                0x080025e8                dma1_channel2_isr
                0x080025e8                i2c1_er_isr
                0x080025e8                can_sce_isr
                0x080025e8                tim8_cc_isr
                0x080025e8                tamper_isr
                0x080025e8                eth_wkup_isr
                0x080025e8                bus_fault_handler
                0x080025e8                wwdg_isr
                0x080025e8                dma1_channel3_isr
                0x080025e8                spi3_isr
                0x080025e8                tim2_isr
                0x080025e8                exti0_isr
 .text.null_handler
                0x080025ea        0x2 /home/dima/stm32/libopencm3/lib/libopencm3_stm32f1.a(vector.o)
                0x080025ea                null_handler
                0x080025ea                debug_monitor_handler
                0x080025ea                nmi_handler
 .text.reset_handler
                0x080025ec       0x94 /home/dima/stm32/libopencm3/lib/libopencm3_stm32f1.a(vector.o)
                0x080025ec                reset_handler
 .text.nvic_enable_irq
                0x08002680       0x18 /home/dima/stm32/libopencm3/lib/libopencm3_stm32f1.a(nvic.o)
                0x08002680                nvic_enable_irq
 .text.flash_set_ws
                0x08002698       0x14 /home/dima/stm32/libopencm3/lib/libopencm3_stm32f1.a(flash_common_all.o)
                0x08002698                flash_set_ws
 .text.pwr_disable_backup_domain_write_protect
                0x080026ac       0x10 /home/dima/stm32/libopencm3/lib/libopencm3_stm32f1.a(pwr_common_v1.o)
                0x080026ac                pwr_disable_backup_domain_write_protect
 .text.malloc   0x080026bc       0x10 /opt/gcc-arm/bin/../lib/gcc/arm-none-eabi/14.2.1/../../../../arm-none-eabi/lib/thumb/v7-m/nofp/libc.a(libc_a-malloc.o)
                0x080026bc                malloc
 .text._malloc_r
                0x080026cc      0x57c /opt/gcc-arm/bin/../lib/gcc/arm-none-eabi/14.2.1/../../../../arm-none-eabi/lib/thumb/v7-m/nofp/libc.a(libc_a-mallocr.o)
                0x080026cc                _malloc_r
 .text.__malloc_lock
                0x08002c48        0xc /opt/gcc-arm/bin/../lib/gcc/arm-none-eabi/14.2.1/../../../../arm-none-eabi/lib/thumb/v7-m/nofp/libc.a(libc_a-mlock.o)
                0x08002c48                __malloc_lock
 .text.__malloc_unlock
                0x08002c54        0xc /opt/gcc-arm/bin/../lib/gcc/arm-none-eabi/14.2.1/../../../../arm-none-eabi/lib/thumb/v7-m/nofp/libc.a(libc_a-mlock.o)
                0x08002c54                __malloc_unlock
 .text.memmove  0x08002c60       0xfc /opt/gcc-arm/bin/../lib/gcc/arm-none-eabi/14.2.1/../../../../arm-none-eabi/lib/thumb/v7-m/nofp/libc.a(libc_a-memmove.o)
                0x08002c60                memmove
 .text._sbrk_r  0x08002d5c       0x24 /opt/gcc-arm/bin/../lib/gcc/arm-none-eabi/14.2.1/../../../../arm-none-eabi/lib/thumb/v7-m/nofp/libc.a(libc_a-sbrkr.o)
                0x08002d5c                _sbrk_r
 .text.__retarget_lock_acquire_recursive
                0x08002d80        0x4 /opt/gcc-arm/bin/../lib/gcc/arm-none-eabi/14.2.1/../../../../arm-none-eabi/lib/thumb/v7-m/nofp/libc.a(libc_a-lock.o)
                0x08002d80                __retarget_lock_acquire_recursive
 .text.__retarget_lock_release_recursive
                0x08002d84        0x4 /opt/gcc-arm/bin/../lib/gcc/arm-none-eabi/14.2.1/../../../../arm-none-eabi/lib/thumb/v7-m/nofp/libc.a(libc_a-lock.o)
                0x08002d84                __retarget_lock_release_recursive
 .text.sysconf  0x08002d88       0x1c /opt/gcc-arm/bin/../lib/gcc/arm-none-eabi/14.2.1/../../../../arm-none-eabi/lib/thumb/v7-m/nofp/libc.a(libc_a-sysconf.o)
                0x08002d88                sysconf
 .text.strlen   0x08002da4       0x5c /opt/gcc-arm/bin/../lib/gcc/arm-none-eabi/14.2.1/../../../../arm-none-eabi/lib/thumb/v7-m/nofp/libc.a(libc_a-strlen-stub.o)
                0x08002da4                strlen
 .text._malloc_trim_r
                0x08002e00       0xb8 /opt/gcc-arm/bin/../lib/gcc/arm-none-eabi/14.2.1/../../../../arm-none-eabi/lib/thumb/v7-m/nofp/libc.a(libc_a-freer.o)
                0x08002e00                _malloc_trim_r
 .text._free_r  0x08002eb8      0x1e8 /opt/gcc-arm/bin/../lib/gcc/arm-none-eabi/14.2.1/../../../../arm-none-eabi/lib/thumb/v7-m/nofp/libc.a(libc_a-freer.o)
                0x08002eb8                _free_r
 .text.__errno  0x080030a0        0xc /opt/gcc-arm/bin/../lib/gcc/arm-none-eabi/14.2.1/../../../../arm-none-eabi/lib/thumb/v7-m/nofp/libc.a(libc_a-errno.o)
                0x080030a0                __errno
 .text._sbrk    0x080030ac       0x1c /opt/gcc-arm/bin/../lib/gcc/arm-none-eabi/14.2.1/../../../../arm-none-eabi/lib/thumb/v7-m/nofp/libnosys.a(sbrk.o)
                0x080030ac                _sbrk
                0x080030c8                        . = ALIGN (0x4)
 *(.rodata*)
 .rodata.task3.str1.1
                0x080030c8      0x125 main.o
                                 0x2a (size before relaxing)
 .rodata.task2.str1.1
                0x080031ed       0x48 main.o
 .rodata.task1.str1.1
                0x080031ed       0x92 main.o
 .rodata.main.str1.1
                0x080031ed       0x19 main.o
 .rodata.vTaskStartScheduler.str1.1
                0x080031ed        0x5 rtos/tasks.o
 *fill*         0x080031ed        0x3 
 .rodata.uarts  0x080031f0       0x3c /home/dima/stm32//rtos/libwwg/libwwg.a(uartlib.o)
 .rodata.internal_vprintf.str1.1
                0x0800322c        0x3 /home/dima/stm32//rtos/libwwg/libwwg.a(miniprintf.o)
 .rodata.dev_usb
                0x0800322c       0x20 /home/dima/stm32//rtos/libwwg/libwwg.a(mcuio.o)
 .rodata.dev_uart1
                0x0800324c       0x20 /home/dima/stm32//rtos/libwwg/libwwg.a(mcuio.o)
 .rodata.cr.0   0x0800326c        0x1 /home/dima/stm32//rtos/libwwg/libwwg.a(usbcdc.o)
 *fill*         0x0800326d        0x3 
 .rodata.rcc_hse_configs
                0x08003270       0x8c /home/dima/stm32/libopencm3/lib/libopencm3_stm32f1.a(rcc.o)
                0x08003270                rcc_hse_configs
                0x080032fc                        . = ALIGN (0x4)

.glue_7         0x080032fc        0x0
 .glue_7        0x080032fc        0x0 linker stubs

.glue_7t        0x080032fc        0x0
 .glue_7t       0x080032fc        0x0 linker stubs

.vfp11_veneer   0x080032fc        0x0
 .vfp11_veneer  0x080032fc        0x0 linker stubs

.v4_bx          0x080032fc        0x0
 .v4_bx         0x080032fc        0x0 linker stubs

.iplt           0x080032fc        0x0
 .iplt          0x080032fc        0x0 main.o

.preinit_array  0x080032fc        0x0
                0x080032fc                        . = ALIGN (0x4)
                0x080032fc                        __preinit_array_start = .
 *(.preinit_array)
                0x080032fc                        __preinit_array_end = .

.init_array     0x080032fc        0x0
                0x080032fc                        . = ALIGN (0x4)
                0x080032fc                        __init_array_start = .
 *(SORT_BY_NAME(.init_array.*))
 *(.init_array)
                0x080032fc                        __init_array_end = .

.fini_array     0x080032fc        0x0
                0x080032fc                        . = ALIGN (0x4)
                0x080032fc                        __fini_array_start = .
 *(.fini_array)
 *(SORT_BY_NAME(.fini_array.*))
                0x080032fc                        __fini_array_end = .

.ARM.extab
 *(.ARM.extab*)

.ARM.exidx      0x080032fc        0x8
                0x080032fc                        __exidx_start = .
 *(.ARM.exidx*)
 .ARM.exidx     0x080032fc        0x8 /opt/gcc-arm/bin/../lib/gcc/arm-none-eabi/14.2.1/../../../../arm-none-eabi/lib/thumb/v7-m/nofp/libc.a(libc_a-memcpy.o)
                0x08003304                        __exidx_end = .

.rel.dyn        0x08003304        0x0
 .rel.iplt      0x08003304        0x0 main.o
                0x08003304                        . = ALIGN (0x4)
                0x08003304                        _etext = .

.data           0x20000000      0x570 load address 0x08003304
                0x20000000                        _data = .
 *(.data*)
 .data.uxCriticalNesting
                0x20000000        0x4 rtos/port.o
 .data.mcu_stdio
                0x20000004        0x4 /home/dima/stm32//rtos/libwwg/libwwg.a(mcuio.o)
                0x20000004                mcu_stdio
 .data.mcu_uart1
                0x20000008        0x4 /home/dima/stm32//rtos/libwwg/libwwg.a(mcuio.o)
                0x20000008                mcu_uart1
 .data.rcc_ahb_frequency
                0x2000000c        0x4 /home/dima/stm32/libopencm3/lib/libopencm3_stm32f1.a(rcc.o)
                0x2000000c                rcc_ahb_frequency
 .data.rcc_apb2_frequency
                0x20000010        0x4 /home/dima/stm32/libopencm3/lib/libopencm3_stm32f1.a(rcc.o)
                0x20000010                rcc_apb2_frequency
 .data.rcc_apb1_frequency
                0x20000014        0x4 /home/dima/stm32/libopencm3/lib/libopencm3_stm32f1.a(rcc.o)
                0x20000014                rcc_apb1_frequency
 .data.__malloc_sbrk_base
                0x20000018        0x4 /opt/gcc-arm/bin/../lib/gcc/arm-none-eabi/14.2.1/../../../../arm-none-eabi/lib/thumb/v7-m/nofp/libc.a(libc_a-mallocr.o)
                0x20000018                __malloc_sbrk_base
 .data.__malloc_trim_threshold
                0x2000001c        0x4 /opt/gcc-arm/bin/../lib/gcc/arm-none-eabi/14.2.1/../../../../arm-none-eabi/lib/thumb/v7-m/nofp/libc.a(libc_a-mallocr.o)
                0x2000001c                __malloc_trim_threshold
 .data.__malloc_av_
                0x20000020      0x408 /opt/gcc-arm/bin/../lib/gcc/arm-none-eabi/14.2.1/../../../../arm-none-eabi/lib/thumb/v7-m/nofp/libc.a(libc_a-mallocr.o)
                0x20000020                __malloc_av_
 .data._impure_ptr
                0x20000428        0x4 /opt/gcc-arm/bin/../lib/gcc/arm-none-eabi/14.2.1/../../../../arm-none-eabi/lib/thumb/v7-m/nofp/libc.a(libc_a-impure.o)
                0x20000428                _impure_ptr
 *fill*         0x2000042c        0x4 
 .data._impure_data
                0x20000430      0x140 /opt/gcc-arm/bin/../lib/gcc/arm-none-eabi/14.2.1/../../../../arm-none-eabi/lib/thumb/v7-m/nofp/libc.a(libc_a-impure.o)
                0x20000430                _impure_data
                0x20000570                        . = ALIGN (0x4)
                0x20000570                        _edata = .
                0x08003304                        _data_loadaddr = LOADADDR (.data)

.igot.plt       0x20000570        0x0 load address 0x08003874
 .igot.plt      0x20000570        0x0 main.o

.bss            0x20000570     0x46c0 load address 0x08003874
 *(.bss*)
 .bss.alarm     0x20000570        0x4 main.o
 .bss.seconds   0x20000574        0x4 main.o
 .bss.minutes   0x20000578        0x4 main.o
 .bss.hours     0x2000057c        0x4 main.o
 .bss.days      0x20000580        0x4 main.o
 .bss.rtc_overflow_count
                0x20000584        0x4 main.o
 .bss.rtc_alarm_count
                0x20000588        0x4 main.o
 .bss.rtc_isr_count
                0x2000058c        0x4 main.o
 .bss.h_mutex   0x20000590        0x4 main.o
 .bss.h_task3   0x20000594        0x4 main.o
 .bss.h_task2   0x20000598        0x4 main.o
 .bss.xBlockAllocatedBit
                0x2000059c        0x4 rtos/heap_4.o
 .bss.xMinimumEverFreeBytesRemaining
                0x200005a0        0x4 rtos/heap_4.o
 .bss.xFreeBytesRemaining
                0x200005a4        0x4 rtos/heap_4.o
 .bss.pxEnd     0x200005a8        0x4 rtos/heap_4.o
 .bss.xStart    0x200005ac        0x8 rtos/heap_4.o
 .bss.ucHeap    0x200005b4     0x4400 rtos/heap_4.o
 .bss.uxSchedulerSuspended
                0x200049b4        0x4 rtos/tasks.o
 .bss.xIdleTaskHandle
                0x200049b8        0x4 rtos/tasks.o
 .bss.xNextTaskUnblockTime
                0x200049bc        0x4 rtos/tasks.o
 .bss.uxTaskNumber
                0x200049c0        0x4 rtos/tasks.o
 .bss.xNumOfOverflows
                0x200049c4        0x4 rtos/tasks.o
 .bss.xYieldPending
                0x200049c8        0x4 rtos/tasks.o
 .bss.uxPendedTicks
                0x200049cc        0x4 rtos/tasks.o
 .bss.xSchedulerRunning
                0x200049d0        0x4 rtos/tasks.o
 .bss.uxTopReadyPriority
                0x200049d4        0x4 rtos/tasks.o
 .bss.xTickCount
                0x200049d8        0x4 rtos/tasks.o
 .bss.uxCurrentNumberOfTasks
                0x200049dc        0x4 rtos/tasks.o
 .bss.xSuspendedTaskList
                0x200049e0       0x14 rtos/tasks.o
 .bss.xPendingReadyList
                0x200049f4       0x14 rtos/tasks.o
 .bss.pxOverflowDelayedTaskList
                0x20004a08        0x4 rtos/tasks.o
 .bss.pxDelayedTaskList
                0x20004a0c        0x4 rtos/tasks.o
 .bss.xDelayedTaskList2
                0x20004a10       0x14 rtos/tasks.o
 .bss.xDelayedTaskList1
                0x20004a24       0x14 rtos/tasks.o
 .bss.pxReadyTasksLists
                0x20004a38       0x64 rtos/tasks.o
 .bss.pxCurrentTCB
                0x20004a9c        0x4 rtos/tasks.o
                0x20004a9c                pxCurrentTCB
 .bss.uart_data
                0x20004aa0        0xc /home/dima/stm32//rtos/libwwg/libwwg.a(uartlib.o)
 .bss.usb_rxq   0x20004aac        0x4 /home/dima/stm32//rtos/libwwg/libwwg.a(usbcdc.o)
 .bss.usb_txq   0x20004ab0        0x4 /home/dima/stm32//rtos/libwwg/libwwg.a(usbcdc.o)
 .bss.initialized
                0x20004ab4        0x1 /home/dima/stm32//rtos/libwwg/libwwg.a(usbcdc.o)
 *fill*         0x20004ab5        0x3 
 .bss.__malloc_current_mallinfo
                0x20004ab8       0x28 /opt/gcc-arm/bin/../lib/gcc/arm-none-eabi/14.2.1/../../../../arm-none-eabi/lib/thumb/v7-m/nofp/libc.a(libc_a-mallocr.o)
                0x20004ab8                __malloc_current_mallinfo
 .bss.__malloc_max_total_mem
                0x20004ae0        0x4 /opt/gcc-arm/bin/../lib/gcc/arm-none-eabi/14.2.1/../../../../arm-none-eabi/lib/thumb/v7-m/nofp/libc.a(libc_a-mallocr.o)
                0x20004ae0                __malloc_max_total_mem
 .bss.__malloc_max_sbrked_mem
                0x20004ae4        0x4 /opt/gcc-arm/bin/../lib/gcc/arm-none-eabi/14.2.1/../../../../arm-none-eabi/lib/thumb/v7-m/nofp/libc.a(libc_a-mallocr.o)
                0x20004ae4                __malloc_max_sbrked_mem
 .bss.__malloc_top_pad
                0x20004ae8        0x4 /opt/gcc-arm/bin/../lib/gcc/arm-none-eabi/14.2.1/../../../../arm-none-eabi/lib/thumb/v7-m/nofp/libc.a(libc_a-mallocr.o)
                0x20004ae8                __malloc_top_pad
 .bss.__lock___malloc_recursive_mutex
                0x20004aec        0x1 /opt/gcc-arm/bin/../lib/gcc/arm-none-eabi/14.2.1/../../../../arm-none-eabi/lib/thumb/v7-m/nofp/libc.a(libc_a-lock.o)
                0x20004aec                __lock___malloc_recursive_mutex
 *fill*         0x20004aed        0x3 
 .bss.__sf      0x20004af0      0x138 /opt/gcc-arm/bin/../lib/gcc/arm-none-eabi/14.2.1/../../../../arm-none-eabi/lib/thumb/v7-m/nofp/libc.a(libc_a-findfp.o)
                0x20004af0                __sf
 .bss.errno     0x20004c28        0x4 /opt/gcc-arm/bin/../lib/gcc/arm-none-eabi/14.2.1/../../../../arm-none-eabi/lib/thumb/v7-m/nofp/libc.a(libc_a-reent.o)
                0x20004c28                errno
 .bss.heap_end.0
                0x20004c2c        0x4 /opt/gcc-arm/bin/../lib/gcc/arm-none-eabi/14.2.1/../../../../arm-none-eabi/lib/thumb/v7-m/nofp/libnosys.a(sbrk.o)
 *(COMMON)
                0x20004c30                        . = ALIGN (0x4)
                0x20004c30                        _ebss = .

/DISCARD/
 *(.eh_frame)
                0x20004c30                        . = ALIGN (0x4)
                0x20004c30                        end = .
                0x20005000                        PROVIDE (_stack = (ORIGIN (ram) + LENGTH (ram)))
OUTPUT(main.elf elf32-littlearm)
LOAD linker stubs

.debug_info     0x00000000     0xc0bf
 .debug_info    0x00000000     0x125c main.o
 .debug_info    0x0000125c      0x423 rtos/heap_4.o
 .debug_info    0x0000167f      0x2ae rtos/list.o
 .debug_info    0x0000192d      0x316 rtos/port.o
 .debug_info    0x00001c43     0x1486 rtos/queue.o
 .debug_info    0x000030c9     0x1e46 rtos/tasks.o
 .debug_info    0x00004f0f       0xde rtos/opencm3.o
 .debug_info    0x00004fed     0x1493 /home/dima/stm32//rtos/libwwg/libwwg.a(uartlib.o)
 .debug_info    0x00006480      0x901 /home/dima/stm32//rtos/libwwg/libwwg.a(miniprintf.o)
 .debug_info    0x00006d81      0x5d3 /home/dima/stm32//rtos/libwwg/libwwg.a(mcuio.o)
 .debug_info    0x00007354      0x2d3 /home/dima/stm32//rtos/libwwg/libwwg.a(getline.o)
 .debug_info    0x00007627     0x14f9 /home/dima/stm32//rtos/libwwg/libwwg.a(usbcdc.o)
 .debug_info    0x00008b20      0x1fd /home/dima/stm32/libopencm3/lib/libopencm3_stm32f1.a(gpio.o)
 .debug_info    0x00008d1d      0x256 /home/dima/stm32/libopencm3/lib/libopencm3_stm32f1.a(gpio_common_all.o)
 .debug_info    0x00008f73     0x14d0 /home/dima/stm32/libopencm3/lib/libopencm3_stm32f1.a(rcc.o)
 .debug_info    0x0000a443      0x60d /home/dima/stm32/libopencm3/lib/libopencm3_stm32f1.a(rcc_common_all.o)
 .debug_info    0x0000aa50      0x6e9 /home/dima/stm32/libopencm3/lib/libopencm3_stm32f1.a(rtc.o)
 .debug_info    0x0000b139      0x665 /home/dima/stm32/libopencm3/lib/libopencm3_stm32f1.a(usart_common_all.o)
 .debug_info    0x0000b79e      0x192 /home/dima/stm32/libopencm3/lib/libopencm3_stm32f1.a(usart_common_f124.o)
 .debug_info    0x0000b930      0x2c4 /home/dima/stm32/libopencm3/lib/libopencm3_stm32f1.a(vector.o)
 .debug_info    0x0000bbf4      0x239 /home/dima/stm32/libopencm3/lib/libopencm3_stm32f1.a(nvic.o)
 .debug_info    0x0000be2d       0xf1 /home/dima/stm32/libopencm3/lib/libopencm3_stm32f1.a(flash_common_all.o)
 .debug_info    0x0000bf1e      0x1a1 /home/dima/stm32/libopencm3/lib/libopencm3_stm32f1.a(pwr_common_v1.o)

.debug_abbrev   0x00000000     0x2dd0
 .debug_abbrev  0x00000000      0x453 main.o
 .debug_abbrev  0x00000453      0x243 rtos/heap_4.o
 .debug_abbrev  0x00000696      0x103 rtos/list.o
 .debug_abbrev  0x00000799      0x220 rtos/port.o
 .debug_abbrev  0x000009b9      0x34d rtos/queue.o
 .debug_abbrev  0x00000d06      0x47e rtos/tasks.o
 .debug_abbrev  0x00001184       0x81 rtos/opencm3.o
 .debug_abbrev  0x00001205      0x385 /home/dima/stm32//rtos/libwwg/libwwg.a(uartlib.o)
 .debug_abbrev  0x0000158a      0x3a9 /home/dima/stm32//rtos/libwwg/libwwg.a(miniprintf.o)
 .debug_abbrev  0x00001933      0x1ca /home/dima/stm32//rtos/libwwg/libwwg.a(mcuio.o)
 .debug_abbrev  0x00001afd      0x124 /home/dima/stm32//rtos/libwwg/libwwg.a(getline.o)
 .debug_abbrev  0x00001c21      0x3e3 /home/dima/stm32//rtos/libwwg/libwwg.a(usbcdc.o)
 .debug_abbrev  0x00002004       0xd3 /home/dima/stm32/libopencm3/lib/libopencm3_stm32f1.a(gpio.o)
 .debug_abbrev  0x000020d7      0x115 /home/dima/stm32/libopencm3/lib/libopencm3_stm32f1.a(gpio_common_all.o)
 .debug_abbrev  0x000021ec      0x2be /home/dima/stm32/libopencm3/lib/libopencm3_stm32f1.a(rcc.o)
 .debug_abbrev  0x000024aa      0x185 /home/dima/stm32/libopencm3/lib/libopencm3_stm32f1.a(rcc_common_all.o)
 .debug_abbrev  0x0000262f      0x20e /home/dima/stm32/libopencm3/lib/libopencm3_stm32f1.a(rtc.o)
 .debug_abbrev  0x0000283d      0x1a9 /home/dima/stm32/libopencm3/lib/libopencm3_stm32f1.a(usart_common_all.o)
 .debug_abbrev  0x000029e6       0xb6 /home/dima/stm32/libopencm3/lib/libopencm3_stm32f1.a(usart_common_f124.o)
 .debug_abbrev  0x00002a9c      0x149 /home/dima/stm32/libopencm3/lib/libopencm3_stm32f1.a(vector.o)
 .debug_abbrev  0x00002be5       0xb6 /home/dima/stm32/libopencm3/lib/libopencm3_stm32f1.a(nvic.o)
 .debug_abbrev  0x00002c9b       0x96 /home/dima/stm32/libopencm3/lib/libopencm3_stm32f1.a(flash_common_all.o)
 .debug_abbrev  0x00002d31       0x9f /home/dima/stm32/libopencm3/lib/libopencm3_stm32f1.a(pwr_common_v1.o)

.debug_loclists
                0x00000000     0x3e4e
 .debug_loclists
                0x00000000      0x101 main.o
 .debug_loclists
                0x00000101      0x2df rtos/heap_4.o
 .debug_loclists
                0x000003e0       0x77 rtos/list.o
 .debug_loclists
                0x00000457       0x82 rtos/port.o
 .debug_loclists
                0x000004d9      0x9c3 rtos/queue.o
 .debug_loclists
                0x00000e9c      0xf1b rtos/tasks.o
 .debug_loclists
                0x00001db7      0x9aa /home/dima/stm32//rtos/libwwg/libwwg.a(uartlib.o)
 .debug_loclists
                0x00002761      0x689 /home/dima/stm32//rtos/libwwg/libwwg.a(miniprintf.o)
 .debug_loclists
                0x00002dea       0x3f /home/dima/stm32//rtos/libwwg/libwwg.a(mcuio.o)
 .debug_loclists
                0x00002e29      0x207 /home/dima/stm32//rtos/libwwg/libwwg.a(getline.o)
 .debug_loclists
                0x00003030      0x386 /home/dima/stm32//rtos/libwwg/libwwg.a(usbcdc.o)
 .debug_loclists
                0x000033b6      0x100 /home/dima/stm32/libopencm3/lib/libopencm3_stm32f1.a(gpio.o)
 .debug_loclists
                0x000034b6       0x96 /home/dima/stm32/libopencm3/lib/libopencm3_stm32f1.a(gpio_common_all.o)
 .debug_loclists
                0x0000354c      0x2cb /home/dima/stm32/libopencm3/lib/libopencm3_stm32f1.a(rcc.o)
 .debug_loclists
                0x00003817       0x87 /home/dima/stm32/libopencm3/lib/libopencm3_stm32f1.a(rcc_common_all.o)
 .debug_loclists
                0x0000389e      0x1d9 /home/dima/stm32/libopencm3/lib/libopencm3_stm32f1.a(rtc.o)
 .debug_loclists
                0x00003a77      0x18e /home/dima/stm32/libopencm3/lib/libopencm3_stm32f1.a(usart_common_all.o)
 .debug_loclists
                0x00003c05       0x79 /home/dima/stm32/libopencm3/lib/libopencm3_stm32f1.a(usart_common_f124.o)
 .debug_loclists
                0x00003c7e       0xa8 /home/dima/stm32/libopencm3/lib/libopencm3_stm32f1.a(vector.o)
 .debug_loclists
                0x00003d26      0x111 /home/dima/stm32/libopencm3/lib/libopencm3_stm32f1.a(nvic.o)
 .debug_loclists
                0x00003e37       0x17 /home/dima/stm32/libopencm3/lib/libopencm3_stm32f1.a(flash_common_all.o)

.debug_aranges  0x00000000      0xba8
 .debug_aranges
                0x00000000       0x50 main.o
 .debug_aranges
                0x00000050       0x48 rtos/heap_4.o
 .debug_aranges
                0x00000098       0x40 rtos/list.o
 .debug_aranges
                0x000000d8       0x70 rtos/port.o
 .debug_aranges
                0x00000148       0xa8 rtos/queue.o
 .debug_aranges
                0x000001f0      0x158 rtos/tasks.o
 .debug_aranges
                0x00000348       0x30 rtos/opencm3.o
 .debug_aranges
                0x00000378      0x158 /home/dima/stm32//rtos/libwwg/libwwg.a(uartlib.o)
 .debug_aranges
                0x000004d0       0x58 /home/dima/stm32//rtos/libwwg/libwwg.a(miniprintf.o)
 .debug_aranges
                0x00000528       0x28 /home/dima/stm32//rtos/libwwg/libwwg.a(mcuio.o)
 .debug_aranges
                0x00000550       0x20 /home/dima/stm32//rtos/libwwg/libwwg.a(getline.o)
 .debug_aranges
                0x00000570       0x98 /home/dima/stm32//rtos/libwwg/libwwg.a(usbcdc.o)
 .debug_aranges
                0x00000608       0x38 /home/dima/stm32/libopencm3/lib/libopencm3_stm32f1.a(gpio.o)
 .debug_aranges
                0x00000640       0x50 /home/dima/stm32/libopencm3/lib/libopencm3_stm32f1.a(gpio_common_all.o)
 .debug_aranges
                0x00000690      0x170 /home/dima/stm32/libopencm3/lib/libopencm3_stm32f1.a(rcc.o)
 .debug_aranges
                0x00000800       0x80 /home/dima/stm32/libopencm3/lib/libopencm3_stm32f1.a(rcc_common_all.o)
 .debug_aranges
                0x00000880       0xa0 /home/dima/stm32/libopencm3/lib/libopencm3_stm32f1.a(rtc.o)
 .debug_aranges
                0x00000920       0xf0 /home/dima/stm32/libopencm3/lib/libopencm3_stm32f1.a(usart_common_all.o)
 .debug_aranges
                0x00000a10       0x40 /home/dima/stm32/libopencm3/lib/libopencm3_stm32f1.a(usart_common_f124.o)
 .debug_aranges
                0x00000a50       0x30 /home/dima/stm32/libopencm3/lib/libopencm3_stm32f1.a(vector.o)
 .debug_aranges
                0x00000a80       0x60 /home/dima/stm32/libopencm3/lib/libopencm3_stm32f1.a(nvic.o)
 .debug_aranges
                0x00000ae0       0x38 /home/dima/stm32/libopencm3/lib/libopencm3_stm32f1.a(flash_common_all.o)
 .debug_aranges
                0x00000b18       0x90 /home/dima/stm32/libopencm3/lib/libopencm3_stm32f1.a(pwr_common_v1.o)

.debug_rnglists
                0x00000000      0xac1
 .debug_rnglists
                0x00000000       0x7b main.o
 .debug_rnglists
                0x0000007b       0x32 rtos/heap_4.o
 .debug_rnglists
                0x000000ad       0x2b rtos/list.o
 .debug_rnglists
                0x000000d8       0x5b rtos/port.o
 .debug_rnglists
                0x00000133      0x132 rtos/queue.o
 .debug_rnglists
                0x00000265      0x1be rtos/tasks.o
 .debug_rnglists
                0x00000423       0x1f rtos/opencm3.o
 .debug_rnglists
                0x00000442      0x10a /home/dima/stm32//rtos/libwwg/libwwg.a(uartlib.o)
 .debug_rnglists
                0x0000054c       0x62 /home/dima/stm32//rtos/libwwg/libwwg.a(miniprintf.o)
 .debug_rnglists
                0x000005ae       0x19 /home/dima/stm32//rtos/libwwg/libwwg.a(mcuio.o)
 .debug_rnglists
                0x000005c7       0x2c /home/dima/stm32//rtos/libwwg/libwwg.a(getline.o)
 .debug_rnglists
                0x000005f3       0x7b /home/dima/stm32//rtos/libwwg/libwwg.a(usbcdc.o)
 .debug_rnglists
                0x0000066e       0x25 /home/dima/stm32/libopencm3/lib/libopencm3_stm32f1.a(gpio.o)
 .debug_rnglists
                0x00000693       0x37 /home/dima/stm32/libopencm3/lib/libopencm3_stm32f1.a(gpio_common_all.o)
 .debug_rnglists
                0x000006ca      0x160 /home/dima/stm32/libopencm3/lib/libopencm3_stm32f1.a(rcc.o)
 .debug_rnglists
                0x0000082a       0x5b /home/dima/stm32/libopencm3/lib/libopencm3_stm32f1.a(rcc_common_all.o)
 .debug_rnglists
                0x00000885       0x73 /home/dima/stm32/libopencm3/lib/libopencm3_stm32f1.a(rtc.o)
 .debug_rnglists
                0x000008f8       0xaf /home/dima/stm32/libopencm3/lib/libopencm3_stm32f1.a(usart_common_all.o)
 .debug_rnglists
                0x000009a7       0x2b /home/dima/stm32/libopencm3/lib/libopencm3_stm32f1.a(usart_common_f124.o)
 .debug_rnglists
                0x000009d2       0x20 /home/dima/stm32/libopencm3/lib/libopencm3_stm32f1.a(vector.o)
 .debug_rnglists
                0x000009f2       0x43 /home/dima/stm32/libopencm3/lib/libopencm3_stm32f1.a(nvic.o)
 .debug_rnglists
                0x00000a35       0x25 /home/dima/stm32/libopencm3/lib/libopencm3_stm32f1.a(flash_common_all.o)
 .debug_rnglists
                0x00000a5a       0x67 /home/dima/stm32/libopencm3/lib/libopencm3_stm32f1.a(pwr_common_v1.o)

.debug_line     0x00000000     0x81fc
 .debug_line    0x00000000      0x619 main.o
 .debug_line    0x00000619      0x43c rtos/heap_4.o
 .debug_line    0x00000a55      0x255 rtos/list.o
 .debug_line    0x00000caa      0x2df rtos/port.o
 .debug_line    0x00000f89      0xc5d rtos/queue.o
 .debug_line    0x00001be6     0x16ce rtos/tasks.o
 .debug_line    0x000032b4       0x6b rtos/opencm3.o
 .debug_line    0x0000331f      0x9f5 /home/dima/stm32//rtos/libwwg/libwwg.a(uartlib.o)
 .debug_line    0x00003d14      0x50d /home/dima/stm32//rtos/libwwg/libwwg.a(miniprintf.o)
 .debug_line    0x00004221      0x129 /home/dima/stm32//rtos/libwwg/libwwg.a(mcuio.o)
 .debug_line    0x0000434a      0x28b /home/dima/stm32//rtos/libwwg/libwwg.a(getline.o)
 .debug_line    0x000045d5      0x649 /home/dima/stm32//rtos/libwwg/libwwg.a(usbcdc.o)
 .debug_line    0x00004c1e      0x39c /home/dima/stm32/libopencm3/lib/libopencm3_stm32f1.a(gpio.o)
 .debug_line    0x00004fba      0x355 /home/dima/stm32/libopencm3/lib/libopencm3_stm32f1.a(gpio_common_all.o)
 .debug_line    0x0000530f      0xd05 /home/dima/stm32/libopencm3/lib/libopencm3_stm32f1.a(rcc.o)
 .debug_line    0x00006014      0x3fc /home/dima/stm32/libopencm3/lib/libopencm3_stm32f1.a(rcc_common_all.o)
 .debug_line    0x00006410      0x6ad /home/dima/stm32/libopencm3/lib/libopencm3_stm32f1.a(rtc.o)
 .debug_line    0x00006abd      0x61f /home/dima/stm32/libopencm3/lib/libopencm3_stm32f1.a(usart_common_all.o)
 .debug_line    0x000070dc      0x33b /home/dima/stm32/libopencm3/lib/libopencm3_stm32f1.a(usart_common_f124.o)
 .debug_line    0x00007417      0x370 /home/dima/stm32/libopencm3/lib/libopencm3_stm32f1.a(vector.o)
 .debug_line    0x00007787      0x37d /home/dima/stm32/libopencm3/lib/libopencm3_stm32f1.a(nvic.o)
 .debug_line    0x00007b04      0x306 /home/dima/stm32/libopencm3/lib/libopencm3_stm32f1.a(flash_common_all.o)
 .debug_line    0x00007e0a      0x3f2 /home/dima/stm32/libopencm3/lib/libopencm3_stm32f1.a(pwr_common_v1.o)

.debug_str      0x00000000    0x11f96
 .debug_str     0x00000000    0x11f96 main.o
                                0xa5d (size before relaxing)
 .debug_str     0x00011f96      0x357 rtos/heap_4.o
 .debug_str     0x00011f96      0x2a7 rtos/list.o
 .debug_str     0x00011f96      0x301 rtos/port.o
 .debug_str     0x00011f96      0x7d6 rtos/queue.o
 .debug_str     0x00011f96      0xd41 rtos/tasks.o
 .debug_str     0x00011f96      0x1bf rtos/opencm3.o
 .debug_str     0x00011f96      0x879 /home/dima/stm32//rtos/libwwg/libwwg.a(uartlib.o)
 .debug_str     0x00011f96      0x2c0 /home/dima/stm32//rtos/libwwg/libwwg.a(miniprintf.o)
 .debug_str     0x00011f96      0x3ca /home/dima/stm32//rtos/libwwg/libwwg.a(mcuio.o)
 .debug_str     0x00011f96      0x17c /home/dima/stm32//rtos/libwwg/libwwg.a(getline.o)
 .debug_str     0x00011f96      0xcff /home/dima/stm32//rtos/libwwg/libwwg.a(usbcdc.o)
 .debug_str     0x00011f96     0x86b3 /home/dima/stm32/libopencm3/lib/libopencm3_stm32f1.a(gpio.o)
 .debug_str     0x00011f96     0x86a7 /home/dima/stm32/libopencm3/lib/libopencm3_stm32f1.a(gpio_common_all.o)
 .debug_str     0x00011f96     0x8308 /home/dima/stm32/libopencm3/lib/libopencm3_stm32f1.a(rcc.o)
 .debug_str     0x00011f96     0x7a16 /home/dima/stm32/libopencm3/lib/libopencm3_stm32f1.a(rcc_common_all.o)
 .debug_str     0x00011f96     0x7d67 /home/dima/stm32/libopencm3/lib/libopencm3_stm32f1.a(rtc.o)
 .debug_str     0x00011f96     0x865f /home/dima/stm32/libopencm3/lib/libopencm3_stm32f1.a(usart_common_all.o)
 .debug_str     0x00011f96     0x83cb /home/dima/stm32/libopencm3/lib/libopencm3_stm32f1.a(usart_common_f124.o)
 .debug_str     0x00011f96     0x66ed /home/dima/stm32/libopencm3/lib/libopencm3_stm32f1.a(vector.o)
 .debug_str     0x00011f96     0x5ccf /home/dima/stm32/libopencm3/lib/libopencm3_stm32f1.a(nvic.o)
 .debug_str     0x00011f96     0x55ec /home/dima/stm32/libopencm3/lib/libopencm3_stm32f1.a(flash_common_all.o)
 .debug_str     0x00011f96     0x5241 /home/dima/stm32/libopencm3/lib/libopencm3_stm32f1.a(pwr_common_v1.o)

.comment        0x00000000       0x45
 .comment       0x00000000       0x45 main.o
                                 0x46 (size before relaxing)
 .comment       0x00000045       0x46 rtos/heap_4.o
 .comment       0x00000045       0x46 rtos/list.o
 .comment       0x00000045       0x46 rtos/port.o
 .comment       0x00000045       0x46 rtos/queue.o
 .comment       0x00000045       0x46 rtos/tasks.o
 .comment       0x00000045       0x46 rtos/opencm3.o
 .comment       0x00000045       0x46 /home/dima/stm32//rtos/libwwg/libwwg.a(uartlib.o)
 .comment       0x00000045       0x46 /home/dima/stm32//rtos/libwwg/libwwg.a(miniprintf.o)
 .comment       0x00000045       0x46 /home/dima/stm32//rtos/libwwg/libwwg.a(mcuio.o)
 .comment       0x00000045       0x46 /home/dima/stm32//rtos/libwwg/libwwg.a(getline.o)
 .comment       0x00000045       0x46 /home/dima/stm32//rtos/libwwg/libwwg.a(usbcdc.o)
 .comment       0x00000045       0x46 /home/dima/stm32/libopencm3/lib/libopencm3_stm32f1.a(gpio.o)
 .comment       0x00000045       0x46 /home/dima/stm32/libopencm3/lib/libopencm3_stm32f1.a(gpio_common_all.o)
 .comment       0x00000045       0x46 /home/dima/stm32/libopencm3/lib/libopencm3_stm32f1.a(rcc.o)
 .comment       0x00000045       0x46 /home/dima/stm32/libopencm3/lib/libopencm3_stm32f1.a(rcc_common_all.o)
 .comment       0x00000045       0x46 /home/dima/stm32/libopencm3/lib/libopencm3_stm32f1.a(rtc.o)
 .comment       0x00000045       0x46 /home/dima/stm32/libopencm3/lib/libopencm3_stm32f1.a(usart_common_all.o)
 .comment       0x00000045       0x46 /home/dima/stm32/libopencm3/lib/libopencm3_stm32f1.a(usart_common_f124.o)
 .comment       0x00000045       0x46 /home/dima/stm32/libopencm3/lib/libopencm3_stm32f1.a(vector.o)
 .comment       0x00000045       0x46 /home/dima/stm32/libopencm3/lib/libopencm3_stm32f1.a(nvic.o)
 .comment       0x00000045       0x46 /home/dima/stm32/libopencm3/lib/libopencm3_stm32f1.a(flash_common_all.o)
 .comment       0x00000045       0x46 /home/dima/stm32/libopencm3/lib/libopencm3_stm32f1.a(pwr_common_v1.o)

.ARM.attributes
                0x00000000       0x2b
 .ARM.attributes
                0x00000000       0x2d main.o
 .ARM.attributes
                0x0000002d       0x2d rtos/heap_4.o
 .ARM.attributes
                0x0000005a       0x2d rtos/list.o
 .ARM.attributes
                0x00000087       0x2d rtos/port.o
 .ARM.attributes
                0x000000b4       0x2d rtos/queue.o
 .ARM.attributes
                0x000000e1       0x2d rtos/tasks.o
 .ARM.attributes
                0x0000010e       0x2d rtos/opencm3.o
 .ARM.attributes
                0x0000013b       0x1b /opt/gcc-arm/bin/../lib/gcc/arm-none-eabi/14.2.1/../../../../arm-none-eabi/lib/thumb/v7-m/nofp/libc.a(libc_a-memcpy.o)
 .ARM.attributes
                0x00000156       0x2d /home/dima/stm32//rtos/libwwg/libwwg.a(uartlib.o)
 .ARM.attributes
                0x00000183       0x2d /home/dima/stm32//rtos/libwwg/libwwg.a(miniprintf.o)
 .ARM.attributes
                0x000001b0       0x2d /home/dima/stm32//rtos/libwwg/libwwg.a(mcuio.o)
 .ARM.attributes
                0x000001dd       0x2d /home/dima/stm32//rtos/libwwg/libwwg.a(getline.o)
 .ARM.attributes
                0x0000020a       0x2d /home/dima/stm32//rtos/libwwg/libwwg.a(usbcdc.o)
 .ARM.attributes
                0x00000237       0x2d /home/dima/stm32/libopencm3/lib/libopencm3_stm32f1.a(gpio.o)
 .ARM.attributes
                0x00000264       0x2d /home/dima/stm32/libopencm3/lib/libopencm3_stm32f1.a(gpio_common_all.o)
 .ARM.attributes
                0x00000291       0x2d /home/dima/stm32/libopencm3/lib/libopencm3_stm32f1.a(rcc.o)
 .ARM.attributes
                0x000002be       0x2d /home/dima/stm32/libopencm3/lib/libopencm3_stm32f1.a(rcc_common_all.o)
 .ARM.attributes
                0x000002eb       0x2d /home/dima/stm32/libopencm3/lib/libopencm3_stm32f1.a(rtc.o)
 .ARM.attributes
                0x00000318       0x2d /home/dima/stm32/libopencm3/lib/libopencm3_stm32f1.a(usart_common_all.o)
 .ARM.attributes
                0x00000345       0x2d /home/dima/stm32/libopencm3/lib/libopencm3_stm32f1.a(usart_common_f124.o)
 .ARM.attributes
                0x00000372       0x2d /home/dima/stm32/libopencm3/lib/libopencm3_stm32f1.a(vector.o)
 .ARM.attributes
                0x0000039f       0x2d /home/dima/stm32/libopencm3/lib/libopencm3_stm32f1.a(nvic.o)
 .ARM.attributes
                0x000003cc       0x2d /home/dima/stm32/libopencm3/lib/libopencm3_stm32f1.a(flash_common_all.o)
 .ARM.attributes
                0x000003f9       0x2d /home/dima/stm32/libopencm3/lib/libopencm3_stm32f1.a(pwr_common_v1.o)
 .ARM.attributes
                0x00000426       0x2d /opt/gcc-arm/bin/../lib/gcc/arm-none-eabi/14.2.1/../../../../arm-none-eabi/lib/thumb/v7-m/nofp/libc.a(libc_a-malloc.o)
 .ARM.attributes
                0x00000453       0x2d /opt/gcc-arm/bin/../lib/gcc/arm-none-eabi/14.2.1/../../../../arm-none-eabi/lib/thumb/v7-m/nofp/libc.a(libc_a-mallocr.o)
 .ARM.attributes
                0x00000480       0x2d /opt/gcc-arm/bin/../lib/gcc/arm-none-eabi/14.2.1/../../../../arm-none-eabi/lib/thumb/v7-m/nofp/libc.a(libc_a-mlock.o)
 .ARM.attributes
                0x000004ad       0x2d /opt/gcc-arm/bin/../lib/gcc/arm-none-eabi/14.2.1/../../../../arm-none-eabi/lib/thumb/v7-m/nofp/libc.a(libc_a-memmove.o)
 .ARM.attributes
                0x000004da       0x2d /opt/gcc-arm/bin/../lib/gcc/arm-none-eabi/14.2.1/../../../../arm-none-eabi/lib/thumb/v7-m/nofp/libc.a(libc_a-impure.o)
 .ARM.attributes
                0x00000507       0x2d /opt/gcc-arm/bin/../lib/gcc/arm-none-eabi/14.2.1/../../../../arm-none-eabi/lib/thumb/v7-m/nofp/libc.a(libc_a-sbrkr.o)
 .ARM.attributes
                0x00000534       0x2d /opt/gcc-arm/bin/../lib/gcc/arm-none-eabi/14.2.1/../../../../arm-none-eabi/lib/thumb/v7-m/nofp/libc.a(libc_a-lock.o)
 .ARM.attributes
                0x00000561       0x2d /opt/gcc-arm/bin/../lib/gcc/arm-none-eabi/14.2.1/../../../../arm-none-eabi/lib/thumb/v7-m/nofp/libc.a(libc_a-sysconf.o)
 .ARM.attributes
                0x0000058e       0x2d /opt/gcc-arm/bin/../lib/gcc/arm-none-eabi/14.2.1/../../../../arm-none-eabi/lib/thumb/v7-m/nofp/libc.a(libc_a-strlen-stub.o)
 .ARM.attributes
                0x000005bb       0x2d /opt/gcc-arm/bin/../lib/gcc/arm-none-eabi/14.2.1/../../../../arm-none-eabi/lib/thumb/v7-m/nofp/libc.a(libc_a-freer.o)
 .ARM.attributes
                0x000005e8       0x2d /opt/gcc-arm/bin/../lib/gcc/arm-none-eabi/14.2.1/../../../../arm-none-eabi/lib/thumb/v7-m/nofp/libc.a(libc_a-findfp.o)
 .ARM.attributes
                0x00000615       0x2d /opt/gcc-arm/bin/../lib/gcc/arm-none-eabi/14.2.1/../../../../arm-none-eabi/lib/thumb/v7-m/nofp/libc.a(libc_a-reent.o)
 .ARM.attributes
                0x00000642       0x2d /opt/gcc-arm/bin/../lib/gcc/arm-none-eabi/14.2.1/../../../../arm-none-eabi/lib/thumb/v7-m/nofp/libc.a(libc_a-errno.o)
 .ARM.attributes
                0x0000066f       0x2d /opt/gcc-arm/bin/../lib/gcc/arm-none-eabi/14.2.1/../../../../arm-none-eabi/lib/thumb/v7-m/nofp/libnosys.a(sbrk.o)

.debug_frame    0x00000000     0x1fa8
 .debug_frame   0x00000000       0xb0 main.o
 .debug_frame   0x000000b0       0x98 rtos/heap_4.o
 .debug_frame   0x00000148       0x6c rtos/list.o
 .debug_frame   0x000001b4       0xd0 rtos/port.o
 .debug_frame   0x00000284      0x200 rtos/queue.o
 .debug_frame   0x00000484      0x444 rtos/tasks.o
 .debug_frame   0x000008c8       0x40 rtos/opencm3.o
 .debug_frame   0x00000908       0x28 /opt/gcc-arm/bin/../lib/gcc/arm-none-eabi/14.2.1/../../../../arm-none-eabi/lib/thumb/v7-m/nofp/libc.a(libc_a-memcpy.o)
 .debug_frame   0x00000930      0x3a4 /home/dima/stm32//rtos/libwwg/libwwg.a(uartlib.o)
 .debug_frame   0x00000cd4      0x110 /home/dima/stm32//rtos/libwwg/libwwg.a(miniprintf.o)
 .debug_frame   0x00000de4       0x6c /home/dima/stm32//rtos/libwwg/libwwg.a(mcuio.o)
 .debug_frame   0x00000e50       0x3c /home/dima/stm32//rtos/libwwg/libwwg.a(getline.o)
 .debug_frame   0x00000e8c      0x1bc /home/dima/stm32//rtos/libwwg/libwwg.a(usbcdc.o)
 .debug_frame   0x00001048       0x64 /home/dima/stm32/libopencm3/lib/libopencm3_stm32f1.a(gpio.o)
 .debug_frame   0x000010ac       0x80 /home/dima/stm32/libopencm3/lib/libopencm3_stm32f1.a(gpio_common_all.o)
 .debug_frame   0x0000112c      0x318 /home/dima/stm32/libopencm3/lib/libopencm3_stm32f1.a(rcc.o)
 .debug_frame   0x00001444       0xe0 /home/dima/stm32/libopencm3/lib/libopencm3_stm32f1.a(rcc_common_all.o)
 .debug_frame   0x00001524      0x1ac /home/dima/stm32/libopencm3/lib/libopencm3_stm32f1.a(rtc.o)
 .debug_frame   0x000016d0      0x1ec /home/dima/stm32/libopencm3/lib/libopencm3_stm32f1.a(usart_common_all.o)
 .debug_frame   0x000018bc       0x60 /home/dima/stm32/libopencm3/lib/libopencm3_stm32f1.a(usart_common_f124.o)
 .debug_frame   0x0000191c       0x4c /home/dima/stm32/libopencm3/lib/libopencm3_stm32f1.a(vector.o)
 .debug_frame   0x00001968       0xa0 /home/dima/stm32/libopencm3/lib/libopencm3_stm32f1.a(nvic.o)
 .debug_frame   0x00001a08       0x50 /home/dima/stm32/libopencm3/lib/libopencm3_stm32f1.a(flash_common_all.o)
 .debug_frame   0x00001a58      0x100 /home/dima/stm32/libopencm3/lib/libopencm3_stm32f1.a(pwr_common_v1.o)
 .debug_frame   0x00001b58       0x30 /opt/gcc-arm/bin/../lib/gcc/arm-none-eabi/14.2.1/../../../../arm-none-eabi/lib/thumb/v7-m/nofp/libc.a(libc_a-malloc.o)
 .debug_frame   0x00001b88       0x4c /opt/gcc-arm/bin/../lib/gcc/arm-none-eabi/14.2.1/../../../../arm-none-eabi/lib/thumb/v7-m/nofp/libc.a(libc_a-mallocr.o)
 .debug_frame   0x00001bd4       0x30 /opt/gcc-arm/bin/../lib/gcc/arm-none-eabi/14.2.1/../../../../arm-none-eabi/lib/thumb/v7-m/nofp/libc.a(libc_a-mlock.o)
 .debug_frame   0x00001c04       0x44 /opt/gcc-arm/bin/../lib/gcc/arm-none-eabi/14.2.1/../../../../arm-none-eabi/lib/thumb/v7-m/nofp/libc.a(libc_a-memmove.o)
 .debug_frame   0x00001c48       0x2c /opt/gcc-arm/bin/../lib/gcc/arm-none-eabi/14.2.1/../../../../arm-none-eabi/lib/thumb/v7-m/nofp/libc.a(libc_a-sbrkr.o)
 .debug_frame   0x00001c74       0xb0 /opt/gcc-arm/bin/../lib/gcc/arm-none-eabi/14.2.1/../../../../arm-none-eabi/lib/thumb/v7-m/nofp/libc.a(libc_a-lock.o)
 .debug_frame   0x00001d24       0x28 /opt/gcc-arm/bin/../lib/gcc/arm-none-eabi/14.2.1/../../../../arm-none-eabi/lib/thumb/v7-m/nofp/libc.a(libc_a-sysconf.o)
 .debug_frame   0x00001d4c       0x20 /opt/gcc-arm/bin/../lib/gcc/arm-none-eabi/14.2.1/../../../../arm-none-eabi/lib/thumb/v7-m/nofp/libc.a(libc_a-strlen-stub.o)
 .debug_frame   0x00001d6c       0x84 /opt/gcc-arm/bin/../lib/gcc/arm-none-eabi/14.2.1/../../../../arm-none-eabi/lib/thumb/v7-m/nofp/libc.a(libc_a-freer.o)
 .debug_frame   0x00001df0      0x13c /opt/gcc-arm/bin/../lib/gcc/arm-none-eabi/14.2.1/../../../../arm-none-eabi/lib/thumb/v7-m/nofp/libc.a(libc_a-findfp.o)
 .debug_frame   0x00001f2c       0x3c /opt/gcc-arm/bin/../lib/gcc/arm-none-eabi/14.2.1/../../../../arm-none-eabi/lib/thumb/v7-m/nofp/libc.a(libc_a-reent.o)
 .debug_frame   0x00001f68       0x20 /opt/gcc-arm/bin/../lib/gcc/arm-none-eabi/14.2.1/../../../../arm-none-eabi/lib/thumb/v7-m/nofp/libc.a(libc_a-errno.o)
 .debug_frame   0x00001f88       0x20 /opt/gcc-arm/bin/../lib/gcc/arm-none-eabi/14.2.1/../../../../arm-none-eabi/lib/thumb/v7-m/nofp/libnosys.a(sbrk.o)

.debug_line_str
                0x00000000       0xd8
 .debug_line_str
                0x00000000       0xd8 /opt/gcc-arm/bin/../lib/gcc/arm-none-eabi/14.2.1/../../../../arm-none-eabi/lib/thumb/v7-m/nofp/libc.a(libc_a-memcpy.o)

.debug_macro    0x00000000     0x41a7
 .debug_macro   0x00000000       0xb8 /home/dima/stm32/libopencm3/lib/libopencm3_stm32f1.a(gpio.o)
 .debug_macro   0x000000b8      0xac0 /home/dima/stm32/libopencm3/lib/libopencm3_stm32f1.a(gpio.o)
 .debug_macro   0x00000b78       0x1c /home/dima/stm32/libopencm3/lib/libopencm3_stm32f1.a(gpio.o)
 .debug_macro   0x00000b94       0x22 /home/dima/stm32/libopencm3/lib/libopencm3_stm32f1.a(gpio.o)
 .debug_macro   0x00000bb6       0x56 /home/dima/stm32/libopencm3/lib/libopencm3_stm32f1.a(gpio.o)
 .debug_macro   0x00000c0c       0x51 /home/dima/stm32/libopencm3/lib/libopencm3_stm32f1.a(gpio.o)
 .debug_macro   0x00000c5d      0x103 /home/dima/stm32/libopencm3/lib/libopencm3_stm32f1.a(gpio.o)
 .debug_macro   0x00000d60       0x6a /home/dima/stm32/libopencm3/lib/libopencm3_stm32f1.a(gpio.o)
 .debug_macro   0x00000dca      0x1df /home/dima/stm32/libopencm3/lib/libopencm3_stm32f1.a(gpio.o)
 .debug_macro   0x00000fa9       0x22 /home/dima/stm32/libopencm3/lib/libopencm3_stm32f1.a(gpio.o)
 .debug_macro   0x00000fcb       0xe8 /home/dima/stm32/libopencm3/lib/libopencm3_stm32f1.a(gpio.o)
 .debug_macro   0x000010b3       0x76 /home/dima/stm32/libopencm3/lib/libopencm3_stm32f1.a(gpio.o)
 .debug_macro   0x00001129      0x1b4 /home/dima/stm32/libopencm3/lib/libopencm3_stm32f1.a(gpio.o)
 .debug_macro   0x000012dd       0x76 /home/dima/stm32/libopencm3/lib/libopencm3_stm32f1.a(gpio.o)
 .debug_macro   0x00001353      0xe2e /home/dima/stm32/libopencm3/lib/libopencm3_stm32f1.a(gpio.o)
 .debug_macro   0x00002181       0xb8 /home/dima/stm32/libopencm3/lib/libopencm3_stm32f1.a(gpio_common_all.o)
 .debug_macro   0x00002239       0xe7 /home/dima/stm32/libopencm3/lib/libopencm3_stm32f1.a(rcc.o)
 .debug_macro   0x00002320       0x16 /home/dima/stm32/libopencm3/lib/libopencm3_stm32f1.a(rcc.o)
 .debug_macro   0x00002336      0x8c6 /home/dima/stm32/libopencm3/lib/libopencm3_stm32f1.a(rcc.o)
 .debug_macro   0x00002bfc       0xee /home/dima/stm32/libopencm3/lib/libopencm3_stm32f1.a(rcc.o)
 .debug_macro   0x00002cea       0x82 /home/dima/stm32/libopencm3/lib/libopencm3_stm32f1.a(rcc.o)
 .debug_macro   0x00002d6c       0xce /home/dima/stm32/libopencm3/lib/libopencm3_stm32f1.a(rcc_common_all.o)
 .debug_macro   0x00002e3a       0xe6 /home/dima/stm32/libopencm3/lib/libopencm3_stm32f1.a(rtc.o)
 .debug_macro   0x00002f20       0x8e /home/dima/stm32/libopencm3/lib/libopencm3_stm32f1.a(rtc.o)
 .debug_macro   0x00002fae       0x76 /home/dima/stm32/libopencm3/lib/libopencm3_stm32f1.a(rtc.o)
 .debug_macro   0x00003024       0xda /home/dima/stm32/libopencm3/lib/libopencm3_stm32f1.a(usart_common_all.o)
 .debug_macro   0x000030fe       0x94 /home/dima/stm32/libopencm3/lib/libopencm3_stm32f1.a(usart_common_all.o)
 .debug_macro   0x00003192      0x29e /home/dima/stm32/libopencm3/lib/libopencm3_stm32f1.a(usart_common_all.o)
 .debug_macro   0x00003430       0xda /home/dima/stm32/libopencm3/lib/libopencm3_stm32f1.a(usart_common_f124.o)
 .debug_macro   0x0000350a       0xcf /home/dima/stm32/libopencm3/lib/libopencm3_stm32f1.a(vector.o)
 .debug_macro   0x000035d9      0x395 /home/dima/stm32/libopencm3/lib/libopencm3_stm32f1.a(vector.o)
 .debug_macro   0x0000396e       0x6e /home/dima/stm32/libopencm3/lib/libopencm3_stm32f1.a(vector.o)
 .debug_macro   0x000039dc      0x1a2 /home/dima/stm32/libopencm3/lib/libopencm3_stm32f1.a(vector.o)
 .debug_macro   0x00003b7e       0xb3 /home/dima/stm32/libopencm3/lib/libopencm3_stm32f1.a(nvic.o)
 .debug_macro   0x00003c31       0x68 /home/dima/stm32/libopencm3/lib/libopencm3_stm32f1.a(nvic.o)
 .debug_macro   0x00003c99      0x39b /home/dima/stm32/libopencm3/lib/libopencm3_stm32f1.a(nvic.o)
 .debug_macro   0x00004034       0xc0 /home/dima/stm32/libopencm3/lib/libopencm3_stm32f1.a(flash_common_all.o)
 .debug_macro   0x000040f4       0xb3 /home/dima/stm32/libopencm3/lib/libopencm3_stm32f1.a(pwr_common_v1.o)
