Archive member included to satisfy reference by file (symbol)

/opt/gcc-arm/bin/../lib/gcc/arm-none-eabi/14.2.1/../../../../arm-none-eabi/lib/thumb/v7-m/nofp/libc.a(libc_a-setjmp.o)
                              main.o (setjmp)
/opt/gcc-arm/bin/../lib/gcc/arm-none-eabi/14.2.1/../../../../arm-none-eabi/lib/thumb/v7-m/nofp/libc.a(libc_a-memcpy.o)
                              rtos/queue.o (memcpy)
/opt/gcc-arm/bin/../lib/gcc/arm-none-eabi/14.2.1/thumb/v7-m/nofp/libgcc.a(unwind-arm.o)
                              /opt/gcc-arm/bin/../lib/gcc/arm-none-eabi/14.2.1/../../../../arm-none-eabi/lib/thumb/v7-m/nofp/libc.a(libc_a-setjmp.o) (__aeabi_unwind_cpp_pr0)
/opt/gcc-arm/bin/../lib/gcc/arm-none-eabi/14.2.1/thumb/v7-m/nofp/libgcc.a(libunwind.o)
                              /opt/gcc-arm/bin/../lib/gcc/arm-none-eabi/14.2.1/thumb/v7-m/nofp/libgcc.a(unwind-arm.o) (restore_core_regs)
/opt/gcc-arm/bin/../lib/gcc/arm-none-eabi/14.2.1/thumb/v7-m/nofp/libgcc.a(pr-support.o)
                              /opt/gcc-arm/bin/../lib/gcc/arm-none-eabi/14.2.1/thumb/v7-m/nofp/libgcc.a(unwind-arm.o) (__gnu_unwind_execute)
/opt/gcc-arm/bin/../lib/gcc/arm-none-eabi/14.2.1/../../../../arm-none-eabi/lib/thumb/v7-m/nofp/libc.a(libc_a-abort.o)
                              /opt/gcc-arm/bin/../lib/gcc/arm-none-eabi/14.2.1/thumb/v7-m/nofp/libgcc.a(unwind-arm.o) (abort)
/opt/gcc-arm/bin/../lib/gcc/arm-none-eabi/14.2.1/../../../../arm-none-eabi/lib/thumb/v7-m/nofp/libc.a(libc_a-signal.o)
                              /opt/gcc-arm/bin/../lib/gcc/arm-none-eabi/14.2.1/../../../../arm-none-eabi/lib/thumb/v7-m/nofp/libc.a(libc_a-abort.o) (raise)
/opt/gcc-arm/bin/../lib/gcc/arm-none-eabi/14.2.1/../../../../arm-none-eabi/lib/thumb/v7-m/nofp/libc.a(libc_a-impure.o)
                              /opt/gcc-arm/bin/../lib/gcc/arm-none-eabi/14.2.1/../../../../arm-none-eabi/lib/thumb/v7-m/nofp/libc.a(libc_a-signal.o) (_impure_ptr)
/opt/gcc-arm/bin/../lib/gcc/arm-none-eabi/14.2.1/../../../../arm-none-eabi/lib/thumb/v7-m/nofp/libc.a(libc_a-signalr.o)
                              /opt/gcc-arm/bin/../lib/gcc/arm-none-eabi/14.2.1/../../../../arm-none-eabi/lib/thumb/v7-m/nofp/libc.a(libc_a-signal.o) (_kill_r)
/opt/gcc-arm/bin/../lib/gcc/arm-none-eabi/14.2.1/../../../../arm-none-eabi/lib/thumb/v7-m/nofp/libc.a(libc_a-mallocr.o)
                              /opt/gcc-arm/bin/../lib/gcc/arm-none-eabi/14.2.1/../../../../arm-none-eabi/lib/thumb/v7-m/nofp/libc.a(libc_a-signal.o) (_malloc_r)
/opt/gcc-arm/bin/../lib/gcc/arm-none-eabi/14.2.1/../../../../arm-none-eabi/lib/thumb/v7-m/nofp/libc.a(libc_a-mlock.o)
                              /opt/gcc-arm/bin/../lib/gcc/arm-none-eabi/14.2.1/../../../../arm-none-eabi/lib/thumb/v7-m/nofp/libc.a(libc_a-mallocr.o) (__malloc_lock)
/opt/gcc-arm/bin/../lib/gcc/arm-none-eabi/14.2.1/../../../../arm-none-eabi/lib/thumb/v7-m/nofp/libc.a(libc_a-findfp.o)
                              /opt/gcc-arm/bin/../lib/gcc/arm-none-eabi/14.2.1/../../../../arm-none-eabi/lib/thumb/v7-m/nofp/libc.a(libc_a-impure.o) (__sf)
/opt/gcc-arm/bin/../lib/gcc/arm-none-eabi/14.2.1/../../../../arm-none-eabi/lib/thumb/v7-m/nofp/libc.a(libc_a-fwalk.o)
                              /opt/gcc-arm/bin/../lib/gcc/arm-none-eabi/14.2.1/../../../../arm-none-eabi/lib/thumb/v7-m/nofp/libc.a(libc_a-findfp.o) (_fwalk_sglue)
/opt/gcc-arm/bin/../lib/gcc/arm-none-eabi/14.2.1/../../../../arm-none-eabi/lib/thumb/v7-m/nofp/libc.a(libc_a-stdio.o)
                              /opt/gcc-arm/bin/../lib/gcc/arm-none-eabi/14.2.1/../../../../arm-none-eabi/lib/thumb/v7-m/nofp/libc.a(libc_a-findfp.o) (__sread)
/opt/gcc-arm/bin/../lib/gcc/arm-none-eabi/14.2.1/../../../../arm-none-eabi/lib/thumb/v7-m/nofp/libc.a(libc_a-memset.o)
                              /opt/gcc-arm/bin/../lib/gcc/arm-none-eabi/14.2.1/../../../../arm-none-eabi/lib/thumb/v7-m/nofp/libc.a(libc_a-findfp.o) (memset)
/opt/gcc-arm/bin/../lib/gcc/arm-none-eabi/14.2.1/../../../../arm-none-eabi/lib/thumb/v7-m/nofp/libc.a(libc_a-closer.o)
                              /opt/gcc-arm/bin/../lib/gcc/arm-none-eabi/14.2.1/../../../../arm-none-eabi/lib/thumb/v7-m/nofp/libc.a(libc_a-stdio.o) (_close_r)
/opt/gcc-arm/bin/../lib/gcc/arm-none-eabi/14.2.1/../../../../arm-none-eabi/lib/thumb/v7-m/nofp/libc.a(libc_a-reent.o)
                              /opt/gcc-arm/bin/../lib/gcc/arm-none-eabi/14.2.1/../../../../arm-none-eabi/lib/thumb/v7-m/nofp/libc.a(libc_a-signalr.o) (errno)
/opt/gcc-arm/bin/../lib/gcc/arm-none-eabi/14.2.1/../../../../arm-none-eabi/lib/thumb/v7-m/nofp/libc.a(libc_a-lseekr.o)
                              /opt/gcc-arm/bin/../lib/gcc/arm-none-eabi/14.2.1/../../../../arm-none-eabi/lib/thumb/v7-m/nofp/libc.a(libc_a-stdio.o) (_lseek_r)
/opt/gcc-arm/bin/../lib/gcc/arm-none-eabi/14.2.1/../../../../arm-none-eabi/lib/thumb/v7-m/nofp/libc.a(libc_a-readr.o)
                              /opt/gcc-arm/bin/../lib/gcc/arm-none-eabi/14.2.1/../../../../arm-none-eabi/lib/thumb/v7-m/nofp/libc.a(libc_a-stdio.o) (_read_r)
[...]
Memory Configuration

Name             Origin             Length             Attributes
rom              0x08000000         0x00010000         xr
ram              0x20000000         0x00005000         xrw
*default*        0x00000000         0xffffffff

Linker script and memory map

LOAD main.o
LOAD i2c.o
LOAD rtos/heap_4.o
LOAD rtos/list.o
LOAD rtos/port.o
LOAD rtos/queue.o
LOAD rtos/tasks.o
LOAD rtos/opencm3.o
START GROUP
LOAD /opt/gcc-arm/bin/../lib/gcc/arm-none-eabi/14.2.1/../../../../arm-none-eabi/lib/thumb/v7-m/nofp/libc.a
LOAD /opt/gcc-arm/bin/../lib/gcc/arm-none-eabi/14.2.1/thumb/v7-m/nofp/libgcc.a
LOAD /opt/gcc-arm/bin/../lib/gcc/arm-none-eabi/14.2.1/../../../../arm-none-eabi/lib/thumb/v7-m/nofp/libnosys.a
END GROUP
LOAD /home/dima/stm32//rtos/libwwg/libwwg.a
LOAD /home/dima/stm32/libopencm3/lib/libopencm3_stm32f1.a
START GROUP
LOAD /opt/gcc-arm/bin/../lib/gcc/arm-none-eabi/14.2.1/thumb/v7-m/nofp/libgcc.a
LOAD /opt/gcc-arm/bin/../lib/gcc/arm-none-eabi/14.2.1/../../../../arm-none-eabi/lib/thumb/v7-m/nofp/libc.a
END GROUP
START GROUP
LOAD /opt/gcc-arm/bin/../lib/gcc/arm-none-eabi/14.2.1/thumb/v7-m/nofp/libgcc.a
LOAD /opt/gcc-arm/bin/../lib/gcc/arm-none-eabi/14.2.1/../../../../arm-none-eabi/lib/thumb/v7-m/nofp/libc.a
LOAD /opt/gcc-arm/bin/../lib/gcc/arm-none-eabi/14.2.1/../../../../arm-none-eabi/lib/thumb/v7-m/nofp/libnosys.a
END GROUP

.text           0x08000000     0x447c
 *(.vectors)
 .vectors       0x08000000      0x150 /home/dima/stm32/libopencm3/lib/libopencm3_stm32f1.a(vector.o)
                0x08000000                vector_table
 *(.text*)
 .text.task1    0x08000150      0x1ec main.o
 .text.exti15_10_isr
                0x0800033c       0x30 main.o
                0x0800033c                exti15_10_isr
 .text.startup.main
                0x0800036c       0xc4 main.o
                0x0800036c                main
 .text.i2c_error
                0x08000430       0x18 i2c.o
                0x08000430                i2c_error
 .text.i2c_configure
                0x08000448       0x74 i2c.o
                0x08000448                i2c_configure
 .text.i2c_wait_busy
                0x080004bc       0x20 i2c.o
                0x080004bc                i2c_wait_busy
 .text.i2c_start_addr
                0x080004dc       0xc8 i2c.o
                0x080004dc                i2c_start_addr
 .text.i2c_read
                0x080005a4       0x54 i2c.o
                0x080005a4                i2c_read
 .text.i2c_write_restart
                0x080005f8       0xe8 i2c.o
                0x080005f8                i2c_write_restart
 .text.prvInsertBlockIntoFreeList
                0x080006e0       0x4c rtos/heap_4.o
 .text.pvPortMalloc
                0x0800072c       0xf4 rtos/heap_4.o
                0x0800072c                pvPortMalloc
 .text.vPortFree
                0x08000820       0x4c rtos/heap_4.o
                0x08000820                vPortFree
 .text.vListInitialise
                0x0800086c       0x16 rtos/list.o
                0x0800086c                vListInitialise
 .text.vListInitialiseItem
                0x08000882        0x6 rtos/list.o
                0x08000882                vListInitialiseItem
 .text.vListInsertEnd
                0x08000888       0x16 rtos/list.o
                0x08000888                vListInsertEnd
 .text.vListInsert
                0x0800089e       0x2e rtos/list.o
                0x0800089e                vListInsert
 .text.uxListRemove
                0x080008cc       0x1e rtos/list.o
                0x080008cc                uxListRemove
 .text.prvTaskExitError
                0x080008ea       0x12 rtos/port.o
 .text.prvPortStartFirstTask
                0x080008fc       0x20 rtos/port.o
 .text.pxPortInitialiseStack
                0x0800091c       0x24 rtos/port.o
                0x0800091c                pxPortInitialiseStack
 .text.vPortSVCHandler
                0x08000940       0x24 rtos/port.o
                0x08000940                vPortSVCHandler
 .text.vPortEnterCritical
                0x08000964       0x20 rtos/port.o
                0x08000964                vPortEnterCritical
 .text.vPortExitCritical
                0x08000984       0x14 rtos/port.o
                0x08000984                vPortExitCritical
 *fill*         0x08000998        0x8 
 .text.xPortPendSVHandler
                0x080009a0       0x44 rtos/port.o
                0x080009a0                xPortPendSVHandler
 .text.xPortSysTickHandler
                0x080009e4       0x2c rtos/port.o
                0x080009e4                xPortSysTickHandler
 .text.vPortSetupTimerInterrupt
                0x08000a10       0x10 rtos/port.o
                0x08000a10                vPortSetupTimerInterrupt
 .text.xPortStartScheduler
                0x08000a20       0x34 rtos/port.o
                0x08000a20                xPortStartScheduler
 .text.prvCopyDataToQueue
                0x08000a54       0x66 rtos/queue.o
 .text.prvCopyDataFromQueue
                0x08000aba       0x26 rtos/queue.o
 .text.prvUnlockQueue
                0x08000ae0       0x6c rtos/queue.o
 .text.xQueueGenericReset
                0x08000b4c       0x6a rtos/queue.o
                0x08000b4c                xQueueGenericReset
 .text.xQueueGenericCreate
                0x08000bb6       0x2e rtos/queue.o
                0x08000bb6                xQueueGenericCreate
 .text.xQueueGenericSend
                0x08000be4       0xfa rtos/queue.o
                0x08000be4                xQueueGenericSend
 .text.xQueueGenericReceive
                0x08000cde      0x138 rtos/queue.o
                0x08000cde                xQueueGenericReceive
 .text.uxQueueSpacesAvailable
                0x08000e16       0x16 rtos/queue.o
                0x08000e16                uxQueueSpacesAvailable
 .text.prvAddCurrentTaskToDelayedList
                0x08000e2c       0x88 rtos/tasks.o
 .text.prvResetNextTaskUnblockTime
                0x08000eb4       0x24 rtos/tasks.o
 .text.xTaskCreate
                0x08000ed8      0x1a4 rtos/tasks.o
                0x08000ed8                xTaskCreate
 .text.vTaskStartScheduler
                0x0800107c       0x60 rtos/tasks.o
                0x0800107c                vTaskStartScheduler
 .text.vTaskSuspendAll
                0x080010dc       0x10 rtos/tasks.o
                0x080010dc                vTaskSuspendAll
 .text.xTaskGetTickCount
                0x080010ec        0xc rtos/tasks.o
                0x080010ec                xTaskGetTickCount
 .text.xTaskIncrementTick
                0x080010f8      0x11c rtos/tasks.o
                0x080010f8                xTaskIncrementTick
 .text.xTaskResumeAll
                0x08001214       0xd8 rtos/tasks.o
                0x08001214                xTaskResumeAll
 .text.prvIdleTask
                0x080012ec       0x74 rtos/tasks.o
 .text.vTaskSwitchContext
                0x08001360       0x54 rtos/tasks.o
                0x08001360                vTaskSwitchContext
 .text.vTaskPlaceOnEventList
                0x080013b4       0x20 rtos/tasks.o
                0x080013b4                vTaskPlaceOnEventList
 .text.xTaskRemoveFromEventList
                0x080013d4       0x70 rtos/tasks.o
                0x080013d4                xTaskRemoveFromEventList
 .text.vTaskSetTimeOutState
                0x08001444       0x18 rtos/tasks.o
                0x08001444                vTaskSetTimeOutState
 .text.xTaskCheckForTimeOut
                0x0800145c       0x4c rtos/tasks.o
                0x0800145c                xTaskCheckForTimeOut
 .text.vTaskMissedYield
                0x080014a8        0xc rtos/tasks.o
                0x080014a8                vTaskMissedYield
 .text.vTaskPriorityInherit
                0x080014b4       0x94 rtos/tasks.o
                0x080014b4                vTaskPriorityInherit
 .text.xTaskPriorityDisinherit
                0x08001548       0x70 rtos/tasks.o
                0x08001548                xTaskPriorityDisinherit
 .text.pvTaskIncrementMutexHeldCount
                0x080015b8       0x18 rtos/tasks.o
                0x080015b8                pvTaskIncrementMutexHeldCount
 .text.sv_call_handler
                0x080015d0        0x4 rtos/opencm3.o
                0x080015d0                sv_call_handler
 .text.pend_sv_handler
                0x080015d4        0x4 rtos/opencm3.o
                0x080015d4                pend_sv_handler
 .text.sys_tick_handler
                0x080015d8        0x4 rtos/opencm3.o
                0x080015d8                sys_tick_handler
 .text          0x080015dc       0x1c /opt/gcc-arm/bin/../lib/gcc/arm-none-eabi/14.2.1/../../../../arm-none-eabi/lib/thumb/v7-m/nofp/libc.a(libc_a-setjmp.o)
                0x080015dc                setjmp
                0x080015e8                longjmp
 .text          0x080015f8       0xec /opt/gcc-arm/bin/../lib/gcc/arm-none-eabi/14.2.1/../../../../arm-none-eabi/lib/thumb/v7-m/nofp/libc.a(libc_a-memcpy.o)
                0x080015f8                memcpy
 .text.selfrel_offset31
                0x080016e4       0x14 /opt/gcc-arm/bin/../lib/gcc/arm-none-eabi/14.2.1/thumb/v7-m/nofp/libgcc.a(unwind-arm.o)
 .text.search_EIT_table
                0x080016f8       0x64 /opt/gcc-arm/bin/../lib/gcc/arm-none-eabi/14.2.1/thumb/v7-m/nofp/libgcc.a(unwind-arm.o)
 .text.__gnu_unwind_get_pr_addr
                0x0800175c       0x28 /opt/gcc-arm/bin/../lib/gcc/arm-none-eabi/14.2.1/thumb/v7-m/nofp/libgcc.a(unwind-arm.o)
 .text.get_eit_entry
                0x08001784       0x98 /opt/gcc-arm/bin/../lib/gcc/arm-none-eabi/14.2.1/thumb/v7-m/nofp/libgcc.a(unwind-arm.o)
 .text.restore_non_core_regs
                0x0800181c       0x58 /opt/gcc-arm/bin/../lib/gcc/arm-none-eabi/14.2.1/thumb/v7-m/nofp/libgcc.a(unwind-arm.o)
 .text._Unwind_decode_typeinfo_ptr.constprop.0
                0x08001874        0xc /opt/gcc-arm/bin/../lib/gcc/arm-none-eabi/14.2.1/thumb/v7-m/nofp/libgcc.a(unwind-arm.o)
 .text._Unwind_DebugHook
                0x08001880        0x4 /opt/gcc-arm/bin/../lib/gcc/arm-none-eabi/14.2.1/thumb/v7-m/nofp/libgcc.a(unwind-arm.o)
 .text.unwind_phase2
                0x08001884       0x40 /opt/gcc-arm/bin/../lib/gcc/arm-none-eabi/14.2.1/thumb/v7-m/nofp/libgcc.a(unwind-arm.o)
 .text.unwind_phase2_forced
                0x080018c4       0xdc /opt/gcc-arm/bin/../lib/gcc/arm-none-eabi/14.2.1/thumb/v7-m/nofp/libgcc.a(unwind-arm.o)
 .text.__gnu_Unwind_RaiseException
                0x080019a0       0x6c /opt/gcc-arm/bin/../lib/gcc/arm-none-eabi/14.2.1/thumb/v7-m/nofp/libgcc.a(unwind-arm.o)
                0x080019a0                __gnu_Unwind_RaiseException
 .text.__gnu_Unwind_ForcedUnwind
                0x08001a0c       0x18 /opt/gcc-arm/bin/../lib/gcc/arm-none-eabi/14.2.1/thumb/v7-m/nofp/libgcc.a(unwind-arm.o)
                0x08001a0c                __gnu_Unwind_ForcedUnwind
 .text.__gnu_Unwind_Resume
                0x08001a24       0x44 /opt/gcc-arm/bin/../lib/gcc/arm-none-eabi/14.2.1/thumb/v7-m/nofp/libgcc.a(unwind-arm.o)
                0x08001a24                __gnu_Unwind_Resume
 .text.__gnu_Unwind_Resume_or_Rethrow
                0x08001a68       0x20 /opt/gcc-arm/bin/../lib/gcc/arm-none-eabi/14.2.1/thumb/v7-m/nofp/libgcc.a(unwind-arm.o)
                0x08001a68                __gnu_Unwind_Resume_or_Rethrow
 .text._Unwind_VRS_Get
                0x08001a88       0x34 /opt/gcc-arm/bin/../lib/gcc/arm-none-eabi/14.2.1/thumb/v7-m/nofp/libgcc.a(unwind-arm.o)
                0x08001a88                _Unwind_VRS_Get
 .text._Unwind_GetGR
                0x08001abc       0x1c /opt/gcc-arm/bin/../lib/gcc/arm-none-eabi/14.2.1/thumb/v7-m/nofp/libgcc.a(unwind-arm.o)
 .text._Unwind_VRS_Set
                0x08001ad8       0x34 /opt/gcc-arm/bin/../lib/gcc/arm-none-eabi/14.2.1/thumb/v7-m/nofp/libgcc.a(unwind-arm.o)
                0x08001ad8                _Unwind_VRS_Set
 .text._Unwind_SetGR
                0x08001b0c       0x18 /opt/gcc-arm/bin/../lib/gcc/arm-none-eabi/14.2.1/thumb/v7-m/nofp/libgcc.a(unwind-arm.o)
 .text.__gnu_Unwind_Backtrace
                0x08001b24       0x8c /opt/gcc-arm/bin/../lib/gcc/arm-none-eabi/14.2.1/thumb/v7-m/nofp/libgcc.a(unwind-arm.o)
                0x08001b24                __gnu_Unwind_Backtrace
 .text.__gnu_unwind_pr_common
                0x08001bb0      0x2a8 /opt/gcc-arm/bin/../lib/gcc/arm-none-eabi/14.2.1/thumb/v7-m/nofp/libgcc.a(unwind-arm.o)
 .text.__aeabi_unwind_cpp_pr0
                0x08001e58        0x8 /opt/gcc-arm/bin/../lib/gcc/arm-none-eabi/14.2.1/thumb/v7-m/nofp/libgcc.a(unwind-arm.o)
                0x08001e58                __aeabi_unwind_cpp_pr0
 .text.__aeabi_unwind_cpp_pr1
                0x08001e60        0x8 /opt/gcc-arm/bin/../lib/gcc/arm-none-eabi/14.2.1/thumb/v7-m/nofp/libgcc.a(unwind-arm.o)
                0x08001e60                __aeabi_unwind_cpp_pr1
 .text.__aeabi_unwind_cpp_pr2
                0x08001e68        0x8 /opt/gcc-arm/bin/../lib/gcc/arm-none-eabi/14.2.1/thumb/v7-m/nofp/libgcc.a(unwind-arm.o)
                0x08001e68                __aeabi_unwind_cpp_pr2
 .text._Unwind_VRS_Pop
                0x08001e70      0x2e4 /opt/gcc-arm/bin/../lib/gcc/arm-none-eabi/14.2.1/thumb/v7-m/nofp/libgcc.a(unwind-arm.o)
                0x08001e70                _Unwind_VRS_Pop
 .text          0x08002154      0x1ac /opt/gcc-arm/bin/../lib/gcc/arm-none-eabi/14.2.1/thumb/v7-m/nofp/libgcc.a(libunwind.o)
                0x08002154                __restore_core_regs
                0x08002154                restore_core_regs
                0x0800216c                __gnu_Unwind_Restore_VFP
                0x08002174                __gnu_Unwind_Save_VFP
                0x0800217c                __gnu_Unwind_Restore_VFP_D
                0x08002184                __gnu_Unwind_Save_VFP_D
                0x0800218c                __gnu_Unwind_Restore_VFP_D_16_to_31
                0x08002194                __gnu_Unwind_Save_VFP_D_16_to_31
                0x0800219c                __gnu_Unwind_Restore_WMMXD
                0x080021e0                __gnu_Unwind_Save_WMMXD
                0x08002224                __gnu_Unwind_Restore_WMMXC
                0x08002238                __gnu_Unwind_Save_WMMXC
                0x0800224c                ___Unwind_RaiseException
                0x0800224c                _Unwind_RaiseException
                0x08002270                ___Unwind_Resume
                0x08002270                _Unwind_Resume
                0x08002294                _Unwind_Resume_or_Rethrow
                0x08002294                ___Unwind_Resume_or_Rethrow
                0x080022b8                ___Unwind_ForcedUnwind
                0x080022b8                _Unwind_ForcedUnwind
                0x080022dc                _Unwind_Backtrace
                0x080022dc                ___Unwind_Backtrace
 .text.next_unwind_byte
                0x08002300       0x38 /opt/gcc-arm/bin/../lib/gcc/arm-none-eabi/14.2.1/thumb/v7-m/nofp/libgcc.a(pr-support.o)
 .text.__gnu_unwind_execute
                0x08002338      0x300 /opt/gcc-arm/bin/../lib/gcc/arm-none-eabi/14.2.1/thumb/v7-m/nofp/libgcc.a(pr-support.o)
                0x08002338                __gnu_unwind_execute
 .text.abort    0x08002638       0x10 /opt/gcc-arm/bin/../lib/gcc/arm-none-eabi/14.2.1/../../../../arm-none-eabi/lib/thumb/v7-m/nofp/libc.a(libc_a-abort.o)
                0x08002638                abort
 .text.raise    0x08002648       0x58 /opt/gcc-arm/bin/../lib/gcc/arm-none-eabi/14.2.1/../../../../arm-none-eabi/lib/thumb/v7-m/nofp/libc.a(libc_a-signal.o)
                0x08002648                raise
 .text._kill_r  0x080026a0       0x28 /opt/gcc-arm/bin/../lib/gcc/arm-none-eabi/14.2.1/../../../../arm-none-eabi/lib/thumb/v7-m/nofp/libc.a(libc_a-signalr.o)
                0x080026a0                _kill_r
 .text._getpid_r
                0x080026c8        0x4 /opt/gcc-arm/bin/../lib/gcc/arm-none-eabi/14.2.1/../../../../arm-none-eabi/lib/thumb/v7-m/nofp/libc.a(libc_a-signalr.o)
                0x080026c8                _getpid_r
 .text._getpid  0x080026cc       0x10 /opt/gcc-arm/bin/../lib/gcc/arm-none-eabi/14.2.1/../../../../arm-none-eabi/lib/thumb/v7-m/nofp/libnosys.a(getpid.o)
                0x080026cc                _getpid
 .text._kill    0x080026dc       0x10 /opt/gcc-arm/bin/../lib/gcc/arm-none-eabi/14.2.1/../../../../arm-none-eabi/lib/thumb/v7-m/nofp/libnosys.a(kill.o)
                0x080026dc                _kill
 .text._exit    0x080026ec        0x4 /opt/gcc-arm/bin/../lib/gcc/arm-none-eabi/14.2.1/../../../../arm-none-eabi/lib/thumb/v7-m/nofp/libnosys.a(_exit.o)
                0x080026ec                _exit
 .text.cdcacm_control_request
                0x080026f0       0x1c /home/dima/stm32//rtos/libwwg/libwwg.a(usbcdc.o)
 .text.usb_putc
                0x0800270c       0x5c /home/dima/stm32//rtos/libwwg/libwwg.a(usbcdc.o)
                0x0800270c                usb_putc
 .text.usb_getc
                0x08002768       0x2c /home/dima/stm32//rtos/libwwg/libwwg.a(usbcdc.o)
                0x08002768                usb_getc
 .text.usb_task
                0x08002794       0x84 /home/dima/stm32//rtos/libwwg/libwwg.a(usbcdc.o)
 .text.cdcacm_set_config
                0x08002818       0x54 /home/dima/stm32//rtos/libwwg/libwwg.a(usbcdc.o)
 .text.cdcacm_data_rx_cb
                0x0800286c       0x48 /home/dima/stm32//rtos/libwwg/libwwg.a(usbcdc.o)
 .text.usb_puts
                0x080028b4       0x12 /home/dima/stm32//rtos/libwwg/libwwg.a(usbcdc.o)
                0x080028b4                usb_puts
 *fill*         0x080028c6        0x2 
 .text.usb_printf
                0x080028c8       0x20 /home/dima/stm32//rtos/libwwg/libwwg.a(usbcdc.o)
                0x080028c8                usb_printf
 .text.usb_peek
                0x080028e8       0x28 /home/dima/stm32//rtos/libwwg/libwwg.a(usbcdc.o)
                0x080028e8                usb_peek
 .text.usb_start
                0x08002910       0x98 /home/dima/stm32//rtos/libwwg/libwwg.a(usbcdc.o)
                0x08002910                usb_start
 .text.mini_write
                0x080029a8       0x16 /home/dima/stm32//rtos/libwwg/libwwg.a(miniprintf.o)
 .text.mini_putc
                0x080029be       0x2a /home/dima/stm32//rtos/libwwg/libwwg.a(miniprintf.o)
 .text.mini_pad
                0x080029e8       0x24 /home/dima/stm32//rtos/libwwg/libwwg.a(miniprintf.o)
 .text.internal_vprintf
                0x08002a0c      0x1f0 /home/dima/stm32//rtos/libwwg/libwwg.a(miniprintf.o)
 .text.mini_vprintf_cooked
                0x08002bfc       0x30 /home/dima/stm32//rtos/libwwg/libwwg.a(miniprintf.o)
                0x08002bfc                mini_vprintf_cooked
 .text.exti_set_trigger
                0x08002c2c       0x48 /home/dima/stm32/libopencm3/lib/libopencm3_stm32f1.a(exti_common_all.o)
                0x08002c2c                exti_set_trigger
 .text.exti_enable_request
                0x08002c74       0x1c /home/dima/stm32/libopencm3/lib/libopencm3_stm32f1.a(exti_common_all.o)
                0x08002c74                exti_enable_request
 .text.exti_reset_request
                0x08002c90        0xc /home/dima/stm32/libopencm3/lib/libopencm3_stm32f1.a(exti_common_all.o)
                0x08002c90                exti_reset_request
 .text.exti_select_source
                0x08002c9c       0xa0 /home/dima/stm32/libopencm3/lib/libopencm3_stm32f1.a(exti_common_all.o)
                0x08002c9c                exti_select_source
 .text.gpio_set_mode
                0x08002d3c       0x6a /home/dima/stm32/libopencm3/lib/libopencm3_stm32f1.a(gpio.o)
                0x08002d3c                gpio_set_mode
 *fill*         0x08002da6        0x2 
 .text.gpio_primary_remap
                0x08002da8       0x14 /home/dima/stm32/libopencm3/lib/libopencm3_stm32f1.a(gpio.o)
                0x08002da8                gpio_primary_remap
 .text.gpio_set
                0x08002dbc        0x4 /home/dima/stm32/libopencm3/lib/libopencm3_stm32f1.a(gpio_common_all.o)
                0x08002dbc                gpio_set
 .text.gpio_toggle
                0x08002dc0       0x12 /home/dima/stm32/libopencm3/lib/libopencm3_stm32f1.a(gpio_common_all.o)
                0x08002dc0                gpio_toggle
 .text.i2c_peripheral_enable
                0x08002dd2        0xa /home/dima/stm32/libopencm3/lib/libopencm3_stm32f1.a(i2c_common_v1.o)
                0x08002dd2                i2c_peripheral_enable
 .text.i2c_peripheral_disable
                0x08002ddc        0xa /home/dima/stm32/libopencm3/lib/libopencm3_stm32f1.a(i2c_common_v1.o)
                0x08002ddc                i2c_peripheral_disable
 .text.i2c_send_start
                0x08002de6        0xa /home/dima/stm32/libopencm3/lib/libopencm3_stm32f1.a(i2c_common_v1.o)
                0x08002de6                i2c_send_start
 .text.i2c_send_stop
                0x08002df0        0xa /home/dima/stm32/libopencm3/lib/libopencm3_stm32f1.a(i2c_common_v1.o)
                0x08002df0                i2c_send_stop
 .text.i2c_clear_stop
                0x08002dfa        0xa /home/dima/stm32/libopencm3/lib/libopencm3_stm32f1.a(i2c_common_v1.o)
                0x08002dfa                i2c_clear_stop
 .text.i2c_set_own_7bit_slave_address
                0x08002e04        0xa /home/dima/stm32/libopencm3/lib/libopencm3_stm32f1.a(i2c_common_v1.o)
                0x08002e04                i2c_set_own_7bit_slave_address
 .text.i2c_set_clock_frequency
                0x08002e0e        0xe /home/dima/stm32/libopencm3/lib/libopencm3_stm32f1.a(i2c_common_v1.o)
                0x08002e0e                i2c_set_clock_frequency
 .text.i2c_send_data
                0x08002e1c        0x4 /home/dima/stm32/libopencm3/lib/libopencm3_stm32f1.a(i2c_common_v1.o)
                0x08002e1c                i2c_send_data
 .text.i2c_set_standard_mode
                0x08002e20        0xa /home/dima/stm32/libopencm3/lib/libopencm3_stm32f1.a(i2c_common_v1.o)
                0x08002e20                i2c_set_standard_mode
 .text.i2c_set_ccr
                0x08002e2a        0xc /home/dima/stm32/libopencm3/lib/libopencm3_stm32f1.a(i2c_common_v1.o)
                0x08002e2a                i2c_set_ccr
 .text.i2c_set_trise
                0x08002e36        0x4 /home/dima/stm32/libopencm3/lib/libopencm3_stm32f1.a(i2c_common_v1.o)
                0x08002e36                i2c_set_trise
 .text.i2c_send_7bit_address
                0x08002e3a        0xa /home/dima/stm32/libopencm3/lib/libopencm3_stm32f1.a(i2c_common_v1.o)
                0x08002e3a                i2c_send_7bit_address
 .text.i2c_get_data
                0x08002e44        0x6 /home/dima/stm32/libopencm3/lib/libopencm3_stm32f1.a(i2c_common_v1.o)
                0x08002e44                i2c_get_data
 .text.i2c_enable_ack
                0x08002e4a        0xa /home/dima/stm32/libopencm3/lib/libopencm3_stm32f1.a(i2c_common_v1.o)
                0x08002e4a                i2c_enable_ack
 .text.i2c_disable_ack
                0x08002e54        0xa /home/dima/stm32/libopencm3/lib/libopencm3_stm32f1.a(i2c_common_v1.o)
                0x08002e54                i2c_disable_ack
 .text.i2c_set_dutycycle
                0x08002e5e       0x12 /home/dima/stm32/libopencm3/lib/libopencm3_stm32f1.a(i2c_common_v1.o)
                0x08002e5e                i2c_set_dutycycle
 .text.rcc_is_osc_ready
                0x08002e70       0x58 /home/dima/stm32/libopencm3/lib/libopencm3_stm32f1.a(rcc.o)
                0x08002e70                rcc_is_osc_ready
 .text.rcc_wait_for_osc_ready
                0x08002ec8       0x10 /home/dima/stm32/libopencm3/lib/libopencm3_stm32f1.a(rcc.o)
                0x08002ec8                rcc_wait_for_osc_ready
 .text.rcc_osc_on
                0x08002ed8       0x60 /home/dima/stm32/libopencm3/lib/libopencm3_stm32f1.a(rcc.o)
                0x08002ed8                rcc_osc_on
 .text.rcc_set_sysclk_source
                0x08002f38       0x14 /home/dima/stm32/libopencm3/lib/libopencm3_stm32f1.a(rcc.o)
                0x08002f38                rcc_set_sysclk_source
 .text.rcc_set_pll_multiplication_factor
                0x08002f4c       0x14 /home/dima/stm32/libopencm3/lib/libopencm3_stm32f1.a(rcc.o)
                0x08002f4c                rcc_set_pll_multiplication_factor
 .text.rcc_set_pll2_multiplication_factor
                0x08002f60       0x14 /home/dima/stm32/libopencm3/lib/libopencm3_stm32f1.a(rcc.o)
                0x08002f60                rcc_set_pll2_multiplication_factor
 .text.rcc_set_pll3_multiplication_factor
                0x08002f74       0x14 /home/dima/stm32/libopencm3/lib/libopencm3_stm32f1.a(rcc.o)
                0x08002f74                rcc_set_pll3_multiplication_factor
 .text.rcc_set_pll_source
                0x08002f88       0x14 /home/dima/stm32/libopencm3/lib/libopencm3_stm32f1.a(rcc.o)
                0x08002f88                rcc_set_pll_source
 .text.rcc_set_pllxtpre
                0x08002f9c       0x14 /home/dima/stm32/libopencm3/lib/libopencm3_stm32f1.a(rcc.o)
                0x08002f9c                rcc_set_pllxtpre
 .text.rcc_set_adcpre
                0x08002fb0       0x14 /home/dima/stm32/libopencm3/lib/libopencm3_stm32f1.a(rcc.o)
                0x08002fb0                rcc_set_adcpre
 .text.rcc_set_ppre2
                0x08002fc4       0x14 /home/dima/stm32/libopencm3/lib/libopencm3_stm32f1.a(rcc.o)
                0x08002fc4                rcc_set_ppre2
 .text.rcc_set_ppre1
                0x08002fd8       0x14 /home/dima/stm32/libopencm3/lib/libopencm3_stm32f1.a(rcc.o)
                0x08002fd8                rcc_set_ppre1
 .text.rcc_set_hpre
                0x08002fec       0x14 /home/dima/stm32/libopencm3/lib/libopencm3_stm32f1.a(rcc.o)
                0x08002fec                rcc_set_hpre
 .text.rcc_set_usbpre
                0x08003000       0x18 /home/dima/stm32/libopencm3/lib/libopencm3_stm32f1.a(rcc.o)
                0x08003000                rcc_set_usbpre
 .text.rcc_set_prediv1
                0x08003018       0x14 /home/dima/stm32/libopencm3/lib/libopencm3_stm32f1.a(rcc.o)
                0x08003018                rcc_set_prediv1
 .text.rcc_set_prediv2
                0x0800302c       0x14 /home/dima/stm32/libopencm3/lib/libopencm3_stm32f1.a(rcc.o)
                0x0800302c                rcc_set_prediv2
 .text.rcc_set_prediv1_source
                0x08003040       0x18 /home/dima/stm32/libopencm3/lib/libopencm3_stm32f1.a(rcc.o)
                0x08003040                rcc_set_prediv1_source
 .text.rcc_clock_setup_pll
                0x08003058       0xbc /home/dima/stm32/libopencm3/lib/libopencm3_stm32f1.a(rcc.o)
                0x08003058                rcc_clock_setup_pll
 .text.rcc_periph_clock_enable
                0x08003114       0x1a /home/dima/stm32/libopencm3/lib/libopencm3_stm32f1.a(rcc_common_all.o)
                0x08003114                rcc_periph_clock_enable
 .text.rcc_periph_reset_pulse
                0x0800312e       0x22 /home/dima/stm32/libopencm3/lib/libopencm3_stm32f1.a(rcc_common_all.o)
                0x0800312e                rcc_periph_reset_pulse
 .text.usbd_init
                0x08003150       0x54 /home/dima/stm32/libopencm3/lib/libopencm3_stm32f1.a(usb.o)
                0x08003150                usbd_init
 .text.usbd_poll
                0x080031a4        0x8 /home/dima/stm32/libopencm3/lib/libopencm3_stm32f1.a(usb.o)
                0x080031a4                usbd_poll
 .text.usbd_ep_setup
                0x080031ac        0xe /home/dima/stm32/libopencm3/lib/libopencm3_stm32f1.a(usb.o)
                0x080031ac                usbd_ep_setup
 .text._usbd_reset
                0x080031ba       0x32 /home/dima/stm32/libopencm3/lib/libopencm3_stm32f1.a(usb.o)
                0x080031ba                _usbd_reset
 .text.usbd_ep_write_packet
                0x080031ec        0xe /home/dima/stm32/libopencm3/lib/libopencm3_stm32f1.a(usb.o)
                0x080031ec                usbd_ep_write_packet
 .text.usbd_ep_read_packet
                0x080031fa        0xe /home/dima/stm32/libopencm3/lib/libopencm3_stm32f1.a(usb.o)
                0x080031fa                usbd_ep_read_packet
 .text.usbd_ep_stall_set
                0x08003208        0x8 /home/dima/stm32/libopencm3/lib/libopencm3_stm32f1.a(usb.o)
                0x08003208                usbd_ep_stall_set
 .text.usbd_ep_stall_get
                0x08003210        0x8 /home/dima/stm32/libopencm3/lib/libopencm3_stm32f1.a(usb.o)
                0x08003210                usbd_ep_stall_get
 .text.usbd_ep_nak_set
                0x08003218        0x8 /home/dima/stm32/libopencm3/lib/libopencm3_stm32f1.a(usb.o)
                0x08003218                usbd_ep_nak_set
 .text.usb_control_send_chunk
                0x08003220       0x4e /home/dima/stm32/libopencm3/lib/libopencm3_stm32f1.a(usb_control.o)
 .text.usb_control_request_dispatch
                0x0800326e       0x62 /home/dima/stm32/libopencm3/lib/libopencm3_stm32f1.a(usb_control.o)
 .text.stall_transaction
                0x080032d0       0x14 /home/dima/stm32/libopencm3/lib/libopencm3_stm32f1.a(usb_control.o)
 .text.usb_control_recv_chunk
                0x080032e4       0x3c /home/dima/stm32/libopencm3/lib/libopencm3_stm32f1.a(usb_control.o)
 .text.usb_control_setup_read
                0x08003320       0x66 /home/dima/stm32/libopencm3/lib/libopencm3_stm32f1.a(usb_control.o)
 .text.usbd_register_control_callback
                0x08003386       0x2c /home/dima/stm32/libopencm3/lib/libopencm3_stm32f1.a(usb_control.o)
                0x08003386                usbd_register_control_callback
 .text._usbd_control_setup
                0x080033b2       0x60 /home/dima/stm32/libopencm3/lib/libopencm3_stm32f1.a(usb_control.o)
                0x080033b2                _usbd_control_setup
 .text._usbd_control_out
                0x08003412       0x82 /home/dima/stm32/libopencm3/lib/libopencm3_stm32f1.a(usb_control.o)
                0x08003412                _usbd_control_out
 .text._usbd_control_in
                0x08003494       0x64 /home/dima/stm32/libopencm3/lib/libopencm3_stm32f1.a(usb_control.o)
                0x08003494                _usbd_control_in
 .text.usb_standard_set_address
                0x080034f8       0x28 /home/dima/stm32/libopencm3/lib/libopencm3_stm32f1.a(usb_standard.o)
 .text.usb_standard_set_configuration
                0x08003520       0x92 /home/dima/stm32/libopencm3/lib/libopencm3_stm32f1.a(usb_standard.o)
 .text.usb_standard_get_configuration
                0x080035b2       0x22 /home/dima/stm32/libopencm3/lib/libopencm3_stm32f1.a(usb_standard.o)
 .text.usb_standard_set_interface
                0x080035d4       0x50 /home/dima/stm32/libopencm3/lib/libopencm3_stm32f1.a(usb_standard.o)
 .text.usb_standard_get_interface
                0x08003624       0x34 /home/dima/stm32/libopencm3/lib/libopencm3_stm32f1.a(usb_standard.o)
 .text.usb_standard_device_get_status
                0x08003658       0x18 /home/dima/stm32/libopencm3/lib/libopencm3_stm32f1.a(usb_standard.o)
 .text.usb_standard_endpoint_get_status
                0x08003670       0x2a /home/dima/stm32/libopencm3/lib/libopencm3_stm32f1.a(usb_standard.o)
 .text.usb_standard_endpoint_stall
                0x0800369a       0x10 /home/dima/stm32/libopencm3/lib/libopencm3_stm32f1.a(usb_standard.o)
 .text.usb_standard_endpoint_unstall
                0x080036aa       0x10 /home/dima/stm32/libopencm3/lib/libopencm3_stm32f1.a(usb_standard.o)
 .text.usb_standard_get_descriptor
                0x080036ba      0x2ac /home/dima/stm32/libopencm3/lib/libopencm3_stm32f1.a(usb_standard.o)
 .text.usb_standard_interface_get_status
                0x08003966       0x18 /home/dima/stm32/libopencm3/lib/libopencm3_stm32f1.a(usb_standard.o)
 .text.usbd_register_set_config_callback
                0x0800397e       0x28 /home/dima/stm32/libopencm3/lib/libopencm3_stm32f1.a(usb_standard.o)
                0x0800397e                usbd_register_set_config_callback
 *fill*         0x080039a6        0x2 
 .text._usbd_standard_request_device
                0x080039a8       0x48 /home/dima/stm32/libopencm3/lib/libopencm3_stm32f1.a(usb_standard.o)
                0x080039a8                _usbd_standard_request_device
 .text._usbd_standard_request_interface
                0x080039f0       0x30 /home/dima/stm32/libopencm3/lib/libopencm3_stm32f1.a(usb_standard.o)
                0x080039f0                _usbd_standard_request_interface
 .text._usbd_standard_request_endpoint
                0x08003a20       0x3c /home/dima/stm32/libopencm3/lib/libopencm3_stm32f1.a(usb_standard.o)
                0x08003a20                _usbd_standard_request_endpoint
 .text._usbd_standard_request
                0x08003a5c       0x30 /home/dima/stm32/libopencm3/lib/libopencm3_stm32f1.a(usb_standard.o)
                0x08003a5c                _usbd_standard_request
 .text.st_usbfs_v1_usbd_init
                0x08003a8c       0x30 /home/dima/stm32/libopencm3/lib/libopencm3_stm32f1.a(st_usbfs_v1.o)
 .text.st_usbfs_copy_to_pm
                0x08003abc       0x18 /home/dima/stm32/libopencm3/lib/libopencm3_stm32f1.a(st_usbfs_v1.o)
                0x08003abc                st_usbfs_copy_to_pm
 .text.st_usbfs_copy_from_pm
                0x08003ad4       0x2a /home/dima/stm32/libopencm3/lib/libopencm3_stm32f1.a(st_usbfs_v1.o)
                0x08003ad4                st_usbfs_copy_from_pm
 .text.blocking_handler
                0x08003afe        0x2 /home/dima/stm32/libopencm3/lib/libopencm3_stm32f1.a(vector.o)
                0x08003afe                usart3_isr
                0x08003afe                rtc_isr
                0x08003afe                tim7_isr
                0x08003afe                adc1_2_isr
                0x08003afe                tim1_trg_com_isr
                0x08003afe                usb_hp_can_tx_isr
                0x08003afe                tim6_isr
                0x08003afe                usb_wakeup_isr
                0x08003afe                blocking_handler
                0x08003afe                tim5_isr
                0x08003afe                otg_fs_isr
                0x08003afe                spi1_isr
                0x08003afe                exti2_isr
                0x08003afe                dma1_channel6_isr
                0x08003afe                can_rx1_isr
                0x08003afe                dma1_channel5_isr
                0x08003afe                dma2_channel5_isr
                0x08003afe                usart1_isr
                0x08003afe                usage_fault_handler
                0x08003afe                tim8_trg_com_isr
                0x08003afe                can2_rx0_isr
                0x08003afe                tim1_brk_isr
                0x08003afe                can2_rx1_isr
                0x08003afe                tim1_cc_isr
                0x08003afe                sdio_isr
                0x08003afe                eth_isr
                0x08003afe                dma1_channel4_isr
                0x08003afe                tim8_brk_isr
                0x08003afe                dma2_channel4_5_isr
                0x08003afe                pvd_isr
                0x08003afe                rcc_isr
                0x08003afe                flash_isr
                0x08003afe                uart4_isr
                0x08003afe                rtc_alarm_isr
                0x08003afe                hard_fault_handler
                0x08003afe                exti1_isr
                0x08003afe                i2c1_ev_isr
                0x08003afe                dma2_channel1_isr
                0x08003afe                spi2_isr
                0x08003afe                tim8_up_isr
                0x08003afe                dma2_channel2_isr
                0x08003afe                exti3_isr
                0x08003afe                adc3_isr
                0x08003afe                tim3_isr
                0x08003afe                usart2_isr
                0x08003afe                usb_lp_can_rx0_isr
                0x08003afe                i2c2_er_isr
                0x08003afe                i2c2_ev_isr
                0x08003afe                uart5_isr
                0x08003afe                fsmc_isr
                0x08003afe                dma1_channel1_isr
                0x08003afe                exti4_isr
                0x08003afe                mem_manage_handler
                0x08003afe                can2_tx_isr
                0x08003afe                exti9_5_isr
                0x08003afe                dma2_channel3_isr
                0x08003afe                dma1_channel7_isr
                0x08003afe                tim1_up_isr
                0x08003afe                can2_sce_isr
                0x08003afe                tim4_isr
                0x08003afe                dma1_channel2_isr
                0x08003afe                i2c1_er_isr
                0x08003afe                can_sce_isr
                0x08003afe                tim8_cc_isr
                0x08003afe                tamper_isr
                0x08003afe                eth_wkup_isr
                0x08003afe                bus_fault_handler
                0x08003afe                wwdg_isr
                0x08003afe                dma1_channel3_isr
                0x08003afe                spi3_isr
                0x08003afe                tim2_isr
                0x08003afe                exti0_isr
 .text.null_handler
                0x08003b00        0x2 /home/dima/stm32/libopencm3/lib/libopencm3_stm32f1.a(vector.o)
                0x08003b00                null_handler
                0x08003b00                debug_monitor_handler
                0x08003b00                nmi_handler
 *fill*         0x08003b02        0x2 
 .text.reset_handler
                0x08003b04       0x94 /home/dima/stm32/libopencm3/lib/libopencm3_stm32f1.a(vector.o)
                0x08003b04                reset_handler
 .text.nvic_enable_irq
                0x08003b98       0x18 /home/dima/stm32/libopencm3/lib/libopencm3_stm32f1.a(nvic.o)
                0x08003b98                nvic_enable_irq
 .text.flash_set_ws
                0x08003bb0       0x14 /home/dima/stm32/libopencm3/lib/libopencm3_stm32f1.a(flash_common_all.o)
                0x08003bb0                flash_set_ws
 .text.st_usbfs_set_address
                0x08003bc4       0x10 /home/dima/stm32/libopencm3/lib/libopencm3_stm32f1.a(st_usbfs_core.o)
                0x08003bc4                st_usbfs_set_address
 .text.st_usbfs_set_ep_rx_bufsize
                0x08003bd4       0x44 /home/dima/stm32/libopencm3/lib/libopencm3_stm32f1.a(st_usbfs_core.o)
                0x08003bd4                st_usbfs_set_ep_rx_bufsize
 .text.st_usbfs_ep_setup
                0x08003c18      0x128 /home/dima/stm32/libopencm3/lib/libopencm3_stm32f1.a(st_usbfs_core.o)
                0x08003c18                st_usbfs_ep_setup
 .text.st_usbfs_endpoints_reset
                0x08003d40       0x44 /home/dima/stm32/libopencm3/lib/libopencm3_stm32f1.a(st_usbfs_core.o)
                0x08003d40                st_usbfs_endpoints_reset
 .text.st_usbfs_ep_stall_set
                0x08003d84       0xbc /home/dima/stm32/libopencm3/lib/libopencm3_stm32f1.a(st_usbfs_core.o)
                0x08003d84                st_usbfs_ep_stall_set
 .text.st_usbfs_ep_stall_get
                0x08003e40       0x38 /home/dima/stm32/libopencm3/lib/libopencm3_stm32f1.a(st_usbfs_core.o)
                0x08003e40                st_usbfs_ep_stall_get
 .text.st_usbfs_ep_nak_set
                0x08003e78       0x3c /home/dima/stm32/libopencm3/lib/libopencm3_stm32f1.a(st_usbfs_core.o)
                0x08003e78                st_usbfs_ep_nak_set
 .text.st_usbfs_ep_write_packet
                0x08003eb4       0x88 /home/dima/stm32/libopencm3/lib/libopencm3_stm32f1.a(st_usbfs_core.o)
                0x08003eb4                st_usbfs_ep_write_packet
 .text.st_usbfs_ep_read_packet
                0x08003f3c       0xb4 /home/dima/stm32/libopencm3/lib/libopencm3_stm32f1.a(st_usbfs_core.o)
                0x08003f3c                st_usbfs_ep_read_packet
 .text.st_usbfs_poll
                0x08003ff0       0xf0 /home/dima/stm32/libopencm3/lib/libopencm3_stm32f1.a(st_usbfs_core.o)
                0x08003ff0                st_usbfs_poll
 .text.strlen   0x080040e0       0x5c /opt/gcc-arm/bin/../lib/gcc/arm-none-eabi/14.2.1/../../../../arm-none-eabi/lib/thumb/v7-m/nofp/libc.a(libc_a-strlen-stub.o)
                0x080040e0                strlen
                0x0800413c                        . = ALIGN (0x4)
 *(.rodata*)
 .rodata.task1.str1.1
                0x0800413c      0x1bf main.o
                                0x137 (size before relaxing)
 .rodata.main.str1.1
                0x080042fb        0x6 main.o
 .rodata.i2c_error.str1.1
                0x080042fb       0x13 i2c.o
 .rodata.str1.1
                0x080042fb       0x3a i2c.o
 *fill*         0x080042fb        0x1 
 .rodata.i2c_msg
                0x080042fc       0x14 i2c.o
 .rodata.vTaskStartScheduler.str1.1
                0x08004310        0x5 rtos/tasks.o
 .rodata.usb_start.str1.1
                0x08004310        0x4 /home/dima/stm32//rtos/libwwg/libwwg.a(usbcdc.o)
 .rodata.cr.0   0x08004310        0x1 /home/dima/stm32//rtos/libwwg/libwwg.a(usbcdc.o)
 .rodata.str1.1
                0x08004311       0x29 /home/dima/stm32//rtos/libwwg/libwwg.a(usbcdc.o)
 .rodata.config
                0x08004311        0xd /home/dima/stm32//rtos/libwwg/libwwg.a(usbcdc.o)
 *fill*         0x0800431e        0x2 
 .rodata.ifaces
                0x08004320       0x20 /home/dima/stm32//rtos/libwwg/libwwg.a(usbcdc.o)
 .rodata.data_iface
                0x08004340       0x15 /home/dima/stm32//rtos/libwwg/libwwg.a(usbcdc.o)
 .rodata.comm_iface
                0x08004355       0x15 /home/dima/stm32//rtos/libwwg/libwwg.a(usbcdc.o)
 .rodata.cdcacm_functional_descriptors
                0x0800436a       0x13 /home/dima/stm32//rtos/libwwg/libwwg.a(usbcdc.o)
 .rodata.data_endp
                0x0800437d       0x1e /home/dima/stm32//rtos/libwwg/libwwg.a(usbcdc.o)
 .rodata.comm_endp
                0x0800439b        0xf /home/dima/stm32//rtos/libwwg/libwwg.a(usbcdc.o)
 .rodata.dev    0x080043aa       0x12 /home/dima/stm32//rtos/libwwg/libwwg.a(usbcdc.o)
 .rodata.internal_vprintf.str1.1
                0x080043bc        0x3 /home/dima/stm32//rtos/libwwg/libwwg.a(miniprintf.o)
 .rodata.rcc_hse_configs
                0x080043bc       0x8c /home/dima/stm32/libopencm3/lib/libopencm3_stm32f1.a(rcc.o)
                0x080043bc                rcc_hse_configs
 .rodata.st_usbfs_v1_usb_driver
                0x08004448       0x34 /home/dima/stm32/libopencm3/lib/libopencm3_stm32f1.a(st_usbfs_v1.o)
                0x08004448                st_usbfs_v1_usb_driver
                0x0800447c                        . = ALIGN (0x4)

.glue_7         0x0800447c        0x0
 .glue_7        0x0800447c        0x0 linker stubs

.glue_7t        0x0800447c        0x0
 .glue_7t       0x0800447c        0x0 linker stubs

.vfp11_veneer   0x0800447c        0x0
 .vfp11_veneer  0x0800447c        0x0 linker stubs

.v4_bx          0x0800447c        0x0
 .v4_bx         0x0800447c        0x0 linker stubs

.iplt           0x0800447c        0x0
 .iplt          0x0800447c        0x0 main.o

.preinit_array  0x0800447c        0x0
                0x0800447c                        . = ALIGN (0x4)
                0x0800447c                        __preinit_array_start = .
 *(.preinit_array)
                0x0800447c                        __preinit_array_end = .

.init_array     0x0800447c        0x0
                0x0800447c                        . = ALIGN (0x4)
                0x0800447c                        __init_array_start = .
 *(SORT_BY_NAME(.init_array.*))
 *(.init_array)
                0x0800447c                        __init_array_end = .

.fini_array     0x0800447c        0x0
                0x0800447c                        . = ALIGN (0x4)
                0x0800447c                        __fini_array_start = .
 *(.fini_array)
 *(SORT_BY_NAME(.fini_array.*))
                0x0800447c                        __fini_array_end = .

.ARM.extab      0x0800447c        0xc
 *(.ARM.extab*)
 .ARM.extab.text.__gnu_Unwind_Resume_or_Rethrow
                0x0800447c        0xc /opt/gcc-arm/bin/../lib/gcc/arm-none-eabi/14.2.1/thumb/v7-m/nofp/libgcc.a(unwind-arm.o)

.ARM.exidx      0x08004488       0x98
                0x08004488                        __exidx_start = .
 *(.ARM.exidx*)
 .ARM.exidx     0x08004488        0x8 /opt/gcc-arm/bin/../lib/gcc/arm-none-eabi/14.2.1/../../../../arm-none-eabi/lib/thumb/v7-m/nofp/libc.a(libc_a-setjmp.o)
                                 0x10 (size before relaxing)
 .ARM.exidx     0x08004490        0x8 /opt/gcc-arm/bin/../lib/gcc/arm-none-eabi/14.2.1/../../../../arm-none-eabi/lib/thumb/v7-m/nofp/libc.a(libc_a-memcpy.o)
 .ARM.exidx.text.selfrel_offset31
                0x08004498        0x0 /opt/gcc-arm/bin/../lib/gcc/arm-none-eabi/14.2.1/thumb/v7-m/nofp/libgcc.a(unwind-arm.o)
                                  0x8 (size before relaxing)
 .ARM.exidx.text.search_EIT_table
                0x08004498        0x0 /opt/gcc-arm/bin/../lib/gcc/arm-none-eabi/14.2.1/thumb/v7-m/nofp/libgcc.a(unwind-arm.o)
                                  0x8 (size before relaxing)
 .ARM.exidx.text.__gnu_unwind_get_pr_addr
                0x08004498        0x0 /opt/gcc-arm/bin/../lib/gcc/arm-none-eabi/14.2.1/thumb/v7-m/nofp/libgcc.a(unwind-arm.o)
                                  0x8 (size before relaxing)
 .ARM.exidx.text.get_eit_entry
                0x08004498        0x8 /opt/gcc-arm/bin/../lib/gcc/arm-none-eabi/14.2.1/thumb/v7-m/nofp/libgcc.a(unwind-arm.o)
 .ARM.exidx.text.restore_non_core_regs
                0x080044a0        0x8 /opt/gcc-arm/bin/../lib/gcc/arm-none-eabi/14.2.1/thumb/v7-m/nofp/libgcc.a(unwind-arm.o)
 .ARM.exidx.text._Unwind_decode_typeinfo_ptr.constprop.0
                0x080044a8        0x8 /opt/gcc-arm/bin/../lib/gcc/arm-none-eabi/14.2.1/thumb/v7-m/nofp/libgcc.a(unwind-arm.o)
 .ARM.exidx.text._Unwind_DebugHook
                0x080044b0        0x0 /opt/gcc-arm/bin/../lib/gcc/arm-none-eabi/14.2.1/thumb/v7-m/nofp/libgcc.a(unwind-arm.o)
                                  0x8 (size before relaxing)
 .ARM.exidx.text.unwind_phase2
                0x080044b0        0x8 /opt/gcc-arm/bin/../lib/gcc/arm-none-eabi/14.2.1/thumb/v7-m/nofp/libgcc.a(unwind-arm.o)
 .ARM.exidx.text.unwind_phase2_forced
                0x080044b8        0x8 /opt/gcc-arm/bin/../lib/gcc/arm-none-eabi/14.2.1/thumb/v7-m/nofp/libgcc.a(unwind-arm.o)
 .ARM.exidx.text.__gnu_Unwind_RaiseException
                0x080044c0        0x8 /opt/gcc-arm/bin/../lib/gcc/arm-none-eabi/14.2.1/thumb/v7-m/nofp/libgcc.a(unwind-arm.o)
 .ARM.exidx.text.__gnu_Unwind_ForcedUnwind
                0x080044c8        0x8 /opt/gcc-arm/bin/../lib/gcc/arm-none-eabi/14.2.1/thumb/v7-m/nofp/libgcc.a(unwind-arm.o)
 .ARM.exidx.text.__gnu_Unwind_Resume
                0x080044d0        0x8 /opt/gcc-arm/bin/../lib/gcc/arm-none-eabi/14.2.1/thumb/v7-m/nofp/libgcc.a(unwind-arm.o)
 .ARM.exidx.text.__gnu_Unwind_Resume_or_Rethrow
                0x080044d8        0x8 /opt/gcc-arm/bin/../lib/gcc/arm-none-eabi/14.2.1/thumb/v7-m/nofp/libgcc.a(unwind-arm.o)
 .ARM.exidx.text._Unwind_VRS_Get
                0x080044e0        0x8 /opt/gcc-arm/bin/../lib/gcc/arm-none-eabi/14.2.1/thumb/v7-m/nofp/libgcc.a(unwind-arm.o)
 .ARM.exidx.text._Unwind_GetGR
                0x080044e8        0x0 /opt/gcc-arm/bin/../lib/gcc/arm-none-eabi/14.2.1/thumb/v7-m/nofp/libgcc.a(unwind-arm.o)
                                  0x8 (size before relaxing)
 .ARM.exidx.text._Unwind_VRS_Set
                0x080044e8        0x0 /opt/gcc-arm/bin/../lib/gcc/arm-none-eabi/14.2.1/thumb/v7-m/nofp/libgcc.a(unwind-arm.o)
                                  0x8 (size before relaxing)
 .ARM.exidx.text._Unwind_SetGR
                0x080044e8        0x0 /opt/gcc-arm/bin/../lib/gcc/arm-none-eabi/14.2.1/thumb/v7-m/nofp/libgcc.a(unwind-arm.o)
                                  0x8 (size before relaxing)
 .ARM.exidx.text.__gnu_Unwind_Backtrace
                0x080044e8        0x8 /opt/gcc-arm/bin/../lib/gcc/arm-none-eabi/14.2.1/thumb/v7-m/nofp/libgcc.a(unwind-arm.o)
 .ARM.exidx.text.__gnu_unwind_pr_common
                0x080044f0        0x8 /opt/gcc-arm/bin/../lib/gcc/arm-none-eabi/14.2.1/thumb/v7-m/nofp/libgcc.a(unwind-arm.o)
 .ARM.exidx.text.__aeabi_unwind_cpp_pr0
                0x080044f8        0x8 /opt/gcc-arm/bin/../lib/gcc/arm-none-eabi/14.2.1/thumb/v7-m/nofp/libgcc.a(unwind-arm.o)
 .ARM.exidx.text.__aeabi_unwind_cpp_pr1
                0x08004500        0x0 /opt/gcc-arm/bin/../lib/gcc/arm-none-eabi/14.2.1/thumb/v7-m/nofp/libgcc.a(unwind-arm.o)
                                  0x8 (size before relaxing)
 .ARM.exidx.text.__aeabi_unwind_cpp_pr2
                0x08004500        0x0 /opt/gcc-arm/bin/../lib/gcc/arm-none-eabi/14.2.1/thumb/v7-m/nofp/libgcc.a(unwind-arm.o)
                                  0x8 (size before relaxing)
 .ARM.exidx.text._Unwind_VRS_Pop
                0x08004500       0x10 /opt/gcc-arm/bin/../lib/gcc/arm-none-eabi/14.2.1/thumb/v7-m/nofp/libgcc.a(unwind-arm.o)
                                  0x8 (size before relaxing)
 .ARM.exidx.text.next_unwind_byte
                0x08004510        0x0 /opt/gcc-arm/bin/../lib/gcc/arm-none-eabi/14.2.1/thumb/v7-m/nofp/libgcc.a(pr-support.o)
                                  0x8 (size before relaxing)
 .ARM.exidx.text.__gnu_unwind_execute
                0x08004510       0x10 /opt/gcc-arm/bin/../lib/gcc/arm-none-eabi/14.2.1/thumb/v7-m/nofp/libgcc.a(pr-support.o)
                                  0x8 (size before relaxing)
                0x08004520                        __exidx_end = .

.rel.dyn        0x08004520        0x0
 .rel.iplt      0x08004520        0x0 main.o
                0x08004520                        . = ALIGN (0x4)
                0x08004520                        _etext = .

.data           0x20000000      0x160 load address 0x08004520
                0x20000000                        _data = .
 *(.data*)
 .data.uxCriticalNesting
                0x20000000        0x4 rtos/port.o
 .data._impure_ptr
                0x20000004        0x4 /opt/gcc-arm/bin/../lib/gcc/arm-none-eabi/14.2.1/../../../../arm-none-eabi/lib/thumb/v7-m/nofp/libc.a(libc_a-impure.o)
                0x20000004                _impure_ptr
 .data._impure_data
                0x20000008      0x140 /opt/gcc-arm/bin/../lib/gcc/arm-none-eabi/14.2.1/../../../../arm-none-eabi/lib/thumb/v7-m/nofp/libc.a(libc_a-impure.o)
                0x20000008                _impure_data
 .data.usb_strings
                0x20000148        0xc /home/dima/stm32//rtos/libwwg/libwwg.a(usbcdc.o)
 .data.rcc_ahb_frequency
                0x20000154        0x4 /home/dima/stm32/libopencm3/lib/libopencm3_stm32f1.a(rcc.o)
                0x20000154                rcc_ahb_frequency
 .data.rcc_apb2_frequency
                0x20000158        0x4 /home/dima/stm32/libopencm3/lib/libopencm3_stm32f1.a(rcc.o)
                0x20000158                rcc_apb2_frequency
 .data.rcc_apb1_frequency
                0x2000015c        0x4 /home/dima/stm32/libopencm3/lib/libopencm3_stm32f1.a(rcc.o)
                0x2000015c                rcc_apb1_frequency
                0x20000160                        . = ALIGN (0x4)
                0x20000160                        _edata = .
                0x08004520                        _data_loadaddr = LOADADDR (.data)

.igot.plt       0x20000160        0x0 load address 0x08004680
 .igot.plt      0x20000160        0x0 main.o

.bss            0x20000160     0x48a8 load address 0x08004680
 *(.bss*)
 .bss.startedf.0
                0x20000160        0x1 main.o
 *fill*         0x20000161        0x3 
 .bss.isr_count
                0x20000164        0x4 main.o
 .bss.readf     0x20000168        0x1 main.o
 *fill*         0x20000169        0x3 
 .bss.i2c       0x2000016c        0x8 main.o
 *fill*         0x20000174        0x4 
 .bss.i2c_exception
                0x20000178       0xa0 i2c.o
                0x20000178                i2c_exception
 .bss.xBlockAllocatedBit
                0x20000218        0x4 rtos/heap_4.o
 .bss.xMinimumEverFreeBytesRemaining
                0x2000021c        0x4 rtos/heap_4.o
 .bss.xFreeBytesRemaining
                0x20000220        0x4 rtos/heap_4.o
 .bss.pxEnd     0x20000224        0x4 rtos/heap_4.o
 .bss.xStart    0x20000228        0x8 rtos/heap_4.o
 .bss.ucHeap    0x20000230     0x4400 rtos/heap_4.o
 .bss.uxSchedulerSuspended
                0x20004630        0x4 rtos/tasks.o
 .bss.xIdleTaskHandle
                0x20004634        0x4 rtos/tasks.o
 .bss.xNextTaskUnblockTime
                0x20004638        0x4 rtos/tasks.o
 .bss.uxTaskNumber
                0x2000463c        0x4 rtos/tasks.o
 .bss.xNumOfOverflows
                0x20004640        0x4 rtos/tasks.o
 .bss.xYieldPending
                0x20004644        0x4 rtos/tasks.o
 .bss.uxPendedTicks
                0x20004648        0x4 rtos/tasks.o
 .bss.xSchedulerRunning
                0x2000464c        0x4 rtos/tasks.o
 .bss.uxTopReadyPriority
                0x20004650        0x4 rtos/tasks.o
 .bss.xTickCount
                0x20004654        0x4 rtos/tasks.o
 .bss.uxCurrentNumberOfTasks
                0x20004658        0x4 rtos/tasks.o
 .bss.xSuspendedTaskList
                0x2000465c       0x14 rtos/tasks.o
 .bss.uxDeletedTasksWaitingCleanUp
                0x20004670        0x4 rtos/tasks.o
 .bss.xTasksWaitingTermination
                0x20004674       0x14 rtos/tasks.o
 .bss.xPendingReadyList
                0x20004688       0x14 rtos/tasks.o
 .bss.pxOverflowDelayedTaskList
                0x2000469c        0x4 rtos/tasks.o
 .bss.pxDelayedTaskList
                0x200046a0        0x4 rtos/tasks.o
 .bss.xDelayedTaskList2
                0x200046a4       0x14 rtos/tasks.o
 .bss.xDelayedTaskList1
                0x200046b8       0x14 rtos/tasks.o
 .bss.pxReadyTasksLists
                0x200046cc       0x64 rtos/tasks.o
 .bss.pxCurrentTCB
                0x20004730        0x4 rtos/tasks.o
                0x20004730                pxCurrentTCB
 .bss.__sf      0x20004734      0x138 /opt/gcc-arm/bin/../lib/gcc/arm-none-eabi/14.2.1/../../../../arm-none-eabi/lib/thumb/v7-m/nofp/libc.a(libc_a-findfp.o)
                0x20004734                __sf
 .bss.errno     0x2000486c        0x4 /opt/gcc-arm/bin/../lib/gcc/arm-none-eabi/14.2.1/../../../../arm-none-eabi/lib/thumb/v7-m/nofp/libc.a(libc_a-reent.o)
                0x2000486c                errno
 .bss.usbd_control_buffer
                0x20004870       0x80 /home/dima/stm32//rtos/libwwg/libwwg.a(usbcdc.o)
                0x20004870                usbd_control_buffer
 .bss.usb_rxq   0x200048f0        0x4 /home/dima/stm32//rtos/libwwg/libwwg.a(usbcdc.o)
 .bss.usb_txq   0x200048f4        0x4 /home/dima/stm32//rtos/libwwg/libwwg.a(usbcdc.o)
 .bss.initialized
                0x200048f8        0x1 /home/dima/stm32//rtos/libwwg/libwwg.a(usbcdc.o)
 *fill*         0x200048f9        0x3 
 .bss.st_usbfs_dev
                0x200048fc      0x104 /home/dima/stm32/libopencm3/lib/libopencm3_stm32f1.a(st_usbfs_core.o)
                0x200048fc                st_usbfs_dev
 .bss.st_usbfs_force_nak
                0x20004a00        0x8 /home/dima/stm32/libopencm3/lib/libopencm3_stm32f1.a(st_usbfs_core.o)
                0x20004a00                st_usbfs_force_nak
 *(COMMON)
                0x20004a08                        . = ALIGN (0x4)
                0x20004a08                        _ebss = .

/DISCARD/
 *(.eh_frame)
                0x20004a08                        . = ALIGN (0x4)
                0x20004a08                        end = .
                0x20005000                        PROVIDE (_stack = (ORIGIN (ram) + LENGTH (ram)))
OUTPUT(main.elf elf32-littlearm)
LOAD linker stubs

.debug_info     0x00000000     0xfc90
 .debug_info    0x00000000      0xceb main.o
 .debug_info    0x00000ceb      0xaf6 i2c.o
 .debug_info    0x000017e1      0x423 rtos/heap_4.o
 .debug_info    0x00001c04      0x2ae rtos/list.o
 .debug_info    0x00001eb2      0x316 rtos/port.o
 .debug_info    0x000021c8     0x1486 rtos/queue.o
 .debug_info    0x0000364e     0x2055 rtos/tasks.o
 .debug_info    0x000056a3       0xde rtos/opencm3.o
 .debug_info    0x00005781     0x14f9 /home/dima/stm32//rtos/libwwg/libwwg.a(usbcdc.o)
 .debug_info    0x00006c7a      0x901 /home/dima/stm32//rtos/libwwg/libwwg.a(miniprintf.o)
 .debug_info    0x0000757b      0x222 /home/dima/stm32/libopencm3/lib/libopencm3_stm32f1.a(exti_common_all.o)
 .debug_info    0x0000779d      0x1fd /home/dima/stm32/libopencm3/lib/libopencm3_stm32f1.a(gpio.o)
 .debug_info    0x0000799a      0x256 /home/dima/stm32/libopencm3/lib/libopencm3_stm32f1.a(gpio_common_all.o)
 .debug_info    0x00007bf0      0x9fb /home/dima/stm32/libopencm3/lib/libopencm3_stm32f1.a(i2c_common_v1.o)
 .debug_info    0x000085eb     0x14d0 /home/dima/stm32/libopencm3/lib/libopencm3_stm32f1.a(rcc.o)
 .debug_info    0x00009abb      0x60d /home/dima/stm32/libopencm3/lib/libopencm3_stm32f1.a(rcc_common_all.o)
 .debug_info    0x0000a0c8     0x1036 /home/dima/stm32/libopencm3/lib/libopencm3_stm32f1.a(usb.o)
 .debug_info    0x0000b0fe     0x10ac /home/dima/stm32/libopencm3/lib/libopencm3_stm32f1.a(usb_control.o)
 .debug_info    0x0000c1aa     0x166a /home/dima/stm32/libopencm3/lib/libopencm3_stm32f1.a(usb_standard.o)
 .debug_info    0x0000d814      0xe42 /home/dima/stm32/libopencm3/lib/libopencm3_stm32f1.a(st_usbfs_v1.o)
 .debug_info    0x0000e656      0x2c4 /home/dima/stm32/libopencm3/lib/libopencm3_stm32f1.a(vector.o)
 .debug_info    0x0000e91a      0x239 /home/dima/stm32/libopencm3/lib/libopencm3_stm32f1.a(nvic.o)
 .debug_info    0x0000eb53       0xf1 /home/dima/stm32/libopencm3/lib/libopencm3_stm32f1.a(flash_common_all.o)
 .debug_info    0x0000ec44     0x104c /home/dima/stm32/libopencm3/lib/libopencm3_stm32f1.a(st_usbfs_core.o)

.debug_abbrev   0x00000000     0x391a
 .debug_abbrev  0x00000000      0x385 main.o
 .debug_abbrev  0x00000385      0x2d8 i2c.o
 .debug_abbrev  0x0000065d      0x243 rtos/heap_4.o
 .debug_abbrev  0x000008a0      0x103 rtos/list.o
 .debug_abbrev  0x000009a3      0x220 rtos/port.o
 .debug_abbrev  0x00000bc3      0x34d rtos/queue.o
 .debug_abbrev  0x00000f10      0x489 rtos/tasks.o
 .debug_abbrev  0x00001399       0x81 rtos/opencm3.o
 .debug_abbrev  0x0000141a      0x3e3 /home/dima/stm32//rtos/libwwg/libwwg.a(usbcdc.o)
 .debug_abbrev  0x000017fd      0x3a9 /home/dima/stm32//rtos/libwwg/libwwg.a(miniprintf.o)
 .debug_abbrev  0x00001ba6      0x103 /home/dima/stm32/libopencm3/lib/libopencm3_stm32f1.a(exti_common_all.o)
 .debug_abbrev  0x00001ca9       0xd3 /home/dima/stm32/libopencm3/lib/libopencm3_stm32f1.a(gpio.o)
 .debug_abbrev  0x00001d7c      0x115 /home/dima/stm32/libopencm3/lib/libopencm3_stm32f1.a(gpio_common_all.o)
 .debug_abbrev  0x00001e91      0x2f1 /home/dima/stm32/libopencm3/lib/libopencm3_stm32f1.a(i2c_common_v1.o)
 .debug_abbrev  0x00002182      0x2be /home/dima/stm32/libopencm3/lib/libopencm3_stm32f1.a(rcc.o)
 .debug_abbrev  0x00002440      0x185 /home/dima/stm32/libopencm3/lib/libopencm3_stm32f1.a(rcc_common_all.o)
 .debug_abbrev  0x000025c5      0x291 /home/dima/stm32/libopencm3/lib/libopencm3_stm32f1.a(usb.o)
 .debug_abbrev  0x00002856      0x3ba /home/dima/stm32/libopencm3/lib/libopencm3_stm32f1.a(usb_control.o)
 .debug_abbrev  0x00002c10      0x4c7 /home/dima/stm32/libopencm3/lib/libopencm3_stm32f1.a(usb_standard.o)
 .debug_abbrev  0x000030d7      0x294 /home/dima/stm32/libopencm3/lib/libopencm3_stm32f1.a(st_usbfs_v1.o)
 .debug_abbrev  0x0000336b      0x149 /home/dima/stm32/libopencm3/lib/libopencm3_stm32f1.a(vector.o)
 .debug_abbrev  0x000034b4       0xb6 /home/dima/stm32/libopencm3/lib/libopencm3_stm32f1.a(nvic.o)
 .debug_abbrev  0x0000356a       0x96 /home/dima/stm32/libopencm3/lib/libopencm3_stm32f1.a(flash_common_all.o)
 .debug_abbrev  0x00003600      0x31a /home/dima/stm32/libopencm3/lib/libopencm3_stm32f1.a(st_usbfs_core.o)

.debug_loclists
                0x00000000     0x5508
 .debug_loclists
                0x00000000       0x6c main.o
 .debug_loclists
                0x0000006c      0x367 i2c.o
 .debug_loclists
                0x000003d3      0x2df rtos/heap_4.o
 .debug_loclists
                0x000006b2       0x77 rtos/list.o
 .debug_loclists
                0x00000729       0x82 rtos/port.o
 .debug_loclists
                0x000007ab      0x9c3 rtos/queue.o
 .debug_loclists
                0x0000116e      0xf80 rtos/tasks.o
 .debug_loclists
                0x000020ee      0x386 /home/dima/stm32//rtos/libwwg/libwwg.a(usbcdc.o)
 .debug_loclists
                0x00002474      0x689 /home/dima/stm32//rtos/libwwg/libwwg.a(miniprintf.o)
 .debug_loclists
                0x00002afd       0xa0 /home/dima/stm32/libopencm3/lib/libopencm3_stm32f1.a(exti_common_all.o)
 .debug_loclists
                0x00002b9d      0x100 /home/dima/stm32/libopencm3/lib/libopencm3_stm32f1.a(gpio.o)
 .debug_loclists
                0x00002c9d       0x96 /home/dima/stm32/libopencm3/lib/libopencm3_stm32f1.a(gpio_common_all.o)
 .debug_loclists
                0x00002d33      0x348 /home/dima/stm32/libopencm3/lib/libopencm3_stm32f1.a(i2c_common_v1.o)
 .debug_loclists
                0x0000307b      0x2cb /home/dima/stm32/libopencm3/lib/libopencm3_stm32f1.a(rcc.o)
 .debug_loclists
                0x00003346       0x87 /home/dima/stm32/libopencm3/lib/libopencm3_stm32f1.a(rcc_common_all.o)
 .debug_loclists
                0x000033cd      0x3d2 /home/dima/stm32/libopencm3/lib/libopencm3_stm32f1.a(usb.o)
 .debug_loclists
                0x0000379f      0x5df /home/dima/stm32/libopencm3/lib/libopencm3_stm32f1.a(usb_control.o)
 .debug_loclists
                0x00003d7e      0xe0a /home/dima/stm32/libopencm3/lib/libopencm3_stm32f1.a(usb_standard.o)
 .debug_loclists
                0x00004b88      0x13d /home/dima/stm32/libopencm3/lib/libopencm3_stm32f1.a(st_usbfs_v1.o)
 .debug_loclists
                0x00004cc5       0xa8 /home/dima/stm32/libopencm3/lib/libopencm3_stm32f1.a(vector.o)
 .debug_loclists
                0x00004d6d      0x111 /home/dima/stm32/libopencm3/lib/libopencm3_stm32f1.a(nvic.o)
 .debug_loclists
                0x00004e7e       0x17 /home/dima/stm32/libopencm3/lib/libopencm3_stm32f1.a(flash_common_all.o)
 .debug_loclists
                0x00004e95      0x673 /home/dima/stm32/libopencm3/lib/libopencm3_stm32f1.a(st_usbfs_core.o)

.debug_aranges  0x00000000      0xb60
 .debug_aranges
                0x00000000       0x30 main.o
 .debug_aranges
                0x00000030       0x50 i2c.o
 .debug_aranges
                0x00000080       0x48 rtos/heap_4.o
 .debug_aranges
                0x000000c8       0x40 rtos/list.o
 .debug_aranges
                0x00000108       0x70 rtos/port.o
 .debug_aranges
                0x00000178       0xa8 rtos/queue.o
 .debug_aranges
                0x00000220      0x160 rtos/tasks.o
 .debug_aranges
                0x00000380       0x30 rtos/opencm3.o
 .debug_aranges
                0x000003b0       0x98 /home/dima/stm32//rtos/libwwg/libwwg.a(usbcdc.o)
 .debug_aranges
                0x00000448       0x58 /home/dima/stm32//rtos/libwwg/libwwg.a(miniprintf.o)
 .debug_aranges
                0x000004a0       0x48 /home/dima/stm32/libopencm3/lib/libopencm3_stm32f1.a(exti_common_all.o)
 .debug_aranges
                0x000004e8       0x38 /home/dima/stm32/libopencm3/lib/libopencm3_stm32f1.a(gpio.o)
 .debug_aranges
                0x00000520       0x50 /home/dima/stm32/libopencm3/lib/libopencm3_stm32f1.a(gpio_common_all.o)
 .debug_aranges
                0x00000570      0x110 /home/dima/stm32/libopencm3/lib/libopencm3_stm32f1.a(i2c_common_v1.o)
 .debug_aranges
                0x00000680      0x170 /home/dima/stm32/libopencm3/lib/libopencm3_stm32f1.a(rcc.o)
 .debug_aranges
                0x000007f0       0x80 /home/dima/stm32/libopencm3/lib/libopencm3_stm32f1.a(rcc_common_all.o)
 .debug_aranges
                0x00000870       0x90 /home/dima/stm32/libopencm3/lib/libopencm3_stm32f1.a(usb.o)
 .debug_aranges
                0x00000900       0x60 /home/dima/stm32/libopencm3/lib/libopencm3_stm32f1.a(usb_control.o)
 .debug_aranges
                0x00000960       0xa0 /home/dima/stm32/libopencm3/lib/libopencm3_stm32f1.a(usb_standard.o)
 .debug_aranges
                0x00000a00       0x30 /home/dima/stm32/libopencm3/lib/libopencm3_stm32f1.a(st_usbfs_v1.o)
 .debug_aranges
                0x00000a30       0x30 /home/dima/stm32/libopencm3/lib/libopencm3_stm32f1.a(vector.o)
 .debug_aranges
                0x00000a60       0x60 /home/dima/stm32/libopencm3/lib/libopencm3_stm32f1.a(nvic.o)
 .debug_aranges
                0x00000ac0       0x38 /home/dima/stm32/libopencm3/lib/libopencm3_stm32f1.a(flash_common_all.o)
 .debug_aranges
                0x00000af8       0x68 /home/dima/stm32/libopencm3/lib/libopencm3_stm32f1.a(st_usbfs_core.o)

.debug_rnglists
                0x00000000      0xbc1
 .debug_rnglists
                0x00000000       0x57 main.o
 .debug_rnglists
                0x00000057       0x99 i2c.o
 .debug_rnglists
                0x000000f0       0x32 rtos/heap_4.o
 .debug_rnglists
                0x00000122       0x2b rtos/list.o
 .debug_rnglists
                0x0000014d       0x5b rtos/port.o
 .debug_rnglists
                0x000001a8      0x132 rtos/queue.o
 .debug_rnglists
                0x000002da      0x1dd rtos/tasks.o
 .debug_rnglists
                0x000004b7       0x1f rtos/opencm3.o
 .debug_rnglists
                0x000004d6       0x7b /home/dima/stm32//rtos/libwwg/libwwg.a(usbcdc.o)
 .debug_rnglists
                0x00000551       0x62 /home/dima/stm32//rtos/libwwg/libwwg.a(miniprintf.o)
 .debug_rnglists
                0x000005b3       0x3f /home/dima/stm32/libopencm3/lib/libopencm3_stm32f1.a(exti_common_all.o)
 .debug_rnglists
                0x000005f2       0x25 /home/dima/stm32/libopencm3/lib/libopencm3_stm32f1.a(gpio.o)
 .debug_rnglists
                0x00000617       0x37 /home/dima/stm32/libopencm3/lib/libopencm3_stm32f1.a(gpio_common_all.o)
 .debug_rnglists
                0x0000064e       0xe0 /home/dima/stm32/libopencm3/lib/libopencm3_stm32f1.a(i2c_common_v1.o)
 .debug_rnglists
                0x0000072e      0x160 /home/dima/stm32/libopencm3/lib/libopencm3_stm32f1.a(rcc.o)
 .debug_rnglists
                0x0000088e       0x5b /home/dima/stm32/libopencm3/lib/libopencm3_stm32f1.a(rcc_common_all.o)
 .debug_rnglists
                0x000008e9       0x67 /home/dima/stm32/libopencm3/lib/libopencm3_stm32f1.a(usb.o)
 .debug_rnglists
                0x00000950       0x6e /home/dima/stm32/libopencm3/lib/libopencm3_stm32f1.a(usb_control.o)
 .debug_rnglists
                0x000009be       0xbf /home/dima/stm32/libopencm3/lib/libopencm3_stm32f1.a(usb_standard.o)
 .debug_rnglists
                0x00000a7d       0x1f /home/dima/stm32/libopencm3/lib/libopencm3_stm32f1.a(st_usbfs_v1.o)
 .debug_rnglists
                0x00000a9c       0x20 /home/dima/stm32/libopencm3/lib/libopencm3_stm32f1.a(vector.o)
 .debug_rnglists
                0x00000abc       0x43 /home/dima/stm32/libopencm3/lib/libopencm3_stm32f1.a(nvic.o)
 .debug_rnglists
                0x00000aff       0x25 /home/dima/stm32/libopencm3/lib/libopencm3_stm32f1.a(flash_common_all.o)
 .debug_rnglists
                0x00000b24       0x9d /home/dima/stm32/libopencm3/lib/libopencm3_stm32f1.a(st_usbfs_core.o)

.debug_line     0x00000000     0x963d
 .debug_line    0x00000000      0x4eb main.o
 .debug_line    0x000004eb      0x5dd i2c.o
 .debug_line    0x00000ac8      0x43c rtos/heap_4.o
 .debug_line    0x00000f04      0x255 rtos/list.o
 .debug_line    0x00001159      0x2df rtos/port.o
 .debug_line    0x00001438      0xc5d rtos/queue.o
 .debug_line    0x00002095     0x1808 rtos/tasks.o
 .debug_line    0x0000389d       0x6b rtos/opencm3.o
 .debug_line    0x00003908      0x649 /home/dima/stm32//rtos/libwwg/libwwg.a(usbcdc.o)
 .debug_line    0x00003f51      0x50d /home/dima/stm32//rtos/libwwg/libwwg.a(miniprintf.o)
 .debug_line    0x0000445e      0x3e6 /home/dima/stm32/libopencm3/lib/libopencm3_stm32f1.a(exti_common_all.o)
 .debug_line    0x00004844      0x39c /home/dima/stm32/libopencm3/lib/libopencm3_stm32f1.a(gpio.o)
 .debug_line    0x00004be0      0x355 /home/dima/stm32/libopencm3/lib/libopencm3_stm32f1.a(gpio_common_all.o)
 .debug_line    0x00004f35      0x834 /home/dima/stm32/libopencm3/lib/libopencm3_stm32f1.a(i2c_common_v1.o)
 .debug_line    0x00005769      0xd05 /home/dima/stm32/libopencm3/lib/libopencm3_stm32f1.a(rcc.o)
 .debug_line    0x0000646e      0x3fc /home/dima/stm32/libopencm3/lib/libopencm3_stm32f1.a(rcc_common_all.o)
 .debug_line    0x0000686a      0x4e0 /home/dima/stm32/libopencm3/lib/libopencm3_stm32f1.a(usb.o)
 .debug_line    0x00006d4a      0x6ce /home/dima/stm32/libopencm3/lib/libopencm3_stm32f1.a(usb_control.o)
 .debug_line    0x00007418      0xcab /home/dima/stm32/libopencm3/lib/libopencm3_stm32f1.a(usb_standard.o)
 .debug_line    0x000080c3      0x3c1 /home/dima/stm32/libopencm3/lib/libopencm3_stm32f1.a(st_usbfs_v1.o)
 .debug_line    0x00008484      0x370 /home/dima/stm32/libopencm3/lib/libopencm3_stm32f1.a(vector.o)
 .debug_line    0x000087f4      0x37d /home/dima/stm32/libopencm3/lib/libopencm3_stm32f1.a(nvic.o)
 .debug_line    0x00008b71      0x306 /home/dima/stm32/libopencm3/lib/libopencm3_stm32f1.a(flash_common_all.o)
 .debug_line    0x00008e77      0x7c6 /home/dima/stm32/libopencm3/lib/libopencm3_stm32f1.a(st_usbfs_core.o)

.debug_str      0x00000000    0x166d7
 .debug_str     0x00000000    0x166d7 main.o
                                0x88c (size before relaxing)
 .debug_str     0x000166d7      0x717 i2c.o
 .debug_str     0x000166d7      0x35f rtos/heap_4.o
 .debug_str     0x000166d7      0x2af rtos/list.o
 .debug_str     0x000166d7      0x309 rtos/port.o
 .debug_str     0x000166d7      0x7de rtos/queue.o
 .debug_str     0x000166d7      0xdb3 rtos/tasks.o
 .debug_str     0x000166d7      0x1c7 rtos/opencm3.o
 .debug_str     0x000166d7      0xcff /home/dima/stm32//rtos/libwwg/libwwg.a(usbcdc.o)
 .debug_str     0x000166d7      0x2c0 /home/dima/stm32//rtos/libwwg/libwwg.a(miniprintf.o)
 .debug_str     0x000166d7     0x8adc /home/dima/stm32/libopencm3/lib/libopencm3_stm32f1.a(exti_common_all.o)
 .debug_str     0x000166d7     0x86b3 /home/dima/stm32/libopencm3/lib/libopencm3_stm32f1.a(gpio.o)
 .debug_str     0x000166d7     0x86a7 /home/dima/stm32/libopencm3/lib/libopencm3_stm32f1.a(gpio_common_all.o)
 .debug_str     0x000166d7     0x827d /home/dima/stm32/libopencm3/lib/libopencm3_stm32f1.a(i2c_common_v1.o)
 .debug_str     0x000166d7     0x8308 /home/dima/stm32/libopencm3/lib/libopencm3_stm32f1.a(rcc.o)
 .debug_str     0x000166d7     0x7a16 /home/dima/stm32/libopencm3/lib/libopencm3_stm32f1.a(rcc_common_all.o)
 .debug_str     0x000166d7     0x7fd8 /home/dima/stm32/libopencm3/lib/libopencm3_stm32f1.a(usb.o)
 .debug_str     0x000166d7     0x7fba /home/dima/stm32/libopencm3/lib/libopencm3_stm32f1.a(usb_control.o)
 .debug_str     0x000166d7     0x80f4 /home/dima/stm32/libopencm3/lib/libopencm3_stm32f1.a(usb_standard.o)
 .debug_str     0x000166d7     0x9c2c /home/dima/stm32/libopencm3/lib/libopencm3_stm32f1.a(st_usbfs_v1.o)
 .debug_str     0x000166d7     0x66ed /home/dima/stm32/libopencm3/lib/libopencm3_stm32f1.a(vector.o)
 .debug_str     0x000166d7     0x5ccf /home/dima/stm32/libopencm3/lib/libopencm3_stm32f1.a(nvic.o)
 .debug_str     0x000166d7     0x55ec /home/dima/stm32/libopencm3/lib/libopencm3_stm32f1.a(flash_common_all.o)
 .debug_str     0x000166d7     0x9a79 /home/dima/stm32/libopencm3/lib/libopencm3_stm32f1.a(st_usbfs_core.o)

.comment        0x00000000       0x45
 .comment       0x00000000       0x45 main.o
                                 0x46 (size before relaxing)
 .comment       0x00000045       0x46 i2c.o
 .comment       0x00000045       0x46 rtos/heap_4.o
 .comment       0x00000045       0x46 rtos/list.o
 .comment       0x00000045       0x46 rtos/port.o
 .comment       0x00000045       0x46 rtos/queue.o
 .comment       0x00000045       0x46 rtos/tasks.o
 .comment       0x00000045       0x46 rtos/opencm3.o
 .comment       0x00000045       0x46 /home/dima/stm32//rtos/libwwg/libwwg.a(usbcdc.o)
 .comment       0x00000045       0x46 /home/dima/stm32//rtos/libwwg/libwwg.a(miniprintf.o)
 .comment       0x00000045       0x46 /home/dima/stm32/libopencm3/lib/libopencm3_stm32f1.a(exti_common_all.o)
 .comment       0x00000045       0x46 /home/dima/stm32/libopencm3/lib/libopencm3_stm32f1.a(gpio.o)
 .comment       0x00000045       0x46 /home/dima/stm32/libopencm3/lib/libopencm3_stm32f1.a(gpio_common_all.o)
 .comment       0x00000045       0x46 /home/dima/stm32/libopencm3/lib/libopencm3_stm32f1.a(i2c_common_v1.o)
 .comment       0x00000045       0x46 /home/dima/stm32/libopencm3/lib/libopencm3_stm32f1.a(rcc.o)
 .comment       0x00000045       0x46 /home/dima/stm32/libopencm3/lib/libopencm3_stm32f1.a(rcc_common_all.o)
 .comment       0x00000045       0x46 /home/dima/stm32/libopencm3/lib/libopencm3_stm32f1.a(usb.o)
 .comment       0x00000045       0x46 /home/dima/stm32/libopencm3/lib/libopencm3_stm32f1.a(usb_control.o)
 .comment       0x00000045       0x46 /home/dima/stm32/libopencm3/lib/libopencm3_stm32f1.a(usb_standard.o)
 .comment       0x00000045       0x46 /home/dima/stm32/libopencm3/lib/libopencm3_stm32f1.a(st_usbfs_v1.o)
 .comment       0x00000045       0x46 /home/dima/stm32/libopencm3/lib/libopencm3_stm32f1.a(vector.o)
 .comment       0x00000045       0x46 /home/dima/stm32/libopencm3/lib/libopencm3_stm32f1.a(nvic.o)
 .comment       0x00000045       0x46 /home/dima/stm32/libopencm3/lib/libopencm3_stm32f1.a(flash_common_all.o)
 .comment       0x00000045       0x46 /home/dima/stm32/libopencm3/lib/libopencm3_stm32f1.a(st_usbfs_core.o)

.ARM.attributes
                0x00000000       0x2b
 .ARM.attributes
                0x00000000       0x2d main.o
 .ARM.attributes
                0x0000002d       0x2d i2c.o
 .ARM.attributes
                0x0000005a       0x2d rtos/heap_4.o
 .ARM.attributes
                0x00000087       0x2d rtos/list.o
 .ARM.attributes
                0x000000b4       0x2d rtos/port.o
 .ARM.attributes
                0x000000e1       0x2d rtos/queue.o
 .ARM.attributes
                0x0000010e       0x2d rtos/tasks.o
 .ARM.attributes
                0x0000013b       0x2d rtos/opencm3.o
 .ARM.attributes
                0x00000168       0x1b /opt/gcc-arm/bin/../lib/gcc/arm-none-eabi/14.2.1/../../../../arm-none-eabi/lib/thumb/v7-m/nofp/libc.a(libc_a-setjmp.o)
 .ARM.attributes
                0x00000183       0x1b /opt/gcc-arm/bin/../lib/gcc/arm-none-eabi/14.2.1/../../../../arm-none-eabi/lib/thumb/v7-m/nofp/libc.a(libc_a-memcpy.o)
 .ARM.attributes
                0x0000019e       0x2d /opt/gcc-arm/bin/../lib/gcc/arm-none-eabi/14.2.1/thumb/v7-m/nofp/libgcc.a(unwind-arm.o)
 .ARM.attributes
                0x000001cb       0x1d /opt/gcc-arm/bin/../lib/gcc/arm-none-eabi/14.2.1/thumb/v7-m/nofp/libgcc.a(libunwind.o)
 .ARM.attributes
                0x000001e8       0x2d /opt/gcc-arm/bin/../lib/gcc/arm-none-eabi/14.2.1/thumb/v7-m/nofp/libgcc.a(pr-support.o)
 .ARM.attributes
                0x00000215       0x2d /opt/gcc-arm/bin/../lib/gcc/arm-none-eabi/14.2.1/../../../../arm-none-eabi/lib/thumb/v7-m/nofp/libc.a(libc_a-abort.o)
 .ARM.attributes
                0x00000242       0x2d /opt/gcc-arm/bin/../lib/gcc/arm-none-eabi/14.2.1/../../../../arm-none-eabi/lib/thumb/v7-m/nofp/libc.a(libc_a-signal.o)
 .ARM.attributes
                0x0000026f       0x2d /opt/gcc-arm/bin/../lib/gcc/arm-none-eabi/14.2.1/../../../../arm-none-eabi/lib/thumb/v7-m/nofp/libc.a(libc_a-impure.o)
 .ARM.attributes
                0x0000029c       0x2d /opt/gcc-arm/bin/../lib/gcc/arm-none-eabi/14.2.1/../../../../arm-none-eabi/lib/thumb/v7-m/nofp/libc.a(libc_a-signalr.o)
 .ARM.attributes
                0x000002c9       0x2d /opt/gcc-arm/bin/../lib/gcc/arm-none-eabi/14.2.1/../../../../arm-none-eabi/lib/thumb/v7-m/nofp/libc.a(libc_a-findfp.o)
 .ARM.attributes
                0x000002f6       0x2d /opt/gcc-arm/bin/../lib/gcc/arm-none-eabi/14.2.1/../../../../arm-none-eabi/lib/thumb/v7-m/nofp/libc.a(libc_a-reent.o)
 .ARM.attributes
                0x00000323       0x2d /opt/gcc-arm/bin/../lib/gcc/arm-none-eabi/14.2.1/../../../../arm-none-eabi/lib/thumb/v7-m/nofp/libnosys.a(getpid.o)
 .ARM.attributes
                0x00000350       0x2d /opt/gcc-arm/bin/../lib/gcc/arm-none-eabi/14.2.1/../../../../arm-none-eabi/lib/thumb/v7-m/nofp/libnosys.a(kill.o)
 .ARM.attributes
                0x0000037d       0x2d /opt/gcc-arm/bin/../lib/gcc/arm-none-eabi/14.2.1/../../../../arm-none-eabi/lib/thumb/v7-m/nofp/libnosys.a(_exit.o)
 .ARM.attributes
                0x000003aa       0x2d /home/dima/stm32//rtos/libwwg/libwwg.a(usbcdc.o)
 .ARM.attributes
                0x000003d7       0x2d /home/dima/stm32//rtos/libwwg/libwwg.a(miniprintf.o)
 .ARM.attributes
                0x00000404       0x2d /home/dima/stm32/libopencm3/lib/libopencm3_stm32f1.a(exti_common_all.o)
 .ARM.attributes
                0x00000431       0x2d /home/dima/stm32/libopencm3/lib/libopencm3_stm32f1.a(gpio.o)
 .ARM.attributes
                0x0000045e       0x2d /home/dima/stm32/libopencm3/lib/libopencm3_stm32f1.a(gpio_common_all.o)
 .ARM.attributes
                0x0000048b       0x2d /home/dima/stm32/libopencm3/lib/libopencm3_stm32f1.a(i2c_common_v1.o)
 .ARM.attributes
                0x000004b8       0x2d /home/dima/stm32/libopencm3/lib/libopencm3_stm32f1.a(rcc.o)
 .ARM.attributes
                0x000004e5       0x2d /home/dima/stm32/libopencm3/lib/libopencm3_stm32f1.a(rcc_common_all.o)
 .ARM.attributes
                0x00000512       0x2d /home/dima/stm32/libopencm3/lib/libopencm3_stm32f1.a(usb.o)
 .ARM.attributes
                0x0000053f       0x2d /home/dima/stm32/libopencm3/lib/libopencm3_stm32f1.a(usb_control.o)
 .ARM.attributes
                0x0000056c       0x2d /home/dima/stm32/libopencm3/lib/libopencm3_stm32f1.a(usb_standard.o)
 .ARM.attributes
                0x00000599       0x2d /home/dima/stm32/libopencm3/lib/libopencm3_stm32f1.a(st_usbfs_v1.o)
 .ARM.attributes
                0x000005c6       0x2d /home/dima/stm32/libopencm3/lib/libopencm3_stm32f1.a(vector.o)
 .ARM.attributes
                0x000005f3       0x2d /home/dima/stm32/libopencm3/lib/libopencm3_stm32f1.a(nvic.o)
 .ARM.attributes
                0x00000620       0x2d /home/dima/stm32/libopencm3/lib/libopencm3_stm32f1.a(flash_common_all.o)
 .ARM.attributes
                0x0000064d       0x2d /home/dima/stm32/libopencm3/lib/libopencm3_stm32f1.a(st_usbfs_core.o)
 .ARM.attributes
                0x0000067a       0x2d /opt/gcc-arm/bin/../lib/gcc/arm-none-eabi/14.2.1/../../../../arm-none-eabi/lib/thumb/v7-m/nofp/libc.a(libc_a-strlen-stub.o)

.debug_frame    0x00000000     0x22f8
 .debug_frame   0x00000000       0x60 main.o
 .debug_frame   0x00000060       0xe0 i2c.o
 .debug_frame   0x00000140       0x98 rtos/heap_4.o
 .debug_frame   0x000001d8       0x6c rtos/list.o
 .debug_frame   0x00000244       0xd0 rtos/port.o
 .debug_frame   0x00000314      0x200 rtos/queue.o
 .debug_frame   0x00000514      0x468 rtos/tasks.o
 .debug_frame   0x0000097c       0x40 rtos/opencm3.o
 .debug_frame   0x000009bc       0x30 /opt/gcc-arm/bin/../lib/gcc/arm-none-eabi/14.2.1/../../../../arm-none-eabi/lib/thumb/v7-m/nofp/libc.a(libc_a-setjmp.o)
 .debug_frame   0x000009ec       0x28 /opt/gcc-arm/bin/../lib/gcc/arm-none-eabi/14.2.1/../../../../arm-none-eabi/lib/thumb/v7-m/nofp/libc.a(libc_a-memcpy.o)
 .debug_frame   0x00000a14      0x2d8 /opt/gcc-arm/bin/../lib/gcc/arm-none-eabi/14.2.1/thumb/v7-m/nofp/libgcc.a(unwind-arm.o)
 .debug_frame   0x00000cec       0xf4 /opt/gcc-arm/bin/../lib/gcc/arm-none-eabi/14.2.1/thumb/v7-m/nofp/libgcc.a(pr-support.o)
 .debug_frame   0x00000de0       0x28 /opt/gcc-arm/bin/../lib/gcc/arm-none-eabi/14.2.1/../../../../arm-none-eabi/lib/thumb/v7-m/nofp/libc.a(libc_a-abort.o)
 .debug_frame   0x00000e08      0x11c /opt/gcc-arm/bin/../lib/gcc/arm-none-eabi/14.2.1/../../../../arm-none-eabi/lib/thumb/v7-m/nofp/libc.a(libc_a-signal.o)
 .debug_frame   0x00000f24       0x3c /opt/gcc-arm/bin/../lib/gcc/arm-none-eabi/14.2.1/../../../../arm-none-eabi/lib/thumb/v7-m/nofp/libc.a(libc_a-signalr.o)
 .debug_frame   0x00000f60      0x13c /opt/gcc-arm/bin/../lib/gcc/arm-none-eabi/14.2.1/../../../../arm-none-eabi/lib/thumb/v7-m/nofp/libc.a(libc_a-findfp.o)
 .debug_frame   0x0000109c       0x3c /opt/gcc-arm/bin/../lib/gcc/arm-none-eabi/14.2.1/../../../../arm-none-eabi/lib/thumb/v7-m/nofp/libc.a(libc_a-reent.o)
 .debug_frame   0x000010d8       0x20 /opt/gcc-arm/bin/../lib/gcc/arm-none-eabi/14.2.1/../../../../arm-none-eabi/lib/thumb/v7-m/nofp/libnosys.a(getpid.o)
 .debug_frame   0x000010f8       0x20 /opt/gcc-arm/bin/../lib/gcc/arm-none-eabi/14.2.1/../../../../arm-none-eabi/lib/thumb/v7-m/nofp/libnosys.a(kill.o)
 .debug_frame   0x00001118       0x20 /opt/gcc-arm/bin/../lib/gcc/arm-none-eabi/14.2.1/../../../../arm-none-eabi/lib/thumb/v7-m/nofp/libnosys.a(_exit.o)
 .debug_frame   0x00001138      0x1bc /home/dima/stm32//rtos/libwwg/libwwg.a(usbcdc.o)
 .debug_frame   0x000012f4      0x110 /home/dima/stm32//rtos/libwwg/libwwg.a(miniprintf.o)
 .debug_frame   0x00001404       0x88 /home/dima/stm32/libopencm3/lib/libopencm3_stm32f1.a(exti_common_all.o)
 .debug_frame   0x0000148c       0x64 /home/dima/stm32/libopencm3/lib/libopencm3_stm32f1.a(gpio.o)
 .debug_frame   0x000014f0       0x80 /home/dima/stm32/libopencm3/lib/libopencm3_stm32f1.a(gpio_common_all.o)
 .debug_frame   0x00001570      0x22c /home/dima/stm32/libopencm3/lib/libopencm3_stm32f1.a(i2c_common_v1.o)
 .debug_frame   0x0000179c      0x318 /home/dima/stm32/libopencm3/lib/libopencm3_stm32f1.a(rcc.o)
 .debug_frame   0x00001ab4       0xe0 /home/dima/stm32/libopencm3/lib/libopencm3_stm32f1.a(rcc_common_all.o)
 .debug_frame   0x00001b94      0x14c /home/dima/stm32/libopencm3/lib/libopencm3_stm32f1.a(usb.o)
 .debug_frame   0x00001ce0      0x164 /home/dima/stm32/libopencm3/lib/libopencm3_stm32f1.a(usb_control.o)
 .debug_frame   0x00001e44      0x1e8 /home/dima/stm32/libopencm3/lib/libopencm3_stm32f1.a(usb_standard.o)
 .debug_frame   0x0000202c       0x58 /home/dima/stm32/libopencm3/lib/libopencm3_stm32f1.a(st_usbfs_v1.o)
 .debug_frame   0x00002084       0x4c /home/dima/stm32/libopencm3/lib/libopencm3_stm32f1.a(vector.o)
 .debug_frame   0x000020d0       0xa0 /home/dima/stm32/libopencm3/lib/libopencm3_stm32f1.a(nvic.o)
 .debug_frame   0x00002170       0x50 /home/dima/stm32/libopencm3/lib/libopencm3_stm32f1.a(flash_common_all.o)
 .debug_frame   0x000021c0      0x118 /home/dima/stm32/libopencm3/lib/libopencm3_stm32f1.a(st_usbfs_core.o)
 .debug_frame   0x000022d8       0x20 /opt/gcc-arm/bin/../lib/gcc/arm-none-eabi/14.2.1/../../../../arm-none-eabi/lib/thumb/v7-m/nofp/libc.a(libc_a-strlen-stub.o)

.debug_line_str
                0x00000000      0x1a3
 .debug_line_str
                0x00000000      0x1a3 /opt/gcc-arm/bin/../lib/gcc/arm-none-eabi/14.2.1/../../../../arm-none-eabi/lib/thumb/v7-m/nofp/libc.a(libc_a-setjmp.o)
                                 0xd1 (size before relaxing)
 .debug_line_str
                0x000001a3       0xd8 /opt/gcc-arm/bin/../lib/gcc/arm-none-eabi/14.2.1/../../../../arm-none-eabi/lib/thumb/v7-m/nofp/libc.a(libc_a-memcpy.o)
 .debug_line_str
                0x000001a3       0xc2 /opt/gcc-arm/bin/../lib/gcc/arm-none-eabi/14.2.1/thumb/v7-m/nofp/libgcc.a(libunwind.o)

.debug_macro    0x00000000     0x5745
 .debug_macro   0x00000000       0xe4 /home/dima/stm32/libopencm3/lib/libopencm3_stm32f1.a(exti_common_all.o)
 .debug_macro   0x000000e4      0xac0 /home/dima/stm32/libopencm3/lib/libopencm3_stm32f1.a(exti_common_all.o)
 .debug_macro   0x00000ba4       0x1c /home/dima/stm32/libopencm3/lib/libopencm3_stm32f1.a(exti_common_all.o)
 .debug_macro   0x00000bc0       0x22 /home/dima/stm32/libopencm3/lib/libopencm3_stm32f1.a(exti_common_all.o)
 .debug_macro   0x00000be2       0x56 /home/dima/stm32/libopencm3/lib/libopencm3_stm32f1.a(exti_common_all.o)
 .debug_macro   0x00000c38       0x51 /home/dima/stm32/libopencm3/lib/libopencm3_stm32f1.a(exti_common_all.o)
 .debug_macro   0x00000c89      0x103 /home/dima/stm32/libopencm3/lib/libopencm3_stm32f1.a(exti_common_all.o)
 .debug_macro   0x00000d8c       0x6a /home/dima/stm32/libopencm3/lib/libopencm3_stm32f1.a(exti_common_all.o)
 .debug_macro   0x00000df6      0x1df /home/dima/stm32/libopencm3/lib/libopencm3_stm32f1.a(exti_common_all.o)
 .debug_macro   0x00000fd5       0x22 /home/dima/stm32/libopencm3/lib/libopencm3_stm32f1.a(exti_common_all.o)
 .debug_macro   0x00000ff7       0xe8 /home/dima/stm32/libopencm3/lib/libopencm3_stm32f1.a(exti_common_all.o)
 .debug_macro   0x000010df       0x76 /home/dima/stm32/libopencm3/lib/libopencm3_stm32f1.a(exti_common_all.o)
 .debug_macro   0x00001155      0x1b4 /home/dima/stm32/libopencm3/lib/libopencm3_stm32f1.a(exti_common_all.o)
 .debug_macro   0x00001309       0xee /home/dima/stm32/libopencm3/lib/libopencm3_stm32f1.a(exti_common_all.o)
 .debug_macro   0x000013f7       0x28 /home/dima/stm32/libopencm3/lib/libopencm3_stm32f1.a(exti_common_all.o)
 .debug_macro   0x0000141f       0x76 /home/dima/stm32/libopencm3/lib/libopencm3_stm32f1.a(exti_common_all.o)
 .debug_macro   0x00001495      0xe2e /home/dima/stm32/libopencm3/lib/libopencm3_stm32f1.a(exti_common_all.o)
 .debug_macro   0x000022c3       0xb8 /home/dima/stm32/libopencm3/lib/libopencm3_stm32f1.a(gpio.o)
 .debug_macro   0x0000237b       0xb8 /home/dima/stm32/libopencm3/lib/libopencm3_stm32f1.a(gpio_common_all.o)
 .debug_macro   0x00002433       0xda /home/dima/stm32/libopencm3/lib/libopencm3_stm32f1.a(i2c_common_v1.o)
 .debug_macro   0x0000250d      0x189 /home/dima/stm32/libopencm3/lib/libopencm3_stm32f1.a(i2c_common_v1.o)
 .debug_macro   0x00002696      0x20d /home/dima/stm32/libopencm3/lib/libopencm3_stm32f1.a(i2c_common_v1.o)
 .debug_macro   0x000028a3      0x8c6 /home/dima/stm32/libopencm3/lib/libopencm3_stm32f1.a(i2c_common_v1.o)
 .debug_macro   0x00003169       0xe7 /home/dima/stm32/libopencm3/lib/libopencm3_stm32f1.a(rcc.o)
 .debug_macro   0x00003250       0x16 /home/dima/stm32/libopencm3/lib/libopencm3_stm32f1.a(rcc.o)
 .debug_macro   0x00003266       0xee /home/dima/stm32/libopencm3/lib/libopencm3_stm32f1.a(rcc.o)
 .debug_macro   0x00003354       0x82 /home/dima/stm32/libopencm3/lib/libopencm3_stm32f1.a(rcc.o)
 .debug_macro   0x000033d6       0xce /home/dima/stm32/libopencm3/lib/libopencm3_stm32f1.a(rcc_common_all.o)
 .debug_macro   0x000034a4      0x146 /home/dima/stm32/libopencm3/lib/libopencm3_stm32f1.a(usb.o)
 .debug_macro   0x000035ea       0x75 /home/dima/stm32/libopencm3/lib/libopencm3_stm32f1.a(usb.o)
 .debug_macro   0x0000365f       0x24 /home/dima/stm32/libopencm3/lib/libopencm3_stm32f1.a(usb.o)
 .debug_macro   0x00003683       0x5c /home/dima/stm32/libopencm3/lib/libopencm3_stm32f1.a(usb.o)
 .debug_macro   0x000036df       0x3c /home/dima/stm32/libopencm3/lib/libopencm3_stm32f1.a(usb.o)
 .debug_macro   0x0000371b       0x34 /home/dima/stm32/libopencm3/lib/libopencm3_stm32f1.a(usb.o)
 .debug_macro   0x0000374f       0x57 /home/dima/stm32/libopencm3/lib/libopencm3_stm32f1.a(usb.o)
 .debug_macro   0x000037a6      0x372 /home/dima/stm32/libopencm3/lib/libopencm3_stm32f1.a(usb.o)
 .debug_macro   0x00003b18       0x16 /home/dima/stm32/libopencm3/lib/libopencm3_stm32f1.a(usb.o)
 .debug_macro   0x00003b2e       0x4a /home/dima/stm32/libopencm3/lib/libopencm3_stm32f1.a(usb.o)
 .debug_macro   0x00003b78       0x34 /home/dima/stm32/libopencm3/lib/libopencm3_stm32f1.a(usb.o)
 .debug_macro   0x00003bac       0x10 /home/dima/stm32/libopencm3/lib/libopencm3_stm32f1.a(usb.o)
 .debug_macro   0x00003bbc       0x58 /home/dima/stm32/libopencm3/lib/libopencm3_stm32f1.a(usb.o)
 .debug_macro   0x00003c14      0x1e5 /home/dima/stm32/libopencm3/lib/libopencm3_stm32f1.a(usb.o)
 .debug_macro   0x00003df9       0x10 /home/dima/stm32/libopencm3/lib/libopencm3_stm32f1.a(usb.o)
 .debug_macro   0x00003e09       0x3c /home/dima/stm32/libopencm3/lib/libopencm3_stm32f1.a(usb.o)
 .debug_macro   0x00003e45      0x19c /home/dima/stm32/libopencm3/lib/libopencm3_stm32f1.a(usb.o)
 .debug_macro   0x00003fe1       0x10 /home/dima/stm32/libopencm3/lib/libopencm3_stm32f1.a(usb.o)
 .debug_macro   0x00003ff1       0x1c /home/dima/stm32/libopencm3/lib/libopencm3_stm32f1.a(usb.o)
 .debug_macro   0x0000400d      0x154 /home/dima/stm32/libopencm3/lib/libopencm3_stm32f1.a(usb_control.o)
 .debug_macro   0x00004161       0x16 /home/dima/stm32/libopencm3/lib/libopencm3_stm32f1.a(usb_control.o)
 .debug_macro   0x00004177      0x11c /home/dima/stm32/libopencm3/lib/libopencm3_stm32f1.a(usb_control.o)
 .debug_macro   0x00004293       0x94 /home/dima/stm32/libopencm3/lib/libopencm3_stm32f1.a(usb_control.o)
 .debug_macro   0x00004327       0x22 /home/dima/stm32/libopencm3/lib/libopencm3_stm32f1.a(usb_control.o)
 .debug_macro   0x00004349      0x146 /home/dima/stm32/libopencm3/lib/libopencm3_stm32f1.a(usb_standard.o)
 .debug_macro   0x0000448f      0x10d /home/dima/stm32/libopencm3/lib/libopencm3_stm32f1.a(st_usbfs_v1.o)
 .debug_macro   0x0000459c       0x3a /home/dima/stm32/libopencm3/lib/libopencm3_stm32f1.a(st_usbfs_v1.o)
 .debug_macro   0x000045d6      0x29e /home/dima/stm32/libopencm3/lib/libopencm3_stm32f1.a(st_usbfs_v1.o)
 .debug_macro   0x00004874       0x28 /home/dima/stm32/libopencm3/lib/libopencm3_stm32f1.a(st_usbfs_v1.o)
 .debug_macro   0x0000489c      0x1a2 /home/dima/stm32/libopencm3/lib/libopencm3_stm32f1.a(st_usbfs_v1.o)
 .debug_macro   0x00004a3e       0x10 /home/dima/stm32/libopencm3/lib/libopencm3_stm32f1.a(st_usbfs_v1.o)
 .debug_macro   0x00004a4e       0xcf /home/dima/stm32/libopencm3/lib/libopencm3_stm32f1.a(vector.o)
 .debug_macro   0x00004b1d      0x395 /home/dima/stm32/libopencm3/lib/libopencm3_stm32f1.a(vector.o)
 .debug_macro   0x00004eb2       0x6e /home/dima/stm32/libopencm3/lib/libopencm3_stm32f1.a(vector.o)
 .debug_macro   0x00004f20      0x1a2 /home/dima/stm32/libopencm3/lib/libopencm3_stm32f1.a(vector.o)
 .debug_macro   0x000050c2       0xb3 /home/dima/stm32/libopencm3/lib/libopencm3_stm32f1.a(nvic.o)
 .debug_macro   0x00005175       0x68 /home/dima/stm32/libopencm3/lib/libopencm3_stm32f1.a(nvic.o)
 .debug_macro   0x000051dd      0x39b /home/dima/stm32/libopencm3/lib/libopencm3_stm32f1.a(nvic.o)
 .debug_macro   0x00005578       0xc0 /home/dima/stm32/libopencm3/lib/libopencm3_stm32f1.a(flash_common_all.o)
 .debug_macro   0x00005638      0x10d /home/dima/stm32/libopencm3/lib/libopencm3_stm32f1.a(st_usbfs_core.o)
