Archive member included to satisfy reference by file (symbol)

/opt/gcc-arm/bin/../lib/gcc/arm-none-eabi/14.2.1/../../../../arm-none-eabi/lib/thumb/v7-m/nofp/libc.a(libc_a-memcpy.o)
                              rtos/queue.o (memcpy)
/home/dima/stm32//rtos/libwwg/libwwg.a(uartlib.o)
                              main.o (open_uart)
/home/dima/stm32//rtos/libwwg/libwwg.a(miniprintf.o)
                              /home/dima/stm32//rtos/libwwg/libwwg.a(uartlib.o) (mini_vprintf_cooked)
/home/dima/stm32//rtos/libwwg/libwwg.a(mcuio.o)
                              main.o (std_printf)
/home/dima/stm32//rtos/libwwg/libwwg.a(getline.o)
                              /home/dima/stm32//rtos/libwwg/libwwg.a(uartlib.o) (getline)
/home/dima/stm32//rtos/libwwg/libwwg.a(usbcdc.o)
                              /home/dima/stm32//rtos/libwwg/libwwg.a(mcuio.o) (usb_putc)
/home/dima/stm32/libopencm3/lib/libopencm3_stm32f1.a(exti_common_all.o)
                              main.o (exti_set_trigger)
/home/dima/stm32/libopencm3/lib/libopencm3_stm32f1.a(gpio.o)
                              main.o (gpio_set_mode)
/home/dima/stm32/libopencm3/lib/libopencm3_stm32f1.a(gpio_common_all.o)
                              main.o (gpio_clear)
/home/dima/stm32/libopencm3/lib/libopencm3_stm32f1.a(rcc.o)
                              main.o (rcc_enable_rtc_clock)
/home/dima/stm32/libopencm3/lib/libopencm3_stm32f1.a(rcc_common_all.o)
                              main.o (rcc_periph_clock_enable)
/home/dima/stm32/libopencm3/lib/libopencm3_stm32f1.a(rtc.o)
                              main.o (rtc_awake_from_off)
/home/dima/stm32/libopencm3/lib/libopencm3_stm32f1.a(usart_common_all.o)
                              /home/dima/stm32//rtos/libwwg/libwwg.a(uartlib.o) (usart_set_baudrate)
/home/dima/stm32/libopencm3/lib/libopencm3_stm32f1.a(usart_common_f124.o)
                              /home/dima/stm32/libopencm3/lib/libopencm3_stm32f1.a(usart_common_all.o) (usart_send)
/home/dima/stm32/libopencm3/lib/libopencm3_stm32f1.a(usb.o)
                              /home/dima/stm32//rtos/libwwg/libwwg.a(usbcdc.o) (usbd_init)
/home/dima/stm32/libopencm3/lib/libopencm3_stm32f1.a(usb_control.o)
                              /home/dima/stm32//rtos/libwwg/libwwg.a(usbcdc.o) (usbd_register_control_callback)
/home/dima/stm32/libopencm3/lib/libopencm3_stm32f1.a(usb_standard.o)
                              /home/dima/stm32//rtos/libwwg/libwwg.a(usbcdc.o) (usbd_register_set_config_callback)
/home/dima/stm32/libopencm3/lib/libopencm3_stm32f1.a(st_usbfs_v1.o)
                              /home/dima/stm32//rtos/libwwg/libwwg.a(usbcdc.o) (st_usbfs_v1_usb_driver)
/home/dima/stm32/libopencm3/lib/libopencm3_stm32f1.a(vector.o)
                              (reset_handler)
/home/dima/stm32/libopencm3/lib/libopencm3_stm32f1.a(nvic.o)
                              main.o (nvic_enable_irq)
/home/dima/stm32/libopencm3/lib/libopencm3_stm32f1.a(assert.o)
                              /home/dima/stm32/libopencm3/lib/libopencm3_stm32f1.a(rcc.o) (cm3_assert_failed)
/home/dima/stm32/libopencm3/lib/libopencm3_stm32f1.a(flash_common_all.o)
                              /home/dima/stm32/libopencm3/lib/libopencm3_stm32f1.a(rcc.o) (flash_set_ws)
/home/dima/stm32/libopencm3/lib/libopencm3_stm32f1.a(pwr_common_v1.o)
                              /home/dima/stm32/libopencm3/lib/libopencm3_stm32f1.a(rtc.o) (pwr_disable_backup_domain_write_protect)
/home/dima/stm32/libopencm3/lib/libopencm3_stm32f1.a(st_usbfs_core.o)
                              /home/dima/stm32/libopencm3/lib/libopencm3_stm32f1.a(st_usbfs_v1.o) (st_usbfs_set_address)
/opt/gcc-arm/bin/../lib/gcc/arm-none-eabi/14.2.1/../../../../arm-none-eabi/lib/thumb/v7-m/nofp/libc.a(libc_a-malloc.o)
                              /home/dima/stm32//rtos/libwwg/libwwg.a(uartlib.o) (malloc)
/opt/gcc-arm/bin/../lib/gcc/arm-none-eabi/14.2.1/../../../../arm-none-eabi/lib/thumb/v7-m/nofp/libc.a(libc_a-mallocr.o)
                              /opt/gcc-arm/bin/../lib/gcc/arm-none-eabi/14.2.1/../../../../arm-none-eabi/lib/thumb/v7-m/nofp/libc.a(libc_a-malloc.o) (_malloc_r)
/opt/gcc-arm/bin/../lib/gcc/arm-none-eabi/14.2.1/../../../../arm-none-eabi/lib/thumb/v7-m/nofp/libc.a(libc_a-mlock.o)
                              /opt/gcc-arm/bin/../lib/gcc/arm-none-eabi/14.2.1/../../../../arm-none-eabi/lib/thumb/v7-m/nofp/libc.a(libc_a-mallocr.o) (__malloc_lock)
/opt/gcc-arm/bin/../lib/gcc/arm-none-eabi/14.2.1/../../../../arm-none-eabi/lib/thumb/v7-m/nofp/libc.a(libc_a-memmove.o)
                              /home/dima/stm32//rtos/libwwg/libwwg.a(getline.o) (memmove)
/opt/gcc-arm/bin/../lib/gcc/arm-none-eabi/14.2.1/../../../../arm-none-eabi/lib/thumb/v7-m/nofp/libc.a(libc_a-impure.o)
                              /opt/gcc-arm/bin/../lib/gcc/arm-none-eabi/14.2.1/../../../../arm-none-eabi/lib/thumb/v7-m/nofp/libc.a(libc_a-malloc.o) (_impure_ptr)
[...]
Memory Configuration

Name             Origin             Length             Attributes
rom              0x08000000         0x00010000         xr
ram              0x20000000         0x00005000         xrw
*default*        0x00000000         0xffffffff

Linker script and memory map

LOAD main.o
LOAD rtos/heap_4.o
LOAD rtos/list.o
LOAD rtos/port.o
LOAD rtos/queue.o
LOAD rtos/tasks.o
LOAD rtos/opencm3.o
START GROUP
LOAD /opt/gcc-arm/bin/../lib/gcc/arm-none-eabi/14.2.1/../../../../arm-none-eabi/lib/thumb/v7-m/nofp/libc.a
LOAD /opt/gcc-arm/bin/../lib/gcc/arm-none-eabi/14.2.1/thumb/v7-m/nofp/libgcc.a
LOAD /opt/gcc-arm/bin/../lib/gcc/arm-none-eabi/14.2.1/../../../../arm-none-eabi/lib/thumb/v7-m/nofp/libnosys.a
END GROUP
LOAD /home/dima/stm32//rtos/libwwg/libwwg.a
LOAD /home/dima/stm32/libopencm3/lib/libopencm3_stm32f1.a
START GROUP
LOAD /opt/gcc-arm/bin/../lib/gcc/arm-none-eabi/14.2.1/thumb/v7-m/nofp/libgcc.a
LOAD /opt/gcc-arm/bin/../lib/gcc/arm-none-eabi/14.2.1/../../../../arm-none-eabi/lib/thumb/v7-m/nofp/libc.a
END GROUP
START GROUP
LOAD /opt/gcc-arm/bin/../lib/gcc/arm-none-eabi/14.2.1/thumb/v7-m/nofp/libgcc.a
LOAD /opt/gcc-arm/bin/../lib/gcc/arm-none-eabi/14.2.1/../../../../arm-none-eabi/lib/thumb/v7-m/nofp/libc.a
LOAD /opt/gcc-arm/bin/../lib/gcc/arm-none-eabi/14.2.1/../../../../arm-none-eabi/lib/thumb/v7-m/nofp/libnosys.a
END GROUP

.text           0x08000000     0x339c
 *(.vectors)
 .vectors       0x08000000      0x150 /home/dima/stm32/libopencm3/lib/libopencm3_stm32f1.a(vector.o)
                0x08000000                vector_table
 *(.text*)
 .text.mutex_lock
                0x08000150       0x14 main.o
 .text.mutex_unlock
                0x08000164       0x14 main.o
 .text.task3    0x08000178       0x44 main.o
 .text.task2    0x080001bc       0x74 main.o
 .text.task1    0x08000230      0x140 main.o
 .text.rtc_isr  0x08000370       0xd4 main.o
                0x08000370                rtc_isr
 .text.rtc_alarm_isr
                0x08000444       0x4c main.o
                0x08000444                rtc_alarm_isr
 .text.startup.main
                0x08000490      0x100 main.o
                0x08000490                main
 .text.prvInsertBlockIntoFreeList
                0x08000590       0x4c rtos/heap_4.o
 .text.pvPortMalloc
                0x080005dc       0xf4 rtos/heap_4.o
                0x080005dc                pvPortMalloc
 .text.vPortFree
                0x080006d0       0x4c rtos/heap_4.o
                0x080006d0                vPortFree
 .text.vListInitialise
                0x0800071c       0x16 rtos/list.o
                0x0800071c                vListInitialise
 .text.vListInitialiseItem
                0x08000732        0x6 rtos/list.o
                0x08000732                vListInitialiseItem
 .text.vListInsertEnd
                0x08000738       0x16 rtos/list.o
                0x08000738                vListInsertEnd
 .text.vListInsert
                0x0800074e       0x2e rtos/list.o
                0x0800074e                vListInsert
 .text.uxListRemove
                0x0800077c       0x1e rtos/list.o
                0x0800077c                uxListRemove
 .text.prvTaskExitError
                0x0800079a       0x12 rtos/port.o
 .text.prvPortStartFirstTask
                0x080007ac       0x20 rtos/port.o
 .text.pxPortInitialiseStack
                0x080007cc       0x24 rtos/port.o
                0x080007cc                pxPortInitialiseStack
 .text.vPortSVCHandler
                0x080007f0       0x24 rtos/port.o
                0x080007f0                vPortSVCHandler
 .text.vPortEnterCritical
                0x08000814       0x20 rtos/port.o
                0x08000814                vPortEnterCritical
 .text.vPortExitCritical
                0x08000834       0x14 rtos/port.o
                0x08000834                vPortExitCritical
 *fill*         0x08000848        0x8 
 .text.xPortPendSVHandler
                0x08000850       0x44 rtos/port.o
                0x08000850                xPortPendSVHandler
 .text.xPortSysTickHandler
                0x08000894       0x2c rtos/port.o
                0x08000894                xPortSysTickHandler
 .text.vPortSetupTimerInterrupt
                0x080008c0       0x10 rtos/port.o
                0x080008c0                vPortSetupTimerInterrupt
 .text.xPortStartScheduler
                0x080008d0       0x34 rtos/port.o
                0x080008d0                xPortStartScheduler
 .text.prvCopyDataToQueue
                0x08000904       0x66 rtos/queue.o
 .text.prvCopyDataFromQueue
                0x0800096a       0x26 rtos/queue.o
 .text.prvUnlockQueue
                0x08000990       0x6c rtos/queue.o
 .text.xQueueGenericReset
                0x080009fc       0x6a rtos/queue.o
                0x080009fc                xQueueGenericReset
 .text.xQueueGenericCreate
                0x08000a66       0x2e rtos/queue.o
                0x08000a66                xQueueGenericCreate
 .text.xQueueGenericSend
                0x08000a94       0xfa rtos/queue.o
                0x08000a94                xQueueGenericSend
 .text.xQueueCreateMutex
                0x08000b8e       0x24 rtos/queue.o
                0x08000b8e                xQueueCreateMutex
 .text.xQueueGenericReceive
                0x08000bb2      0x138 rtos/queue.o
                0x08000bb2                xQueueGenericReceive
 .text.prvIdleTask
                0x08000cea        0x2 rtos/tasks.o
 .text.prvAddCurrentTaskToDelayedList
                0x08000cec       0x88 rtos/tasks.o
 .text.prvResetNextTaskUnblockTime
                0x08000d74       0x24 rtos/tasks.o
 .text.xTaskCreate
                0x08000d98      0x198 rtos/tasks.o
                0x08000d98                xTaskCreate
 .text.vTaskStartScheduler
                0x08000f30       0x60 rtos/tasks.o
                0x08000f30                vTaskStartScheduler
 .text.vTaskSuspendAll
                0x08000f90       0x10 rtos/tasks.o
                0x08000f90                vTaskSuspendAll
 .text.xTaskGetTickCount
                0x08000fa0        0xc rtos/tasks.o
                0x08000fa0                xTaskGetTickCount
 .text.xTaskIncrementTick
                0x08000fac      0x11c rtos/tasks.o
                0x08000fac                xTaskIncrementTick
 .text.xTaskResumeAll
                0x080010c8       0xd8 rtos/tasks.o
                0x080010c8                xTaskResumeAll
 .text.vTaskSwitchContext
                0x080011a0       0x54 rtos/tasks.o
                0x080011a0                vTaskSwitchContext
 .text.vTaskPlaceOnEventList
                0x080011f4       0x20 rtos/tasks.o
                0x080011f4                vTaskPlaceOnEventList
 .text.xTaskRemoveFromEventList
                0x08001214       0x70 rtos/tasks.o
                0x08001214                xTaskRemoveFromEventList
 .text.vTaskSetTimeOutState
                0x08001284       0x18 rtos/tasks.o
                0x08001284                vTaskSetTimeOutState
 .text.xTaskCheckForTimeOut
                0x0800129c       0x4c rtos/tasks.o
                0x0800129c                xTaskCheckForTimeOut
 .text.vTaskMissedYield
                0x080012e8        0xc rtos/tasks.o
                0x080012e8                vTaskMissedYield
 .text.vTaskPriorityInherit
                0x080012f4       0x94 rtos/tasks.o
                0x080012f4                vTaskPriorityInherit
 .text.xTaskPriorityDisinherit
                0x08001388       0x70 rtos/tasks.o
                0x08001388                xTaskPriorityDisinherit
 .text.pvTaskIncrementMutexHeldCount
                0x080013f8       0x18 rtos/tasks.o
                0x080013f8                pvTaskIncrementMutexHeldCount
 .text.ulTaskNotifyTake
                0x08001410       0x64 rtos/tasks.o
                0x08001410                ulTaskNotifyTake
 .text.vTaskNotifyGiveFromISR
                0x08001474       0xa0 rtos/tasks.o
                0x08001474                vTaskNotifyGiveFromISR
 .text.sv_call_handler
                0x08001514        0x4 rtos/opencm3.o
                0x08001514                sv_call_handler
 .text.pend_sv_handler
                0x08001518        0x4 rtos/opencm3.o
                0x08001518                pend_sv_handler
 .text.sys_tick_handler
                0x0800151c        0x4 rtos/opencm3.o
                0x0800151c                sys_tick_handler
 .text          0x08001520       0xec /opt/gcc-arm/bin/../lib/gcc/arm-none-eabi/14.2.1/../../../../arm-none-eabi/lib/thumb/v7-m/nofp/libc.a(libc_a-memcpy.o)
                0x08001520                memcpy
 .text.uart_common_isr
                0x0800160c       0x44 /home/dima/stm32//rtos/libwwg/libwwg.a(uartlib.o)
 .text.usart1_isr
                0x08001650        0x6 /home/dima/stm32//rtos/libwwg/libwwg.a(uartlib.o)
                0x08001650                usart1_isr
 .text.usart2_isr
                0x08001656        0x6 /home/dima/stm32//rtos/libwwg/libwwg.a(uartlib.o)
                0x08001656                usart2_isr
 .text.usart3_isr
                0x0800165c        0x6 /home/dima/stm32//rtos/libwwg/libwwg.a(uartlib.o)
                0x0800165c                usart3_isr
 *fill*         0x08001662        0x2 
 .text.open_uart
                0x08001664      0x144 /home/dima/stm32//rtos/libwwg/libwwg.a(uartlib.o)
                0x08001664                open_uart
 .text.putc_uart
                0x080017a8       0x34 /home/dima/stm32//rtos/libwwg/libwwg.a(uartlib.o)
                0x080017a8                putc_uart
 .text.uart1_putc
                0x080017dc       0x1c /home/dima/stm32//rtos/libwwg/libwwg.a(uartlib.o)
                0x080017dc                uart1_putc
 .text.uart2_putc
                0x080017f8       0x1c /home/dima/stm32//rtos/libwwg/libwwg.a(uartlib.o)
                0x080017f8                uart2_putc
 .text.uart3_putc
                0x08001814       0x1c /home/dima/stm32//rtos/libwwg/libwwg.a(uartlib.o)
                0x08001814                uart3_putc
 .text.write_uart
                0x08001830       0x44 /home/dima/stm32//rtos/libwwg/libwwg.a(uartlib.o)
                0x08001830                write_uart
 .text.puts_uart
                0x08001874       0x40 /home/dima/stm32//rtos/libwwg/libwwg.a(uartlib.o)
                0x08001874                puts_uart
 .text.getc_uart_nb
                0x080018b4       0x34 /home/dima/stm32//rtos/libwwg/libwwg.a(uartlib.o)
                0x080018b4                getc_uart_nb
 .text.getc_uart
                0x080018e8       0x4c /home/dima/stm32//rtos/libwwg/libwwg.a(uartlib.o)
                0x080018e8                getc_uart
 .text.uart1_getc
                0x08001934        0xa /home/dima/stm32//rtos/libwwg/libwwg.a(uartlib.o)
                0x08001934                uart1_getc
 .text.uart2_getc
                0x0800193e        0xa /home/dima/stm32//rtos/libwwg/libwwg.a(uartlib.o)
                0x0800193e                uart2_getc
 .text.uart3_getc
                0x08001948        0xa /home/dima/stm32//rtos/libwwg/libwwg.a(uartlib.o)
                0x08001948                uart3_getc
 *fill*         0x08001952        0x2 
 .text.getline_uart
                0x08001954       0x20 /home/dima/stm32//rtos/libwwg/libwwg.a(uartlib.o)
                0x08001954                getline_uart
 .text.uart1_puts
                0x08001974        0x8 /home/dima/stm32//rtos/libwwg/libwwg.a(uartlib.o)
                0x08001974                uart1_puts
 .text.uart1_vprintf
                0x0800197c       0x10 /home/dima/stm32//rtos/libwwg/libwwg.a(uartlib.o)
                0x0800197c                uart1_vprintf
 .text.uart1_peek
                0x0800198c        0x6 /home/dima/stm32//rtos/libwwg/libwwg.a(uartlib.o)
                0x0800198c                uart1_peek
 .text.uart1_gets
                0x08001992        0xa /home/dima/stm32//rtos/libwwg/libwwg.a(uartlib.o)
                0x08001992                uart1_gets
 .text.uart1_write
                0x0800199c        0xa /home/dima/stm32//rtos/libwwg/libwwg.a(uartlib.o)
                0x0800199c                uart1_write
 .text.uart1_getline
                0x080019a6        0x4 /home/dima/stm32//rtos/libwwg/libwwg.a(uartlib.o)
                0x080019a6                uart1_getline
 .text.mini_write
                0x080019aa       0x16 /home/dima/stm32//rtos/libwwg/libwwg.a(miniprintf.o)
 .text.mini_putc
                0x080019c0       0x2a /home/dima/stm32//rtos/libwwg/libwwg.a(miniprintf.o)
 .text.mini_pad
                0x080019ea       0x24 /home/dima/stm32//rtos/libwwg/libwwg.a(miniprintf.o)
 *fill*         0x08001a0e        0x2 
 .text.internal_vprintf
                0x08001a10      0x1f0 /home/dima/stm32//rtos/libwwg/libwwg.a(miniprintf.o)
 .text.mini_vprintf_cooked
                0x08001c00       0x30 /home/dima/stm32//rtos/libwwg/libwwg.a(miniprintf.o)
                0x08001c00                mini_vprintf_cooked
 .text.std_printf
                0x08001c30       0x24 /home/dima/stm32//rtos/libwwg/libwwg.a(mcuio.o)
                0x08001c30                std_printf
 .text.getline  0x08001c54      0x18c /home/dima/stm32//rtos/libwwg/libwwg.a(getline.o)
                0x08001c54                getline
 .text.usb_putc
                0x08001de0       0x5c /home/dima/stm32//rtos/libwwg/libwwg.a(usbcdc.o)
                0x08001de0                usb_putc
 .text.usb_getc
                0x08001e3c       0x2c /home/dima/stm32//rtos/libwwg/libwwg.a(usbcdc.o)
                0x08001e3c                usb_getc
 .text.usb_puts
                0x08001e68       0x12 /home/dima/stm32//rtos/libwwg/libwwg.a(usbcdc.o)
                0x08001e68                usb_puts
 *fill*         0x08001e7a        0x2 
 .text.usb_vprintf
                0x08001e7c       0x10 /home/dima/stm32//rtos/libwwg/libwwg.a(usbcdc.o)
                0x08001e7c                usb_vprintf
 .text.usb_write
                0x08001e8c       0x24 /home/dima/stm32//rtos/libwwg/libwwg.a(usbcdc.o)
                0x08001e8c                usb_write
 .text.usb_peek
                0x08001eb0       0x28 /home/dima/stm32//rtos/libwwg/libwwg.a(usbcdc.o)
                0x08001eb0                usb_peek
 .text.usb_gets
                0x08001ed8       0x4a /home/dima/stm32//rtos/libwwg/libwwg.a(usbcdc.o)
                0x08001ed8                usb_gets
 *fill*         0x08001f22        0x2 
 .text.usb_getline
                0x08001f24       0x10 /home/dima/stm32//rtos/libwwg/libwwg.a(usbcdc.o)
                0x08001f24                usb_getline
 .text.exti_set_trigger
                0x08001f34       0x48 /home/dima/stm32/libopencm3/lib/libopencm3_stm32f1.a(exti_common_all.o)
                0x08001f34                exti_set_trigger
 .text.exti_enable_request
                0x08001f7c       0x1c /home/dima/stm32/libopencm3/lib/libopencm3_stm32f1.a(exti_common_all.o)
                0x08001f7c                exti_enable_request
 .text.exti_reset_request
                0x08001f98        0xc /home/dima/stm32/libopencm3/lib/libopencm3_stm32f1.a(exti_common_all.o)
                0x08001f98                exti_reset_request
 .text.gpio_set_mode
                0x08001fa4       0x6a /home/dima/stm32/libopencm3/lib/libopencm3_stm32f1.a(gpio.o)
                0x08001fa4                gpio_set_mode
 .text.gpio_clear
                0x0800200e        0x6 /home/dima/stm32/libopencm3/lib/libopencm3_stm32f1.a(gpio_common_all.o)
                0x0800200e                gpio_clear
 .text.gpio_toggle
                0x08002014       0x12 /home/dima/stm32/libopencm3/lib/libopencm3_stm32f1.a(gpio_common_all.o)
                0x08002014                gpio_toggle
 *fill*         0x08002026        0x2 
 .text.rcc_is_osc_ready
                0x08002028       0x58 /home/dima/stm32/libopencm3/lib/libopencm3_stm32f1.a(rcc.o)
                0x08002028                rcc_is_osc_ready
 .text.rcc_wait_for_osc_ready
                0x08002080       0x10 /home/dima/stm32/libopencm3/lib/libopencm3_stm32f1.a(rcc.o)
                0x08002080                rcc_wait_for_osc_ready
 .text.rcc_osc_on
                0x08002090       0x60 /home/dima/stm32/libopencm3/lib/libopencm3_stm32f1.a(rcc.o)
                0x08002090                rcc_osc_on
 .text.rcc_set_sysclk_source
                0x080020f0       0x14 /home/dima/stm32/libopencm3/lib/libopencm3_stm32f1.a(rcc.o)
                0x080020f0                rcc_set_sysclk_source
 .text.rcc_set_pll_multiplication_factor
                0x08002104       0x14 /home/dima/stm32/libopencm3/lib/libopencm3_stm32f1.a(rcc.o)
                0x08002104                rcc_set_pll_multiplication_factor
 .text.rcc_set_pll2_multiplication_factor
                0x08002118       0x14 /home/dima/stm32/libopencm3/lib/libopencm3_stm32f1.a(rcc.o)
                0x08002118                rcc_set_pll2_multiplication_factor
 .text.rcc_set_pll3_multiplication_factor
                0x0800212c       0x14 /home/dima/stm32/libopencm3/lib/libopencm3_stm32f1.a(rcc.o)
                0x0800212c                rcc_set_pll3_multiplication_factor
 .text.rcc_set_pll_source
                0x08002140       0x14 /home/dima/stm32/libopencm3/lib/libopencm3_stm32f1.a(rcc.o)
                0x08002140                rcc_set_pll_source
 .text.rcc_set_pllxtpre
                0x08002154       0x14 /home/dima/stm32/libopencm3/lib/libopencm3_stm32f1.a(rcc.o)
                0x08002154                rcc_set_pllxtpre
 .text.rcc_enable_rtc_clock
                0x08002168       0x10 /home/dima/stm32/libopencm3/lib/libopencm3_stm32f1.a(rcc.o)
                0x08002168                rcc_enable_rtc_clock
 .text.rcc_set_rtc_clock_source
                0x08002178       0x84 /home/dima/stm32/libopencm3/lib/libopencm3_stm32f1.a(rcc.o)
                0x08002178                rcc_set_rtc_clock_source
 .text.rcc_set_adcpre
                0x080021fc       0x14 /home/dima/stm32/libopencm3/lib/libopencm3_stm32f1.a(rcc.o)
                0x080021fc                rcc_set_adcpre
 .text.rcc_set_ppre2
                0x08002210       0x14 /home/dima/stm32/libopencm3/lib/libopencm3_stm32f1.a(rcc.o)
                0x08002210                rcc_set_ppre2
 .text.rcc_set_ppre1
                0x08002224       0x14 /home/dima/stm32/libopencm3/lib/libopencm3_stm32f1.a(rcc.o)
                0x08002224                rcc_set_ppre1
 .text.rcc_set_hpre
                0x08002238       0x14 /home/dima/stm32/libopencm3/lib/libopencm3_stm32f1.a(rcc.o)
                0x08002238                rcc_set_hpre
 .text.rcc_set_usbpre
                0x0800224c       0x18 /home/dima/stm32/libopencm3/lib/libopencm3_stm32f1.a(rcc.o)
                0x0800224c                rcc_set_usbpre
 .text.rcc_set_prediv1
                0x08002264       0x14 /home/dima/stm32/libopencm3/lib/libopencm3_stm32f1.a(rcc.o)
                0x08002264                rcc_set_prediv1
 .text.rcc_set_prediv2
                0x08002278       0x14 /home/dima/stm32/libopencm3/lib/libopencm3_stm32f1.a(rcc.o)
                0x08002278                rcc_set_prediv2
 .text.rcc_set_prediv1_source
                0x0800228c       0x18 /home/dima/stm32/libopencm3/lib/libopencm3_stm32f1.a(rcc.o)
                0x0800228c                rcc_set_prediv1_source
 .text.rcc_clock_setup_pll
                0x080022a4       0xbc /home/dima/stm32/libopencm3/lib/libopencm3_stm32f1.a(rcc.o)
                0x080022a4                rcc_clock_setup_pll
 .text.rcc_get_usart_clk_freq
                0x08002360       0x1c /home/dima/stm32/libopencm3/lib/libopencm3_stm32f1.a(rcc.o)
                0x08002360                rcc_get_usart_clk_freq
 .text.rcc_periph_clock_enable
                0x0800237c       0x1a /home/dima/stm32/libopencm3/lib/libopencm3_stm32f1.a(rcc_common_all.o)
                0x0800237c                rcc_periph_clock_enable
 *fill*         0x08002396        0x2 
 .text.rtc_enter_config_mode
                0x08002398       0x1c /home/dima/stm32/libopencm3/lib/libopencm3_stm32f1.a(rtc.o)
                0x08002398                rtc_enter_config_mode
 .text.rtc_exit_config_mode
                0x080023b4       0x1c /home/dima/stm32/libopencm3/lib/libopencm3_stm32f1.a(rtc.o)
                0x080023b4                rtc_exit_config_mode
 .text.rtc_awake_from_off
                0x080023d0       0x6c /home/dima/stm32/libopencm3/lib/libopencm3_stm32f1.a(rtc.o)
                0x080023d0                rtc_awake_from_off
 .text.rtc_set_alarm_time
                0x0800243c       0x20 /home/dima/stm32/libopencm3/lib/libopencm3_stm32f1.a(rtc.o)
                0x0800243c                rtc_set_alarm_time
 .text.rtc_enable_alarm
                0x0800245c       0x20 /home/dima/stm32/libopencm3/lib/libopencm3_stm32f1.a(rtc.o)
                0x0800245c                rtc_enable_alarm
 .text.rtc_disable_alarm
                0x0800247c       0x20 /home/dima/stm32/libopencm3/lib/libopencm3_stm32f1.a(rtc.o)
                0x0800247c                rtc_disable_alarm
 .text.rtc_set_prescale_val
                0x0800249c       0x24 /home/dima/stm32/libopencm3/lib/libopencm3_stm32f1.a(rtc.o)
                0x0800249c                rtc_set_prescale_val
 .text.rtc_get_counter_val
                0x080024c0       0x14 /home/dima/stm32/libopencm3/lib/libopencm3_stm32f1.a(rtc.o)
                0x080024c0                rtc_get_counter_val
 .text.rtc_set_counter_val
                0x080024d4       0x20 /home/dima/stm32/libopencm3/lib/libopencm3_stm32f1.a(rtc.o)
                0x080024d4                rtc_set_counter_val
 .text.rtc_interrupt_enable
                0x080024f4       0x44 /home/dima/stm32/libopencm3/lib/libopencm3_stm32f1.a(rtc.o)
                0x080024f4                rtc_interrupt_enable
 .text.rtc_interrupt_disable
                0x08002538       0x44 /home/dima/stm32/libopencm3/lib/libopencm3_stm32f1.a(rtc.o)
                0x08002538                rtc_interrupt_disable
 .text.rtc_clear_flag
                0x0800257c       0x38 /home/dima/stm32/libopencm3/lib/libopencm3_stm32f1.a(rtc.o)
                0x0800257c                rtc_clear_flag
 .text.rtc_check_flag
                0x080025b4       0x38 /home/dima/stm32/libopencm3/lib/libopencm3_stm32f1.a(rtc.o)
                0x080025b4                rtc_check_flag
 .text.usart_set_baudrate
                0x080025ec       0x16 /home/dima/stm32/libopencm3/lib/libopencm3_stm32f1.a(usart_common_all.o)
                0x080025ec                usart_set_baudrate
 .text.usart_set_databits
                0x08002602       0x12 /home/dima/stm32/libopencm3/lib/libopencm3_stm32f1.a(usart_common_all.o)
                0x08002602                usart_set_databits
 .text.usart_set_stopbits
                0x08002614        0xc /home/dima/stm32/libopencm3/lib/libopencm3_stm32f1.a(usart_common_all.o)
                0x08002614                usart_set_stopbits
 .text.usart_set_parity
                0x08002620        0xc /home/dima/stm32/libopencm3/lib/libopencm3_stm32f1.a(usart_common_all.o)
                0x08002620                usart_set_parity
 .text.usart_set_mode
                0x0800262c        0xc /home/dima/stm32/libopencm3/lib/libopencm3_stm32f1.a(usart_common_all.o)
                0x0800262c                usart_set_mode
 .text.usart_set_flow_control
                0x08002638        0xc /home/dima/stm32/libopencm3/lib/libopencm3_stm32f1.a(usart_common_all.o)
                0x08002638                usart_set_flow_control
 .text.usart_enable
                0x08002644        0xa /home/dima/stm32/libopencm3/lib/libopencm3_stm32f1.a(usart_common_all.o)
                0x08002644                usart_enable
 .text.usart_send_blocking
                0x0800264e       0x16 /home/dima/stm32/libopencm3/lib/libopencm3_stm32f1.a(usart_common_all.o)
                0x0800264e                usart_send_blocking
 .text.usart_enable_rx_interrupt
                0x08002664        0xa /home/dima/stm32/libopencm3/lib/libopencm3_stm32f1.a(usart_common_all.o)
                0x08002664                usart_enable_rx_interrupt
 .text.usart_disable_rx_interrupt
                0x0800266e        0xa /home/dima/stm32/libopencm3/lib/libopencm3_stm32f1.a(usart_common_all.o)
                0x0800266e                usart_disable_rx_interrupt
 .text.usart_send
                0x08002678        0x8 /home/dima/stm32/libopencm3/lib/libopencm3_stm32f1.a(usart_common_f124.o)
                0x08002678                usart_send
 .text.usart_wait_send_ready
                0x08002680        0x8 /home/dima/stm32/libopencm3/lib/libopencm3_stm32f1.a(usart_common_f124.o)
                0x08002680                usart_wait_send_ready
 .text.blocking_handler
                0x08002688        0x2 /home/dima/stm32/libopencm3/lib/libopencm3_stm32f1.a(vector.o)
                0x08002688                tim7_isr
                0x08002688                adc1_2_isr
                0x08002688                tim1_trg_com_isr
                0x08002688                usb_hp_can_tx_isr
                0x08002688                tim6_isr
                0x08002688                usb_wakeup_isr
                0x08002688                blocking_handler
                0x08002688                tim5_isr
                0x08002688                otg_fs_isr
                0x08002688                spi1_isr
                0x08002688                exti2_isr
                0x08002688                dma1_channel6_isr
                0x08002688                can_rx1_isr
                0x08002688                dma1_channel5_isr
                0x08002688                dma2_channel5_isr
                0x08002688                usage_fault_handler
                0x08002688                tim8_trg_com_isr
                0x08002688                can2_rx0_isr
                0x08002688                tim1_brk_isr
                0x08002688                can2_rx1_isr
                0x08002688                tim1_cc_isr
                0x08002688                sdio_isr
                0x08002688                eth_isr
                0x08002688                dma1_channel4_isr
                0x08002688                tim8_brk_isr
                0x08002688                dma2_channel4_5_isr
                0x08002688                pvd_isr
                0x08002688                rcc_isr
                0x08002688                flash_isr
                0x08002688                uart4_isr
                0x08002688                exti15_10_isr
                0x08002688                hard_fault_handler
                0x08002688                exti1_isr
                0x08002688                i2c1_ev_isr
                0x08002688                dma2_channel1_isr
                0x08002688                spi2_isr
                0x08002688                tim8_up_isr
                0x08002688                dma2_channel2_isr
                0x08002688                exti3_isr
                0x08002688                adc3_isr
                0x08002688                tim3_isr
                0x08002688                usb_lp_can_rx0_isr
                0x08002688                i2c2_er_isr
                0x08002688                i2c2_ev_isr
                0x08002688                uart5_isr
                0x08002688                fsmc_isr
                0x08002688                dma1_channel1_isr
                0x08002688                exti4_isr
                0x08002688                mem_manage_handler
                0x08002688                can2_tx_isr
                0x08002688                exti9_5_isr
                0x08002688                dma2_channel3_isr
                0x08002688                dma1_channel7_isr
                0x08002688                tim1_up_isr
                0x08002688                can2_sce_isr
                0x08002688                tim4_isr
                0x08002688                dma1_channel2_isr
                0x08002688                i2c1_er_isr
                0x08002688                can_sce_isr
                0x08002688                tim8_cc_isr
                0x08002688                tamper_isr
                0x08002688                eth_wkup_isr
                0x08002688                bus_fault_handler
                0x08002688                wwdg_isr
                0x08002688                dma1_channel3_isr
                0x08002688                spi3_isr
                0x08002688                tim2_isr
                0x08002688                exti0_isr
 .text.null_handler
                0x0800268a        0x2 /home/dima/stm32/libopencm3/lib/libopencm3_stm32f1.a(vector.o)
                0x0800268a                null_handler
                0x0800268a                debug_monitor_handler
                0x0800268a                nmi_handler
 .text.reset_handler
                0x0800268c       0x94 /home/dima/stm32/libopencm3/lib/libopencm3_stm32f1.a(vector.o)
                0x0800268c                reset_handler
 .text.nvic_enable_irq
                0x08002720       0x18 /home/dima/stm32/libopencm3/lib/libopencm3_stm32f1.a(nvic.o)
                0x08002720                nvic_enable_irq
 .text.flash_set_ws
                0x08002738       0x14 /home/dima/stm32/libopencm3/lib/libopencm3_stm32f1.a(flash_common_all.o)
                0x08002738                flash_set_ws
 .text.pwr_disable_backup_domain_write_protect
                0x0800274c       0x10 /home/dima/stm32/libopencm3/lib/libopencm3_stm32f1.a(pwr_common_v1.o)
                0x0800274c                pwr_disable_backup_domain_write_protect
 .text.malloc   0x0800275c       0x10 /opt/gcc-arm/bin/../lib/gcc/arm-none-eabi/14.2.1/../../../../arm-none-eabi/lib/thumb/v7-m/nofp/libc.a(libc_a-malloc.o)
                0x0800275c                malloc
 .text._malloc_r
                0x0800276c      0x57c /opt/gcc-arm/bin/../lib/gcc/arm-none-eabi/14.2.1/../../../../arm-none-eabi/lib/thumb/v7-m/nofp/libc.a(libc_a-mallocr.o)
                0x0800276c                _malloc_r
 .text.__malloc_lock
                0x08002ce8        0xc /opt/gcc-arm/bin/../lib/gcc/arm-none-eabi/14.2.1/../../../../arm-none-eabi/lib/thumb/v7-m/nofp/libc.a(libc_a-mlock.o)
                0x08002ce8                __malloc_lock
 .text.__malloc_unlock
                0x08002cf4        0xc /opt/gcc-arm/bin/../lib/gcc/arm-none-eabi/14.2.1/../../../../arm-none-eabi/lib/thumb/v7-m/nofp/libc.a(libc_a-mlock.o)
                0x08002cf4                __malloc_unlock
 .text.memmove  0x08002d00       0xfc /opt/gcc-arm/bin/../lib/gcc/arm-none-eabi/14.2.1/../../../../arm-none-eabi/lib/thumb/v7-m/nofp/libc.a(libc_a-memmove.o)
                0x08002d00                memmove
 .text._sbrk_r  0x08002dfc       0x24 /opt/gcc-arm/bin/../lib/gcc/arm-none-eabi/14.2.1/../../../../arm-none-eabi/lib/thumb/v7-m/nofp/libc.a(libc_a-sbrkr.o)
                0x08002dfc                _sbrk_r
 .text.__retarget_lock_acquire_recursive
                0x08002e20        0x4 /opt/gcc-arm/bin/../lib/gcc/arm-none-eabi/14.2.1/../../../../arm-none-eabi/lib/thumb/v7-m/nofp/libc.a(libc_a-lock.o)
                0x08002e20                __retarget_lock_acquire_recursive
 .text.__retarget_lock_release_recursive
                0x08002e24        0x4 /opt/gcc-arm/bin/../lib/gcc/arm-none-eabi/14.2.1/../../../../arm-none-eabi/lib/thumb/v7-m/nofp/libc.a(libc_a-lock.o)
                0x08002e24                __retarget_lock_release_recursive
 .text.sysconf  0x08002e28       0x1c /opt/gcc-arm/bin/../lib/gcc/arm-none-eabi/14.2.1/../../../../arm-none-eabi/lib/thumb/v7-m/nofp/libc.a(libc_a-sysconf.o)
                0x08002e28                sysconf
 .text.strlen   0x08002e44       0x5c /opt/gcc-arm/bin/../lib/gcc/arm-none-eabi/14.2.1/../../../../arm-none-eabi/lib/thumb/v7-m/nofp/libc.a(libc_a-strlen-stub.o)
                0x08002e44                strlen
 .text._malloc_trim_r
                0x08002ea0       0xb8 /opt/gcc-arm/bin/../lib/gcc/arm-none-eabi/14.2.1/../../../../arm-none-eabi/lib/thumb/v7-m/nofp/libc.a(libc_a-freer.o)
                0x08002ea0                _malloc_trim_r
 .text._free_r  0x08002f58      0x1e8 /opt/gcc-arm/bin/../lib/gcc/arm-none-eabi/14.2.1/../../../../arm-none-eabi/lib/thumb/v7-m/nofp/libc.a(libc_a-freer.o)
                0x08002f58                _free_r
 .text.__errno  0x08003140        0xc /opt/gcc-arm/bin/../lib/gcc/arm-none-eabi/14.2.1/../../../../arm-none-eabi/lib/thumb/v7-m/nofp/libc.a(libc_a-errno.o)
                0x08003140                __errno
 .text._sbrk    0x0800314c       0x1c /opt/gcc-arm/bin/../lib/gcc/arm-none-eabi/14.2.1/../../../../arm-none-eabi/lib/thumb/v7-m/nofp/libnosys.a(sbrk.o)
                0x0800314c                _sbrk
                0x08003168                        . = ALIGN (0x4)
 *(.rodata*)
 .rodata.task3.str1.1
                0x08003168      0x125 main.o
                                 0x2a (size before relaxing)
 .rodata.task2.str1.1
                0x0800328d       0x48 main.o
 .rodata.task1.str1.1
                0x0800328d       0x92 main.o
 .rodata.main.str1.1
                0x0800328d       0x19 main.o
 .rodata.vTaskStartScheduler.str1.1
                0x0800328d        0x5 rtos/tasks.o
 *fill*         0x0800328d        0x3 
 .rodata.uarts  0x08003290       0x3c /home/dima/stm32//rtos/libwwg/libwwg.a(uartlib.o)
 .rodata.internal_vprintf.str1.1
                0x080032cc        0x3 /home/dima/stm32//rtos/libwwg/libwwg.a(miniprintf.o)
 .rodata.dev_usb
                0x080032cc       0x20 /home/dima/stm32//rtos/libwwg/libwwg.a(mcuio.o)
 .rodata.dev_uart1
                0x080032ec       0x20 /home/dima/stm32//rtos/libwwg/libwwg.a(mcuio.o)
 .rodata.cr.0   0x0800330c        0x1 /home/dima/stm32//rtos/libwwg/libwwg.a(usbcdc.o)
 *fill*         0x0800330d        0x3 
 .rodata.rcc_hse_configs
                0x08003310       0x8c /home/dima/stm32/libopencm3/lib/libopencm3_stm32f1.a(rcc.o)
                0x08003310                rcc_hse_configs
                0x0800339c                        . = ALIGN (0x4)

.glue_7         0x0800339c        0x0
 .glue_7        0x0800339c        0x0 linker stubs

.glue_7t        0x0800339c        0x0
 .glue_7t       0x0800339c        0x0 linker stubs

.vfp11_veneer   0x0800339c        0x0
 .vfp11_veneer  0x0800339c        0x0 linker stubs

.v4_bx          0x0800339c        0x0
 .v4_bx         0x0800339c        0x0 linker stubs

.iplt           0x0800339c        0x0
 .iplt          0x0800339c        0x0 main.o

.preinit_array  0x0800339c        0x0
                0x0800339c                        . = ALIGN (0x4)
                0x0800339c                        __preinit_array_start = .
 *(.preinit_array)
                0x0800339c                        __preinit_array_end = .

.init_array     0x0800339c        0x0
                0x0800339c                        . = ALIGN (0x4)
                0x0800339c                        __init_array_start = .
 *(SORT_BY_NAME(.init_array.*))
 *(.init_array)
                0x0800339c                        __init_array_end = .

.fini_array     0x0800339c        0x0
                0x0800339c                        . = ALIGN (0x4)
                0x0800339c                        __fini_array_start = .
 *(.fini_array)
 *(SORT_BY_NAME(.fini_array.*))
                0x0800339c                        __fini_array_end = .

.ARM.extab
 *(.ARM.extab*)

.ARM.exidx      0x0800339c        0x8
                0x0800339c                        __exidx_start = .
 *(.ARM.exidx*)
 .ARM.exidx     0x0800339c        0x8 /opt/gcc-arm/bin/../lib/gcc/arm-none-eabi/14.2.1/../../../../arm-none-eabi/lib/thumb/v7-m/nofp/libc.a(libc_a-memcpy.o)
                0x080033a4                        __exidx_end = .

.rel.dyn        0x080033a4        0x0
 .rel.iplt      0x080033a4        0x0 main.o
                0x080033a4                        . = ALIGN (0x4)
                0x080033a4                        _etext = .

.data           0x20000000      0x570 load address 0x080033a4
                0x20000000                        _data = .
 *(.data*)
 .data.uxCriticalNesting
                0x20000000        0x4 rtos/port.o
 .data.mcu_stdio
                0x20000004        0x4 /home/dima/stm32//rtos/libwwg/libwwg.a(mcuio.o)
                0x20000004                mcu_stdio
 .data.mcu_uart1
                0x20000008        0x4 /home/dima/stm32//rtos/libwwg/libwwg.a(mcuio.o)
                0x20000008                mcu_uart1
 .data.rcc_ahb_frequency
                0x2000000c        0x4 /home/dima/stm32/libopencm3/lib/libopencm3_stm32f1.a(rcc.o)
                0x2000000c                rcc_ahb_frequency
 .data.rcc_apb2_frequency
                0x20000010        0x4 /home/dima/stm32/libopencm3/lib/libopencm3_stm32f1.a(rcc.o)
                0x20000010                rcc_apb2_frequency
 .data.rcc_apb1_frequency
                0x20000014        0x4 /home/dima/stm32/libopencm3/lib/libopencm3_stm32f1.a(rcc.o)
                0x20000014                rcc_apb1_frequency
 .data.__malloc_sbrk_base
                0x20000018        0x4 /opt/gcc-arm/bin/../lib/gcc/arm-none-eabi/14.2.1/../../../../arm-none-eabi/lib/thumb/v7-m/nofp/libc.a(libc_a-mallocr.o)
                0x20000018                __malloc_sbrk_base
 .data.__malloc_trim_threshold
                0x2000001c        0x4 /opt/gcc-arm/bin/../lib/gcc/arm-none-eabi/14.2.1/../../../../arm-none-eabi/lib/thumb/v7-m/nofp/libc.a(libc_a-mallocr.o)
                0x2000001c                __malloc_trim_threshold
 .data.__malloc_av_
                0x20000020      0x408 /opt/gcc-arm/bin/../lib/gcc/arm-none-eabi/14.2.1/../../../../arm-none-eabi/lib/thumb/v7-m/nofp/libc.a(libc_a-mallocr.o)
                0x20000020                __malloc_av_
 .data._impure_ptr
                0x20000428        0x4 /opt/gcc-arm/bin/../lib/gcc/arm-none-eabi/14.2.1/../../../../arm-none-eabi/lib/thumb/v7-m/nofp/libc.a(libc_a-impure.o)
                0x20000428                _impure_ptr
 *fill*         0x2000042c        0x4 
 .data._impure_data
                0x20000430      0x140 /opt/gcc-arm/bin/../lib/gcc/arm-none-eabi/14.2.1/../../../../arm-none-eabi/lib/thumb/v7-m/nofp/libc.a(libc_a-impure.o)
                0x20000430                _impure_data
                0x20000570                        . = ALIGN (0x4)
                0x20000570                        _edata = .
                0x080033a4                        _data_loadaddr = LOADADDR (.data)

.igot.plt       0x20000570        0x0 load address 0x08003914
 .igot.plt      0x20000570        0x0 main.o

.bss            0x20000570     0x46c0 load address 0x08003914
 *(.bss*)
 .bss.alarm     0x20000570        0x4 main.o
 .bss.seconds   0x20000574        0x4 main.o
 .bss.minutes   0x20000578        0x4 main.o
 .bss.hours     0x2000057c        0x4 main.o
 .bss.days      0x20000580        0x4 main.o
 .bss.rtc_overflow_count
                0x20000584        0x4 main.o
 .bss.rtc_alarm_count
                0x20000588        0x4 main.o
 .bss.rtc_isr_count
                0x2000058c        0x4 main.o
 .bss.h_mutex   0x20000590        0x4 main.o
 .bss.h_task3   0x20000594        0x4 main.o
 .bss.h_task2   0x20000598        0x4 main.o
 .bss.xBlockAllocatedBit
                0x2000059c        0x4 rtos/heap_4.o
 .bss.xMinimumEverFreeBytesRemaining
                0x200005a0        0x4 rtos/heap_4.o
 .bss.xFreeBytesRemaining
                0x200005a4        0x4 rtos/heap_4.o
 .bss.pxEnd     0x200005a8        0x4 rtos/heap_4.o
 .bss.xStart    0x200005ac        0x8 rtos/heap_4.o
 .bss.ucHeap    0x200005b4     0x4400 rtos/heap_4.o
 .bss.uxSchedulerSuspended
                0x200049b4        0x4 rtos/tasks.o
 .bss.xIdleTaskHandle
                0x200049b8        0x4 rtos/tasks.o
 .bss.xNextTaskUnblockTime
                0x200049bc        0x4 rtos/tasks.o
 .bss.uxTaskNumber
                0x200049c0        0x4 rtos/tasks.o
 .bss.xNumOfOverflows
                0x200049c4        0x4 rtos/tasks.o
 .bss.xYieldPending
                0x200049c8        0x4 rtos/tasks.o
 .bss.uxPendedTicks
                0x200049cc        0x4 rtos/tasks.o
 .bss.xSchedulerRunning
                0x200049d0        0x4 rtos/tasks.o
 .bss.uxTopReadyPriority
                0x200049d4        0x4 rtos/tasks.o
 .bss.xTickCount
                0x200049d8        0x4 rtos/tasks.o
 .bss.uxCurrentNumberOfTasks
                0x200049dc        0x4 rtos/tasks.o
 .bss.xSuspendedTaskList
                0x200049e0       0x14 rtos/tasks.o
 .bss.xPendingReadyList
                0x200049f4       0x14 rtos/tasks.o
 .bss.pxOverflowDelayedTaskList
                0x20004a08        0x4 rtos/tasks.o
 .bss.pxDelayedTaskList
                0x20004a0c        0x4 rtos/tasks.o
 .bss.xDelayedTaskList2
                0x20004a10       0x14 rtos/tasks.o
 .bss.xDelayedTaskList1
                0x20004a24       0x14 rtos/tasks.o
 .bss.pxReadyTasksLists
                0x20004a38       0x64 rtos/tasks.o
 .bss.pxCurrentTCB
                0x20004a9c        0x4 rtos/tasks.o
                0x20004a9c                pxCurrentTCB
 .bss.uart_data
                0x20004aa0        0xc /home/dima/stm32//rtos/libwwg/libwwg.a(uartlib.o)
 .bss.usb_rxq   0x20004aac        0x4 /home/dima/stm32//rtos/libwwg/libwwg.a(usbcdc.o)
 .bss.usb_txq   0x20004ab0        0x4 /home/dima/stm32//rtos/libwwg/libwwg.a(usbcdc.o)
 .bss.initialized
                0x20004ab4        0x1 /home/dima/stm32//rtos/libwwg/libwwg.a(usbcdc.o)
 *fill*         0x20004ab5        0x3 
 .bss.__malloc_current_mallinfo
                0x20004ab8       0x28 /opt/gcc-arm/bin/../lib/gcc/arm-none-eabi/14.2.1/../../../../arm-none-eabi/lib/thumb/v7-m/nofp/libc.a(libc_a-mallocr.o)
                0x20004ab8                __malloc_current_mallinfo
 .bss.__malloc_max_total_mem
                0x20004ae0        0x4 /opt/gcc-arm/bin/../lib/gcc/arm-none-eabi/14.2.1/../../../../arm-none-eabi/lib/thumb/v7-m/nofp/libc.a(libc_a-mallocr.o)
                0x20004ae0                __malloc_max_total_mem
 .bss.__malloc_max_sbrked_mem
                0x20004ae4        0x4 /opt/gcc-arm/bin/../lib/gcc/arm-none-eabi/14.2.1/../../../../arm-none-eabi/lib/thumb/v7-m/nofp/libc.a(libc_a-mallocr.o)
                0x20004ae4                __malloc_max_sbrked_mem
 .bss.__malloc_top_pad
                0x20004ae8        0x4 /opt/gcc-arm/bin/../lib/gcc/arm-none-eabi/14.2.1/../../../../arm-none-eabi/lib/thumb/v7-m/nofp/libc.a(libc_a-mallocr.o)
                0x20004ae8                __malloc_top_pad
 .bss.__lock___malloc_recursive_mutex
                0x20004aec        0x1 /opt/gcc-arm/bin/../lib/gcc/arm-none-eabi/14.2.1/../../../../arm-none-eabi/lib/thumb/v7-m/nofp/libc.a(libc_a-lock.o)
                0x20004aec                __lock___malloc_recursive_mutex
 *fill*         0x20004aed        0x3 
 .bss.__sf      0x20004af0      0x138 /opt/gcc-arm/bin/../lib/gcc/arm-none-eabi/14.2.1/../../../../arm-none-eabi/lib/thumb/v7-m/nofp/libc.a(libc_a-findfp.o)
                0x20004af0                __sf
 .bss.errno     0x20004c28        0x4 /opt/gcc-arm/bin/../lib/gcc/arm-none-eabi/14.2.1/../../../../arm-none-eabi/lib/thumb/v7-m/nofp/libc.a(libc_a-reent.o)
                0x20004c28                errno
 .bss.heap_end.0
                0x20004c2c        0x4 /opt/gcc-arm/bin/../lib/gcc/arm-none-eabi/14.2.1/../../../../arm-none-eabi/lib/thumb/v7-m/nofp/libnosys.a(sbrk.o)
 *(COMMON)
                0x20004c30                        . = ALIGN (0x4)
                0x20004c30                        _ebss = .

/DISCARD/
 *(.eh_frame)
                0x20004c30                        . = ALIGN (0x4)
                0x20004c30                        end = .
                0x20005000                        PROVIDE (_stack = (ORIGIN (ram) + LENGTH (ram)))
OUTPUT(main.elf elf32-littlearm)
LOAD linker stubs

.debug_info     0x00000000     0xc3ad
 .debug_info    0x00000000     0x1328 main.o
 .debug_info    0x00001328      0x423 rtos/heap_4.o
 .debug_info    0x0000174b      0x2ae rtos/list.o
 .debug_info    0x000019f9      0x316 rtos/port.o
 .debug_info    0x00001d0f     0x1486 rtos/queue.o
 .debug_info    0x00003195     0x1e46 rtos/tasks.o
 .debug_info    0x00004fdb       0xde rtos/opencm3.o
 .debug_info    0x000050b9     0x1493 /home/dima/stm32//rtos/libwwg/libwwg.a(uartlib.o)
 .debug_info    0x0000654c      0x901 /home/dima/stm32//rtos/libwwg/libwwg.a(miniprintf.o)
 .debug_info    0x00006e4d      0x5d3 /home/dima/stm32//rtos/libwwg/libwwg.a(mcuio.o)
 .debug_info    0x00007420      0x2d3 /home/dima/stm32//rtos/libwwg/libwwg.a(getline.o)
 .debug_info    0x000076f3     0x14f9 /home/dima/stm32//rtos/libwwg/libwwg.a(usbcdc.o)
 .debug_info    0x00008bec      0x222 /home/dima/stm32/libopencm3/lib/libopencm3_stm32f1.a(exti_common_all.o)
 .debug_info    0x00008e0e      0x1fd /home/dima/stm32/libopencm3/lib/libopencm3_stm32f1.a(gpio.o)
 .debug_info    0x0000900b      0x256 /home/dima/stm32/libopencm3/lib/libopencm3_stm32f1.a(gpio_common_all.o)
 .debug_info    0x00009261     0x14d0 /home/dima/stm32/libopencm3/lib/libopencm3_stm32f1.a(rcc.o)
 .debug_info    0x0000a731      0x60d /home/dima/stm32/libopencm3/lib/libopencm3_stm32f1.a(rcc_common_all.o)
 .debug_info    0x0000ad3e      0x6e9 /home/dima/stm32/libopencm3/lib/libopencm3_stm32f1.a(rtc.o)
 .debug_info    0x0000b427      0x665 /home/dima/stm32/libopencm3/lib/libopencm3_stm32f1.a(usart_common_all.o)
 .debug_info    0x0000ba8c      0x192 /home/dima/stm32/libopencm3/lib/libopencm3_stm32f1.a(usart_common_f124.o)
 .debug_info    0x0000bc1e      0x2c4 /home/dima/stm32/libopencm3/lib/libopencm3_stm32f1.a(vector.o)
 .debug_info    0x0000bee2      0x239 /home/dima/stm32/libopencm3/lib/libopencm3_stm32f1.a(nvic.o)
 .debug_info    0x0000c11b       0xf1 /home/dima/stm32/libopencm3/lib/libopencm3_stm32f1.a(flash_common_all.o)
 .debug_info    0x0000c20c      0x1a1 /home/dima/stm32/libopencm3/lib/libopencm3_stm32f1.a(pwr_common_v1.o)

.debug_abbrev   0x00000000     0x2eea
 .debug_abbrev  0x00000000      0x46a main.o
 .debug_abbrev  0x0000046a      0x243 rtos/heap_4.o
 .debug_abbrev  0x000006ad      0x103 rtos/list.o
 .debug_abbrev  0x000007b0      0x220 rtos/port.o
 .debug_abbrev  0x000009d0      0x34d rtos/queue.o
 .debug_abbrev  0x00000d1d      0x47e rtos/tasks.o
 .debug_abbrev  0x0000119b       0x81 rtos/opencm3.o
 .debug_abbrev  0x0000121c      0x385 /home/dima/stm32//rtos/libwwg/libwwg.a(uartlib.o)
 .debug_abbrev  0x000015a1      0x3a9 /home/dima/stm32//rtos/libwwg/libwwg.a(miniprintf.o)
 .debug_abbrev  0x0000194a      0x1ca /home/dima/stm32//rtos/libwwg/libwwg.a(mcuio.o)
 .debug_abbrev  0x00001b14      0x124 /home/dima/stm32//rtos/libwwg/libwwg.a(getline.o)
 .debug_abbrev  0x00001c38      0x3e3 /home/dima/stm32//rtos/libwwg/libwwg.a(usbcdc.o)
 .debug_abbrev  0x0000201b      0x103 /home/dima/stm32/libopencm3/lib/libopencm3_stm32f1.a(exti_common_all.o)
 .debug_abbrev  0x0000211e       0xd3 /home/dima/stm32/libopencm3/lib/libopencm3_stm32f1.a(gpio.o)
 .debug_abbrev  0x000021f1      0x115 /home/dima/stm32/libopencm3/lib/libopencm3_stm32f1.a(gpio_common_all.o)
 .debug_abbrev  0x00002306      0x2be /home/dima/stm32/libopencm3/lib/libopencm3_stm32f1.a(rcc.o)
 .debug_abbrev  0x000025c4      0x185 /home/dima/stm32/libopencm3/lib/libopencm3_stm32f1.a(rcc_common_all.o)
 .debug_abbrev  0x00002749      0x20e /home/dima/stm32/libopencm3/lib/libopencm3_stm32f1.a(rtc.o)
 .debug_abbrev  0x00002957      0x1a9 /home/dima/stm32/libopencm3/lib/libopencm3_stm32f1.a(usart_common_all.o)
 .debug_abbrev  0x00002b00       0xb6 /home/dima/stm32/libopencm3/lib/libopencm3_stm32f1.a(usart_common_f124.o)
 .debug_abbrev  0x00002bb6      0x149 /home/dima/stm32/libopencm3/lib/libopencm3_stm32f1.a(vector.o)
 .debug_abbrev  0x00002cff       0xb6 /home/dima/stm32/libopencm3/lib/libopencm3_stm32f1.a(nvic.o)
 .debug_abbrev  0x00002db5       0x96 /home/dima/stm32/libopencm3/lib/libopencm3_stm32f1.a(flash_common_all.o)
 .debug_abbrev  0x00002e4b       0x9f /home/dima/stm32/libopencm3/lib/libopencm3_stm32f1.a(pwr_common_v1.o)

.debug_loclists
                0x00000000     0x3eee
 .debug_loclists
                0x00000000      0x101 main.o
 .debug_loclists
                0x00000101      0x2df rtos/heap_4.o
 .debug_loclists
                0x000003e0       0x77 rtos/list.o
 .debug_loclists
                0x00000457       0x82 rtos/port.o
 .debug_loclists
                0x000004d9      0x9c3 rtos/queue.o
 .debug_loclists
                0x00000e9c      0xf1b rtos/tasks.o
 .debug_loclists
                0x00001db7      0x9aa /home/dima/stm32//rtos/libwwg/libwwg.a(uartlib.o)
 .debug_loclists
                0x00002761      0x689 /home/dima/stm32//rtos/libwwg/libwwg.a(miniprintf.o)
 .debug_loclists
                0x00002dea       0x3f /home/dima/stm32//rtos/libwwg/libwwg.a(mcuio.o)
 .debug_loclists
                0x00002e29      0x207 /home/dima/stm32//rtos/libwwg/libwwg.a(getline.o)
 .debug_loclists
                0x00003030      0x386 /home/dima/stm32//rtos/libwwg/libwwg.a(usbcdc.o)
 .debug_loclists
                0x000033b6       0xa0 /home/dima/stm32/libopencm3/lib/libopencm3_stm32f1.a(exti_common_all.o)
 .debug_loclists
                0x00003456      0x100 /home/dima/stm32/libopencm3/lib/libopencm3_stm32f1.a(gpio.o)
 .debug_loclists
                0x00003556       0x96 /home/dima/stm32/libopencm3/lib/libopencm3_stm32f1.a(gpio_common_all.o)
 .debug_loclists
                0x000035ec      0x2cb /home/dima/stm32/libopencm3/lib/libopencm3_stm32f1.a(rcc.o)
 .debug_loclists
                0x000038b7       0x87 /home/dima/stm32/libopencm3/lib/libopencm3_stm32f1.a(rcc_common_all.o)
 .debug_loclists
                0x0000393e      0x1d9 /home/dima/stm32/libopencm3/lib/libopencm3_stm32f1.a(rtc.o)
 .debug_loclists
                0x00003b17      0x18e /home/dima/stm32/libopencm3/lib/libopencm3_stm32f1.a(usart_common_all.o)
 .debug_loclists
                0x00003ca5       0x79 /home/dima/stm32/libopencm3/lib/libopencm3_stm32f1.a(usart_common_f124.o)
 .debug_loclists
                0x00003d1e       0xa8 /home/dima/stm32/libopencm3/lib/libopencm3_stm32f1.a(vector.o)
 .debug_loclists
                0x00003dc6      0x111 /home/dima/stm32/libopencm3/lib/libopencm3_stm32f1.a(nvic.o)
 .debug_loclists
                0x00003ed7       0x17 /home/dima/stm32/libopencm3/lib/libopencm3_stm32f1.a(flash_common_all.o)

.debug_aranges  0x00000000      0xbf8
 .debug_aranges
                0x00000000       0x58 main.o
 .debug_aranges
                0x00000058       0x48 rtos/heap_4.o
 .debug_aranges
                0x000000a0       0x40 rtos/list.o
 .debug_aranges
                0x000000e0       0x70 rtos/port.o
 .debug_aranges
                0x00000150       0xa8 rtos/queue.o
 .debug_aranges
                0x000001f8      0x158 rtos/tasks.o
 .debug_aranges
                0x00000350       0x30 rtos/opencm3.o
 .debug_aranges
                0x00000380      0x158 /home/dima/stm32//rtos/libwwg/libwwg.a(uartlib.o)
 .debug_aranges
                0x000004d8       0x58 /home/dima/stm32//rtos/libwwg/libwwg.a(miniprintf.o)
 .debug_aranges
                0x00000530       0x28 /home/dima/stm32//rtos/libwwg/libwwg.a(mcuio.o)
 .debug_aranges
                0x00000558       0x20 /home/dima/stm32//rtos/libwwg/libwwg.a(getline.o)
 .debug_aranges
                0x00000578       0x98 /home/dima/stm32//rtos/libwwg/libwwg.a(usbcdc.o)
 .debug_aranges
                0x00000610       0x48 /home/dima/stm32/libopencm3/lib/libopencm3_stm32f1.a(exti_common_all.o)
 .debug_aranges
                0x00000658       0x38 /home/dima/stm32/libopencm3/lib/libopencm3_stm32f1.a(gpio.o)
 .debug_aranges
                0x00000690       0x50 /home/dima/stm32/libopencm3/lib/libopencm3_stm32f1.a(gpio_common_all.o)
 .debug_aranges
                0x000006e0      0x170 /home/dima/stm32/libopencm3/lib/libopencm3_stm32f1.a(rcc.o)
 .debug_aranges
                0x00000850       0x80 /home/dima/stm32/libopencm3/lib/libopencm3_stm32f1.a(rcc_common_all.o)
 .debug_aranges
                0x000008d0       0xa0 /home/dima/stm32/libopencm3/lib/libopencm3_stm32f1.a(rtc.o)
 .debug_aranges
                0x00000970       0xf0 /home/dima/stm32/libopencm3/lib/libopencm3_stm32f1.a(usart_common_all.o)
 .debug_aranges
                0x00000a60       0x40 /home/dima/stm32/libopencm3/lib/libopencm3_stm32f1.a(usart_common_f124.o)
 .debug_aranges
                0x00000aa0       0x30 /home/dima/stm32/libopencm3/lib/libopencm3_stm32f1.a(vector.o)
 .debug_aranges
                0x00000ad0       0x60 /home/dima/stm32/libopencm3/lib/libopencm3_stm32f1.a(nvic.o)
 .debug_aranges
                0x00000b30       0x38 /home/dima/stm32/libopencm3/lib/libopencm3_stm32f1.a(flash_common_all.o)
 .debug_aranges
                0x00000b68       0x90 /home/dima/stm32/libopencm3/lib/libopencm3_stm32f1.a(pwr_common_v1.o)

.debug_rnglists
                0x00000000      0xb06
 .debug_rnglists
                0x00000000       0x81 main.o
 .debug_rnglists
                0x00000081       0x32 rtos/heap_4.o
 .debug_rnglists
                0x000000b3       0x2b rtos/list.o
 .debug_rnglists
                0x000000de       0x5b rtos/port.o
 .debug_rnglists
                0x00000139      0x132 rtos/queue.o
 .debug_rnglists
                0x0000026b      0x1be rtos/tasks.o
 .debug_rnglists
                0x00000429       0x1f rtos/opencm3.o
 .debug_rnglists
                0x00000448      0x10a /home/dima/stm32//rtos/libwwg/libwwg.a(uartlib.o)
 .debug_rnglists
                0x00000552       0x62 /home/dima/stm32//rtos/libwwg/libwwg.a(miniprintf.o)
 .debug_rnglists
                0x000005b4       0x19 /home/dima/stm32//rtos/libwwg/libwwg.a(mcuio.o)
 .debug_rnglists
                0x000005cd       0x2c /home/dima/stm32//rtos/libwwg/libwwg.a(getline.o)
 .debug_rnglists
                0x000005f9       0x7b /home/dima/stm32//rtos/libwwg/libwwg.a(usbcdc.o)
 .debug_rnglists
                0x00000674       0x3f /home/dima/stm32/libopencm3/lib/libopencm3_stm32f1.a(exti_common_all.o)
 .debug_rnglists
                0x000006b3       0x25 /home/dima/stm32/libopencm3/lib/libopencm3_stm32f1.a(gpio.o)
 .debug_rnglists
                0x000006d8       0x37 /home/dima/stm32/libopencm3/lib/libopencm3_stm32f1.a(gpio_common_all.o)
 .debug_rnglists
                0x0000070f      0x160 /home/dima/stm32/libopencm3/lib/libopencm3_stm32f1.a(rcc.o)
 .debug_rnglists
                0x0000086f       0x5b /home/dima/stm32/libopencm3/lib/libopencm3_stm32f1.a(rcc_common_all.o)
 .debug_rnglists
                0x000008ca       0x73 /home/dima/stm32/libopencm3/lib/libopencm3_stm32f1.a(rtc.o)
 .debug_rnglists
                0x0000093d       0xaf /home/dima/stm32/libopencm3/lib/libopencm3_stm32f1.a(usart_common_all.o)
 .debug_rnglists
                0x000009ec       0x2b /home/dima/stm32/libopencm3/lib/libopencm3_stm32f1.a(usart_common_f124.o)
 .debug_rnglists
                0x00000a17       0x20 /home/dima/stm32/libopencm3/lib/libopencm3_stm32f1.a(vector.o)
 .debug_rnglists
                0x00000a37       0x43 /home/dima/stm32/libopencm3/lib/libopencm3_stm32f1.a(nvic.o)
 .debug_rnglists
                0x00000a7a       0x25 /home/dima/stm32/libopencm3/lib/libopencm3_stm32f1.a(flash_common_all.o)
 .debug_rnglists
                0x00000a9f       0x67 /home/dima/stm32/libopencm3/lib/libopencm3_stm32f1.a(pwr_common_v1.o)

.debug_line     0x00000000     0x8630
 .debug_line    0x00000000      0x667 main.o
 .debug_line    0x00000667      0x43c rtos/heap_4.o
 .debug_line    0x00000aa3      0x255 rtos/list.o
 .debug_line    0x00000cf8      0x2df rtos/port.o
 .debug_line    0x00000fd7      0xc5d rtos/queue.o
 .debug_line    0x00001c34     0x16ce rtos/tasks.o
 .debug_line    0x00003302       0x6b rtos/opencm3.o
 .debug_line    0x0000336d      0x9f5 /home/dima/stm32//rtos/libwwg/libwwg.a(uartlib.o)
 .debug_line    0x00003d62      0x50d /home/dima/stm32//rtos/libwwg/libwwg.a(miniprintf.o)
 .debug_line    0x0000426f      0x129 /home/dima/stm32//rtos/libwwg/libwwg.a(mcuio.o)
 .debug_line    0x00004398      0x28b /home/dima/stm32//rtos/libwwg/libwwg.a(getline.o)
 .debug_line    0x00004623      0x649 /home/dima/stm32//rtos/libwwg/libwwg.a(usbcdc.o)
 .debug_line    0x00004c6c      0x3e6 /home/dima/stm32/libopencm3/lib/libopencm3_stm32f1.a(exti_common_all.o)
 .debug_line    0x00005052      0x39c /home/dima/stm32/libopencm3/lib/libopencm3_stm32f1.a(gpio.o)
 .debug_line    0x000053ee      0x355 /home/dima/stm32/libopencm3/lib/libopencm3_stm32f1.a(gpio_common_all.o)
 .debug_line    0x00005743      0xd05 /home/dima/stm32/libopencm3/lib/libopencm3_stm32f1.a(rcc.o)
 .debug_line    0x00006448      0x3fc /home/dima/stm32/libopencm3/lib/libopencm3_stm32f1.a(rcc_common_all.o)
 .debug_line    0x00006844      0x6ad /home/dima/stm32/libopencm3/lib/libopencm3_stm32f1.a(rtc.o)
 .debug_line    0x00006ef1      0x61f /home/dima/stm32/libopencm3/lib/libopencm3_stm32f1.a(usart_common_all.o)
 .debug_line    0x00007510      0x33b /home/dima/stm32/libopencm3/lib/libopencm3_stm32f1.a(usart_common_f124.o)
 .debug_line    0x0000784b      0x370 /home/dima/stm32/libopencm3/lib/libopencm3_stm32f1.a(vector.o)
 .debug_line    0x00007bbb      0x37d /home/dima/stm32/libopencm3/lib/libopencm3_stm32f1.a(nvic.o)
 .debug_line    0x00007f38      0x306 /home/dima/stm32/libopencm3/lib/libopencm3_stm32f1.a(flash_common_all.o)
 .debug_line    0x0000823e      0x3f2 /home/dima/stm32/libopencm3/lib/libopencm3_stm32f1.a(pwr_common_v1.o)

.debug_str      0x00000000    0x12462
 .debug_str     0x00000000    0x12462 main.o
                                0xaf1 (size before relaxing)
 .debug_str     0x00012462      0x358 rtos/heap_4.o
 .debug_str     0x00012462      0x2a8 rtos/list.o
 .debug_str     0x00012462      0x302 rtos/port.o
 .debug_str     0x00012462      0x7d7 rtos/queue.o
 .debug_str     0x00012462      0xd42 rtos/tasks.o
 .debug_str     0x00012462      0x1c0 rtos/opencm3.o
 .debug_str     0x00012462      0x879 /home/dima/stm32//rtos/libwwg/libwwg.a(uartlib.o)
 .debug_str     0x00012462      0x2c0 /home/dima/stm32//rtos/libwwg/libwwg.a(miniprintf.o)
 .debug_str     0x00012462      0x3ca /home/dima/stm32//rtos/libwwg/libwwg.a(mcuio.o)
 .debug_str     0x00012462      0x17c /home/dima/stm32//rtos/libwwg/libwwg.a(getline.o)
 .debug_str     0x00012462      0xcff /home/dima/stm32//rtos/libwwg/libwwg.a(usbcdc.o)
 .debug_str     0x00012462     0x8adc /home/dima/stm32/libopencm3/lib/libopencm3_stm32f1.a(exti_common_all.o)
 .debug_str     0x00012462     0x86b3 /home/dima/stm32/libopencm3/lib/libopencm3_stm32f1.a(gpio.o)
 .debug_str     0x00012462     0x86a7 /home/dima/stm32/libopencm3/lib/libopencm3_stm32f1.a(gpio_common_all.o)
 .debug_str     0x00012462     0x8308 /home/dima/stm32/libopencm3/lib/libopencm3_stm32f1.a(rcc.o)
 .debug_str     0x00012462     0x7a16 /home/dima/stm32/libopencm3/lib/libopencm3_stm32f1.a(rcc_common_all.o)
 .debug_str     0x00012462     0x7d67 /home/dima/stm32/libopencm3/lib/libopencm3_stm32f1.a(rtc.o)
 .debug_str     0x00012462     0x865f /home/dima/stm32/libopencm3/lib/libopencm3_stm32f1.a(usart_common_all.o)
 .debug_str     0x00012462     0x83cb /home/dima/stm32/libopencm3/lib/libopencm3_stm32f1.a(usart_common_f124.o)
 .debug_str     0x00012462     0x66ed /home/dima/stm32/libopencm3/lib/libopencm3_stm32f1.a(vector.o)
 .debug_str     0x00012462     0x5ccf /home/dima/stm32/libopencm3/lib/libopencm3_stm32f1.a(nvic.o)
 .debug_str     0x00012462     0x55ec /home/dima/stm32/libopencm3/lib/libopencm3_stm32f1.a(flash_common_all.o)
 .debug_str     0x00012462     0x5241 /home/dima/stm32/libopencm3/lib/libopencm3_stm32f1.a(pwr_common_v1.o)

.comment        0x00000000       0x45
 .comment       0x00000000       0x45 main.o
                                 0x46 (size before relaxing)
 .comment       0x00000045       0x46 rtos/heap_4.o
 .comment       0x00000045       0x46 rtos/list.o
 .comment       0x00000045       0x46 rtos/port.o
 .comment       0x00000045       0x46 rtos/queue.o
 .comment       0x00000045       0x46 rtos/tasks.o
 .comment       0x00000045       0x46 rtos/opencm3.o
 .comment       0x00000045       0x46 /home/dima/stm32//rtos/libwwg/libwwg.a(uartlib.o)
 .comment       0x00000045       0x46 /home/dima/stm32//rtos/libwwg/libwwg.a(miniprintf.o)
 .comment       0x00000045       0x46 /home/dima/stm32//rtos/libwwg/libwwg.a(mcuio.o)
 .comment       0x00000045       0x46 /home/dima/stm32//rtos/libwwg/libwwg.a(getline.o)
 .comment       0x00000045       0x46 /home/dima/stm32//rtos/libwwg/libwwg.a(usbcdc.o)
 .comment       0x00000045       0x46 /home/dima/stm32/libopencm3/lib/libopencm3_stm32f1.a(exti_common_all.o)
 .comment       0x00000045       0x46 /home/dima/stm32/libopencm3/lib/libopencm3_stm32f1.a(gpio.o)
 .comment       0x00000045       0x46 /home/dima/stm32/libopencm3/lib/libopencm3_stm32f1.a(gpio_common_all.o)
 .comment       0x00000045       0x46 /home/dima/stm32/libopencm3/lib/libopencm3_stm32f1.a(rcc.o)
 .comment       0x00000045       0x46 /home/dima/stm32/libopencm3/lib/libopencm3_stm32f1.a(rcc_common_all.o)
 .comment       0x00000045       0x46 /home/dima/stm32/libopencm3/lib/libopencm3_stm32f1.a(rtc.o)
 .comment       0x00000045       0x46 /home/dima/stm32/libopencm3/lib/libopencm3_stm32f1.a(usart_common_all.o)
 .comment       0x00000045       0x46 /home/dima/stm32/libopencm3/lib/libopencm3_stm32f1.a(usart_common_f124.o)
 .comment       0x00000045       0x46 /home/dima/stm32/libopencm3/lib/libopencm3_stm32f1.a(vector.o)
 .comment       0x00000045       0x46 /home/dima/stm32/libopencm3/lib/libopencm3_stm32f1.a(nvic.o)
 .comment       0x00000045       0x46 /home/dima/stm32/libopencm3/lib/libopencm3_stm32f1.a(flash_common_all.o)
 .comment       0x00000045       0x46 /home/dima/stm32/libopencm3/lib/libopencm3_stm32f1.a(pwr_common_v1.o)

.ARM.attributes
                0x00000000       0x2b
 .ARM.attributes
                0x00000000       0x2d main.o
 .ARM.attributes
                0x0000002d       0x2d rtos/heap_4.o
 .ARM.attributes
                0x0000005a       0x2d rtos/list.o
 .ARM.attributes
                0x00000087       0x2d rtos/port.o
 .ARM.attributes
                0x000000b4       0x2d rtos/queue.o
 .ARM.attributes
                0x000000e1       0x2d rtos/tasks.o
 .ARM.attributes
                0x0000010e       0x2d rtos/opencm3.o
 .ARM.attributes
                0x0000013b       0x1b /opt/gcc-arm/bin/../lib/gcc/arm-none-eabi/14.2.1/../../../../arm-none-eabi/lib/thumb/v7-m/nofp/libc.a(libc_a-memcpy.o)
 .ARM.attributes
                0x00000156       0x2d /home/dima/stm32//rtos/libwwg/libwwg.a(uartlib.o)
 .ARM.attributes
                0x00000183       0x2d /home/dima/stm32//rtos/libwwg/libwwg.a(miniprintf.o)
 .ARM.attributes
                0x000001b0       0x2d /home/dima/stm32//rtos/libwwg/libwwg.a(mcuio.o)
 .ARM.attributes
                0x000001dd       0x2d /home/dima/stm32//rtos/libwwg/libwwg.a(getline.o)
 .ARM.attributes
                0x0000020a       0x2d /home/dima/stm32//rtos/libwwg/libwwg.a(usbcdc.o)
 .ARM.attributes
                0x00000237       0x2d /home/dima/stm32/libopencm3/lib/libopencm3_stm32f1.a(exti_common_all.o)
 .ARM.attributes
                0x00000264       0x2d /home/dima/stm32/libopencm3/lib/libopencm3_stm32f1.a(gpio.o)
 .ARM.attributes
                0x00000291       0x2d /home/dima/stm32/libopencm3/lib/libopencm3_stm32f1.a(gpio_common_all.o)
 .ARM.attributes
                0x000002be       0x2d /home/dima/stm32/libopencm3/lib/libopencm3_stm32f1.a(rcc.o)
 .ARM.attributes
                0x000002eb       0x2d /home/dima/stm32/libopencm3/lib/libopencm3_stm32f1.a(rcc_common_all.o)
 .ARM.attributes
                0x00000318       0x2d /home/dima/stm32/libopencm3/lib/libopencm3_stm32f1.a(rtc.o)
 .ARM.attributes
                0x00000345       0x2d /home/dima/stm32/libopencm3/lib/libopencm3_stm32f1.a(usart_common_all.o)
 .ARM.attributes
                0x00000372       0x2d /home/dima/stm32/libopencm3/lib/libopencm3_stm32f1.a(usart_common_f124.o)
 .ARM.attributes
                0x0000039f       0x2d /home/dima/stm32/libopencm3/lib/libopencm3_stm32f1.a(vector.o)
 .ARM.attributes
                0x000003cc       0x2d /home/dima/stm32/libopencm3/lib/libopencm3_stm32f1.a(nvic.o)
 .ARM.attributes
                0x000003f9       0x2d /home/dima/stm32/libopencm3/lib/libopencm3_stm32f1.a(flash_common_all.o)
 .ARM.attributes
                0x00000426       0x2d /home/dima/stm32/libopencm3/lib/libopencm3_stm32f1.a(pwr_common_v1.o)
 .ARM.attributes
                0x00000453       0x2d /opt/gcc-arm/bin/../lib/gcc/arm-none-eabi/14.2.1/../../../../arm-none-eabi/lib/thumb/v7-m/nofp/libc.a(libc_a-malloc.o)
 .ARM.attributes
                0x00000480       0x2d /opt/gcc-arm/bin/../lib/gcc/arm-none-eabi/14.2.1/../../../../arm-none-eabi/lib/thumb/v7-m/nofp/libc.a(libc_a-mallocr.o)
 .ARM.attributes
                0x000004ad       0x2d /opt/gcc-arm/bin/../lib/gcc/arm-none-eabi/14.2.1/../../../../arm-none-eabi/lib/thumb/v7-m/nofp/libc.a(libc_a-mlock.o)
 .ARM.attributes
                0x000004da       0x2d /opt/gcc-arm/bin/../lib/gcc/arm-none-eabi/14.2.1/../../../../arm-none-eabi/lib/thumb/v7-m/nofp/libc.a(libc_a-memmove.o)
 .ARM.attributes
                0x00000507       0x2d /opt/gcc-arm/bin/../lib/gcc/arm-none-eabi/14.2.1/../../../../arm-none-eabi/lib/thumb/v7-m/nofp/libc.a(libc_a-impure.o)
 .ARM.attributes
                0x00000534       0x2d /opt/gcc-arm/bin/../lib/gcc/arm-none-eabi/14.2.1/../../../../arm-none-eabi/lib/thumb/v7-m/nofp/libc.a(libc_a-sbrkr.o)
 .ARM.attributes
                0x00000561       0x2d /opt/gcc-arm/bin/../lib/gcc/arm-none-eabi/14.2.1/../../../../arm-none-eabi/lib/thumb/v7-m/nofp/libc.a(libc_a-lock.o)
 .ARM.attributes
                0x0000058e       0x2d /opt/gcc-arm/bin/../lib/gcc/arm-none-eabi/14.2.1/../../../../arm-none-eabi/lib/thumb/v7-m/nofp/libc.a(libc_a-sysconf.o)
 .ARM.attributes
                0x000005bb       0x2d /opt/gcc-arm/bin/../lib/gcc/arm-none-eabi/14.2.1/../../../../arm-none-eabi/lib/thumb/v7-m/nofp/libc.a(libc_a-strlen-stub.o)
 .ARM.attributes
                0x000005e8       0x2d /opt/gcc-arm/bin/../lib/gcc/arm-none-eabi/14.2.1/../../../../arm-none-eabi/lib/thumb/v7-m/nofp/libc.a(libc_a-freer.o)
 .ARM.attributes
                0x00000615       0x2d /opt/gcc-arm/bin/../lib/gcc/arm-none-eabi/14.2.1/../../../../arm-none-eabi/lib/thumb/v7-m/nofp/libc.a(libc_a-findfp.o)
 .ARM.attributes
                0x00000642       0x2d /opt/gcc-arm/bin/../lib/gcc/arm-none-eabi/14.2.1/../../../../arm-none-eabi/lib/thumb/v7-m/nofp/libc.a(libc_a-reent.o)
 .ARM.attributes
                0x0000066f       0x2d /opt/gcc-arm/bin/../lib/gcc/arm-none-eabi/14.2.1/../../../../arm-none-eabi/lib/thumb/v7-m/nofp/libc.a(libc_a-errno.o)
 .ARM.attributes
                0x0000069c       0x2d /opt/gcc-arm/bin/../lib/gcc/arm-none-eabi/14.2.1/../../../../arm-none-eabi/lib/thumb/v7-m/nofp/libnosys.a(sbrk.o)

.debug_frame    0x00000000     0x2048
 .debug_frame   0x00000000       0xc8 main.o
 .debug_frame   0x000000c8       0x98 rtos/heap_4.o
 .debug_frame   0x00000160       0x6c rtos/list.o
 .debug_frame   0x000001cc       0xd0 rtos/port.o
 .debug_frame   0x0000029c      0x200 rtos/queue.o
 .debug_frame   0x0000049c      0x444 rtos/tasks.o
 .debug_frame   0x000008e0       0x40 rtos/opencm3.o
 .debug_frame   0x00000920       0x28 /opt/gcc-arm/bin/../lib/gcc/arm-none-eabi/14.2.1/../../../../arm-none-eabi/lib/thumb/v7-m/nofp/libc.a(libc_a-memcpy.o)
 .debug_frame   0x00000948      0x3a4 /home/dima/stm32//rtos/libwwg/libwwg.a(uartlib.o)
 .debug_frame   0x00000cec      0x110 /home/dima/stm32//rtos/libwwg/libwwg.a(miniprintf.o)
 .debug_frame   0x00000dfc       0x6c /home/dima/stm32//rtos/libwwg/libwwg.a(mcuio.o)
 .debug_frame   0x00000e68       0x3c /home/dima/stm32//rtos/libwwg/libwwg.a(getline.o)
 .debug_frame   0x00000ea4      0x1bc /home/dima/stm32//rtos/libwwg/libwwg.a(usbcdc.o)
 .debug_frame   0x00001060       0x88 /home/dima/stm32/libopencm3/lib/libopencm3_stm32f1.a(exti_common_all.o)
 .debug_frame   0x000010e8       0x64 /home/dima/stm32/libopencm3/lib/libopencm3_stm32f1.a(gpio.o)
 .debug_frame   0x0000114c       0x80 /home/dima/stm32/libopencm3/lib/libopencm3_stm32f1.a(gpio_common_all.o)
 .debug_frame   0x000011cc      0x318 /home/dima/stm32/libopencm3/lib/libopencm3_stm32f1.a(rcc.o)
 .debug_frame   0x000014e4       0xe0 /home/dima/stm32/libopencm3/lib/libopencm3_stm32f1.a(rcc_common_all.o)
 .debug_frame   0x000015c4      0x1ac /home/dima/stm32/libopencm3/lib/libopencm3_stm32f1.a(rtc.o)
 .debug_frame   0x00001770      0x1ec /home/dima/stm32/libopencm3/lib/libopencm3_stm32f1.a(usart_common_all.o)
 .debug_frame   0x0000195c       0x60 /home/dima/stm32/libopencm3/lib/libopencm3_stm32f1.a(usart_common_f124.o)
 .debug_frame   0x000019bc       0x4c /home/dima/stm32/libopencm3/lib/libopencm3_stm32f1.a(vector.o)
 .debug_frame   0x00001a08       0xa0 /home/dima/stm32/libopencm3/lib/libopencm3_stm32f1.a(nvic.o)
 .debug_frame   0x00001aa8       0x50 /home/dima/stm32/libopencm3/lib/libopencm3_stm32f1.a(flash_common_all.o)
 .debug_frame   0x00001af8      0x100 /home/dima/stm32/libopencm3/lib/libopencm3_stm32f1.a(pwr_common_v1.o)
 .debug_frame   0x00001bf8       0x30 /opt/gcc-arm/bin/../lib/gcc/arm-none-eabi/14.2.1/../../../../arm-none-eabi/lib/thumb/v7-m/nofp/libc.a(libc_a-malloc.o)
 .debug_frame   0x00001c28       0x4c /opt/gcc-arm/bin/../lib/gcc/arm-none-eabi/14.2.1/../../../../arm-none-eabi/lib/thumb/v7-m/nofp/libc.a(libc_a-mallocr.o)
 .debug_frame   0x00001c74       0x30 /opt/gcc-arm/bin/../lib/gcc/arm-none-eabi/14.2.1/../../../../arm-none-eabi/lib/thumb/v7-m/nofp/libc.a(libc_a-mlock.o)
 .debug_frame   0x00001ca4       0x44 /opt/gcc-arm/bin/../lib/gcc/arm-none-eabi/14.2.1/../../../../arm-none-eabi/lib/thumb/v7-m/nofp/libc.a(libc_a-memmove.o)
 .debug_frame   0x00001ce8       0x2c /opt/gcc-arm/bin/../lib/gcc/arm-none-eabi/14.2.1/../../../../arm-none-eabi/lib/thumb/v7-m/nofp/libc.a(libc_a-sbrkr.o)
 .debug_frame   0x00001d14       0xb0 /opt/gcc-arm/bin/../lib/gcc/arm-none-eabi/14.2.1/../../../../arm-none-eabi/lib/thumb/v7-m/nofp/libc.a(libc_a-lock.o)
 .debug_frame   0x00001dc4       0x28 /opt/gcc-arm/bin/../lib/gcc/arm-none-eabi/14.2.1/../../../../arm-none-eabi/lib/thumb/v7-m/nofp/libc.a(libc_a-sysconf.o)
 .debug_frame   0x00001dec       0x20 /opt/gcc-arm/bin/../lib/gcc/arm-none-eabi/14.2.1/../../../../arm-none-eabi/lib/thumb/v7-m/nofp/libc.a(libc_a-strlen-stub.o)
 .debug_frame   0x00001e0c       0x84 /opt/gcc-arm/bin/../lib/gcc/arm-none-eabi/14.2.1/../../../../arm-none-eabi/lib/thumb/v7-m/nofp/libc.a(libc_a-freer.o)
 .debug_frame   0x00001e90      0x13c /opt/gcc-arm/bin/../lib/gcc/arm-none-eabi/14.2.1/../../../../arm-none-eabi/lib/thumb/v7-m/nofp/libc.a(libc_a-findfp.o)
 .debug_frame   0x00001fcc       0x3c /opt/gcc-arm/bin/../lib/gcc/arm-none-eabi/14.2.1/../../../../arm-none-eabi/lib/thumb/v7-m/nofp/libc.a(libc_a-reent.o)
 .debug_frame   0x00002008       0x20 /opt/gcc-arm/bin/../lib/gcc/arm-none-eabi/14.2.1/../../../../arm-none-eabi/lib/thumb/v7-m/nofp/libc.a(libc_a-errno.o)
 .debug_frame   0x00002028       0x20 /opt/gcc-arm/bin/../lib/gcc/arm-none-eabi/14.2.1/../../../../arm-none-eabi/lib/thumb/v7-m/nofp/libnosys.a(sbrk.o)

.debug_line_str
                0x00000000       0xd8
 .debug_line_str
                0x00000000       0xd8 /opt/gcc-arm/bin/../lib/gcc/arm-none-eabi/14.2.1/../../../../arm-none-eabi/lib/thumb/v7-m/nofp/libc.a(libc_a-memcpy.o)

.debug_macro    0x00000000     0x43a1
 .debug_macro   0x00000000       0xe4 /home/dima/stm32/libopencm3/lib/libopencm3_stm32f1.a(exti_common_all.o)
 .debug_macro   0x000000e4      0xac0 /home/dima/stm32/libopencm3/lib/libopencm3_stm32f1.a(exti_common_all.o)
 .debug_macro   0x00000ba4       0x1c /home/dima/stm32/libopencm3/lib/libopencm3_stm32f1.a(exti_common_all.o)
 .debug_macro   0x00000bc0       0x22 /home/dima/stm32/libopencm3/lib/libopencm3_stm32f1.a(exti_common_all.o)
 .debug_macro   0x00000be2       0x56 /home/dima/stm32/libopencm3/lib/libopencm3_stm32f1.a(exti_common_all.o)
 .debug_macro   0x00000c38       0x51 /home/dima/stm32/libopencm3/lib/libopencm3_stm32f1.a(exti_common_all.o)
 .debug_macro   0x00000c89      0x103 /home/dima/stm32/libopencm3/lib/libopencm3_stm32f1.a(exti_common_all.o)
 .debug_macro   0x00000d8c       0x6a /home/dima/stm32/libopencm3/lib/libopencm3_stm32f1.a(exti_common_all.o)
 .debug_macro   0x00000df6      0x1df /home/dima/stm32/libopencm3/lib/libopencm3_stm32f1.a(exti_common_all.o)
 .debug_macro   0x00000fd5       0x22 /home/dima/stm32/libopencm3/lib/libopencm3_stm32f1.a(exti_common_all.o)
 .debug_macro   0x00000ff7       0xe8 /home/dima/stm32/libopencm3/lib/libopencm3_stm32f1.a(exti_common_all.o)
 .debug_macro   0x000010df       0x76 /home/dima/stm32/libopencm3/lib/libopencm3_stm32f1.a(exti_common_all.o)
 .debug_macro   0x00001155      0x1b4 /home/dima/stm32/libopencm3/lib/libopencm3_stm32f1.a(exti_common_all.o)
 .debug_macro   0x00001309       0xee /home/dima/stm32/libopencm3/lib/libopencm3_stm32f1.a(exti_common_all.o)
 .debug_macro   0x000013f7       0x28 /home/dima/stm32/libopencm3/lib/libopencm3_stm32f1.a(exti_common_all.o)
 .debug_macro   0x0000141f       0x76 /home/dima/stm32/libopencm3/lib/libopencm3_stm32f1.a(exti_common_all.o)
 .debug_macro   0x00001495      0xe2e /home/dima/stm32/libopencm3/lib/libopencm3_stm32f1.a(exti_common_all.o)
 .debug_macro   0x000022c3       0xb8 /home/dima/stm32/libopencm3/lib/libopencm3_stm32f1.a(gpio.o)
 .debug_macro   0x0000237b       0xb8 /home/dima/stm32/libopencm3/lib/libopencm3_stm32f1.a(gpio_common_all.o)
 .debug_macro   0x00002433       0xe7 /home/dima/stm32/libopencm3/lib/libopencm3_stm32f1.a(rcc.o)
 .debug_macro   0x0000251a       0x16 /home/dima/stm32/libopencm3/lib/libopencm3_stm32f1.a(rcc.o)
 .debug_macro   0x00002530      0x8c6 /home/dima/stm32/libopencm3/lib/libopencm3_stm32f1.a(rcc.o)
 .debug_macro   0x00002df6       0xee /home/dima/stm32/libopencm3/lib/libopencm3_stm32f1.a(rcc.o)
 .debug_macro   0x00002ee4       0x82 /home/dima/stm32/libopencm3/lib/libopencm3_stm32f1.a(rcc.o)
 .debug_macro   0x00002f66       0xce /home/dima/stm32/libopencm3/lib/libopencm3_stm32f1.a(rcc_common_all.o)
 .debug_macro   0x00003034       0xe6 /home/dima/stm32/libopencm3/lib/libopencm3_stm32f1.a(rtc.o)
 .debug_macro   0x0000311a       0x8e /home/dima/stm32/libopencm3/lib/libopencm3_stm32f1.a(rtc.o)
 .debug_macro   0x000031a8       0x76 /home/dima/stm32/libopencm3/lib/libopencm3_stm32f1.a(rtc.o)
 .debug_macro   0x0000321e       0xda /home/dima/stm32/libopencm3/lib/libopencm3_stm32f1.a(usart_common_all.o)
 .debug_macro   0x000032f8       0x94 /home/dima/stm32/libopencm3/lib/libopencm3_stm32f1.a(usart_common_all.o)
 .debug_macro   0x0000338c      0x29e /home/dima/stm32/libopencm3/lib/libopencm3_stm32f1.a(usart_common_all.o)
 .debug_macro   0x0000362a       0xda /home/dima/stm32/libopencm3/lib/libopencm3_stm32f1.a(usart_common_f124.o)
 .debug_macro   0x00003704       0xcf /home/dima/stm32/libopencm3/lib/libopencm3_stm32f1.a(vector.o)
 .debug_macro   0x000037d3      0x395 /home/dima/stm32/libopencm3/lib/libopencm3_stm32f1.a(vector.o)
 .debug_macro   0x00003b68       0x6e /home/dima/stm32/libopencm3/lib/libopencm3_stm32f1.a(vector.o)
 .debug_macro   0x00003bd6      0x1a2 /home/dima/stm32/libopencm3/lib/libopencm3_stm32f1.a(vector.o)
 .debug_macro   0x00003d78       0xb3 /home/dima/stm32/libopencm3/lib/libopencm3_stm32f1.a(nvic.o)
 .debug_macro   0x00003e2b       0x68 /home/dima/stm32/libopencm3/lib/libopencm3_stm32f1.a(nvic.o)
 .debug_macro   0x00003e93      0x39b /home/dima/stm32/libopencm3/lib/libopencm3_stm32f1.a(nvic.o)
 .debug_macro   0x0000422e       0xc0 /home/dima/stm32/libopencm3/lib/libopencm3_stm32f1.a(flash_common_all.o)
 .debug_macro   0x000042ee       0xb3 /home/dima/stm32/libopencm3/lib/libopencm3_stm32f1.a(pwr_common_v1.o)
