Archive member included to satisfy reference by file (symbol)

/opt/gcc-arm/bin/../lib/gcc/arm-none-eabi/14.2.1/../../../../arm-none-eabi/lib/thumb/v7-m/nofp/libc.a(libc_a-memcpy.o)
                              rtos/queue.o (memcpy)
/home/dima/stm32/libopencm3/lib/libopencm3_stm32f1.a(gpio.o)
                              main.o (gpio_set_mode)
/home/dima/stm32/libopencm3/lib/libopencm3_stm32f1.a(gpio_common_all.o)
                              main.o (gpio_set)
/home/dima/stm32/libopencm3/lib/libopencm3_stm32f1.a(rcc.o)
                              main.o (rcc_clock_setup_pll)
/home/dima/stm32/libopencm3/lib/libopencm3_stm32f1.a(rcc_common_all.o)
                              main.o (rcc_periph_clock_enable)
/home/dima/stm32/libopencm3/lib/libopencm3_stm32f1.a(usart_common_all.o)
                              main.o (usart_set_baudrate)
/home/dima/stm32/libopencm3/lib/libopencm3_stm32f1.a(usart_common_f124.o)
                              main.o (usart_send)
/home/dima/stm32/libopencm3/lib/libopencm3_stm32f1.a(vector.o)
                              (reset_handler)
/home/dima/stm32/libopencm3/lib/libopencm3_stm32f1.a(nvic.o)
                              main.o (nvic_enable_irq)
/home/dima/stm32/libopencm3/lib/libopencm3_stm32f1.a(assert.o)
                              /home/dima/stm32/libopencm3/lib/libopencm3_stm32f1.a(rcc.o) (cm3_assert_failed)
/home/dima/stm32/libopencm3/lib/libopencm3_stm32f1.a(flash_common_all.o)
                              /home/dima/stm32/libopencm3/lib/libopencm3_stm32f1.a(rcc.o) (flash_set_ws)

Discarded input sections

 .text          0x00000000        0x0 main.o
 .data          0x00000000        0x0 main.o
 .bss           0x00000000        0x0 main.o
 .text.vApplicationStackOverflowHook
                0x00000000        0x2 main.o
 .text          0x00000000        0x0 rtos/heap_4.o
 .data          0x00000000        0x0 rtos/heap_4.o
 .bss           0x00000000        0x0 rtos/heap_4.o
 .text.xPortGetFreeHeapSize
                0x00000000        0xc rtos/heap_4.o
 .text.xPortGetMinimumEverFreeHeapSize
                0x00000000        0xc rtos/heap_4.o
 .text.vPortInitialiseBlocks
                0x00000000        0x2 rtos/heap_4.o
 .text          0x00000000        0x0 rtos/list.o
 .data          0x00000000        0x0 rtos/list.o
 .bss           0x00000000        0x0 rtos/list.o
 .text          0x00000000        0x0 rtos/port.o
 .data          0x00000000        0x0 rtos/port.o
 .bss           0x00000000        0x0 rtos/port.o
 .text.vPortEndScheduler
                0x00000000        0x2 rtos/port.o
 .text          0x00000000        0x0 rtos/queue.o
 .data          0x00000000        0x0 rtos/queue.o
 .bss           0x00000000        0x0 rtos/queue.o
 .text.xQueueCreateMutex
                0x00000000       0x24 rtos/queue.o
 .text.xQueueGiveFromISR
                0x00000000       0x56 rtos/queue.o
 .text.xQueueReceiveFromISR
                0x00000000       0x64 rtos/queue.o
 .text.xQueuePeekFromISR
                0x00000000       0x30 rtos/queue.o
 .text.uxQueueMessagesWaiting
                0x00000000       0x12 rtos/queue.o
 .text.uxQueueSpacesAvailable
                0x00000000       0x16 rtos/queue.o
 .text.uxQueueMessagesWaitingFromISR
                0x00000000        0x4 rtos/queue.o
 .text.vQueueDelete
                0x00000000        0x4 rtos/queue.o
 .text.xQueueIsQueueEmptyFromISR
                0x00000000        0xa rtos/queue.o
 .text.xQueueIsQueueFullFromISR
                0x00000000        0xc rtos/queue.o
 .text          0x00000000        0x0 rtos/tasks.o
 .data          0x00000000        0x0 rtos/tasks.o
 .bss           0x00000000        0x0 rtos/tasks.o
 .text.vTaskDelete
                0x00000000       0xbc rtos/tasks.o
 .text.uxTaskPriorityGet
                0x00000000       0x1c rtos/tasks.o
 .text.uxTaskPriorityGetFromISR
                0x00000000       0x28 rtos/tasks.o
 .text.vTaskPrioritySet
                0x00000000       0xc8 rtos/tasks.o
 .text.vTaskResume
                0x00000000       0x88 rtos/tasks.o
 .text.xTaskResumeFromISR
                0x00000000       0x90 rtos/tasks.o
 .text.vTaskEndScheduler
                0x00000000       0x20 rtos/tasks.o
 .text.xTaskGetTickCount
                0x00000000        0xc rtos/tasks.o
 .text.xTaskGetTickCountFromISR
                0x00000000        0xc rtos/tasks.o
 .text.uxTaskGetNumberOfTasks
                0x00000000        0xc rtos/tasks.o
 .text.pcTaskGetName
                0x00000000       0x10 rtos/tasks.o
 .text.vTaskDelayUntil
                0x00000000       0x50 rtos/tasks.o
 .text.vTaskDelay
                0x00000000       0x2e rtos/tasks.o
 .text.vTaskSuspend
                0x00000000       0xac rtos/tasks.o
 .text.vTaskPlaceOnUnorderedEventList
                0x00000000       0x28 rtos/tasks.o
 .text.xTaskRemoveFromUnorderedEventList
                0x00000000       0x5c rtos/tasks.o
 .text.xTaskGetCurrentTaskHandle
                0x00000000        0xc rtos/tasks.o
 .text.uxTaskResetEventItemValue
                0x00000000       0x18 rtos/tasks.o
 .text.ulTaskNotifyTake
                0x00000000       0x64 rtos/tasks.o
 .text.xTaskNotifyWait
                0x00000000       0x88 rtos/tasks.o
 .text.xTaskGenericNotify
                0x00000000       0xa4 rtos/tasks.o
 .text.xTaskGenericNotifyFromISR
                0x00000000       0xc4 rtos/tasks.o
 .text.vTaskNotifyGiveFromISR
                0x00000000       0xa0 rtos/tasks.o
 .text.xTaskNotifyStateClear
                0x00000000       0x2c rtos/tasks.o
 .text          0x00000000        0x0 rtos/opencm3.o
 .data          0x00000000        0x0 rtos/opencm3.o
 .bss           0x00000000        0x0 rtos/opencm3.o
 .data          0x00000000        0x0 /opt/gcc-arm/bin/../lib/gcc/arm-none-eabi/14.2.1/../../../../arm-none-eabi/lib/thumb/v7-m/nofp/libc.a(libc_a-memcpy.o)
 .bss           0x00000000        0x0 /opt/gcc-arm/bin/../lib/gcc/arm-none-eabi/14.2.1/../../../../arm-none-eabi/lib/thumb/v7-m/nofp/libc.a(libc_a-memcpy.o)
 .ARM.extab     0x00000000        0x0 /opt/gcc-arm/bin/../lib/gcc/arm-none-eabi/14.2.1/../../../../arm-none-eabi/lib/thumb/v7-m/nofp/libc.a(libc_a-memcpy.o)
 .group         0x00000000        0xc /home/dima/stm32/libopencm3/lib/libopencm3_stm32f1.a(gpio.o)
 .group         0x00000000        0xc /home/dima/stm32/libopencm3/lib/libopencm3_stm32f1.a(gpio.o)
 .group         0x00000000        0xc /home/dima/stm32/libopencm3/lib/libopencm3_stm32f1.a(gpio.o)
 .group         0x00000000        0xc /home/dima/stm32/libopencm3/lib/libopencm3_stm32f1.a(gpio.o)
 .group         0x00000000        0xc /home/dima/stm32/libopencm3/lib/libopencm3_stm32f1.a(gpio.o)
 .group         0x00000000        0xc /home/dima/stm32/libopencm3/lib/libopencm3_stm32f1.a(gpio.o)
 .group         0x00000000        0xc /home/dima/stm32/libopencm3/lib/libopencm3_stm32f1.a(gpio.o)
 .group         0x00000000        0xc /home/dima/stm32/libopencm3/lib/libopencm3_stm32f1.a(gpio.o)
 .group         0x00000000        0xc /home/dima/stm32/libopencm3/lib/libopencm3_stm32f1.a(gpio.o)
 .group         0x00000000        0xc /home/dima/stm32/libopencm3/lib/libopencm3_stm32f1.a(gpio.o)
 .group         0x00000000        0xc /home/dima/stm32/libopencm3/lib/libopencm3_stm32f1.a(gpio.o)
 .group         0x00000000        0xc /home/dima/stm32/libopencm3/lib/libopencm3_stm32f1.a(gpio.o)
 .group         0x00000000        0xc /home/dima/stm32/libopencm3/lib/libopencm3_stm32f1.a(gpio.o)
 .group         0x00000000        0xc /home/dima/stm32/libopencm3/lib/libopencm3_stm32f1.a(gpio.o)
 .text          0x00000000        0x0 /home/dima/stm32/libopencm3/lib/libopencm3_stm32f1.a(gpio.o)
 .data          0x00000000        0x0 /home/dima/stm32/libopencm3/lib/libopencm3_stm32f1.a(gpio.o)
 .bss           0x00000000        0x0 /home/dima/stm32/libopencm3/lib/libopencm3_stm32f1.a(gpio.o)
 .text.gpio_set_eventout
                0x00000000       0x10 /home/dima/stm32/libopencm3/lib/libopencm3_stm32f1.a(gpio.o)
 .text.gpio_primary_remap
                0x00000000       0x14 /home/dima/stm32/libopencm3/lib/libopencm3_stm32f1.a(gpio.o)
 .text.gpio_secondary_remap
                0x00000000       0x10 /home/dima/stm32/libopencm3/lib/libopencm3_stm32f1.a(gpio.o)
 .group         0x00000000        0xc /home/dima/stm32/libopencm3/lib/libopencm3_stm32f1.a(gpio_common_all.o)
 .group         0x00000000        0xc /home/dima/stm32/libopencm3/lib/libopencm3_stm32f1.a(gpio_common_all.o)
 .group         0x00000000        0xc /home/dima/stm32/libopencm3/lib/libopencm3_stm32f1.a(gpio_common_all.o)
 .group         0x00000000        0xc /home/dima/stm32/libopencm3/lib/libopencm3_stm32f1.a(gpio_common_all.o)
 .group         0x00000000        0xc /home/dima/stm32/libopencm3/lib/libopencm3_stm32f1.a(gpio_common_all.o)
 .group         0x00000000        0xc /home/dima/stm32/libopencm3/lib/libopencm3_stm32f1.a(gpio_common_all.o)
 .group         0x00000000        0xc /home/dima/stm32/libopencm3/lib/libopencm3_stm32f1.a(gpio_common_all.o)
 .group         0x00000000        0xc /home/dima/stm32/libopencm3/lib/libopencm3_stm32f1.a(gpio_common_all.o)
 .group         0x00000000        0xc /home/dima/stm32/libopencm3/lib/libopencm3_stm32f1.a(gpio_common_all.o)
 .group         0x00000000        0xc /home/dima/stm32/libopencm3/lib/libopencm3_stm32f1.a(gpio_common_all.o)
 .group         0x00000000        0xc /home/dima/stm32/libopencm3/lib/libopencm3_stm32f1.a(gpio_common_all.o)
 .group         0x00000000        0xc /home/dima/stm32/libopencm3/lib/libopencm3_stm32f1.a(gpio_common_all.o)
 .group         0x00000000        0xc /home/dima/stm32/libopencm3/lib/libopencm3_stm32f1.a(gpio_common_all.o)
 .group         0x00000000        0xc /home/dima/stm32/libopencm3/lib/libopencm3_stm32f1.a(gpio_common_all.o)
 .text          0x00000000        0x0 /home/dima/stm32/libopencm3/lib/libopencm3_stm32f1.a(gpio_common_all.o)
 .data          0x00000000        0x0 /home/dima/stm32/libopencm3/lib/libopencm3_stm32f1.a(gpio_common_all.o)
 .bss           0x00000000        0x0 /home/dima/stm32/libopencm3/lib/libopencm3_stm32f1.a(gpio_common_all.o)
 .text.gpio_clear
                0x00000000        0x6 /home/dima/stm32/libopencm3/lib/libopencm3_stm32f1.a(gpio_common_all.o)
 .text.gpio_get
                0x00000000        0x6 /home/dima/stm32/libopencm3/lib/libopencm3_stm32f1.a(gpio_common_all.o)
 .text.gpio_port_read
                0x00000000        0x6 /home/dima/stm32/libopencm3/lib/libopencm3_stm32f1.a(gpio_common_all.o)
 .text.gpio_port_write
                0x00000000        0x4 /home/dima/stm32/libopencm3/lib/libopencm3_stm32f1.a(gpio_common_all.o)
 .text.gpio_port_config_lock
                0x00000000       0x10 /home/dima/stm32/libopencm3/lib/libopencm3_stm32f1.a(gpio_common_all.o)
 .debug_macro   0x00000000      0xac0 /home/dima/stm32/libopencm3/lib/libopencm3_stm32f1.a(gpio_common_all.o)
 .debug_macro   0x00000000       0x1c /home/dima/stm32/libopencm3/lib/libopencm3_stm32f1.a(gpio_common_all.o)
 .debug_macro   0x00000000       0x22 /home/dima/stm32/libopencm3/lib/libopencm3_stm32f1.a(gpio_common_all.o)
 .debug_macro   0x00000000       0x56 /home/dima/stm32/libopencm3/lib/libopencm3_stm32f1.a(gpio_common_all.o)
 .debug_macro   0x00000000       0x51 /home/dima/stm32/libopencm3/lib/libopencm3_stm32f1.a(gpio_common_all.o)
 .debug_macro   0x00000000      0x103 /home/dima/stm32/libopencm3/lib/libopencm3_stm32f1.a(gpio_common_all.o)
 .debug_macro   0x00000000       0x6a /home/dima/stm32/libopencm3/lib/libopencm3_stm32f1.a(gpio_common_all.o)
 .debug_macro   0x00000000      0x1df /home/dima/stm32/libopencm3/lib/libopencm3_stm32f1.a(gpio_common_all.o)
 .debug_macro   0x00000000       0x22 /home/dima/stm32/libopencm3/lib/libopencm3_stm32f1.a(gpio_common_all.o)
 .debug_macro   0x00000000       0xe8 /home/dima/stm32/libopencm3/lib/libopencm3_stm32f1.a(gpio_common_all.o)
 .debug_macro   0x00000000       0x76 /home/dima/stm32/libopencm3/lib/libopencm3_stm32f1.a(gpio_common_all.o)
 .debug_macro   0x00000000      0x1b4 /home/dima/stm32/libopencm3/lib/libopencm3_stm32f1.a(gpio_common_all.o)
 .debug_macro   0x00000000       0x76 /home/dima/stm32/libopencm3/lib/libopencm3_stm32f1.a(gpio_common_all.o)
 .debug_macro   0x00000000      0xe2e /home/dima/stm32/libopencm3/lib/libopencm3_stm32f1.a(gpio_common_all.o)
 .group         0x00000000        0xc /home/dima/stm32/libopencm3/lib/libopencm3_stm32f1.a(rcc.o)
 .group         0x00000000        0xc /home/dima/stm32/libopencm3/lib/libopencm3_stm32f1.a(rcc.o)
 .group         0x00000000        0xc /home/dima/stm32/libopencm3/lib/libopencm3_stm32f1.a(rcc.o)
 .group         0x00000000        0xc /home/dima/stm32/libopencm3/lib/libopencm3_stm32f1.a(rcc.o)
 .group         0x00000000        0xc /home/dima/stm32/libopencm3/lib/libopencm3_stm32f1.a(rcc.o)
 .group         0x00000000        0xc /home/dima/stm32/libopencm3/lib/libopencm3_stm32f1.a(rcc.o)
 .group         0x00000000        0xc /home/dima/stm32/libopencm3/lib/libopencm3_stm32f1.a(rcc.o)
 .group         0x00000000        0xc /home/dima/stm32/libopencm3/lib/libopencm3_stm32f1.a(rcc.o)
 .group         0x00000000        0xc /home/dima/stm32/libopencm3/lib/libopencm3_stm32f1.a(rcc.o)
 .group         0x00000000        0xc /home/dima/stm32/libopencm3/lib/libopencm3_stm32f1.a(rcc.o)
 .group         0x00000000        0xc /home/dima/stm32/libopencm3/lib/libopencm3_stm32f1.a(rcc.o)
 .group         0x00000000        0xc /home/dima/stm32/libopencm3/lib/libopencm3_stm32f1.a(rcc.o)
 .group         0x00000000        0xc /home/dima/stm32/libopencm3/lib/libopencm3_stm32f1.a(rcc.o)
 .group         0x00000000        0xc /home/dima/stm32/libopencm3/lib/libopencm3_stm32f1.a(rcc.o)
 .group         0x00000000        0xc /home/dima/stm32/libopencm3/lib/libopencm3_stm32f1.a(rcc.o)
 .group         0x00000000        0xc /home/dima/stm32/libopencm3/lib/libopencm3_stm32f1.a(rcc.o)
 .text          0x00000000        0x0 /home/dima/stm32/libopencm3/lib/libopencm3_stm32f1.a(rcc.o)
 .data          0x00000000        0x0 /home/dima/stm32/libopencm3/lib/libopencm3_stm32f1.a(rcc.o)
 .bss           0x00000000        0x0 /home/dima/stm32/libopencm3/lib/libopencm3_stm32f1.a(rcc.o)
 .text.rcc_osc_ready_int_clear
                0x00000000       0x5c /home/dima/stm32/libopencm3/lib/libopencm3_stm32f1.a(rcc.o)
 .text.rcc_osc_ready_int_enable
                0x00000000       0x5c /home/dima/stm32/libopencm3/lib/libopencm3_stm32f1.a(rcc.o)
 .text.rcc_osc_ready_int_disable
                0x00000000       0x5c /home/dima/stm32/libopencm3/lib/libopencm3_stm32f1.a(rcc.o)
 .text.rcc_osc_ready_int_flag
                0x00000000       0x54 /home/dima/stm32/libopencm3/lib/libopencm3_stm32f1.a(rcc.o)
 .text.rcc_css_int_clear
                0x00000000       0x10 /home/dima/stm32/libopencm3/lib/libopencm3_stm32f1.a(rcc.o)
 .text.rcc_css_int_flag
                0x00000000       0x10 /home/dima/stm32/libopencm3/lib/libopencm3_stm32f1.a(rcc.o)
 .text.rcc_osc_off
                0x00000000       0x60 /home/dima/stm32/libopencm3/lib/libopencm3_stm32f1.a(rcc.o)
 .text.rcc_css_enable
                0x00000000       0x10 /home/dima/stm32/libopencm3/lib/libopencm3_stm32f1.a(rcc.o)
 .text.rcc_css_disable
                0x00000000       0x10 /home/dima/stm32/libopencm3/lib/libopencm3_stm32f1.a(rcc.o)
 .text.rcc_rtc_clock_enabled_flag
                0x00000000       0x10 /home/dima/stm32/libopencm3/lib/libopencm3_stm32f1.a(rcc.o)
 .text.rcc_enable_rtc_clock
                0x00000000       0x10 /home/dima/stm32/libopencm3/lib/libopencm3_stm32f1.a(rcc.o)
 .text.rcc_set_rtc_clock_source
                0x00000000       0x84 /home/dima/stm32/libopencm3/lib/libopencm3_stm32f1.a(rcc.o)
 .text.rcc_system_clock_source
                0x00000000       0x10 /home/dima/stm32/libopencm3/lib/libopencm3_stm32f1.a(rcc.o)
 .text.rcc_clock_setup_in_hsi_out_64mhz
                0x00000000       0x70 /home/dima/stm32/libopencm3/lib/libopencm3_stm32f1.a(rcc.o)
 .text.rcc_clock_setup_in_hsi_out_48mhz
                0x00000000       0x7c /home/dima/stm32/libopencm3/lib/libopencm3_stm32f1.a(rcc.o)
 .text.rcc_clock_setup_in_hsi_out_24mhz
                0x00000000       0x60 /home/dima/stm32/libopencm3/lib/libopencm3_stm32f1.a(rcc.o)
 .text.rcc_clock_setup_in_hse_8mhz_out_24mhz
                0x00000000       0x78 /home/dima/stm32/libopencm3/lib/libopencm3_stm32f1.a(rcc.o)
 .text.rcc_clock_setup_in_hse_8mhz_out_72mhz
                0x00000000       0x88 /home/dima/stm32/libopencm3/lib/libopencm3_stm32f1.a(rcc.o)
 .text.rcc_clock_setup_in_hse_12mhz_out_72mhz
                0x00000000       0x88 /home/dima/stm32/libopencm3/lib/libopencm3_stm32f1.a(rcc.o)
 .text.rcc_clock_setup_in_hse_16mhz_out_72mhz
                0x00000000       0x88 /home/dima/stm32/libopencm3/lib/libopencm3_stm32f1.a(rcc.o)
 .text.rcc_clock_setup_in_hse_25mhz_out_72mhz
                0x00000000       0xa8 /home/dima/stm32/libopencm3/lib/libopencm3_stm32f1.a(rcc.o)
 .text.rcc_backupdomain_reset
                0x00000000       0x18 /home/dima/stm32/libopencm3/lib/libopencm3_stm32f1.a(rcc.o)
 .text.rcc_get_timer_clk_freq
                0x00000000       0x34 /home/dima/stm32/libopencm3/lib/libopencm3_stm32f1.a(rcc.o)
 .text.rcc_get_i2c_clk_freq
                0x00000000        0xc /home/dima/stm32/libopencm3/lib/libopencm3_stm32f1.a(rcc.o)
 .rodata.rcc_hsi_configs
                0x00000000       0x54 /home/dima/stm32/libopencm3/lib/libopencm3_stm32f1.a(rcc.o)
 .debug_macro   0x00000000      0xac0 /home/dima/stm32/libopencm3/lib/libopencm3_stm32f1.a(rcc.o)
 .debug_macro   0x00000000       0x1c /home/dima/stm32/libopencm3/lib/libopencm3_stm32f1.a(rcc.o)
 .debug_macro   0x00000000       0x22 /home/dima/stm32/libopencm3/lib/libopencm3_stm32f1.a(rcc.o)
 .debug_macro   0x00000000       0x56 /home/dima/stm32/libopencm3/lib/libopencm3_stm32f1.a(rcc.o)
 .debug_macro   0x00000000       0x51 /home/dima/stm32/libopencm3/lib/libopencm3_stm32f1.a(rcc.o)
 .debug_macro   0x00000000      0x103 /home/dima/stm32/libopencm3/lib/libopencm3_stm32f1.a(rcc.o)
 .debug_macro   0x00000000       0x6a /home/dima/stm32/libopencm3/lib/libopencm3_stm32f1.a(rcc.o)
 .debug_macro   0x00000000      0x1df /home/dima/stm32/libopencm3/lib/libopencm3_stm32f1.a(rcc.o)
 .debug_macro   0x00000000       0x22 /home/dima/stm32/libopencm3/lib/libopencm3_stm32f1.a(rcc.o)
 .debug_macro   0x00000000       0xe8 /home/dima/stm32/libopencm3/lib/libopencm3_stm32f1.a(rcc.o)
 .debug_macro   0x00000000       0x76 /home/dima/stm32/libopencm3/lib/libopencm3_stm32f1.a(rcc.o)
 .debug_macro   0x00000000      0x1b4 /home/dima/stm32/libopencm3/lib/libopencm3_stm32f1.a(rcc.o)
 .group         0x00000000        0xc /home/dima/stm32/libopencm3/lib/libopencm3_stm32f1.a(rcc_common_all.o)
 .group         0x00000000        0xc /home/dima/stm32/libopencm3/lib/libopencm3_stm32f1.a(rcc_common_all.o)
 .group         0x00000000        0xc /home/dima/stm32/libopencm3/lib/libopencm3_stm32f1.a(rcc_common_all.o)
 .group         0x00000000        0xc /home/dima/stm32/libopencm3/lib/libopencm3_stm32f1.a(rcc_common_all.o)
 .group         0x00000000        0xc /home/dima/stm32/libopencm3/lib/libopencm3_stm32f1.a(rcc_common_all.o)
 .group         0x00000000        0xc /home/dima/stm32/libopencm3/lib/libopencm3_stm32f1.a(rcc_common_all.o)
 .group         0x00000000        0xc /home/dima/stm32/libopencm3/lib/libopencm3_stm32f1.a(rcc_common_all.o)
 .group         0x00000000        0xc /home/dima/stm32/libopencm3/lib/libopencm3_stm32f1.a(rcc_common_all.o)
 .group         0x00000000        0xc /home/dima/stm32/libopencm3/lib/libopencm3_stm32f1.a(rcc_common_all.o)
 .group         0x00000000        0xc /home/dima/stm32/libopencm3/lib/libopencm3_stm32f1.a(rcc_common_all.o)
 .group         0x00000000        0xc /home/dima/stm32/libopencm3/lib/libopencm3_stm32f1.a(rcc_common_all.o)
 .group         0x00000000        0xc /home/dima/stm32/libopencm3/lib/libopencm3_stm32f1.a(rcc_common_all.o)
 .group         0x00000000        0xc /home/dima/stm32/libopencm3/lib/libopencm3_stm32f1.a(rcc_common_all.o)
 .text          0x00000000        0x0 /home/dima/stm32/libopencm3/lib/libopencm3_stm32f1.a(rcc_common_all.o)
 .data          0x00000000        0x0 /home/dima/stm32/libopencm3/lib/libopencm3_stm32f1.a(rcc_common_all.o)
 .bss           0x00000000        0x0 /home/dima/stm32/libopencm3/lib/libopencm3_stm32f1.a(rcc_common_all.o)
 .text.rcc_peripheral_enable_clock
                0x00000000        0x8 /home/dima/stm32/libopencm3/lib/libopencm3_stm32f1.a(rcc_common_all.o)
 .text.rcc_peripheral_disable_clock
                0x00000000        0xa /home/dima/stm32/libopencm3/lib/libopencm3_stm32f1.a(rcc_common_all.o)
 .text.rcc_peripheral_reset
                0x00000000        0x8 /home/dima/stm32/libopencm3/lib/libopencm3_stm32f1.a(rcc_common_all.o)
 .text.rcc_peripheral_clear_reset
                0x00000000        0xa /home/dima/stm32/libopencm3/lib/libopencm3_stm32f1.a(rcc_common_all.o)
 .text.rcc_periph_clock_disable
                0x00000000       0x1c /home/dima/stm32/libopencm3/lib/libopencm3_stm32f1.a(rcc_common_all.o)
 .text.rcc_periph_reset_pulse
                0x00000000       0x22 /home/dima/stm32/libopencm3/lib/libopencm3_stm32f1.a(rcc_common_all.o)
 .text.rcc_periph_reset_hold
                0x00000000        0x4 /home/dima/stm32/libopencm3/lib/libopencm3_stm32f1.a(rcc_common_all.o)
 .text.rcc_periph_reset_release
                0x00000000        0x4 /home/dima/stm32/libopencm3/lib/libopencm3_stm32f1.a(rcc_common_all.o)
 .text.rcc_set_mco
                0x00000000       0x14 /home/dima/stm32/libopencm3/lib/libopencm3_stm32f1.a(rcc_common_all.o)
 .text.rcc_osc_bypass_enable
                0x00000000       0x28 /home/dima/stm32/libopencm3/lib/libopencm3_stm32f1.a(rcc_common_all.o)
 .text.rcc_osc_bypass_disable
                0x00000000       0x28 /home/dima/stm32/libopencm3/lib/libopencm3_stm32f1.a(rcc_common_all.o)
 .text.rcc_get_div_from_hpre
                0x00000000       0x18 /home/dima/stm32/libopencm3/lib/libopencm3_stm32f1.a(rcc_common_all.o)
 .debug_macro   0x00000000      0xac0 /home/dima/stm32/libopencm3/lib/libopencm3_stm32f1.a(rcc_common_all.o)
 .debug_macro   0x00000000       0x1c /home/dima/stm32/libopencm3/lib/libopencm3_stm32f1.a(rcc_common_all.o)
 .debug_macro   0x00000000       0x22 /home/dima/stm32/libopencm3/lib/libopencm3_stm32f1.a(rcc_common_all.o)
 .debug_macro   0x00000000       0x56 /home/dima/stm32/libopencm3/lib/libopencm3_stm32f1.a(rcc_common_all.o)
 .debug_macro   0x00000000       0x51 /home/dima/stm32/libopencm3/lib/libopencm3_stm32f1.a(rcc_common_all.o)
 .debug_macro   0x00000000      0x103 /home/dima/stm32/libopencm3/lib/libopencm3_stm32f1.a(rcc_common_all.o)
 .debug_macro   0x00000000       0x6a /home/dima/stm32/libopencm3/lib/libopencm3_stm32f1.a(rcc_common_all.o)
 .debug_macro   0x00000000      0x1df /home/dima/stm32/libopencm3/lib/libopencm3_stm32f1.a(rcc_common_all.o)
 .debug_macro   0x00000000       0x22 /home/dima/stm32/libopencm3/lib/libopencm3_stm32f1.a(rcc_common_all.o)
 .debug_macro   0x00000000       0xe8 /home/dima/stm32/libopencm3/lib/libopencm3_stm32f1.a(rcc_common_all.o)
 .debug_macro   0x00000000       0x76 /home/dima/stm32/libopencm3/lib/libopencm3_stm32f1.a(rcc_common_all.o)
 .debug_macro   0x00000000      0x1b4 /home/dima/stm32/libopencm3/lib/libopencm3_stm32f1.a(rcc_common_all.o)
 .debug_macro   0x00000000      0x8c6 /home/dima/stm32/libopencm3/lib/libopencm3_stm32f1.a(rcc_common_all.o)
 .group         0x00000000        0xc /home/dima/stm32/libopencm3/lib/libopencm3_stm32f1.a(usart_common_all.o)
 .group         0x00000000        0xc /home/dima/stm32/libopencm3/lib/libopencm3_stm32f1.a(usart_common_all.o)
 .group         0x00000000        0xc /home/dima/stm32/libopencm3/lib/libopencm3_stm32f1.a(usart_common_all.o)
 .group         0x00000000        0xc /home/dima/stm32/libopencm3/lib/libopencm3_stm32f1.a(usart_common_all.o)
 .group         0x00000000        0xc /home/dima/stm32/libopencm3/lib/libopencm3_stm32f1.a(usart_common_all.o)
 .group         0x00000000        0xc /home/dima/stm32/libopencm3/lib/libopencm3_stm32f1.a(usart_common_all.o)
 .group         0x00000000        0xc /home/dima/stm32/libopencm3/lib/libopencm3_stm32f1.a(usart_common_all.o)
 .group         0x00000000        0xc /home/dima/stm32/libopencm3/lib/libopencm3_stm32f1.a(usart_common_all.o)
 .group         0x00000000        0xc /home/dima/stm32/libopencm3/lib/libopencm3_stm32f1.a(usart_common_all.o)
 .group         0x00000000        0xc /home/dima/stm32/libopencm3/lib/libopencm3_stm32f1.a(usart_common_all.o)
 .group         0x00000000        0xc /home/dima/stm32/libopencm3/lib/libopencm3_stm32f1.a(usart_common_all.o)
 .group         0x00000000        0xc /home/dima/stm32/libopencm3/lib/libopencm3_stm32f1.a(usart_common_all.o)
 .group         0x00000000        0xc /home/dima/stm32/libopencm3/lib/libopencm3_stm32f1.a(usart_common_all.o)
 .group         0x00000000        0xc /home/dima/stm32/libopencm3/lib/libopencm3_stm32f1.a(usart_common_all.o)
 .group         0x00000000        0xc /home/dima/stm32/libopencm3/lib/libopencm3_stm32f1.a(usart_common_all.o)
 .text          0x00000000        0x0 /home/dima/stm32/libopencm3/lib/libopencm3_stm32f1.a(usart_common_all.o)
 .data          0x00000000        0x0 /home/dima/stm32/libopencm3/lib/libopencm3_stm32f1.a(usart_common_all.o)
 .bss           0x00000000        0x0 /home/dima/stm32/libopencm3/lib/libopencm3_stm32f1.a(usart_common_all.o)
 .text.usart_get_databits
                0x00000000        0xe /home/dima/stm32/libopencm3/lib/libopencm3_stm32f1.a(usart_common_all.o)
 .text.usart_get_stopbits
                0x00000000        0x8 /home/dima/stm32/libopencm3/lib/libopencm3_stm32f1.a(usart_common_all.o)
 .text.usart_get_parity
                0x00000000        0x8 /home/dima/stm32/libopencm3/lib/libopencm3_stm32f1.a(usart_common_all.o)
 .text.usart_set_flow_control
                0x00000000        0xc /home/dima/stm32/libopencm3/lib/libopencm3_stm32f1.a(usart_common_all.o)
 .text.usart_disable
                0x00000000        0xa /home/dima/stm32/libopencm3/lib/libopencm3_stm32f1.a(usart_common_all.o)
 .text.usart_send_blocking
                0x00000000       0x16 /home/dima/stm32/libopencm3/lib/libopencm3_stm32f1.a(usart_common_all.o)
 .text.usart_recv_blocking
                0x00000000       0x12 /home/dima/stm32/libopencm3/lib/libopencm3_stm32f1.a(usart_common_all.o)
 .text.usart_enable_rx_dma
                0x00000000        0xa /home/dima/stm32/libopencm3/lib/libopencm3_stm32f1.a(usart_common_all.o)
 .text.usart_disable_rx_dma
                0x00000000        0xa /home/dima/stm32/libopencm3/lib/libopencm3_stm32f1.a(usart_common_all.o)
 .text.usart_enable_tx_dma
                0x00000000        0xa /home/dima/stm32/libopencm3/lib/libopencm3_stm32f1.a(usart_common_all.o)
 .text.usart_disable_tx_dma
                0x00000000        0xa /home/dima/stm32/libopencm3/lib/libopencm3_stm32f1.a(usart_common_all.o)
 .text.usart_disable_rx_interrupt
                0x00000000        0xa /home/dima/stm32/libopencm3/lib/libopencm3_stm32f1.a(usart_common_all.o)
 .text.usart_enable_tx_interrupt
                0x00000000        0xa /home/dima/stm32/libopencm3/lib/libopencm3_stm32f1.a(usart_common_all.o)
 .text.usart_disable_tx_interrupt
                0x00000000        0xa /home/dima/stm32/libopencm3/lib/libopencm3_stm32f1.a(usart_common_all.o)
 .text.usart_enable_tx_complete_interrupt
                0x00000000        0xa /home/dima/stm32/libopencm3/lib/libopencm3_stm32f1.a(usart_common_all.o)
 .text.usart_disable_tx_complete_interrupt
                0x00000000        0xa /home/dima/stm32/libopencm3/lib/libopencm3_stm32f1.a(usart_common_all.o)
 .text.usart_enable_idle_interrupt
                0x00000000        0xa /home/dima/stm32/libopencm3/lib/libopencm3_stm32f1.a(usart_common_all.o)
 .text.usart_disable_idle_interrupt
                0x00000000        0xa /home/dima/stm32/libopencm3/lib/libopencm3_stm32f1.a(usart_common_all.o)
 .text.usart_enable_error_interrupt
                0x00000000        0xa /home/dima/stm32/libopencm3/lib/libopencm3_stm32f1.a(usart_common_all.o)
 .text.usart_disable_error_interrupt
                0x00000000        0xa /home/dima/stm32/libopencm3/lib/libopencm3_stm32f1.a(usart_common_all.o)
 .debug_macro   0x00000000      0xac0 /home/dima/stm32/libopencm3/lib/libopencm3_stm32f1.a(usart_common_all.o)
 .debug_macro   0x00000000       0x1c /home/dima/stm32/libopencm3/lib/libopencm3_stm32f1.a(usart_common_all.o)
 .debug_macro   0x00000000       0x22 /home/dima/stm32/libopencm3/lib/libopencm3_stm32f1.a(usart_common_all.o)
 .debug_macro   0x00000000       0x56 /home/dima/stm32/libopencm3/lib/libopencm3_stm32f1.a(usart_common_all.o)
 .debug_macro   0x00000000       0x51 /home/dima/stm32/libopencm3/lib/libopencm3_stm32f1.a(usart_common_all.o)
 .debug_macro   0x00000000      0x103 /home/dima/stm32/libopencm3/lib/libopencm3_stm32f1.a(usart_common_all.o)
 .debug_macro   0x00000000       0x6a /home/dima/stm32/libopencm3/lib/libopencm3_stm32f1.a(usart_common_all.o)
 .debug_macro   0x00000000      0x1df /home/dima/stm32/libopencm3/lib/libopencm3_stm32f1.a(usart_common_all.o)
 .debug_macro   0x00000000       0x22 /home/dima/stm32/libopencm3/lib/libopencm3_stm32f1.a(usart_common_all.o)
 .debug_macro   0x00000000       0xe8 /home/dima/stm32/libopencm3/lib/libopencm3_stm32f1.a(usart_common_all.o)
 .debug_macro   0x00000000       0x76 /home/dima/stm32/libopencm3/lib/libopencm3_stm32f1.a(usart_common_all.o)
 .debug_macro   0x00000000      0x1b4 /home/dima/stm32/libopencm3/lib/libopencm3_stm32f1.a(usart_common_all.o)
 .debug_macro   0x00000000      0x8c6 /home/dima/stm32/libopencm3/lib/libopencm3_stm32f1.a(usart_common_all.o)
 .group         0x00000000        0xc /home/dima/stm32/libopencm3/lib/libopencm3_stm32f1.a(usart_common_f124.o)
 .group         0x00000000        0xc /home/dima/stm32/libopencm3/lib/libopencm3_stm32f1.a(usart_common_f124.o)
 .group         0x00000000        0xc /home/dima/stm32/libopencm3/lib/libopencm3_stm32f1.a(usart_common_f124.o)
 .group         0x00000000        0xc /home/dima/stm32/libopencm3/lib/libopencm3_stm32f1.a(usart_common_f124.o)
 .group         0x00000000        0xc /home/dima/stm32/libopencm3/lib/libopencm3_stm32f1.a(usart_common_f124.o)
 .group         0x00000000        0xc /home/dima/stm32/libopencm3/lib/libopencm3_stm32f1.a(usart_common_f124.o)
 .group         0x00000000        0xc /home/dima/stm32/libopencm3/lib/libopencm3_stm32f1.a(usart_common_f124.o)
 .group         0x00000000        0xc /home/dima/stm32/libopencm3/lib/libopencm3_stm32f1.a(usart_common_f124.o)
 .group         0x00000000        0xc /home/dima/stm32/libopencm3/lib/libopencm3_stm32f1.a(usart_common_f124.o)
 .group         0x00000000        0xc /home/dima/stm32/libopencm3/lib/libopencm3_stm32f1.a(usart_common_f124.o)
 .group         0x00000000        0xc /home/dima/stm32/libopencm3/lib/libopencm3_stm32f1.a(usart_common_f124.o)
 .group         0x00000000        0xc /home/dima/stm32/libopencm3/lib/libopencm3_stm32f1.a(usart_common_f124.o)
 .group         0x00000000        0xc /home/dima/stm32/libopencm3/lib/libopencm3_stm32f1.a(usart_common_f124.o)
 .group         0x00000000        0xc /home/dima/stm32/libopencm3/lib/libopencm3_stm32f1.a(usart_common_f124.o)
 .group         0x00000000        0xc /home/dima/stm32/libopencm3/lib/libopencm3_stm32f1.a(usart_common_f124.o)
 .text          0x00000000        0x0 /home/dima/stm32/libopencm3/lib/libopencm3_stm32f1.a(usart_common_f124.o)
 .data          0x00000000        0x0 /home/dima/stm32/libopencm3/lib/libopencm3_stm32f1.a(usart_common_f124.o)
 .bss           0x00000000        0x0 /home/dima/stm32/libopencm3/lib/libopencm3_stm32f1.a(usart_common_f124.o)
 .text.usart_wait_send_ready
                0x00000000        0x8 /home/dima/stm32/libopencm3/lib/libopencm3_stm32f1.a(usart_common_f124.o)
 .text.usart_wait_recv_ready
                0x00000000        0x8 /home/dima/stm32/libopencm3/lib/libopencm3_stm32f1.a(usart_common_f124.o)
 .debug_macro   0x00000000      0xac0 /home/dima/stm32/libopencm3/lib/libopencm3_stm32f1.a(usart_common_f124.o)
 .debug_macro   0x00000000       0x1c /home/dima/stm32/libopencm3/lib/libopencm3_stm32f1.a(usart_common_f124.o)
 .debug_macro   0x00000000       0x22 /home/dima/stm32/libopencm3/lib/libopencm3_stm32f1.a(usart_common_f124.o)
 .debug_macro   0x00000000       0x56 /home/dima/stm32/libopencm3/lib/libopencm3_stm32f1.a(usart_common_f124.o)
 .debug_macro   0x00000000       0x51 /home/dima/stm32/libopencm3/lib/libopencm3_stm32f1.a(usart_common_f124.o)
 .debug_macro   0x00000000      0x103 /home/dima/stm32/libopencm3/lib/libopencm3_stm32f1.a(usart_common_f124.o)
 .debug_macro   0x00000000       0x6a /home/dima/stm32/libopencm3/lib/libopencm3_stm32f1.a(usart_common_f124.o)
 .debug_macro   0x00000000      0x1df /home/dima/stm32/libopencm3/lib/libopencm3_stm32f1.a(usart_common_f124.o)
 .debug_macro   0x00000000       0x22 /home/dima/stm32/libopencm3/lib/libopencm3_stm32f1.a(usart_common_f124.o)
 .debug_macro   0x00000000       0xe8 /home/dima/stm32/libopencm3/lib/libopencm3_stm32f1.a(usart_common_f124.o)
 .debug_macro   0x00000000       0x76 /home/dima/stm32/libopencm3/lib/libopencm3_stm32f1.a(usart_common_f124.o)
 .debug_macro   0x00000000      0x1b4 /home/dima/stm32/libopencm3/lib/libopencm3_stm32f1.a(usart_common_f124.o)
 .debug_macro   0x00000000       0x94 /home/dima/stm32/libopencm3/lib/libopencm3_stm32f1.a(usart_common_f124.o)
 .debug_macro   0x00000000      0x29e /home/dima/stm32/libopencm3/lib/libopencm3_stm32f1.a(usart_common_f124.o)
 .debug_macro   0x00000000      0x8c6 /home/dima/stm32/libopencm3/lib/libopencm3_stm32f1.a(usart_common_f124.o)
 .group         0x00000000        0xc /home/dima/stm32/libopencm3/lib/libopencm3_stm32f1.a(vector.o)
 .group         0x00000000        0xc /home/dima/stm32/libopencm3/lib/libopencm3_stm32f1.a(vector.o)
 .group         0x00000000        0xc /home/dima/stm32/libopencm3/lib/libopencm3_stm32f1.a(vector.o)
 .group         0x00000000        0xc /home/dima/stm32/libopencm3/lib/libopencm3_stm32f1.a(vector.o)
 .group         0x00000000        0xc /home/dima/stm32/libopencm3/lib/libopencm3_stm32f1.a(vector.o)
 .group         0x00000000        0xc /home/dima/stm32/libopencm3/lib/libopencm3_stm32f1.a(vector.o)
 .group         0x00000000        0xc /home/dima/stm32/libopencm3/lib/libopencm3_stm32f1.a(vector.o)
 .group         0x00000000        0xc /home/dima/stm32/libopencm3/lib/libopencm3_stm32f1.a(vector.o)
 .group         0x00000000        0xc /home/dima/stm32/libopencm3/lib/libopencm3_stm32f1.a(vector.o)
 .group         0x00000000        0xc /home/dima/stm32/libopencm3/lib/libopencm3_stm32f1.a(vector.o)
 .group         0x00000000        0xc /home/dima/stm32/libopencm3/lib/libopencm3_stm32f1.a(vector.o)
 .group         0x00000000        0xc /home/dima/stm32/libopencm3/lib/libopencm3_stm32f1.a(vector.o)
 .group         0x00000000        0xc /home/dima/stm32/libopencm3/lib/libopencm3_stm32f1.a(vector.o)
 .group         0x00000000        0xc /home/dima/stm32/libopencm3/lib/libopencm3_stm32f1.a(vector.o)
 .text          0x00000000        0x0 /home/dima/stm32/libopencm3/lib/libopencm3_stm32f1.a(vector.o)
 .data          0x00000000        0x0 /home/dima/stm32/libopencm3/lib/libopencm3_stm32f1.a(vector.o)
 .bss           0x00000000        0x0 /home/dima/stm32/libopencm3/lib/libopencm3_stm32f1.a(vector.o)
 .debug_macro   0x00000000      0xac0 /home/dima/stm32/libopencm3/lib/libopencm3_stm32f1.a(vector.o)
 .debug_macro   0x00000000       0x76 /home/dima/stm32/libopencm3/lib/libopencm3_stm32f1.a(vector.o)
 .debug_macro   0x00000000       0x1c /home/dima/stm32/libopencm3/lib/libopencm3_stm32f1.a(vector.o)
 .debug_macro   0x00000000       0x22 /home/dima/stm32/libopencm3/lib/libopencm3_stm32f1.a(vector.o)
 .debug_macro   0x00000000       0x56 /home/dima/stm32/libopencm3/lib/libopencm3_stm32f1.a(vector.o)
 .debug_macro   0x00000000       0x51 /home/dima/stm32/libopencm3/lib/libopencm3_stm32f1.a(vector.o)
 .debug_macro   0x00000000      0x103 /home/dima/stm32/libopencm3/lib/libopencm3_stm32f1.a(vector.o)
 .debug_macro   0x00000000       0x6a /home/dima/stm32/libopencm3/lib/libopencm3_stm32f1.a(vector.o)
 .debug_macro   0x00000000      0x1df /home/dima/stm32/libopencm3/lib/libopencm3_stm32f1.a(vector.o)
 .debug_macro   0x00000000       0x22 /home/dima/stm32/libopencm3/lib/libopencm3_stm32f1.a(vector.o)
 .debug_macro   0x00000000       0xe8 /home/dima/stm32/libopencm3/lib/libopencm3_stm32f1.a(vector.o)
 .group         0x00000000        0xc /home/dima/stm32/libopencm3/lib/libopencm3_stm32f1.a(nvic.o)
 .group         0x00000000        0xc /home/dima/stm32/libopencm3/lib/libopencm3_stm32f1.a(nvic.o)
 .group         0x00000000        0xc /home/dima/stm32/libopencm3/lib/libopencm3_stm32f1.a(nvic.o)
 .group         0x00000000        0xc /home/dima/stm32/libopencm3/lib/libopencm3_stm32f1.a(nvic.o)
 .group         0x00000000        0xc /home/dima/stm32/libopencm3/lib/libopencm3_stm32f1.a(nvic.o)
 .group         0x00000000        0xc /home/dima/stm32/libopencm3/lib/libopencm3_stm32f1.a(nvic.o)
 .group         0x00000000        0xc /home/dima/stm32/libopencm3/lib/libopencm3_stm32f1.a(nvic.o)
 .group         0x00000000        0xc /home/dima/stm32/libopencm3/lib/libopencm3_stm32f1.a(nvic.o)
 .group         0x00000000        0xc /home/dima/stm32/libopencm3/lib/libopencm3_stm32f1.a(nvic.o)
 .group         0x00000000        0xc /home/dima/stm32/libopencm3/lib/libopencm3_stm32f1.a(nvic.o)
 .group         0x00000000        0xc /home/dima/stm32/libopencm3/lib/libopencm3_stm32f1.a(nvic.o)
 .group         0x00000000        0xc /home/dima/stm32/libopencm3/lib/libopencm3_stm32f1.a(nvic.o)
 .group         0x00000000        0xc /home/dima/stm32/libopencm3/lib/libopencm3_stm32f1.a(nvic.o)
 .group         0x00000000        0xc /home/dima/stm32/libopencm3/lib/libopencm3_stm32f1.a(nvic.o)
 .text          0x00000000        0x0 /home/dima/stm32/libopencm3/lib/libopencm3_stm32f1.a(nvic.o)
 .data          0x00000000        0x0 /home/dima/stm32/libopencm3/lib/libopencm3_stm32f1.a(nvic.o)
 .bss           0x00000000        0x0 /home/dima/stm32/libopencm3/lib/libopencm3_stm32f1.a(nvic.o)
 .text.nvic_disable_irq
                0x00000000       0x18 /home/dima/stm32/libopencm3/lib/libopencm3_stm32f1.a(nvic.o)
 .text.nvic_get_pending_irq
                0x00000000       0x22 /home/dima/stm32/libopencm3/lib/libopencm3_stm32f1.a(nvic.o)
 .text.nvic_set_pending_irq
                0x00000000       0x18 /home/dima/stm32/libopencm3/lib/libopencm3_stm32f1.a(nvic.o)
 .text.nvic_clear_pending_irq
                0x00000000       0x18 /home/dima/stm32/libopencm3/lib/libopencm3_stm32f1.a(nvic.o)
 .text.nvic_get_irq_enabled
                0x00000000       0x22 /home/dima/stm32/libopencm3/lib/libopencm3_stm32f1.a(nvic.o)
 .text.nvic_set_priority
                0x00000000       0x20 /home/dima/stm32/libopencm3/lib/libopencm3_stm32f1.a(nvic.o)
 .text.nvic_get_active_irq
                0x00000000       0x22 /home/dima/stm32/libopencm3/lib/libopencm3_stm32f1.a(nvic.o)
 .text.nvic_generate_software_interrupt
                0x00000000       0x14 /home/dima/stm32/libopencm3/lib/libopencm3_stm32f1.a(nvic.o)
 .debug_macro   0x00000000      0xac0 /home/dima/stm32/libopencm3/lib/libopencm3_stm32f1.a(nvic.o)
 .debug_macro   0x00000000       0x1c /home/dima/stm32/libopencm3/lib/libopencm3_stm32f1.a(nvic.o)
 .debug_macro   0x00000000       0x22 /home/dima/stm32/libopencm3/lib/libopencm3_stm32f1.a(nvic.o)
 .debug_macro   0x00000000       0x56 /home/dima/stm32/libopencm3/lib/libopencm3_stm32f1.a(nvic.o)
 .debug_macro   0x00000000       0x51 /home/dima/stm32/libopencm3/lib/libopencm3_stm32f1.a(nvic.o)
 .debug_macro   0x00000000      0x103 /home/dima/stm32/libopencm3/lib/libopencm3_stm32f1.a(nvic.o)
 .debug_macro   0x00000000       0x6a /home/dima/stm32/libopencm3/lib/libopencm3_stm32f1.a(nvic.o)
 .debug_macro   0x00000000      0x1df /home/dima/stm32/libopencm3/lib/libopencm3_stm32f1.a(nvic.o)
 .debug_macro   0x00000000       0x22 /home/dima/stm32/libopencm3/lib/libopencm3_stm32f1.a(nvic.o)
 .debug_macro   0x00000000       0xe8 /home/dima/stm32/libopencm3/lib/libopencm3_stm32f1.a(nvic.o)
 .debug_macro   0x00000000       0x76 /home/dima/stm32/libopencm3/lib/libopencm3_stm32f1.a(nvic.o)
 .debug_macro   0x00000000      0x1a2 /home/dima/stm32/libopencm3/lib/libopencm3_stm32f1.a(nvic.o)
 .group         0x00000000        0xc /home/dima/stm32/libopencm3/lib/libopencm3_stm32f1.a(assert.o)
 .group         0x00000000        0xc /home/dima/stm32/libopencm3/lib/libopencm3_stm32f1.a(assert.o)
 .group         0x00000000        0xc /home/dima/stm32/libopencm3/lib/libopencm3_stm32f1.a(assert.o)
 .group         0x00000000        0xc /home/dima/stm32/libopencm3/lib/libopencm3_stm32f1.a(assert.o)
 .group         0x00000000        0xc /home/dima/stm32/libopencm3/lib/libopencm3_stm32f1.a(assert.o)
 .group         0x00000000        0xc /home/dima/stm32/libopencm3/lib/libopencm3_stm32f1.a(assert.o)
 .group         0x00000000        0xc /home/dima/stm32/libopencm3/lib/libopencm3_stm32f1.a(assert.o)
 .group         0x00000000        0xc /home/dima/stm32/libopencm3/lib/libopencm3_stm32f1.a(assert.o)
 .group         0x00000000        0xc /home/dima/stm32/libopencm3/lib/libopencm3_stm32f1.a(assert.o)
 .group         0x00000000        0xc /home/dima/stm32/libopencm3/lib/libopencm3_stm32f1.a(assert.o)
 .group         0x00000000        0xc /home/dima/stm32/libopencm3/lib/libopencm3_stm32f1.a(assert.o)
 .text          0x00000000        0x0 /home/dima/stm32/libopencm3/lib/libopencm3_stm32f1.a(assert.o)
 .data          0x00000000        0x0 /home/dima/stm32/libopencm3/lib/libopencm3_stm32f1.a(assert.o)
 .bss           0x00000000        0x0 /home/dima/stm32/libopencm3/lib/libopencm3_stm32f1.a(assert.o)
 .text.cm3_assert_failed
                0x00000000        0x2 /home/dima/stm32/libopencm3/lib/libopencm3_stm32f1.a(assert.o)
 .text.cm3_assert_failed_verbose
                0x00000000        0x6 /home/dima/stm32/libopencm3/lib/libopencm3_stm32f1.a(assert.o)
 .debug_info    0x00000000      0x101 /home/dima/stm32/libopencm3/lib/libopencm3_stm32f1.a(assert.o)
 .debug_abbrev  0x00000000       0x94 /home/dima/stm32/libopencm3/lib/libopencm3_stm32f1.a(assert.o)
 .debug_loclists
                0x00000000       0x80 /home/dima/stm32/libopencm3/lib/libopencm3_stm32f1.a(assert.o)
 .debug_aranges
                0x00000000       0x28 /home/dima/stm32/libopencm3/lib/libopencm3_stm32f1.a(assert.o)
 .debug_rnglists
                0x00000000       0x19 /home/dima/stm32/libopencm3/lib/libopencm3_stm32f1.a(assert.o)
 .debug_macro   0x00000000       0x89 /home/dima/stm32/libopencm3/lib/libopencm3_stm32f1.a(assert.o)
 .debug_macro   0x00000000      0xac0 /home/dima/stm32/libopencm3/lib/libopencm3_stm32f1.a(assert.o)
 .debug_macro   0x00000000       0x1c /home/dima/stm32/libopencm3/lib/libopencm3_stm32f1.a(assert.o)
 .debug_macro   0x00000000       0x22 /home/dima/stm32/libopencm3/lib/libopencm3_stm32f1.a(assert.o)
 .debug_macro   0x00000000       0x56 /home/dima/stm32/libopencm3/lib/libopencm3_stm32f1.a(assert.o)
 .debug_macro   0x00000000       0x51 /home/dima/stm32/libopencm3/lib/libopencm3_stm32f1.a(assert.o)
 .debug_macro   0x00000000      0x103 /home/dima/stm32/libopencm3/lib/libopencm3_stm32f1.a(assert.o)
 .debug_macro   0x00000000       0x6a /home/dima/stm32/libopencm3/lib/libopencm3_stm32f1.a(assert.o)
 .debug_macro   0x00000000      0x1df /home/dima/stm32/libopencm3/lib/libopencm3_stm32f1.a(assert.o)
 .debug_macro   0x00000000       0x22 /home/dima/stm32/libopencm3/lib/libopencm3_stm32f1.a(assert.o)
 .debug_macro   0x00000000       0xe8 /home/dima/stm32/libopencm3/lib/libopencm3_stm32f1.a(assert.o)
 .debug_macro   0x00000000       0x16 /home/dima/stm32/libopencm3/lib/libopencm3_stm32f1.a(assert.o)
 .debug_line    0x00000000      0x1b9 /home/dima/stm32/libopencm3/lib/libopencm3_stm32f1.a(assert.o)
 .debug_str     0x00000000     0x4151 /home/dima/stm32/libopencm3/lib/libopencm3_stm32f1.a(assert.o)
 .comment       0x00000000       0x46 /home/dima/stm32/libopencm3/lib/libopencm3_stm32f1.a(assert.o)
 .debug_frame   0x00000000       0x38 /home/dima/stm32/libopencm3/lib/libopencm3_stm32f1.a(assert.o)
 .ARM.attributes
                0x00000000       0x2d /home/dima/stm32/libopencm3/lib/libopencm3_stm32f1.a(assert.o)
 .group         0x00000000        0xc /home/dima/stm32/libopencm3/lib/libopencm3_stm32f1.a(flash_common_all.o)
 .group         0x00000000        0xc /home/dima/stm32/libopencm3/lib/libopencm3_stm32f1.a(flash_common_all.o)
 .group         0x00000000        0xc /home/dima/stm32/libopencm3/lib/libopencm3_stm32f1.a(flash_common_all.o)
 .group         0x00000000        0xc /home/dima/stm32/libopencm3/lib/libopencm3_stm32f1.a(flash_common_all.o)
 .group         0x00000000        0xc /home/dima/stm32/libopencm3/lib/libopencm3_stm32f1.a(flash_common_all.o)
 .group         0x00000000        0xc /home/dima/stm32/libopencm3/lib/libopencm3_stm32f1.a(flash_common_all.o)
 .group         0x00000000        0xc /home/dima/stm32/libopencm3/lib/libopencm3_stm32f1.a(flash_common_all.o)
 .group         0x00000000        0xc /home/dima/stm32/libopencm3/lib/libopencm3_stm32f1.a(flash_common_all.o)
 .group         0x00000000        0xc /home/dima/stm32/libopencm3/lib/libopencm3_stm32f1.a(flash_common_all.o)
 .group         0x00000000        0xc /home/dima/stm32/libopencm3/lib/libopencm3_stm32f1.a(flash_common_all.o)
 .group         0x00000000        0xc /home/dima/stm32/libopencm3/lib/libopencm3_stm32f1.a(flash_common_all.o)
 .group         0x00000000        0xc /home/dima/stm32/libopencm3/lib/libopencm3_stm32f1.a(flash_common_all.o)
 .group         0x00000000        0xc /home/dima/stm32/libopencm3/lib/libopencm3_stm32f1.a(flash_common_all.o)
 .group         0x00000000        0xc /home/dima/stm32/libopencm3/lib/libopencm3_stm32f1.a(flash_common_all.o)
 .text          0x00000000        0x0 /home/dima/stm32/libopencm3/lib/libopencm3_stm32f1.a(flash_common_all.o)
 .data          0x00000000        0x0 /home/dima/stm32/libopencm3/lib/libopencm3_stm32f1.a(flash_common_all.o)
 .bss           0x00000000        0x0 /home/dima/stm32/libopencm3/lib/libopencm3_stm32f1.a(flash_common_all.o)
 .text.flash_prefetch_enable
                0x00000000       0x10 /home/dima/stm32/libopencm3/lib/libopencm3_stm32f1.a(flash_common_all.o)
 .text.flash_prefetch_disable
                0x00000000       0x10 /home/dima/stm32/libopencm3/lib/libopencm3_stm32f1.a(flash_common_all.o)
 .text.flash_unlock_option_bytes
                0x00000000       0x18 /home/dima/stm32/libopencm3/lib/libopencm3_stm32f1.a(flash_common_all.o)
 .debug_macro   0x00000000      0xac0 /home/dima/stm32/libopencm3/lib/libopencm3_stm32f1.a(flash_common_all.o)
 .debug_macro   0x00000000       0x1c /home/dima/stm32/libopencm3/lib/libopencm3_stm32f1.a(flash_common_all.o)
 .debug_macro   0x00000000       0x22 /home/dima/stm32/libopencm3/lib/libopencm3_stm32f1.a(flash_common_all.o)
 .debug_macro   0x00000000       0x56 /home/dima/stm32/libopencm3/lib/libopencm3_stm32f1.a(flash_common_all.o)
 .debug_macro   0x00000000       0x51 /home/dima/stm32/libopencm3/lib/libopencm3_stm32f1.a(flash_common_all.o)
 .debug_macro   0x00000000      0x103 /home/dima/stm32/libopencm3/lib/libopencm3_stm32f1.a(flash_common_all.o)
 .debug_macro   0x00000000       0x6a /home/dima/stm32/libopencm3/lib/libopencm3_stm32f1.a(flash_common_all.o)
 .debug_macro   0x00000000      0x1df /home/dima/stm32/libopencm3/lib/libopencm3_stm32f1.a(flash_common_all.o)
 .debug_macro   0x00000000       0x22 /home/dima/stm32/libopencm3/lib/libopencm3_stm32f1.a(flash_common_all.o)
 .debug_macro   0x00000000       0xe8 /home/dima/stm32/libopencm3/lib/libopencm3_stm32f1.a(flash_common_all.o)
 .debug_macro   0x00000000       0x76 /home/dima/stm32/libopencm3/lib/libopencm3_stm32f1.a(flash_common_all.o)
 .debug_macro   0x00000000      0x1b4 /home/dima/stm32/libopencm3/lib/libopencm3_stm32f1.a(flash_common_all.o)
 .debug_macro   0x00000000       0xee /home/dima/stm32/libopencm3/lib/libopencm3_stm32f1.a(flash_common_all.o)
 .debug_macro   0x00000000       0x82 /home/dima/stm32/libopencm3/lib/libopencm3_stm32f1.a(flash_common_all.o)

Memory Configuration

Name             Origin             Length             Attributes
rom              0x08000000         0x00010000         xr
ram              0x20000000         0x00005000         xrw
*default*        0x00000000         0xffffffff

Linker script and memory map

LOAD main.o
LOAD rtos/heap_4.o
LOAD rtos/list.o
LOAD rtos/port.o
LOAD rtos/queue.o
LOAD rtos/tasks.o
LOAD rtos/opencm3.o
START GROUP
LOAD /opt/gcc-arm/bin/../lib/gcc/arm-none-eabi/14.2.1/../../../../arm-none-eabi/lib/thumb/v7-m/nofp/libc.a
LOAD /opt/gcc-arm/bin/../lib/gcc/arm-none-eabi/14.2.1/thumb/v7-m/nofp/libgcc.a
LOAD /opt/gcc-arm/bin/../lib/gcc/arm-none-eabi/14.2.1/../../../../arm-none-eabi/lib/thumb/v7-m/nofp/libnosys.a
END GROUP
LOAD /home/dima/stm32//rtos/libwwg/libwwg.a
LOAD /home/dima/stm32/libopencm3/lib/libopencm3_stm32f1.a
START GROUP
LOAD /opt/gcc-arm/bin/../lib/gcc/arm-none-eabi/14.2.1/thumb/v7-m/nofp/libgcc.a
LOAD /opt/gcc-arm/bin/../lib/gcc/arm-none-eabi/14.2.1/../../../../arm-none-eabi/lib/thumb/v7-m/nofp/libc.a
END GROUP
START GROUP
LOAD /opt/gcc-arm/bin/../lib/gcc/arm-none-eabi/14.2.1/thumb/v7-m/nofp/libgcc.a
LOAD /opt/gcc-arm/bin/../lib/gcc/arm-none-eabi/14.2.1/../../../../arm-none-eabi/lib/thumb/v7-m/nofp/libc.a
LOAD /opt/gcc-arm/bin/../lib/gcc/arm-none-eabi/14.2.1/../../../../arm-none-eabi/lib/thumb/v7-m/nofp/libnosys.a
END GROUP

.text           0x08000000     0x1904
 *(.vectors)
 .vectors       0x08000000      0x150 /home/dima/stm32/libopencm3/lib/libopencm3_stm32f1.a(vector.o)
                0x08000000                vector_table
 *(.text*)
 .text.tx_task  0x08000150       0x60 main.o
 .text.main_task
                0x080001b0       0xa4 main.o
 .text.usart1_isr
                0x08000254       0x3c main.o
                0x08000254                usart1_isr
 .text.startup.main
                0x08000290      0x104 main.o
                0x08000290                main
 .text.prvInsertBlockIntoFreeList
                0x08000394       0x4c rtos/heap_4.o
 .text.pvPortMalloc
                0x080003e0       0xf4 rtos/heap_4.o
                0x080003e0                pvPortMalloc
 .text.vPortFree
                0x080004d4       0x4c rtos/heap_4.o
                0x080004d4                vPortFree
 .text.vListInitialise
                0x08000520       0x16 rtos/list.o
                0x08000520                vListInitialise
 .text.vListInitialiseItem
                0x08000536        0x6 rtos/list.o
                0x08000536                vListInitialiseItem
 .text.vListInsertEnd
                0x0800053c       0x16 rtos/list.o
                0x0800053c                vListInsertEnd
 .text.vListInsert
                0x08000552       0x2e rtos/list.o
                0x08000552                vListInsert
 .text.uxListRemove
                0x08000580       0x1e rtos/list.o
                0x08000580                uxListRemove
 .text.prvTaskExitError
                0x0800059e       0x12 rtos/port.o
 .text.prvPortStartFirstTask
                0x080005b0       0x20 rtos/port.o
 .text.pxPortInitialiseStack
                0x080005d0       0x24 rtos/port.o
                0x080005d0                pxPortInitialiseStack
 *fill*         0x080005f4        0xc 
 .text.vPortSVCHandler
                0x08000600       0x24 rtos/port.o
                0x08000600                vPortSVCHandler
 .text.vPortEnterCritical
                0x08000624       0x20 rtos/port.o
                0x08000624                vPortEnterCritical
 .text.vPortExitCritical
                0x08000644       0x14 rtos/port.o
                0x08000644                vPortExitCritical
 *fill*         0x08000658        0x8 
 .text.xPortPendSVHandler
                0x08000660       0x44 rtos/port.o
                0x08000660                xPortPendSVHandler
 .text.xPortSysTickHandler
                0x080006a4       0x2c rtos/port.o
                0x080006a4                xPortSysTickHandler
 .text.vPortSetupTimerInterrupt
                0x080006d0       0x10 rtos/port.o
                0x080006d0                vPortSetupTimerInterrupt
 .text.xPortStartScheduler
                0x080006e0       0x34 rtos/port.o
                0x080006e0                xPortStartScheduler
 .text.prvCopyDataToQueue
                0x08000714       0x66 rtos/queue.o
 .text.prvCopyDataFromQueue
                0x0800077a       0x26 rtos/queue.o
 .text.prvUnlockQueue
                0x080007a0       0x6c rtos/queue.o
 .text.xQueueGenericReset
                0x0800080c       0x6a rtos/queue.o
                0x0800080c                xQueueGenericReset
 .text.xQueueGenericCreate
                0x08000876       0x2e rtos/queue.o
                0x08000876                xQueueGenericCreate
 .text.xQueueGenericSend
                0x080008a4       0xfa rtos/queue.o
                0x080008a4                xQueueGenericSend
 .text.xQueueGenericSendFromISR
                0x0800099e       0x62 rtos/queue.o
                0x0800099e                xQueueGenericSendFromISR
 .text.xQueueGenericReceive
                0x08000a00      0x138 rtos/queue.o
                0x08000a00                xQueueGenericReceive
 .text.prvAddCurrentTaskToDelayedList
                0x08000b38       0x88 rtos/tasks.o
 .text.prvResetNextTaskUnblockTime
                0x08000bc0       0x24 rtos/tasks.o
 .text.xTaskCreate
                0x08000be4      0x1a4 rtos/tasks.o
                0x08000be4                xTaskCreate
 .text.vTaskStartScheduler
                0x08000d88       0x60 rtos/tasks.o
                0x08000d88                vTaskStartScheduler
 .text.vTaskSuspendAll
                0x08000de8       0x10 rtos/tasks.o
                0x08000de8                vTaskSuspendAll
 .text.xTaskIncrementTick
                0x08000df8      0x11c rtos/tasks.o
                0x08000df8                xTaskIncrementTick
 .text.xTaskResumeAll
                0x08000f14       0xd8 rtos/tasks.o
                0x08000f14                xTaskResumeAll
 .text.prvIdleTask
                0x08000fec       0x74 rtos/tasks.o
 .text.vTaskSwitchContext
                0x08001060       0x54 rtos/tasks.o
                0x08001060                vTaskSwitchContext
 .text.vTaskPlaceOnEventList
                0x080010b4       0x20 rtos/tasks.o
                0x080010b4                vTaskPlaceOnEventList
 .text.xTaskRemoveFromEventList
                0x080010d4       0x70 rtos/tasks.o
                0x080010d4                xTaskRemoveFromEventList
 .text.vTaskSetTimeOutState
                0x08001144       0x18 rtos/tasks.o
                0x08001144                vTaskSetTimeOutState
 .text.xTaskCheckForTimeOut
                0x0800115c       0x4c rtos/tasks.o
                0x0800115c                xTaskCheckForTimeOut
 .text.vTaskMissedYield
                0x080011a8        0xc rtos/tasks.o
                0x080011a8                vTaskMissedYield
 .text.vTaskPriorityInherit
                0x080011b4       0x94 rtos/tasks.o
                0x080011b4                vTaskPriorityInherit
 .text.xTaskPriorityDisinherit
                0x08001248       0x70 rtos/tasks.o
                0x08001248                xTaskPriorityDisinherit
 .text.pvTaskIncrementMutexHeldCount
                0x080012b8       0x18 rtos/tasks.o
                0x080012b8                pvTaskIncrementMutexHeldCount
 .text.sv_call_handler
                0x080012d0        0x4 rtos/opencm3.o
                0x080012d0                sv_call_handler
 .text.pend_sv_handler
                0x080012d4        0x4 rtos/opencm3.o
                0x080012d4                pend_sv_handler
 .text.sys_tick_handler
                0x080012d8        0x4 rtos/opencm3.o
                0x080012d8                sys_tick_handler
 .text          0x080012dc       0xec /opt/gcc-arm/bin/../lib/gcc/arm-none-eabi/14.2.1/../../../../arm-none-eabi/lib/thumb/v7-m/nofp/libc.a(libc_a-memcpy.o)
                0x080012dc                memcpy
 .text.gpio_set_mode
                0x080013c8       0x6a /home/dima/stm32/libopencm3/lib/libopencm3_stm32f1.a(gpio.o)
                0x080013c8                gpio_set_mode
 .text.gpio_set
                0x08001432        0x4 /home/dima/stm32/libopencm3/lib/libopencm3_stm32f1.a(gpio_common_all.o)
                0x08001432                gpio_set
 .text.gpio_toggle
                0x08001436       0x12 /home/dima/stm32/libopencm3/lib/libopencm3_stm32f1.a(gpio_common_all.o)
                0x08001436                gpio_toggle
 .text.rcc_is_osc_ready
                0x08001448       0x58 /home/dima/stm32/libopencm3/lib/libopencm3_stm32f1.a(rcc.o)
                0x08001448                rcc_is_osc_ready
 .text.rcc_wait_for_osc_ready
                0x080014a0       0x10 /home/dima/stm32/libopencm3/lib/libopencm3_stm32f1.a(rcc.o)
                0x080014a0                rcc_wait_for_osc_ready
 .text.rcc_osc_on
                0x080014b0       0x60 /home/dima/stm32/libopencm3/lib/libopencm3_stm32f1.a(rcc.o)
                0x080014b0                rcc_osc_on
 .text.rcc_set_sysclk_source
                0x08001510       0x14 /home/dima/stm32/libopencm3/lib/libopencm3_stm32f1.a(rcc.o)
                0x08001510                rcc_set_sysclk_source
 .text.rcc_set_pll_multiplication_factor
                0x08001524       0x14 /home/dima/stm32/libopencm3/lib/libopencm3_stm32f1.a(rcc.o)
                0x08001524                rcc_set_pll_multiplication_factor
 .text.rcc_set_pll2_multiplication_factor
                0x08001538       0x14 /home/dima/stm32/libopencm3/lib/libopencm3_stm32f1.a(rcc.o)
                0x08001538                rcc_set_pll2_multiplication_factor
 .text.rcc_set_pll3_multiplication_factor
                0x0800154c       0x14 /home/dima/stm32/libopencm3/lib/libopencm3_stm32f1.a(rcc.o)
                0x0800154c                rcc_set_pll3_multiplication_factor
 .text.rcc_set_pll_source
                0x08001560       0x14 /home/dima/stm32/libopencm3/lib/libopencm3_stm32f1.a(rcc.o)
                0x08001560                rcc_set_pll_source
 .text.rcc_set_pllxtpre
                0x08001574       0x14 /home/dima/stm32/libopencm3/lib/libopencm3_stm32f1.a(rcc.o)
                0x08001574                rcc_set_pllxtpre
 .text.rcc_set_adcpre
                0x08001588       0x14 /home/dima/stm32/libopencm3/lib/libopencm3_stm32f1.a(rcc.o)
                0x08001588                rcc_set_adcpre
 .text.rcc_set_ppre2
                0x0800159c       0x14 /home/dima/stm32/libopencm3/lib/libopencm3_stm32f1.a(rcc.o)
                0x0800159c                rcc_set_ppre2
 .text.rcc_set_ppre1
                0x080015b0       0x14 /home/dima/stm32/libopencm3/lib/libopencm3_stm32f1.a(rcc.o)
                0x080015b0                rcc_set_ppre1
 .text.rcc_set_hpre
                0x080015c4       0x14 /home/dima/stm32/libopencm3/lib/libopencm3_stm32f1.a(rcc.o)
                0x080015c4                rcc_set_hpre
 .text.rcc_set_usbpre
                0x080015d8       0x18 /home/dima/stm32/libopencm3/lib/libopencm3_stm32f1.a(rcc.o)
                0x080015d8                rcc_set_usbpre
 .text.rcc_set_prediv1
                0x080015f0       0x14 /home/dima/stm32/libopencm3/lib/libopencm3_stm32f1.a(rcc.o)
                0x080015f0                rcc_set_prediv1
 .text.rcc_set_prediv2
                0x08001604       0x14 /home/dima/stm32/libopencm3/lib/libopencm3_stm32f1.a(rcc.o)
                0x08001604                rcc_set_prediv2
 .text.rcc_set_prediv1_source
                0x08001618       0x18 /home/dima/stm32/libopencm3/lib/libopencm3_stm32f1.a(rcc.o)
                0x08001618                rcc_set_prediv1_source
 .text.rcc_clock_setup_pll
                0x08001630       0xbc /home/dima/stm32/libopencm3/lib/libopencm3_stm32f1.a(rcc.o)
                0x08001630                rcc_clock_setup_pll
 .text.rcc_get_usart_clk_freq
                0x080016ec       0x1c /home/dima/stm32/libopencm3/lib/libopencm3_stm32f1.a(rcc.o)
                0x080016ec                rcc_get_usart_clk_freq
 .text.rcc_periph_clock_enable
                0x08001708       0x1a /home/dima/stm32/libopencm3/lib/libopencm3_stm32f1.a(rcc_common_all.o)
                0x08001708                rcc_periph_clock_enable
 .text.usart_set_baudrate
                0x08001722       0x16 /home/dima/stm32/libopencm3/lib/libopencm3_stm32f1.a(usart_common_all.o)
                0x08001722                usart_set_baudrate
 .text.usart_set_databits
                0x08001738       0x12 /home/dima/stm32/libopencm3/lib/libopencm3_stm32f1.a(usart_common_all.o)
                0x08001738                usart_set_databits
 .text.usart_set_stopbits
                0x0800174a        0xc /home/dima/stm32/libopencm3/lib/libopencm3_stm32f1.a(usart_common_all.o)
                0x0800174a                usart_set_stopbits
 .text.usart_set_parity
                0x08001756        0xc /home/dima/stm32/libopencm3/lib/libopencm3_stm32f1.a(usart_common_all.o)
                0x08001756                usart_set_parity
 .text.usart_set_mode
                0x08001762        0xc /home/dima/stm32/libopencm3/lib/libopencm3_stm32f1.a(usart_common_all.o)
                0x08001762                usart_set_mode
 .text.usart_enable
                0x0800176e        0xa /home/dima/stm32/libopencm3/lib/libopencm3_stm32f1.a(usart_common_all.o)
                0x0800176e                usart_enable
 .text.usart_enable_rx_interrupt
                0x08001778        0xa /home/dima/stm32/libopencm3/lib/libopencm3_stm32f1.a(usart_common_all.o)
                0x08001778                usart_enable_rx_interrupt
 .text.usart_send
                0x08001782        0x8 /home/dima/stm32/libopencm3/lib/libopencm3_stm32f1.a(usart_common_f124.o)
                0x08001782                usart_send
 .text.usart_recv
                0x0800178a        0x8 /home/dima/stm32/libopencm3/lib/libopencm3_stm32f1.a(usart_common_f124.o)
                0x0800178a                usart_recv
 .text.usart_get_flag
                0x08001792        0xc /home/dima/stm32/libopencm3/lib/libopencm3_stm32f1.a(usart_common_f124.o)
                0x08001792                usart_get_flag
 .text.blocking_handler
                0x0800179e        0x2 /home/dima/stm32/libopencm3/lib/libopencm3_stm32f1.a(vector.o)
                0x0800179e                usart3_isr
                0x0800179e                rtc_isr
                0x0800179e                tim7_isr
                0x0800179e                adc1_2_isr
                0x0800179e                tim1_trg_com_isr
                0x0800179e                usb_hp_can_tx_isr
                0x0800179e                tim6_isr
                0x0800179e                usb_wakeup_isr
                0x0800179e                blocking_handler
                0x0800179e                tim5_isr
                0x0800179e                otg_fs_isr
                0x0800179e                spi1_isr
                0x0800179e                exti2_isr
                0x0800179e                dma1_channel6_isr
                0x0800179e                can_rx1_isr
                0x0800179e                dma1_channel5_isr
                0x0800179e                dma2_channel5_isr
                0x0800179e                usage_fault_handler
                0x0800179e                tim8_trg_com_isr
                0x0800179e                can2_rx0_isr
                0x0800179e                tim1_brk_isr
                0x0800179e                can2_rx1_isr
                0x0800179e                tim1_cc_isr
                0x0800179e                sdio_isr
                0x0800179e                eth_isr
                0x0800179e                dma1_channel4_isr
                0x0800179e                tim8_brk_isr
                0x0800179e                dma2_channel4_5_isr
                0x0800179e                pvd_isr
                0x0800179e                rcc_isr
                0x0800179e                flash_isr
                0x0800179e                uart4_isr
                0x0800179e                rtc_alarm_isr
                0x0800179e                exti15_10_isr
                0x0800179e                hard_fault_handler
                0x0800179e                exti1_isr
                0x0800179e                i2c1_ev_isr
                0x0800179e                dma2_channel1_isr
                0x0800179e                spi2_isr
                0x0800179e                tim8_up_isr
                0x0800179e                dma2_channel2_isr
                0x0800179e                exti3_isr
                0x0800179e                adc3_isr
                0x0800179e                tim3_isr
                0x0800179e                usart2_isr
                0x0800179e                usb_lp_can_rx0_isr
                0x0800179e                i2c2_er_isr
                0x0800179e                i2c2_ev_isr
                0x0800179e                uart5_isr
                0x0800179e                fsmc_isr
                0x0800179e                dma1_channel1_isr
                0x0800179e                exti4_isr
                0x0800179e                mem_manage_handler
                0x0800179e                can2_tx_isr
                0x0800179e                exti9_5_isr
                0x0800179e                dma2_channel3_isr
                0x0800179e                dma1_channel7_isr
                0x0800179e                tim1_up_isr
                0x0800179e                can2_sce_isr
                0x0800179e                tim4_isr
                0x0800179e                dma1_channel2_isr
                0x0800179e                i2c1_er_isr
                0x0800179e                can_sce_isr
                0x0800179e                tim8_cc_isr
                0x0800179e                tamper_isr
                0x0800179e                eth_wkup_isr
                0x0800179e                bus_fault_handler
                0x0800179e                wwdg_isr
                0x0800179e                dma1_channel3_isr
                0x0800179e                spi3_isr
                0x0800179e                tim2_isr
                0x0800179e                exti0_isr
 .text.null_handler
                0x080017a0        0x2 /home/dima/stm32/libopencm3/lib/libopencm3_stm32f1.a(vector.o)
                0x080017a0                null_handler
                0x080017a0                debug_monitor_handler
                0x080017a0                nmi_handler
 *fill*         0x080017a2        0x2 
 .text.reset_handler
                0x080017a4       0x94 /home/dima/stm32/libopencm3/lib/libopencm3_stm32f1.a(vector.o)
                0x080017a4                reset_handler
 .text.nvic_enable_irq
                0x08001838       0x18 /home/dima/stm32/libopencm3/lib/libopencm3_stm32f1.a(nvic.o)
                0x08001838                nvic_enable_irq
 .text.flash_set_ws
                0x08001850       0x14 /home/dima/stm32/libopencm3/lib/libopencm3_stm32f1.a(flash_common_all.o)
                0x08001850                flash_set_ws
                0x08001864                        . = ALIGN (0x4)
 *(.rodata*)
 .rodata.main.str1.1
                0x08001864       0x11 main.o
                                  0xc (size before relaxing)
 .rodata.vTaskStartScheduler.str1.1
                0x08001875        0x5 rtos/tasks.o
 *fill*         0x08001875        0x3 
 .rodata.rcc_hse_configs
                0x08001878       0x8c /home/dima/stm32/libopencm3/lib/libopencm3_stm32f1.a(rcc.o)
                0x08001878                rcc_hse_configs
                0x08001904                        . = ALIGN (0x4)

.glue_7         0x08001904        0x0
 .glue_7        0x08001904        0x0 linker stubs

.glue_7t        0x08001904        0x0
 .glue_7t       0x08001904        0x0 linker stubs

.vfp11_veneer   0x08001904        0x0
 .vfp11_veneer  0x08001904        0x0 linker stubs

.v4_bx          0x08001904        0x0
 .v4_bx         0x08001904        0x0 linker stubs

.iplt           0x08001904        0x0
 .iplt          0x08001904        0x0 main.o

.preinit_array  0x08001904        0x0
                0x08001904                        . = ALIGN (0x4)
                0x08001904                        __preinit_array_start = .
 *(.preinit_array)
                0x08001904                        __preinit_array_end = .

.init_array     0x08001904        0x0
                0x08001904                        . = ALIGN (0x4)
                0x08001904                        __init_array_start = .
 *(SORT_BY_NAME(.init_array.*))
 *(.init_array)
                0x08001904                        __init_array_end = .

.fini_array     0x08001904        0x0
                0x08001904                        . = ALIGN (0x4)
                0x08001904                        __fini_array_start = .
 *(.fini_array)
 *(SORT_BY_NAME(.fini_array.*))
                0x08001904                        __fini_array_end = .

.ARM.extab
 *(.ARM.extab*)

.ARM.exidx      0x08001904        0x8
                0x08001904                        __exidx_start = .
 *(.ARM.exidx*)
 .ARM.exidx     0x08001904        0x8 /opt/gcc-arm/bin/../lib/gcc/arm-none-eabi/14.2.1/../../../../arm-none-eabi/lib/thumb/v7-m/nofp/libc.a(libc_a-memcpy.o)
                0x0800190c                        __exidx_end = .

.rel.dyn        0x0800190c        0x0
 .rel.iplt      0x0800190c        0x0 main.o
                0x0800190c                        . = ALIGN (0x4)
                0x0800190c                        _etext = .

.data           0x20000000       0x10 load address 0x0800190c
                0x20000000                        _data = .
 *(.data*)
 .data.uxCriticalNesting
                0x20000000        0x4 rtos/port.o
 .data.rcc_ahb_frequency
                0x20000004        0x4 /home/dima/stm32/libopencm3/lib/libopencm3_stm32f1.a(rcc.o)
                0x20000004                rcc_ahb_frequency
 .data.rcc_apb2_frequency
                0x20000008        0x4 /home/dima/stm32/libopencm3/lib/libopencm3_stm32f1.a(rcc.o)
                0x20000008                rcc_apb2_frequency
 .data.rcc_apb1_frequency
                0x2000000c        0x4 /home/dima/stm32/libopencm3/lib/libopencm3_stm32f1.a(rcc.o)
                0x2000000c                rcc_apb1_frequency
                0x20000010                        . = ALIGN (0x4)
                0x20000010                        _edata = .
                0x0800190c                        _data_loadaddr = LOADADDR (.data)

.igot.plt       0x20000010        0x0 load address 0x0800191c
 .igot.plt      0x20000010        0x0 main.o

.bss            0x20000010     0x4524 load address 0x0800191c
 *(.bss*)
 .bss.uart_rxq  0x20000010        0x4 main.o
 .bss.uart_txq  0x20000014        0x4 main.o
 .bss.xBlockAllocatedBit
                0x20000018        0x4 rtos/heap_4.o
 .bss.xMinimumEverFreeBytesRemaining
                0x2000001c        0x4 rtos/heap_4.o
 .bss.xFreeBytesRemaining
                0x20000020        0x4 rtos/heap_4.o
 .bss.pxEnd     0x20000024        0x4 rtos/heap_4.o
 .bss.xStart    0x20000028        0x8 rtos/heap_4.o
 .bss.ucHeap    0x20000030     0x4400 rtos/heap_4.o
 .bss.uxSchedulerSuspended
                0x20004430        0x4 rtos/tasks.o
 .bss.xIdleTaskHandle
                0x20004434        0x4 rtos/tasks.o
 .bss.xNextTaskUnblockTime
                0x20004438        0x4 rtos/tasks.o
 .bss.uxTaskNumber
                0x2000443c        0x4 rtos/tasks.o
 .bss.xNumOfOverflows
                0x20004440        0x4 rtos/tasks.o
 .bss.xYieldPending
                0x20004444        0x4 rtos/tasks.o
 .bss.uxPendedTicks
                0x20004448        0x4 rtos/tasks.o
 .bss.xSchedulerRunning
                0x2000444c        0x4 rtos/tasks.o
 .bss.uxTopReadyPriority
                0x20004450        0x4 rtos/tasks.o
 .bss.xTickCount
                0x20004454        0x4 rtos/tasks.o
 .bss.uxCurrentNumberOfTasks
                0x20004458        0x4 rtos/tasks.o
 .bss.xSuspendedTaskList
                0x2000445c       0x14 rtos/tasks.o
 .bss.uxDeletedTasksWaitingCleanUp
                0x20004470        0x4 rtos/tasks.o
 .bss.xTasksWaitingTermination
                0x20004474       0x14 rtos/tasks.o
 .bss.xPendingReadyList
                0x20004488       0x14 rtos/tasks.o
 .bss.pxOverflowDelayedTaskList
                0x2000449c        0x4 rtos/tasks.o
 .bss.pxDelayedTaskList
                0x200044a0        0x4 rtos/tasks.o
 .bss.xDelayedTaskList2
                0x200044a4       0x14 rtos/tasks.o
 .bss.xDelayedTaskList1
                0x200044b8       0x14 rtos/tasks.o
 .bss.pxReadyTasksLists
                0x200044cc       0x64 rtos/tasks.o
 .bss.pxCurrentTCB
                0x20004530        0x4 rtos/tasks.o
                0x20004530                pxCurrentTCB
 *(COMMON)
                0x20004534                        . = ALIGN (0x4)
                0x20004534                        _ebss = .

/DISCARD/
 *(.eh_frame)
                0x20004534                        . = ALIGN (0x4)
                0x20004534                        end = .
                0x20005000                        PROVIDE (_stack = (ORIGIN (ram) + LENGTH (ram)))
OUTPUT(main.elf elf32-littlearm)
LOAD linker stubs

.debug_info     0x00000000     0x788d
 .debug_info    0x00000000      0xbd8 main.o
 .debug_info    0x00000bd8      0x423 rtos/heap_4.o
 .debug_info    0x00000ffb      0x2ae rtos/list.o
 .debug_info    0x000012a9      0x316 rtos/port.o
 .debug_info    0x000015bf     0x1486 rtos/queue.o
 .debug_info    0x00002a45     0x2055 rtos/tasks.o
 .debug_info    0x00004a9a       0xde rtos/opencm3.o
 .debug_info    0x00004b78      0x1fd /home/dima/stm32/libopencm3/lib/libopencm3_stm32f1.a(gpio.o)
 .debug_info    0x00004d75      0x256 /home/dima/stm32/libopencm3/lib/libopencm3_stm32f1.a(gpio_common_all.o)
 .debug_info    0x00004fcb     0x14d0 /home/dima/stm32/libopencm3/lib/libopencm3_stm32f1.a(rcc.o)
 .debug_info    0x0000649b      0x60d /home/dima/stm32/libopencm3/lib/libopencm3_stm32f1.a(rcc_common_all.o)
 .debug_info    0x00006aa8      0x665 /home/dima/stm32/libopencm3/lib/libopencm3_stm32f1.a(usart_common_all.o)
 .debug_info    0x0000710d      0x192 /home/dima/stm32/libopencm3/lib/libopencm3_stm32f1.a(usart_common_f124.o)
 .debug_info    0x0000729f      0x2c4 /home/dima/stm32/libopencm3/lib/libopencm3_stm32f1.a(vector.o)
 .debug_info    0x00007563      0x239 /home/dima/stm32/libopencm3/lib/libopencm3_stm32f1.a(nvic.o)
 .debug_info    0x0000779c       0xf1 /home/dima/stm32/libopencm3/lib/libopencm3_stm32f1.a(flash_common_all.o)

.debug_abbrev   0x00000000     0x1ba6
 .debug_abbrev  0x00000000      0x2ca main.o
 .debug_abbrev  0x000002ca      0x243 rtos/heap_4.o
 .debug_abbrev  0x0000050d      0x103 rtos/list.o
 .debug_abbrev  0x00000610      0x220 rtos/port.o
 .debug_abbrev  0x00000830      0x34d rtos/queue.o
 .debug_abbrev  0x00000b7d      0x489 rtos/tasks.o
 .debug_abbrev  0x00001006       0x81 rtos/opencm3.o
 .debug_abbrev  0x00001087       0xd3 /home/dima/stm32/libopencm3/lib/libopencm3_stm32f1.a(gpio.o)
 .debug_abbrev  0x0000115a      0x115 /home/dima/stm32/libopencm3/lib/libopencm3_stm32f1.a(gpio_common_all.o)
 .debug_abbrev  0x0000126f      0x2be /home/dima/stm32/libopencm3/lib/libopencm3_stm32f1.a(rcc.o)
 .debug_abbrev  0x0000152d      0x185 /home/dima/stm32/libopencm3/lib/libopencm3_stm32f1.a(rcc_common_all.o)
 .debug_abbrev  0x000016b2      0x1a9 /home/dima/stm32/libopencm3/lib/libopencm3_stm32f1.a(usart_common_all.o)
 .debug_abbrev  0x0000185b       0xb6 /home/dima/stm32/libopencm3/lib/libopencm3_stm32f1.a(usart_common_f124.o)
 .debug_abbrev  0x00001911      0x149 /home/dima/stm32/libopencm3/lib/libopencm3_stm32f1.a(vector.o)
 .debug_abbrev  0x00001a5a       0xb6 /home/dima/stm32/libopencm3/lib/libopencm3_stm32f1.a(nvic.o)
 .debug_abbrev  0x00001b10       0x96 /home/dima/stm32/libopencm3/lib/libopencm3_stm32f1.a(flash_common_all.o)

.debug_loclists
                0x00000000     0x264f
 .debug_loclists
                0x00000000       0x75 main.o
 .debug_loclists
                0x00000075      0x2df rtos/heap_4.o
 .debug_loclists
                0x00000354       0x77 rtos/list.o
 .debug_loclists
                0x000003cb       0x82 rtos/port.o
 .debug_loclists
                0x0000044d      0x9c3 rtos/queue.o
 .debug_loclists
                0x00000e10      0xf80 rtos/tasks.o
 .debug_loclists
                0x00001d90      0x100 /home/dima/stm32/libopencm3/lib/libopencm3_stm32f1.a(gpio.o)
 .debug_loclists
                0x00001e90       0x96 /home/dima/stm32/libopencm3/lib/libopencm3_stm32f1.a(gpio_common_all.o)
 .debug_loclists
                0x00001f26      0x2cb /home/dima/stm32/libopencm3/lib/libopencm3_stm32f1.a(rcc.o)
 .debug_loclists
                0x000021f1       0x87 /home/dima/stm32/libopencm3/lib/libopencm3_stm32f1.a(rcc_common_all.o)
 .debug_loclists
                0x00002278      0x18e /home/dima/stm32/libopencm3/lib/libopencm3_stm32f1.a(usart_common_all.o)
 .debug_loclists
                0x00002406       0x79 /home/dima/stm32/libopencm3/lib/libopencm3_stm32f1.a(usart_common_f124.o)
 .debug_loclists
                0x0000247f       0xa8 /home/dima/stm32/libopencm3/lib/libopencm3_stm32f1.a(vector.o)
 .debug_loclists
                0x00002527      0x111 /home/dima/stm32/libopencm3/lib/libopencm3_stm32f1.a(nvic.o)
 .debug_loclists
                0x00002638       0x17 /home/dima/stm32/libopencm3/lib/libopencm3_stm32f1.a(flash_common_all.o)

.debug_aranges  0x00000000      0x7e0
 .debug_aranges
                0x00000000       0x40 main.o
 .debug_aranges
                0x00000040       0x48 rtos/heap_4.o
 .debug_aranges
                0x00000088       0x40 rtos/list.o
 .debug_aranges
                0x000000c8       0x70 rtos/port.o
 .debug_aranges
                0x00000138       0xa8 rtos/queue.o
 .debug_aranges
                0x000001e0      0x160 rtos/tasks.o
 .debug_aranges
                0x00000340       0x30 rtos/opencm3.o
 .debug_aranges
                0x00000370       0x38 /home/dima/stm32/libopencm3/lib/libopencm3_stm32f1.a(gpio.o)
 .debug_aranges
                0x000003a8       0x50 /home/dima/stm32/libopencm3/lib/libopencm3_stm32f1.a(gpio_common_all.o)
 .debug_aranges
                0x000003f8      0x170 /home/dima/stm32/libopencm3/lib/libopencm3_stm32f1.a(rcc.o)
 .debug_aranges
                0x00000568       0x80 /home/dima/stm32/libopencm3/lib/libopencm3_stm32f1.a(rcc_common_all.o)
 .debug_aranges
                0x000005e8       0xf0 /home/dima/stm32/libopencm3/lib/libopencm3_stm32f1.a(usart_common_all.o)
 .debug_aranges
                0x000006d8       0x40 /home/dima/stm32/libopencm3/lib/libopencm3_stm32f1.a(usart_common_f124.o)
 .debug_aranges
                0x00000718       0x30 /home/dima/stm32/libopencm3/lib/libopencm3_stm32f1.a(vector.o)
 .debug_aranges
                0x00000748       0x60 /home/dima/stm32/libopencm3/lib/libopencm3_stm32f1.a(nvic.o)
 .debug_aranges
                0x000007a8       0x38 /home/dima/stm32/libopencm3/lib/libopencm3_stm32f1.a(flash_common_all.o)

.debug_rnglists
                0x00000000      0x7c1
 .debug_rnglists
                0x00000000       0x62 main.o
 .debug_rnglists
                0x00000062       0x32 rtos/heap_4.o
 .debug_rnglists
                0x00000094       0x2b rtos/list.o
 .debug_rnglists
                0x000000bf       0x5b rtos/port.o
 .debug_rnglists
                0x0000011a      0x132 rtos/queue.o
 .debug_rnglists
                0x0000024c      0x1dd rtos/tasks.o
 .debug_rnglists
                0x00000429       0x1f rtos/opencm3.o
 .debug_rnglists
                0x00000448       0x25 /home/dima/stm32/libopencm3/lib/libopencm3_stm32f1.a(gpio.o)
 .debug_rnglists
                0x0000046d       0x37 /home/dima/stm32/libopencm3/lib/libopencm3_stm32f1.a(gpio_common_all.o)
 .debug_rnglists
                0x000004a4      0x160 /home/dima/stm32/libopencm3/lib/libopencm3_stm32f1.a(rcc.o)
 .debug_rnglists
                0x00000604       0x5b /home/dima/stm32/libopencm3/lib/libopencm3_stm32f1.a(rcc_common_all.o)
 .debug_rnglists
                0x0000065f       0xaf /home/dima/stm32/libopencm3/lib/libopencm3_stm32f1.a(usart_common_all.o)
 .debug_rnglists
                0x0000070e       0x2b /home/dima/stm32/libopencm3/lib/libopencm3_stm32f1.a(usart_common_f124.o)
 .debug_rnglists
                0x00000739       0x20 /home/dima/stm32/libopencm3/lib/libopencm3_stm32f1.a(vector.o)
 .debug_rnglists
                0x00000759       0x43 /home/dima/stm32/libopencm3/lib/libopencm3_stm32f1.a(nvic.o)
 .debug_rnglists
                0x0000079c       0x25 /home/dima/stm32/libopencm3/lib/libopencm3_stm32f1.a(flash_common_all.o)

.debug_line     0x00000000     0x5d47
 .debug_line    0x00000000      0x3c8 main.o
 .debug_line    0x000003c8      0x43c rtos/heap_4.o
 .debug_line    0x00000804      0x255 rtos/list.o
 .debug_line    0x00000a59      0x2df rtos/port.o
 .debug_line    0x00000d38      0xc5d rtos/queue.o
 .debug_line    0x00001995     0x1808 rtos/tasks.o
 .debug_line    0x0000319d       0x6b rtos/opencm3.o
 .debug_line    0x00003208      0x39c /home/dima/stm32/libopencm3/lib/libopencm3_stm32f1.a(gpio.o)
 .debug_line    0x000035a4      0x355 /home/dima/stm32/libopencm3/lib/libopencm3_stm32f1.a(gpio_common_all.o)
 .debug_line    0x000038f9      0xd05 /home/dima/stm32/libopencm3/lib/libopencm3_stm32f1.a(rcc.o)
 .debug_line    0x000045fe      0x3fc /home/dima/stm32/libopencm3/lib/libopencm3_stm32f1.a(rcc_common_all.o)
 .debug_line    0x000049fa      0x61f /home/dima/stm32/libopencm3/lib/libopencm3_stm32f1.a(usart_common_all.o)
 .debug_line    0x00005019      0x33b /home/dima/stm32/libopencm3/lib/libopencm3_stm32f1.a(usart_common_f124.o)
 .debug_line    0x00005354      0x370 /home/dima/stm32/libopencm3/lib/libopencm3_stm32f1.a(vector.o)
 .debug_line    0x000056c4      0x37d /home/dima/stm32/libopencm3/lib/libopencm3_stm32f1.a(nvic.o)
 .debug_line    0x00005a41      0x306 /home/dima/stm32/libopencm3/lib/libopencm3_stm32f1.a(flash_common_all.o)

.debug_str      0x00000000    0x10bca
 .debug_str     0x00000000    0x10bca main.o
                                0x7dc (size before relaxing)
 .debug_str     0x00010bca      0x35e rtos/heap_4.o
 .debug_str     0x00010bca      0x2ae rtos/list.o
 .debug_str     0x00010bca      0x308 rtos/port.o
 .debug_str     0x00010bca      0x7dd rtos/queue.o
 .debug_str     0x00010bca      0xdb2 rtos/tasks.o
 .debug_str     0x00010bca      0x1c6 rtos/opencm3.o
 .debug_str     0x00010bca     0x86b3 /home/dima/stm32/libopencm3/lib/libopencm3_stm32f1.a(gpio.o)
 .debug_str     0x00010bca     0x86a7 /home/dima/stm32/libopencm3/lib/libopencm3_stm32f1.a(gpio_common_all.o)
 .debug_str     0x00010bca     0x8308 /home/dima/stm32/libopencm3/lib/libopencm3_stm32f1.a(rcc.o)
 .debug_str     0x00010bca     0x7a16 /home/dima/stm32/libopencm3/lib/libopencm3_stm32f1.a(rcc_common_all.o)
 .debug_str     0x00010bca     0x865f /home/dima/stm32/libopencm3/lib/libopencm3_stm32f1.a(usart_common_all.o)
 .debug_str     0x00010bca     0x83cb /home/dima/stm32/libopencm3/lib/libopencm3_stm32f1.a(usart_common_f124.o)
 .debug_str     0x00010bca     0x66ed /home/dima/stm32/libopencm3/lib/libopencm3_stm32f1.a(vector.o)
 .debug_str     0x00010bca     0x5ccf /home/dima/stm32/libopencm3/lib/libopencm3_stm32f1.a(nvic.o)
 .debug_str     0x00010bca     0x55ec /home/dima/stm32/libopencm3/lib/libopencm3_stm32f1.a(flash_common_all.o)

.comment        0x00000000       0x45
 .comment       0x00000000       0x45 main.o
                                 0x46 (size before relaxing)
 .comment       0x00000045       0x46 rtos/heap_4.o
 .comment       0x00000045       0x46 rtos/list.o
 .comment       0x00000045       0x46 rtos/port.o
 .comment       0x00000045       0x46 rtos/queue.o
 .comment       0x00000045       0x46 rtos/tasks.o
 .comment       0x00000045       0x46 rtos/opencm3.o
 .comment       0x00000045       0x46 /home/dima/stm32/libopencm3/lib/libopencm3_stm32f1.a(gpio.o)
 .comment       0x00000045       0x46 /home/dima/stm32/libopencm3/lib/libopencm3_stm32f1.a(gpio_common_all.o)
 .comment       0x00000045       0x46 /home/dima/stm32/libopencm3/lib/libopencm3_stm32f1.a(rcc.o)
 .comment       0x00000045       0x46 /home/dima/stm32/libopencm3/lib/libopencm3_stm32f1.a(rcc_common_all.o)
 .comment       0x00000045       0x46 /home/dima/stm32/libopencm3/lib/libopencm3_stm32f1.a(usart_common_all.o)
 .comment       0x00000045       0x46 /home/dima/stm32/libopencm3/lib/libopencm3_stm32f1.a(usart_common_f124.o)
 .comment       0x00000045       0x46 /home/dima/stm32/libopencm3/lib/libopencm3_stm32f1.a(vector.o)
 .comment       0x00000045       0x46 /home/dima/stm32/libopencm3/lib/libopencm3_stm32f1.a(nvic.o)
 .comment       0x00000045       0x46 /home/dima/stm32/libopencm3/lib/libopencm3_stm32f1.a(flash_common_all.o)

.ARM.attributes
                0x00000000       0x2b
 .ARM.attributes
                0x00000000       0x2d main.o
 .ARM.attributes
                0x0000002d       0x2d rtos/heap_4.o
 .ARM.attributes
                0x0000005a       0x2d rtos/list.o
 .ARM.attributes
                0x00000087       0x2d rtos/port.o
 .ARM.attributes
                0x000000b4       0x2d rtos/queue.o
 .ARM.attributes
                0x000000e1       0x2d rtos/tasks.o
 .ARM.attributes
                0x0000010e       0x2d rtos/opencm3.o
 .ARM.attributes
                0x0000013b       0x1b /opt/gcc-arm/bin/../lib/gcc/arm-none-eabi/14.2.1/../../../../arm-none-eabi/lib/thumb/v7-m/nofp/libc.a(libc_a-memcpy.o)
 .ARM.attributes
                0x00000156       0x2d /home/dima/stm32/libopencm3/lib/libopencm3_stm32f1.a(gpio.o)
 .ARM.attributes
                0x00000183       0x2d /home/dima/stm32/libopencm3/lib/libopencm3_stm32f1.a(gpio_common_all.o)
 .ARM.attributes
                0x000001b0       0x2d /home/dima/stm32/libopencm3/lib/libopencm3_stm32f1.a(rcc.o)
 .ARM.attributes
                0x000001dd       0x2d /home/dima/stm32/libopencm3/lib/libopencm3_stm32f1.a(rcc_common_all.o)
 .ARM.attributes
                0x0000020a       0x2d /home/dima/stm32/libopencm3/lib/libopencm3_stm32f1.a(usart_common_all.o)
 .ARM.attributes
                0x00000237       0x2d /home/dima/stm32/libopencm3/lib/libopencm3_stm32f1.a(usart_common_f124.o)
 .ARM.attributes
                0x00000264       0x2d /home/dima/stm32/libopencm3/lib/libopencm3_stm32f1.a(vector.o)
 .ARM.attributes
                0x00000291       0x2d /home/dima/stm32/libopencm3/lib/libopencm3_stm32f1.a(nvic.o)
 .ARM.attributes
                0x000002be       0x2d /home/dima/stm32/libopencm3/lib/libopencm3_stm32f1.a(flash_common_all.o)

.debug_frame    0x00000000     0x1194
 .debug_frame   0x00000000       0x8c main.o
 .debug_frame   0x0000008c       0x98 rtos/heap_4.o
 .debug_frame   0x00000124       0x6c rtos/list.o
 .debug_frame   0x00000190       0xd0 rtos/port.o
 .debug_frame   0x00000260      0x200 rtos/queue.o
 .debug_frame   0x00000460      0x468 rtos/tasks.o
 .debug_frame   0x000008c8       0x40 rtos/opencm3.o
 .debug_frame   0x00000908       0x28 /opt/gcc-arm/bin/../lib/gcc/arm-none-eabi/14.2.1/../../../../arm-none-eabi/lib/thumb/v7-m/nofp/libc.a(libc_a-memcpy.o)
 .debug_frame   0x00000930       0x64 /home/dima/stm32/libopencm3/lib/libopencm3_stm32f1.a(gpio.o)
 .debug_frame   0x00000994       0x80 /home/dima/stm32/libopencm3/lib/libopencm3_stm32f1.a(gpio_common_all.o)
 .debug_frame   0x00000a14      0x318 /home/dima/stm32/libopencm3/lib/libopencm3_stm32f1.a(rcc.o)
 .debug_frame   0x00000d2c       0xe0 /home/dima/stm32/libopencm3/lib/libopencm3_stm32f1.a(rcc_common_all.o)
 .debug_frame   0x00000e0c      0x1ec /home/dima/stm32/libopencm3/lib/libopencm3_stm32f1.a(usart_common_all.o)
 .debug_frame   0x00000ff8       0x60 /home/dima/stm32/libopencm3/lib/libopencm3_stm32f1.a(usart_common_f124.o)
 .debug_frame   0x00001058       0x4c /home/dima/stm32/libopencm3/lib/libopencm3_stm32f1.a(vector.o)
 .debug_frame   0x000010a4       0xa0 /home/dima/stm32/libopencm3/lib/libopencm3_stm32f1.a(nvic.o)
 .debug_frame   0x00001144       0x50 /home/dima/stm32/libopencm3/lib/libopencm3_stm32f1.a(flash_common_all.o)

.debug_line_str
                0x00000000       0xd8
 .debug_line_str
                0x00000000       0xd8 /opt/gcc-arm/bin/../lib/gcc/arm-none-eabi/14.2.1/../../../../arm-none-eabi/lib/thumb/v7-m/nofp/libc.a(libc_a-memcpy.o)

.debug_macro    0x00000000     0x3f0a
 .debug_macro   0x00000000       0xb8 /home/dima/stm32/libopencm3/lib/libopencm3_stm32f1.a(gpio.o)
 .debug_macro   0x000000b8      0xac0 /home/dima/stm32/libopencm3/lib/libopencm3_stm32f1.a(gpio.o)
 .debug_macro   0x00000b78       0x1c /home/dima/stm32/libopencm3/lib/libopencm3_stm32f1.a(gpio.o)
 .debug_macro   0x00000b94       0x22 /home/dima/stm32/libopencm3/lib/libopencm3_stm32f1.a(gpio.o)
 .debug_macro   0x00000bb6       0x56 /home/dima/stm32/libopencm3/lib/libopencm3_stm32f1.a(gpio.o)
 .debug_macro   0x00000c0c       0x51 /home/dima/stm32/libopencm3/lib/libopencm3_stm32f1.a(gpio.o)
 .debug_macro   0x00000c5d      0x103 /home/dima/stm32/libopencm3/lib/libopencm3_stm32f1.a(gpio.o)
 .debug_macro   0x00000d60       0x6a /home/dima/stm32/libopencm3/lib/libopencm3_stm32f1.a(gpio.o)
 .debug_macro   0x00000dca      0x1df /home/dima/stm32/libopencm3/lib/libopencm3_stm32f1.a(gpio.o)
 .debug_macro   0x00000fa9       0x22 /home/dima/stm32/libopencm3/lib/libopencm3_stm32f1.a(gpio.o)
 .debug_macro   0x00000fcb       0xe8 /home/dima/stm32/libopencm3/lib/libopencm3_stm32f1.a(gpio.o)
 .debug_macro   0x000010b3       0x76 /home/dima/stm32/libopencm3/lib/libopencm3_stm32f1.a(gpio.o)
 .debug_macro   0x00001129      0x1b4 /home/dima/stm32/libopencm3/lib/libopencm3_stm32f1.a(gpio.o)
 .debug_macro   0x000012dd       0x76 /home/dima/stm32/libopencm3/lib/libopencm3_stm32f1.a(gpio.o)
 .debug_macro   0x00001353      0xe2e /home/dima/stm32/libopencm3/lib/libopencm3_stm32f1.a(gpio.o)
 .debug_macro   0x00002181       0xb8 /home/dima/stm32/libopencm3/lib/libopencm3_stm32f1.a(gpio_common_all.o)
 .debug_macro   0x00002239       0xe7 /home/dima/stm32/libopencm3/lib/libopencm3_stm32f1.a(rcc.o)
 .debug_macro   0x00002320       0x16 /home/dima/stm32/libopencm3/lib/libopencm3_stm32f1.a(rcc.o)
 .debug_macro   0x00002336      0x8c6 /home/dima/stm32/libopencm3/lib/libopencm3_stm32f1.a(rcc.o)
 .debug_macro   0x00002bfc       0xee /home/dima/stm32/libopencm3/lib/libopencm3_stm32f1.a(rcc.o)
 .debug_macro   0x00002cea       0x82 /home/dima/stm32/libopencm3/lib/libopencm3_stm32f1.a(rcc.o)
 .debug_macro   0x00002d6c       0xce /home/dima/stm32/libopencm3/lib/libopencm3_stm32f1.a(rcc_common_all.o)
 .debug_macro   0x00002e3a       0xda /home/dima/stm32/libopencm3/lib/libopencm3_stm32f1.a(usart_common_all.o)
 .debug_macro   0x00002f14       0x94 /home/dima/stm32/libopencm3/lib/libopencm3_stm32f1.a(usart_common_all.o)
 .debug_macro   0x00002fa8      0x29e /home/dima/stm32/libopencm3/lib/libopencm3_stm32f1.a(usart_common_all.o)
 .debug_macro   0x00003246       0xda /home/dima/stm32/libopencm3/lib/libopencm3_stm32f1.a(usart_common_f124.o)
 .debug_macro   0x00003320       0xcf /home/dima/stm32/libopencm3/lib/libopencm3_stm32f1.a(vector.o)
 .debug_macro   0x000033ef      0x395 /home/dima/stm32/libopencm3/lib/libopencm3_stm32f1.a(vector.o)
 .debug_macro   0x00003784       0x6e /home/dima/stm32/libopencm3/lib/libopencm3_stm32f1.a(vector.o)
 .debug_macro   0x000037f2      0x1a2 /home/dima/stm32/libopencm3/lib/libopencm3_stm32f1.a(vector.o)
 .debug_macro   0x00003994       0xb3 /home/dima/stm32/libopencm3/lib/libopencm3_stm32f1.a(nvic.o)
 .debug_macro   0x00003a47       0x68 /home/dima/stm32/libopencm3/lib/libopencm3_stm32f1.a(nvic.o)
 .debug_macro   0x00003aaf      0x39b /home/dima/stm32/libopencm3/lib/libopencm3_stm32f1.a(nvic.o)
 .debug_macro   0x00003e4a       0xc0 /home/dima/stm32/libopencm3/lib/libopencm3_stm32f1.a(flash_common_all.o)
