Archive member included to satisfy reference by file (symbol)

/opt/gcc-arm/bin/../lib/gcc/arm-none-eabi/14.2.1/../../../../arm-none-eabi/lib/thumb/v7-m/nofp/libc.a(libc_a-memcpy.o)
                              rtos/queue.o (memcpy)
/home/dima/stm32/libopencm3/lib/libopencm3_stm32f1.a(gpio.o)
                              main.o (gpio_set_mode)
/home/dima/stm32/libopencm3/lib/libopencm3_stm32f1.a(gpio_common_all.o)
                              main.o (gpio_set)
/home/dima/stm32/libopencm3/lib/libopencm3_stm32f1.a(rcc.o)
                              main.o (rcc_clock_setup_pll)
/home/dima/stm32/libopencm3/lib/libopencm3_stm32f1.a(rcc_common_all.o)
                              main.o (rcc_periph_clock_enable)
/home/dima/stm32/libopencm3/lib/libopencm3_stm32f1.a(timer_common_all.o)
                              main.o (timer_get_flag)
/home/dima/stm32/libopencm3/lib/libopencm3_stm32f1.a(vector.o)
                              (reset_handler)
/home/dima/stm32/libopencm3/lib/libopencm3_stm32f1.a(assert.o)
                              /home/dima/stm32/libopencm3/lib/libopencm3_stm32f1.a(rcc.o) (cm3_assert_failed)
/home/dima/stm32/libopencm3/lib/libopencm3_stm32f1.a(flash_common_all.o)
                              /home/dima/stm32/libopencm3/lib/libopencm3_stm32f1.a(rcc.o) (flash_set_ws)

Discarded input sections

 .text          0x00000000        0x0 main.o
 .data          0x00000000        0x0 main.o
 .bss           0x00000000        0x0 main.o
 .text          0x00000000        0x0 rtos/heap_4.o
 .data          0x00000000        0x0 rtos/heap_4.o
 .bss           0x00000000        0x0 rtos/heap_4.o
 .text.xPortGetFreeHeapSize
                0x00000000        0xc rtos/heap_4.o
 .text.xPortGetMinimumEverFreeHeapSize
                0x00000000        0xc rtos/heap_4.o
 .text.vPortInitialiseBlocks
                0x00000000        0x2 rtos/heap_4.o
 .text          0x00000000        0x0 rtos/list.o
 .data          0x00000000        0x0 rtos/list.o
 .bss           0x00000000        0x0 rtos/list.o
 .text          0x00000000        0x0 rtos/port.o
 .data          0x00000000        0x0 rtos/port.o
 .bss           0x00000000        0x0 rtos/port.o
 .text.vPortEndScheduler
                0x00000000        0x2 rtos/port.o
 .text          0x00000000        0x0 rtos/queue.o
 .data          0x00000000        0x0 rtos/queue.o
 .bss           0x00000000        0x0 rtos/queue.o
 .text.prvCopyDataToQueue
                0x00000000       0x66 rtos/queue.o
 .text.prvCopyDataFromQueue
                0x00000000       0x26 rtos/queue.o
 .text.prvUnlockQueue
                0x00000000       0x6c rtos/queue.o
 .text.xQueueGenericReset
                0x00000000       0x6a rtos/queue.o
 .text.xQueueGenericCreate
                0x00000000       0x2e rtos/queue.o
 .text.xQueueGenericSend
                0x00000000       0xfa rtos/queue.o
 .text.xQueueCreateMutex
                0x00000000       0x24 rtos/queue.o
 .text.xQueueGenericSendFromISR
                0x00000000       0x62 rtos/queue.o
 .text.xQueueGiveFromISR
                0x00000000       0x56 rtos/queue.o
 .text.xQueueGenericReceive
                0x00000000      0x138 rtos/queue.o
 .text.xQueueReceiveFromISR
                0x00000000       0x64 rtos/queue.o
 .text.xQueuePeekFromISR
                0x00000000       0x30 rtos/queue.o
 .text.uxQueueMessagesWaiting
                0x00000000       0x12 rtos/queue.o
 .text.uxQueueSpacesAvailable
                0x00000000       0x16 rtos/queue.o
 .text.uxQueueMessagesWaitingFromISR
                0x00000000        0x4 rtos/queue.o
 .text.vQueueDelete
                0x00000000        0x4 rtos/queue.o
 .text.xQueueIsQueueEmptyFromISR
                0x00000000        0xa rtos/queue.o
 .text.xQueueIsQueueFullFromISR
                0x00000000        0xc rtos/queue.o
 .debug_info    0x00000000     0x1486 rtos/queue.o
 .debug_abbrev  0x00000000      0x34d rtos/queue.o
 .debug_loclists
                0x00000000      0x9c3 rtos/queue.o
 .debug_aranges
                0x00000000       0xa8 rtos/queue.o
 .debug_rnglists
                0x00000000      0x132 rtos/queue.o
 .debug_line    0x00000000      0xc5d rtos/queue.o
 .debug_str     0x00000000      0x7d9 rtos/queue.o
 .comment       0x00000000       0x46 rtos/queue.o
 .debug_frame   0x00000000      0x200 rtos/queue.o
 .ARM.attributes
                0x00000000       0x2d rtos/queue.o
 .text          0x00000000        0x0 rtos/tasks.o
 .data          0x00000000        0x0 rtos/tasks.o
 .bss           0x00000000        0x0 rtos/tasks.o
 .text.vTaskDelete
                0x00000000       0xbc rtos/tasks.o
 .text.uxTaskPriorityGet
                0x00000000       0x1c rtos/tasks.o
 .text.uxTaskPriorityGetFromISR
                0x00000000       0x28 rtos/tasks.o
 .text.vTaskPrioritySet
                0x00000000       0xc8 rtos/tasks.o
 .text.vTaskResume
                0x00000000       0x88 rtos/tasks.o
 .text.xTaskResumeFromISR
                0x00000000       0x90 rtos/tasks.o
 .text.vTaskEndScheduler
                0x00000000       0x20 rtos/tasks.o
 .text.xTaskGetTickCount
                0x00000000        0xc rtos/tasks.o
 .text.xTaskGetTickCountFromISR
                0x00000000        0xc rtos/tasks.o
 .text.uxTaskGetNumberOfTasks
                0x00000000        0xc rtos/tasks.o
 .text.pcTaskGetName
                0x00000000       0x10 rtos/tasks.o
 .text.vTaskDelayUntil
                0x00000000       0x50 rtos/tasks.o
 .text.vTaskSuspend
                0x00000000       0xac rtos/tasks.o
 .text.vTaskPlaceOnEventList
                0x00000000       0x20 rtos/tasks.o
 .text.vTaskPlaceOnUnorderedEventList
                0x00000000       0x28 rtos/tasks.o
 .text.xTaskRemoveFromEventList
                0x00000000       0x70 rtos/tasks.o
 .text.xTaskRemoveFromUnorderedEventList
                0x00000000       0x5c rtos/tasks.o
 .text.vTaskSetTimeOutState
                0x00000000       0x18 rtos/tasks.o
 .text.xTaskCheckForTimeOut
                0x00000000       0x4c rtos/tasks.o
 .text.vTaskMissedYield
                0x00000000        0xc rtos/tasks.o
 .text.xTaskGetCurrentTaskHandle
                0x00000000        0xc rtos/tasks.o
 .text.vTaskPriorityInherit
                0x00000000       0x94 rtos/tasks.o
 .text.xTaskPriorityDisinherit
                0x00000000       0x70 rtos/tasks.o
 .text.uxTaskResetEventItemValue
                0x00000000       0x18 rtos/tasks.o
 .text.pvTaskIncrementMutexHeldCount
                0x00000000       0x18 rtos/tasks.o
 .text.ulTaskNotifyTake
                0x00000000       0x64 rtos/tasks.o
 .text.xTaskNotifyWait
                0x00000000       0x88 rtos/tasks.o
 .text.xTaskGenericNotify
                0x00000000       0xa4 rtos/tasks.o
 .text.xTaskGenericNotifyFromISR
                0x00000000       0xc4 rtos/tasks.o
 .text.vTaskNotifyGiveFromISR
                0x00000000       0xa0 rtos/tasks.o
 .text.xTaskNotifyStateClear
                0x00000000       0x2c rtos/tasks.o
 .text          0x00000000        0x0 rtos/opencm3.o
 .data          0x00000000        0x0 rtos/opencm3.o
 .bss           0x00000000        0x0 rtos/opencm3.o
 .text          0x00000000       0xec /opt/gcc-arm/bin/../lib/gcc/arm-none-eabi/14.2.1/../../../../arm-none-eabi/lib/thumb/v7-m/nofp/libc.a(libc_a-memcpy.o)
 .data          0x00000000        0x0 /opt/gcc-arm/bin/../lib/gcc/arm-none-eabi/14.2.1/../../../../arm-none-eabi/lib/thumb/v7-m/nofp/libc.a(libc_a-memcpy.o)
 .bss           0x00000000        0x0 /opt/gcc-arm/bin/../lib/gcc/arm-none-eabi/14.2.1/../../../../arm-none-eabi/lib/thumb/v7-m/nofp/libc.a(libc_a-memcpy.o)
 .ARM.extab     0x00000000        0x0 /opt/gcc-arm/bin/../lib/gcc/arm-none-eabi/14.2.1/../../../../arm-none-eabi/lib/thumb/v7-m/nofp/libc.a(libc_a-memcpy.o)
 .ARM.exidx     0x00000000        0x8 /opt/gcc-arm/bin/../lib/gcc/arm-none-eabi/14.2.1/../../../../arm-none-eabi/lib/thumb/v7-m/nofp/libc.a(libc_a-memcpy.o)
 .debug_line_str
                0x00000000       0xd8 /opt/gcc-arm/bin/../lib/gcc/arm-none-eabi/14.2.1/../../../../arm-none-eabi/lib/thumb/v7-m/nofp/libc.a(libc_a-memcpy.o)
 .debug_frame   0x00000000       0x28 /opt/gcc-arm/bin/../lib/gcc/arm-none-eabi/14.2.1/../../../../arm-none-eabi/lib/thumb/v7-m/nofp/libc.a(libc_a-memcpy.o)
 .ARM.attributes
                0x00000000       0x1b /opt/gcc-arm/bin/../lib/gcc/arm-none-eabi/14.2.1/../../../../arm-none-eabi/lib/thumb/v7-m/nofp/libc.a(libc_a-memcpy.o)
 .group         0x00000000        0xc /home/dima/stm32/libopencm3/lib/libopencm3_stm32f1.a(gpio.o)
 .group         0x00000000        0xc /home/dima/stm32/libopencm3/lib/libopencm3_stm32f1.a(gpio.o)
 .group         0x00000000        0xc /home/dima/stm32/libopencm3/lib/libopencm3_stm32f1.a(gpio.o)
 .group         0x00000000        0xc /home/dima/stm32/libopencm3/lib/libopencm3_stm32f1.a(gpio.o)
 .group         0x00000000        0xc /home/dima/stm32/libopencm3/lib/libopencm3_stm32f1.a(gpio.o)
 .group         0x00000000        0xc /home/dima/stm32/libopencm3/lib/libopencm3_stm32f1.a(gpio.o)
 .group         0x00000000        0xc /home/dima/stm32/libopencm3/lib/libopencm3_stm32f1.a(gpio.o)
 .group         0x00000000        0xc /home/dima/stm32/libopencm3/lib/libopencm3_stm32f1.a(gpio.o)
 .group         0x00000000        0xc /home/dima/stm32/libopencm3/lib/libopencm3_stm32f1.a(gpio.o)
 .group         0x00000000        0xc /home/dima/stm32/libopencm3/lib/libopencm3_stm32f1.a(gpio.o)
 .group         0x00000000        0xc /home/dima/stm32/libopencm3/lib/libopencm3_stm32f1.a(gpio.o)
 .group         0x00000000        0xc /home/dima/stm32/libopencm3/lib/libopencm3_stm32f1.a(gpio.o)
 .group         0x00000000        0xc /home/dima/stm32/libopencm3/lib/libopencm3_stm32f1.a(gpio.o)
 .group         0x00000000        0xc /home/dima/stm32/libopencm3/lib/libopencm3_stm32f1.a(gpio.o)
 .text          0x00000000        0x0 /home/dima/stm32/libopencm3/lib/libopencm3_stm32f1.a(gpio.o)
 .data          0x00000000        0x0 /home/dima/stm32/libopencm3/lib/libopencm3_stm32f1.a(gpio.o)
 .bss           0x00000000        0x0 /home/dima/stm32/libopencm3/lib/libopencm3_stm32f1.a(gpio.o)
 .text.gpio_set_eventout
                0x00000000       0x10 /home/dima/stm32/libopencm3/lib/libopencm3_stm32f1.a(gpio.o)
 .text.gpio_primary_remap
                0x00000000       0x14 /home/dima/stm32/libopencm3/lib/libopencm3_stm32f1.a(gpio.o)
 .text.gpio_secondary_remap
                0x00000000       0x10 /home/dima/stm32/libopencm3/lib/libopencm3_stm32f1.a(gpio.o)
 .group         0x00000000        0xc /home/dima/stm32/libopencm3/lib/libopencm3_stm32f1.a(gpio_common_all.o)
 .group         0x00000000        0xc /home/dima/stm32/libopencm3/lib/libopencm3_stm32f1.a(gpio_common_all.o)
 .group         0x00000000        0xc /home/dima/stm32/libopencm3/lib/libopencm3_stm32f1.a(gpio_common_all.o)
 .group         0x00000000        0xc /home/dima/stm32/libopencm3/lib/libopencm3_stm32f1.a(gpio_common_all.o)
 .group         0x00000000        0xc /home/dima/stm32/libopencm3/lib/libopencm3_stm32f1.a(gpio_common_all.o)
 .group         0x00000000        0xc /home/dima/stm32/libopencm3/lib/libopencm3_stm32f1.a(gpio_common_all.o)
 .group         0x00000000        0xc /home/dima/stm32/libopencm3/lib/libopencm3_stm32f1.a(gpio_common_all.o)
 .group         0x00000000        0xc /home/dima/stm32/libopencm3/lib/libopencm3_stm32f1.a(gpio_common_all.o)
 .group         0x00000000        0xc /home/dima/stm32/libopencm3/lib/libopencm3_stm32f1.a(gpio_common_all.o)
 .group         0x00000000        0xc /home/dima/stm32/libopencm3/lib/libopencm3_stm32f1.a(gpio_common_all.o)
 .group         0x00000000        0xc /home/dima/stm32/libopencm3/lib/libopencm3_stm32f1.a(gpio_common_all.o)
 .group         0x00000000        0xc /home/dima/stm32/libopencm3/lib/libopencm3_stm32f1.a(gpio_common_all.o)
 .group         0x00000000        0xc /home/dima/stm32/libopencm3/lib/libopencm3_stm32f1.a(gpio_common_all.o)
 .group         0x00000000        0xc /home/dima/stm32/libopencm3/lib/libopencm3_stm32f1.a(gpio_common_all.o)
 .text          0x00000000        0x0 /home/dima/stm32/libopencm3/lib/libopencm3_stm32f1.a(gpio_common_all.o)
 .data          0x00000000        0x0 /home/dima/stm32/libopencm3/lib/libopencm3_stm32f1.a(gpio_common_all.o)
 .bss           0x00000000        0x0 /home/dima/stm32/libopencm3/lib/libopencm3_stm32f1.a(gpio_common_all.o)
 .text.gpio_get
                0x00000000        0x6 /home/dima/stm32/libopencm3/lib/libopencm3_stm32f1.a(gpio_common_all.o)
 .text.gpio_toggle
                0x00000000       0x12 /home/dima/stm32/libopencm3/lib/libopencm3_stm32f1.a(gpio_common_all.o)
 .text.gpio_port_read
                0x00000000        0x6 /home/dima/stm32/libopencm3/lib/libopencm3_stm32f1.a(gpio_common_all.o)
 .text.gpio_port_write
                0x00000000        0x4 /home/dima/stm32/libopencm3/lib/libopencm3_stm32f1.a(gpio_common_all.o)
 .text.gpio_port_config_lock
                0x00000000       0x10 /home/dima/stm32/libopencm3/lib/libopencm3_stm32f1.a(gpio_common_all.o)
 .debug_macro   0x00000000      0xac0 /home/dima/stm32/libopencm3/lib/libopencm3_stm32f1.a(gpio_common_all.o)
 .debug_macro   0x00000000       0x1c /home/dima/stm32/libopencm3/lib/libopencm3_stm32f1.a(gpio_common_all.o)
 .debug_macro   0x00000000       0x22 /home/dima/stm32/libopencm3/lib/libopencm3_stm32f1.a(gpio_common_all.o)
 .debug_macro   0x00000000       0x56 /home/dima/stm32/libopencm3/lib/libopencm3_stm32f1.a(gpio_common_all.o)
 .debug_macro   0x00000000       0x51 /home/dima/stm32/libopencm3/lib/libopencm3_stm32f1.a(gpio_common_all.o)
 .debug_macro   0x00000000      0x103 /home/dima/stm32/libopencm3/lib/libopencm3_stm32f1.a(gpio_common_all.o)
 .debug_macro   0x00000000       0x6a /home/dima/stm32/libopencm3/lib/libopencm3_stm32f1.a(gpio_common_all.o)
 .debug_macro   0x00000000      0x1df /home/dima/stm32/libopencm3/lib/libopencm3_stm32f1.a(gpio_common_all.o)
 .debug_macro   0x00000000       0x22 /home/dima/stm32/libopencm3/lib/libopencm3_stm32f1.a(gpio_common_all.o)
 .debug_macro   0x00000000       0xe8 /home/dima/stm32/libopencm3/lib/libopencm3_stm32f1.a(gpio_common_all.o)
 .debug_macro   0x00000000       0x76 /home/dima/stm32/libopencm3/lib/libopencm3_stm32f1.a(gpio_common_all.o)
 .debug_macro   0x00000000      0x1b4 /home/dima/stm32/libopencm3/lib/libopencm3_stm32f1.a(gpio_common_all.o)
 .debug_macro   0x00000000       0x76 /home/dima/stm32/libopencm3/lib/libopencm3_stm32f1.a(gpio_common_all.o)
 .debug_macro   0x00000000      0xe2e /home/dima/stm32/libopencm3/lib/libopencm3_stm32f1.a(gpio_common_all.o)
 .group         0x00000000        0xc /home/dima/stm32/libopencm3/lib/libopencm3_stm32f1.a(rcc.o)
 .group         0x00000000        0xc /home/dima/stm32/libopencm3/lib/libopencm3_stm32f1.a(rcc.o)
 .group         0x00000000        0xc /home/dima/stm32/libopencm3/lib/libopencm3_stm32f1.a(rcc.o)
 .group         0x00000000        0xc /home/dima/stm32/libopencm3/lib/libopencm3_stm32f1.a(rcc.o)
 .group         0x00000000        0xc /home/dima/stm32/libopencm3/lib/libopencm3_stm32f1.a(rcc.o)
 .group         0x00000000        0xc /home/dima/stm32/libopencm3/lib/libopencm3_stm32f1.a(rcc.o)
 .group         0x00000000        0xc /home/dima/stm32/libopencm3/lib/libopencm3_stm32f1.a(rcc.o)
 .group         0x00000000        0xc /home/dima/stm32/libopencm3/lib/libopencm3_stm32f1.a(rcc.o)
 .group         0x00000000        0xc /home/dima/stm32/libopencm3/lib/libopencm3_stm32f1.a(rcc.o)
 .group         0x00000000        0xc /home/dima/stm32/libopencm3/lib/libopencm3_stm32f1.a(rcc.o)
 .group         0x00000000        0xc /home/dima/stm32/libopencm3/lib/libopencm3_stm32f1.a(rcc.o)
 .group         0x00000000        0xc /home/dima/stm32/libopencm3/lib/libopencm3_stm32f1.a(rcc.o)
 .group         0x00000000        0xc /home/dima/stm32/libopencm3/lib/libopencm3_stm32f1.a(rcc.o)
 .group         0x00000000        0xc /home/dima/stm32/libopencm3/lib/libopencm3_stm32f1.a(rcc.o)
 .group         0x00000000        0xc /home/dima/stm32/libopencm3/lib/libopencm3_stm32f1.a(rcc.o)
 .group         0x00000000        0xc /home/dima/stm32/libopencm3/lib/libopencm3_stm32f1.a(rcc.o)
 .text          0x00000000        0x0 /home/dima/stm32/libopencm3/lib/libopencm3_stm32f1.a(rcc.o)
 .data          0x00000000        0x0 /home/dima/stm32/libopencm3/lib/libopencm3_stm32f1.a(rcc.o)
 .bss           0x00000000        0x0 /home/dima/stm32/libopencm3/lib/libopencm3_stm32f1.a(rcc.o)
 .text.rcc_osc_ready_int_clear
                0x00000000       0x5c /home/dima/stm32/libopencm3/lib/libopencm3_stm32f1.a(rcc.o)
 .text.rcc_osc_ready_int_enable
                0x00000000       0x5c /home/dima/stm32/libopencm3/lib/libopencm3_stm32f1.a(rcc.o)
 .text.rcc_osc_ready_int_disable
                0x00000000       0x5c /home/dima/stm32/libopencm3/lib/libopencm3_stm32f1.a(rcc.o)
 .text.rcc_osc_ready_int_flag
                0x00000000       0x54 /home/dima/stm32/libopencm3/lib/libopencm3_stm32f1.a(rcc.o)
 .text.rcc_css_int_clear
                0x00000000       0x10 /home/dima/stm32/libopencm3/lib/libopencm3_stm32f1.a(rcc.o)
 .text.rcc_css_int_flag
                0x00000000       0x10 /home/dima/stm32/libopencm3/lib/libopencm3_stm32f1.a(rcc.o)
 .text.rcc_osc_off
                0x00000000       0x60 /home/dima/stm32/libopencm3/lib/libopencm3_stm32f1.a(rcc.o)
 .text.rcc_css_enable
                0x00000000       0x10 /home/dima/stm32/libopencm3/lib/libopencm3_stm32f1.a(rcc.o)
 .text.rcc_css_disable
                0x00000000       0x10 /home/dima/stm32/libopencm3/lib/libopencm3_stm32f1.a(rcc.o)
 .text.rcc_rtc_clock_enabled_flag
                0x00000000       0x10 /home/dima/stm32/libopencm3/lib/libopencm3_stm32f1.a(rcc.o)
 .text.rcc_enable_rtc_clock
                0x00000000       0x10 /home/dima/stm32/libopencm3/lib/libopencm3_stm32f1.a(rcc.o)
 .text.rcc_set_rtc_clock_source
                0x00000000       0x84 /home/dima/stm32/libopencm3/lib/libopencm3_stm32f1.a(rcc.o)
 .text.rcc_system_clock_source
                0x00000000       0x10 /home/dima/stm32/libopencm3/lib/libopencm3_stm32f1.a(rcc.o)
 .text.rcc_clock_setup_in_hsi_out_64mhz
                0x00000000       0x70 /home/dima/stm32/libopencm3/lib/libopencm3_stm32f1.a(rcc.o)
 .text.rcc_clock_setup_in_hsi_out_48mhz
                0x00000000       0x7c /home/dima/stm32/libopencm3/lib/libopencm3_stm32f1.a(rcc.o)
 .text.rcc_clock_setup_in_hsi_out_24mhz
                0x00000000       0x60 /home/dima/stm32/libopencm3/lib/libopencm3_stm32f1.a(rcc.o)
 .text.rcc_clock_setup_in_hse_8mhz_out_24mhz
                0x00000000       0x78 /home/dima/stm32/libopencm3/lib/libopencm3_stm32f1.a(rcc.o)
 .text.rcc_clock_setup_in_hse_8mhz_out_72mhz
                0x00000000       0x88 /home/dima/stm32/libopencm3/lib/libopencm3_stm32f1.a(rcc.o)
 .text.rcc_clock_setup_in_hse_12mhz_out_72mhz
                0x00000000       0x88 /home/dima/stm32/libopencm3/lib/libopencm3_stm32f1.a(rcc.o)
 .text.rcc_clock_setup_in_hse_16mhz_out_72mhz
                0x00000000       0x88 /home/dima/stm32/libopencm3/lib/libopencm3_stm32f1.a(rcc.o)
 .text.rcc_clock_setup_in_hse_25mhz_out_72mhz
                0x00000000       0xa8 /home/dima/stm32/libopencm3/lib/libopencm3_stm32f1.a(rcc.o)
 .text.rcc_backupdomain_reset
                0x00000000       0x18 /home/dima/stm32/libopencm3/lib/libopencm3_stm32f1.a(rcc.o)
 .text.rcc_get_usart_clk_freq
                0x00000000       0x1c /home/dima/stm32/libopencm3/lib/libopencm3_stm32f1.a(rcc.o)
 .text.rcc_get_timer_clk_freq
                0x00000000       0x34 /home/dima/stm32/libopencm3/lib/libopencm3_stm32f1.a(rcc.o)
 .text.rcc_get_i2c_clk_freq
                0x00000000        0xc /home/dima/stm32/libopencm3/lib/libopencm3_stm32f1.a(rcc.o)
 .rodata.rcc_hsi_configs
                0x00000000       0x54 /home/dima/stm32/libopencm3/lib/libopencm3_stm32f1.a(rcc.o)
 .debug_macro   0x00000000      0xac0 /home/dima/stm32/libopencm3/lib/libopencm3_stm32f1.a(rcc.o)
 .debug_macro   0x00000000       0x1c /home/dima/stm32/libopencm3/lib/libopencm3_stm32f1.a(rcc.o)
 .debug_macro   0x00000000       0x22 /home/dima/stm32/libopencm3/lib/libopencm3_stm32f1.a(rcc.o)
 .debug_macro   0x00000000       0x56 /home/dima/stm32/libopencm3/lib/libopencm3_stm32f1.a(rcc.o)
 .debug_macro   0x00000000       0x51 /home/dima/stm32/libopencm3/lib/libopencm3_stm32f1.a(rcc.o)
 .debug_macro   0x00000000      0x103 /home/dima/stm32/libopencm3/lib/libopencm3_stm32f1.a(rcc.o)
 .debug_macro   0x00000000       0x6a /home/dima/stm32/libopencm3/lib/libopencm3_stm32f1.a(rcc.o)
 .debug_macro   0x00000000      0x1df /home/dima/stm32/libopencm3/lib/libopencm3_stm32f1.a(rcc.o)
 .debug_macro   0x00000000       0x22 /home/dima/stm32/libopencm3/lib/libopencm3_stm32f1.a(rcc.o)
 .debug_macro   0x00000000       0xe8 /home/dima/stm32/libopencm3/lib/libopencm3_stm32f1.a(rcc.o)
 .debug_macro   0x00000000       0x76 /home/dima/stm32/libopencm3/lib/libopencm3_stm32f1.a(rcc.o)
 .debug_macro   0x00000000      0x1b4 /home/dima/stm32/libopencm3/lib/libopencm3_stm32f1.a(rcc.o)
 .group         0x00000000        0xc /home/dima/stm32/libopencm3/lib/libopencm3_stm32f1.a(rcc_common_all.o)
 .group         0x00000000        0xc /home/dima/stm32/libopencm3/lib/libopencm3_stm32f1.a(rcc_common_all.o)
 .group         0x00000000        0xc /home/dima/stm32/libopencm3/lib/libopencm3_stm32f1.a(rcc_common_all.o)
 .group         0x00000000        0xc /home/dima/stm32/libopencm3/lib/libopencm3_stm32f1.a(rcc_common_all.o)
 .group         0x00000000        0xc /home/dima/stm32/libopencm3/lib/libopencm3_stm32f1.a(rcc_common_all.o)
 .group         0x00000000        0xc /home/dima/stm32/libopencm3/lib/libopencm3_stm32f1.a(rcc_common_all.o)
 .group         0x00000000        0xc /home/dima/stm32/libopencm3/lib/libopencm3_stm32f1.a(rcc_common_all.o)
 .group         0x00000000        0xc /home/dima/stm32/libopencm3/lib/libopencm3_stm32f1.a(rcc_common_all.o)
 .group         0x00000000        0xc /home/dima/stm32/libopencm3/lib/libopencm3_stm32f1.a(rcc_common_all.o)
 .group         0x00000000        0xc /home/dima/stm32/libopencm3/lib/libopencm3_stm32f1.a(rcc_common_all.o)
 .group         0x00000000        0xc /home/dima/stm32/libopencm3/lib/libopencm3_stm32f1.a(rcc_common_all.o)
 .group         0x00000000        0xc /home/dima/stm32/libopencm3/lib/libopencm3_stm32f1.a(rcc_common_all.o)
 .group         0x00000000        0xc /home/dima/stm32/libopencm3/lib/libopencm3_stm32f1.a(rcc_common_all.o)
 .text          0x00000000        0x0 /home/dima/stm32/libopencm3/lib/libopencm3_stm32f1.a(rcc_common_all.o)
 .data          0x00000000        0x0 /home/dima/stm32/libopencm3/lib/libopencm3_stm32f1.a(rcc_common_all.o)
 .bss           0x00000000        0x0 /home/dima/stm32/libopencm3/lib/libopencm3_stm32f1.a(rcc_common_all.o)
 .text.rcc_peripheral_enable_clock
                0x00000000        0x8 /home/dima/stm32/libopencm3/lib/libopencm3_stm32f1.a(rcc_common_all.o)
 .text.rcc_peripheral_disable_clock
                0x00000000        0xa /home/dima/stm32/libopencm3/lib/libopencm3_stm32f1.a(rcc_common_all.o)
 .text.rcc_peripheral_reset
                0x00000000        0x8 /home/dima/stm32/libopencm3/lib/libopencm3_stm32f1.a(rcc_common_all.o)
 .text.rcc_peripheral_clear_reset
                0x00000000        0xa /home/dima/stm32/libopencm3/lib/libopencm3_stm32f1.a(rcc_common_all.o)
 .text.rcc_periph_clock_disable
                0x00000000       0x1c /home/dima/stm32/libopencm3/lib/libopencm3_stm32f1.a(rcc_common_all.o)
 .text.rcc_periph_reset_hold
                0x00000000        0x4 /home/dima/stm32/libopencm3/lib/libopencm3_stm32f1.a(rcc_common_all.o)
 .text.rcc_periph_reset_release
                0x00000000        0x4 /home/dima/stm32/libopencm3/lib/libopencm3_stm32f1.a(rcc_common_all.o)
 .text.rcc_set_mco
                0x00000000       0x14 /home/dima/stm32/libopencm3/lib/libopencm3_stm32f1.a(rcc_common_all.o)
 .text.rcc_osc_bypass_enable
                0x00000000       0x28 /home/dima/stm32/libopencm3/lib/libopencm3_stm32f1.a(rcc_common_all.o)
 .text.rcc_osc_bypass_disable
                0x00000000       0x28 /home/dima/stm32/libopencm3/lib/libopencm3_stm32f1.a(rcc_common_all.o)
 .text.rcc_get_div_from_hpre
                0x00000000       0x18 /home/dima/stm32/libopencm3/lib/libopencm3_stm32f1.a(rcc_common_all.o)
 .debug_macro   0x00000000      0xac0 /home/dima/stm32/libopencm3/lib/libopencm3_stm32f1.a(rcc_common_all.o)
 .debug_macro   0x00000000       0x1c /home/dima/stm32/libopencm3/lib/libopencm3_stm32f1.a(rcc_common_all.o)
 .debug_macro   0x00000000       0x22 /home/dima/stm32/libopencm3/lib/libopencm3_stm32f1.a(rcc_common_all.o)
 .debug_macro   0x00000000       0x56 /home/dima/stm32/libopencm3/lib/libopencm3_stm32f1.a(rcc_common_all.o)
 .debug_macro   0x00000000       0x51 /home/dima/stm32/libopencm3/lib/libopencm3_stm32f1.a(rcc_common_all.o)
 .debug_macro   0x00000000      0x103 /home/dima/stm32/libopencm3/lib/libopencm3_stm32f1.a(rcc_common_all.o)
 .debug_macro   0x00000000       0x6a /home/dima/stm32/libopencm3/lib/libopencm3_stm32f1.a(rcc_common_all.o)
 .debug_macro   0x00000000      0x1df /home/dima/stm32/libopencm3/lib/libopencm3_stm32f1.a(rcc_common_all.o)
 .debug_macro   0x00000000       0x22 /home/dima/stm32/libopencm3/lib/libopencm3_stm32f1.a(rcc_common_all.o)
 .debug_macro   0x00000000       0xe8 /home/dima/stm32/libopencm3/lib/libopencm3_stm32f1.a(rcc_common_all.o)
 .debug_macro   0x00000000       0x76 /home/dima/stm32/libopencm3/lib/libopencm3_stm32f1.a(rcc_common_all.o)
 .debug_macro   0x00000000      0x1b4 /home/dima/stm32/libopencm3/lib/libopencm3_stm32f1.a(rcc_common_all.o)
 .debug_macro   0x00000000      0x8c6 /home/dima/stm32/libopencm3/lib/libopencm3_stm32f1.a(rcc_common_all.o)
 .group         0x00000000        0xc /home/dima/stm32/libopencm3/lib/libopencm3_stm32f1.a(timer_common_all.o)
 .group         0x00000000        0xc /home/dima/stm32/libopencm3/lib/libopencm3_stm32f1.a(timer_common_all.o)
 .group         0x00000000        0xc /home/dima/stm32/libopencm3/lib/libopencm3_stm32f1.a(timer_common_all.o)
 .group         0x00000000        0xc /home/dima/stm32/libopencm3/lib/libopencm3_stm32f1.a(timer_common_all.o)
 .group         0x00000000        0xc /home/dima/stm32/libopencm3/lib/libopencm3_stm32f1.a(timer_common_all.o)
 .group         0x00000000        0xc /home/dima/stm32/libopencm3/lib/libopencm3_stm32f1.a(timer_common_all.o)
 .group         0x00000000        0xc /home/dima/stm32/libopencm3/lib/libopencm3_stm32f1.a(timer_common_all.o)
 .group         0x00000000        0xc /home/dima/stm32/libopencm3/lib/libopencm3_stm32f1.a(timer_common_all.o)
 .group         0x00000000        0xc /home/dima/stm32/libopencm3/lib/libopencm3_stm32f1.a(timer_common_all.o)
 .group         0x00000000        0xc /home/dima/stm32/libopencm3/lib/libopencm3_stm32f1.a(timer_common_all.o)
 .group         0x00000000        0xc /home/dima/stm32/libopencm3/lib/libopencm3_stm32f1.a(timer_common_all.o)
 .group         0x00000000        0xc /home/dima/stm32/libopencm3/lib/libopencm3_stm32f1.a(timer_common_all.o)
 .group         0x00000000        0xc /home/dima/stm32/libopencm3/lib/libopencm3_stm32f1.a(timer_common_all.o)
 .group         0x00000000        0xc /home/dima/stm32/libopencm3/lib/libopencm3_stm32f1.a(timer_common_all.o)
 .text          0x00000000        0x0 /home/dima/stm32/libopencm3/lib/libopencm3_stm32f1.a(timer_common_all.o)
 .data          0x00000000        0x0 /home/dima/stm32/libopencm3/lib/libopencm3_stm32f1.a(timer_common_all.o)
 .bss           0x00000000        0x0 /home/dima/stm32/libopencm3/lib/libopencm3_stm32f1.a(timer_common_all.o)
 .text.timer_enable_irq
                0x00000000        0x8 /home/dima/stm32/libopencm3/lib/libopencm3_stm32f1.a(timer_common_all.o)
 .text.timer_disable_irq
                0x00000000        0xa /home/dima/stm32/libopencm3/lib/libopencm3_stm32f1.a(timer_common_all.o)
 .text.timer_interrupt_source
                0x00000000       0x16 /home/dima/stm32/libopencm3/lib/libopencm3_stm32f1.a(timer_common_all.o)
 .text.timer_set_clock_division
                0x00000000       0x14 /home/dima/stm32/libopencm3/lib/libopencm3_stm32f1.a(timer_common_all.o)
 .text.timer_enable_preload
                0x00000000        0xa /home/dima/stm32/libopencm3/lib/libopencm3_stm32f1.a(timer_common_all.o)
 .text.timer_disable_preload
                0x00000000        0xa /home/dima/stm32/libopencm3/lib/libopencm3_stm32f1.a(timer_common_all.o)
 .text.timer_set_alignment
                0x00000000       0x14 /home/dima/stm32/libopencm3/lib/libopencm3_stm32f1.a(timer_common_all.o)
 .text.timer_direction_up
                0x00000000        0xa /home/dima/stm32/libopencm3/lib/libopencm3_stm32f1.a(timer_common_all.o)
 .text.timer_direction_down
                0x00000000        0xa /home/dima/stm32/libopencm3/lib/libopencm3_stm32f1.a(timer_common_all.o)
 .text.timer_continuous_mode
                0x00000000        0xa /home/dima/stm32/libopencm3/lib/libopencm3_stm32f1.a(timer_common_all.o)
 .text.timer_update_on_any
                0x00000000        0xa /home/dima/stm32/libopencm3/lib/libopencm3_stm32f1.a(timer_common_all.o)
 .text.timer_update_on_overflow
                0x00000000        0xa /home/dima/stm32/libopencm3/lib/libopencm3_stm32f1.a(timer_common_all.o)
 .text.timer_enable_update_event
                0x00000000        0xa /home/dima/stm32/libopencm3/lib/libopencm3_stm32f1.a(timer_common_all.o)
 .text.timer_disable_update_event
                0x00000000        0xa /home/dima/stm32/libopencm3/lib/libopencm3_stm32f1.a(timer_common_all.o)
 .text.timer_disable_counter
                0x00000000        0xa /home/dima/stm32/libopencm3/lib/libopencm3_stm32f1.a(timer_common_all.o)
 .text.timer_set_output_idle_state
                0x00000000        0xc /home/dima/stm32/libopencm3/lib/libopencm3_stm32f1.a(timer_common_all.o)
 .text.timer_reset_output_idle_state
                0x00000000        0xe /home/dima/stm32/libopencm3/lib/libopencm3_stm32f1.a(timer_common_all.o)
 .text.timer_set_ti1_ch123_xor
                0x00000000        0xa /home/dima/stm32/libopencm3/lib/libopencm3_stm32f1.a(timer_common_all.o)
 .text.timer_set_ti1_ch1
                0x00000000        0xa /home/dima/stm32/libopencm3/lib/libopencm3_stm32f1.a(timer_common_all.o)
 .text.timer_set_master_mode
                0x00000000       0x10 /home/dima/stm32/libopencm3/lib/libopencm3_stm32f1.a(timer_common_all.o)
 .text.timer_set_dma_on_compare_event
                0x00000000        0xa /home/dima/stm32/libopencm3/lib/libopencm3_stm32f1.a(timer_common_all.o)
 .text.timer_set_dma_on_update_event
                0x00000000        0xa /home/dima/stm32/libopencm3/lib/libopencm3_stm32f1.a(timer_common_all.o)
 .text.timer_enable_compare_control_update_on_trigger
                0x00000000        0xa /home/dima/stm32/libopencm3/lib/libopencm3_stm32f1.a(timer_common_all.o)
 .text.timer_disable_compare_control_update_on_trigger
                0x00000000        0xa /home/dima/stm32/libopencm3/lib/libopencm3_stm32f1.a(timer_common_all.o)
 .text.timer_enable_preload_complementry_enable_bits
                0x00000000        0xa /home/dima/stm32/libopencm3/lib/libopencm3_stm32f1.a(timer_common_all.o)
 .text.timer_disable_preload_complementry_enable_bits
                0x00000000        0xa /home/dima/stm32/libopencm3/lib/libopencm3_stm32f1.a(timer_common_all.o)
 .text.timer_set_repetition_counter
                0x00000000        0x4 /home/dima/stm32/libopencm3/lib/libopencm3_stm32f1.a(timer_common_all.o)
 .text.timer_enable_oc_clear
                0x00000000       0x34 /home/dima/stm32/libopencm3/lib/libopencm3_stm32f1.a(timer_common_all.o)
 .text.timer_disable_oc_clear
                0x00000000       0x34 /home/dima/stm32/libopencm3/lib/libopencm3_stm32f1.a(timer_common_all.o)
 .text.timer_set_oc_fast_mode
                0x00000000       0x34 /home/dima/stm32/libopencm3/lib/libopencm3_stm32f1.a(timer_common_all.o)
 .text.timer_set_oc_slow_mode
                0x00000000       0x34 /home/dima/stm32/libopencm3/lib/libopencm3_stm32f1.a(timer_common_all.o)
 .text.timer_set_oc_mode
                0x00000000      0x18c /home/dima/stm32/libopencm3/lib/libopencm3_stm32f1.a(timer_common_all.o)
 .text.timer_enable_oc_preload
                0x00000000       0x34 /home/dima/stm32/libopencm3/lib/libopencm3_stm32f1.a(timer_common_all.o)
 .text.timer_disable_oc_preload
                0x00000000       0x34 /home/dima/stm32/libopencm3/lib/libopencm3_stm32f1.a(timer_common_all.o)
 .text.timer_set_oc_polarity_high
                0x00000000       0x4a /home/dima/stm32/libopencm3/lib/libopencm3_stm32f1.a(timer_common_all.o)
 .text.timer_set_oc_polarity_low
                0x00000000       0x4a /home/dima/stm32/libopencm3/lib/libopencm3_stm32f1.a(timer_common_all.o)
 .text.timer_enable_oc_output
                0x00000000       0x4a /home/dima/stm32/libopencm3/lib/libopencm3_stm32f1.a(timer_common_all.o)
 .text.timer_disable_oc_output
                0x00000000       0x4a /home/dima/stm32/libopencm3/lib/libopencm3_stm32f1.a(timer_common_all.o)
 .text.timer_set_oc_idle_state_set
                0x00000000       0x4a /home/dima/stm32/libopencm3/lib/libopencm3_stm32f1.a(timer_common_all.o)
 .text.timer_set_oc_idle_state_unset
                0x00000000       0x4a /home/dima/stm32/libopencm3/lib/libopencm3_stm32f1.a(timer_common_all.o)
 .text.timer_set_oc_value
                0x00000000       0x20 /home/dima/stm32/libopencm3/lib/libopencm3_stm32f1.a(timer_common_all.o)
 .text.timer_enable_break_main_output
                0x00000000        0xa /home/dima/stm32/libopencm3/lib/libopencm3_stm32f1.a(timer_common_all.o)
 .text.timer_disable_break_main_output
                0x00000000        0xa /home/dima/stm32/libopencm3/lib/libopencm3_stm32f1.a(timer_common_all.o)
 .text.timer_enable_break_automatic_output
                0x00000000        0xa /home/dima/stm32/libopencm3/lib/libopencm3_stm32f1.a(timer_common_all.o)
 .text.timer_disable_break_automatic_output
                0x00000000        0xa /home/dima/stm32/libopencm3/lib/libopencm3_stm32f1.a(timer_common_all.o)
 .text.timer_set_break_polarity_high
                0x00000000        0xa /home/dima/stm32/libopencm3/lib/libopencm3_stm32f1.a(timer_common_all.o)
 .text.timer_set_break_polarity_low
                0x00000000        0xa /home/dima/stm32/libopencm3/lib/libopencm3_stm32f1.a(timer_common_all.o)
 .text.timer_enable_break
                0x00000000        0xa /home/dima/stm32/libopencm3/lib/libopencm3_stm32f1.a(timer_common_all.o)
 .text.timer_disable_break
                0x00000000        0xa /home/dima/stm32/libopencm3/lib/libopencm3_stm32f1.a(timer_common_all.o)
 .text.timer_set_enabled_off_state_in_run_mode
                0x00000000        0xa /home/dima/stm32/libopencm3/lib/libopencm3_stm32f1.a(timer_common_all.o)
 .text.timer_set_disabled_off_state_in_run_mode
                0x00000000        0xa /home/dima/stm32/libopencm3/lib/libopencm3_stm32f1.a(timer_common_all.o)
 .text.timer_set_enabled_off_state_in_idle_mode
                0x00000000        0xa /home/dima/stm32/libopencm3/lib/libopencm3_stm32f1.a(timer_common_all.o)
 .text.timer_set_disabled_off_state_in_idle_mode
                0x00000000        0xa /home/dima/stm32/libopencm3/lib/libopencm3_stm32f1.a(timer_common_all.o)
 .text.timer_set_break_lock
                0x00000000        0x8 /home/dima/stm32/libopencm3/lib/libopencm3_stm32f1.a(timer_common_all.o)
 .text.timer_set_deadtime
                0x00000000        0x4 /home/dima/stm32/libopencm3/lib/libopencm3_stm32f1.a(timer_common_all.o)
 .text.timer_generate_event
                0x00000000        0x8 /home/dima/stm32/libopencm3/lib/libopencm3_stm32f1.a(timer_common_all.o)
 .text.timer_get_counter
                0x00000000        0x4 /home/dima/stm32/libopencm3/lib/libopencm3_stm32f1.a(timer_common_all.o)
 .text.timer_set_counter
                0x00000000        0x4 /home/dima/stm32/libopencm3/lib/libopencm3_stm32f1.a(timer_common_all.o)
 .text.timer_ic_set_filter
                0x00000000       0x50 /home/dima/stm32/libopencm3/lib/libopencm3_stm32f1.a(timer_common_all.o)
 .text.timer_ic_set_prescaler
                0x00000000       0x50 /home/dima/stm32/libopencm3/lib/libopencm3_stm32f1.a(timer_common_all.o)
 .text.timer_ic_set_input
                0x00000000       0x62 /home/dima/stm32/libopencm3/lib/libopencm3_stm32f1.a(timer_common_all.o)
 .text.timer_ic_enable
                0x00000000        0xe /home/dima/stm32/libopencm3/lib/libopencm3_stm32f1.a(timer_common_all.o)
 .text.timer_ic_disable
                0x00000000       0x10 /home/dima/stm32/libopencm3/lib/libopencm3_stm32f1.a(timer_common_all.o)
 .text.timer_slave_set_filter
                0x00000000       0x12 /home/dima/stm32/libopencm3/lib/libopencm3_stm32f1.a(timer_common_all.o)
 .text.timer_slave_set_prescaler
                0x00000000       0x12 /home/dima/stm32/libopencm3/lib/libopencm3_stm32f1.a(timer_common_all.o)
 .text.timer_slave_set_polarity
                0x00000000       0x12 /home/dima/stm32/libopencm3/lib/libopencm3_stm32f1.a(timer_common_all.o)
 .text.timer_slave_set_mode
                0x00000000       0x10 /home/dima/stm32/libopencm3/lib/libopencm3_stm32f1.a(timer_common_all.o)
 .text.timer_slave_set_trigger
                0x00000000       0x10 /home/dima/stm32/libopencm3/lib/libopencm3_stm32f1.a(timer_common_all.o)
 .text.timer_slave_set_extclockmode2
                0x00000000       0x12 /home/dima/stm32/libopencm3/lib/libopencm3_stm32f1.a(timer_common_all.o)
 .debug_macro   0x00000000      0xac0 /home/dima/stm32/libopencm3/lib/libopencm3_stm32f1.a(timer_common_all.o)
 .debug_macro   0x00000000       0x1c /home/dima/stm32/libopencm3/lib/libopencm3_stm32f1.a(timer_common_all.o)
 .debug_macro   0x00000000       0x22 /home/dima/stm32/libopencm3/lib/libopencm3_stm32f1.a(timer_common_all.o)
 .debug_macro   0x00000000       0x56 /home/dima/stm32/libopencm3/lib/libopencm3_stm32f1.a(timer_common_all.o)
 .debug_macro   0x00000000       0x51 /home/dima/stm32/libopencm3/lib/libopencm3_stm32f1.a(timer_common_all.o)
 .debug_macro   0x00000000      0x103 /home/dima/stm32/libopencm3/lib/libopencm3_stm32f1.a(timer_common_all.o)
 .debug_macro   0x00000000       0x6a /home/dima/stm32/libopencm3/lib/libopencm3_stm32f1.a(timer_common_all.o)
 .debug_macro   0x00000000      0x1df /home/dima/stm32/libopencm3/lib/libopencm3_stm32f1.a(timer_common_all.o)
 .debug_macro   0x00000000       0x22 /home/dima/stm32/libopencm3/lib/libopencm3_stm32f1.a(timer_common_all.o)
 .debug_macro   0x00000000       0xe8 /home/dima/stm32/libopencm3/lib/libopencm3_stm32f1.a(timer_common_all.o)
 .debug_macro   0x00000000       0x76 /home/dima/stm32/libopencm3/lib/libopencm3_stm32f1.a(timer_common_all.o)
 .debug_macro   0x00000000      0x1b4 /home/dima/stm32/libopencm3/lib/libopencm3_stm32f1.a(timer_common_all.o)
 .debug_macro   0x00000000      0x8c6 /home/dima/stm32/libopencm3/lib/libopencm3_stm32f1.a(timer_common_all.o)
 .group         0x00000000        0xc /home/dima/stm32/libopencm3/lib/libopencm3_stm32f1.a(vector.o)
 .group         0x00000000        0xc /home/dima/stm32/libopencm3/lib/libopencm3_stm32f1.a(vector.o)
 .group         0x00000000        0xc /home/dima/stm32/libopencm3/lib/libopencm3_stm32f1.a(vector.o)
 .group         0x00000000        0xc /home/dima/stm32/libopencm3/lib/libopencm3_stm32f1.a(vector.o)
 .group         0x00000000        0xc /home/dima/stm32/libopencm3/lib/libopencm3_stm32f1.a(vector.o)
 .group         0x00000000        0xc /home/dima/stm32/libopencm3/lib/libopencm3_stm32f1.a(vector.o)
 .group         0x00000000        0xc /home/dima/stm32/libopencm3/lib/libopencm3_stm32f1.a(vector.o)
 .group         0x00000000        0xc /home/dima/stm32/libopencm3/lib/libopencm3_stm32f1.a(vector.o)
 .group         0x00000000        0xc /home/dima/stm32/libopencm3/lib/libopencm3_stm32f1.a(vector.o)
 .group         0x00000000        0xc /home/dima/stm32/libopencm3/lib/libopencm3_stm32f1.a(vector.o)
 .group         0x00000000        0xc /home/dima/stm32/libopencm3/lib/libopencm3_stm32f1.a(vector.o)
 .group         0x00000000        0xc /home/dima/stm32/libopencm3/lib/libopencm3_stm32f1.a(vector.o)
 .group         0x00000000        0xc /home/dima/stm32/libopencm3/lib/libopencm3_stm32f1.a(vector.o)
 .group         0x00000000        0xc /home/dima/stm32/libopencm3/lib/libopencm3_stm32f1.a(vector.o)
 .text          0x00000000        0x0 /home/dima/stm32/libopencm3/lib/libopencm3_stm32f1.a(vector.o)
 .data          0x00000000        0x0 /home/dima/stm32/libopencm3/lib/libopencm3_stm32f1.a(vector.o)
 .bss           0x00000000        0x0 /home/dima/stm32/libopencm3/lib/libopencm3_stm32f1.a(vector.o)
 .debug_macro   0x00000000      0xac0 /home/dima/stm32/libopencm3/lib/libopencm3_stm32f1.a(vector.o)
 .debug_macro   0x00000000       0x76 /home/dima/stm32/libopencm3/lib/libopencm3_stm32f1.a(vector.o)
 .debug_macro   0x00000000       0x1c /home/dima/stm32/libopencm3/lib/libopencm3_stm32f1.a(vector.o)
 .debug_macro   0x00000000       0x22 /home/dima/stm32/libopencm3/lib/libopencm3_stm32f1.a(vector.o)
 .debug_macro   0x00000000       0x56 /home/dima/stm32/libopencm3/lib/libopencm3_stm32f1.a(vector.o)
 .debug_macro   0x00000000       0x51 /home/dima/stm32/libopencm3/lib/libopencm3_stm32f1.a(vector.o)
 .debug_macro   0x00000000      0x103 /home/dima/stm32/libopencm3/lib/libopencm3_stm32f1.a(vector.o)
 .debug_macro   0x00000000       0x6a /home/dima/stm32/libopencm3/lib/libopencm3_stm32f1.a(vector.o)
 .debug_macro   0x00000000      0x1df /home/dima/stm32/libopencm3/lib/libopencm3_stm32f1.a(vector.o)
 .debug_macro   0x00000000       0x22 /home/dima/stm32/libopencm3/lib/libopencm3_stm32f1.a(vector.o)
 .debug_macro   0x00000000       0xe8 /home/dima/stm32/libopencm3/lib/libopencm3_stm32f1.a(vector.o)
 .group         0x00000000        0xc /home/dima/stm32/libopencm3/lib/libopencm3_stm32f1.a(assert.o)
 .group         0x00000000        0xc /home/dima/stm32/libopencm3/lib/libopencm3_stm32f1.a(assert.o)
 .group         0x00000000        0xc /home/dima/stm32/libopencm3/lib/libopencm3_stm32f1.a(assert.o)
 .group         0x00000000        0xc /home/dima/stm32/libopencm3/lib/libopencm3_stm32f1.a(assert.o)
 .group         0x00000000        0xc /home/dima/stm32/libopencm3/lib/libopencm3_stm32f1.a(assert.o)
 .group         0x00000000        0xc /home/dima/stm32/libopencm3/lib/libopencm3_stm32f1.a(assert.o)
 .group         0x00000000        0xc /home/dima/stm32/libopencm3/lib/libopencm3_stm32f1.a(assert.o)
 .group         0x00000000        0xc /home/dima/stm32/libopencm3/lib/libopencm3_stm32f1.a(assert.o)
 .group         0x00000000        0xc /home/dima/stm32/libopencm3/lib/libopencm3_stm32f1.a(assert.o)
 .group         0x00000000        0xc /home/dima/stm32/libopencm3/lib/libopencm3_stm32f1.a(assert.o)
 .group         0x00000000        0xc /home/dima/stm32/libopencm3/lib/libopencm3_stm32f1.a(assert.o)
 .text          0x00000000        0x0 /home/dima/stm32/libopencm3/lib/libopencm3_stm32f1.a(assert.o)
 .data          0x00000000        0x0 /home/dima/stm32/libopencm3/lib/libopencm3_stm32f1.a(assert.o)
 .bss           0x00000000        0x0 /home/dima/stm32/libopencm3/lib/libopencm3_stm32f1.a(assert.o)
 .text.cm3_assert_failed
                0x00000000        0x2 /home/dima/stm32/libopencm3/lib/libopencm3_stm32f1.a(assert.o)
 .text.cm3_assert_failed_verbose
                0x00000000        0x6 /home/dima/stm32/libopencm3/lib/libopencm3_stm32f1.a(assert.o)
 .debug_info    0x00000000      0x101 /home/dima/stm32/libopencm3/lib/libopencm3_stm32f1.a(assert.o)
 .debug_abbrev  0x00000000       0x94 /home/dima/stm32/libopencm3/lib/libopencm3_stm32f1.a(assert.o)
 .debug_loclists
                0x00000000       0x80 /home/dima/stm32/libopencm3/lib/libopencm3_stm32f1.a(assert.o)
 .debug_aranges
                0x00000000       0x28 /home/dima/stm32/libopencm3/lib/libopencm3_stm32f1.a(assert.o)
 .debug_rnglists
                0x00000000       0x19 /home/dima/stm32/libopencm3/lib/libopencm3_stm32f1.a(assert.o)
 .debug_macro   0x00000000       0x89 /home/dima/stm32/libopencm3/lib/libopencm3_stm32f1.a(assert.o)
 .debug_macro   0x00000000      0xac0 /home/dima/stm32/libopencm3/lib/libopencm3_stm32f1.a(assert.o)
 .debug_macro   0x00000000       0x1c /home/dima/stm32/libopencm3/lib/libopencm3_stm32f1.a(assert.o)
 .debug_macro   0x00000000       0x22 /home/dima/stm32/libopencm3/lib/libopencm3_stm32f1.a(assert.o)
 .debug_macro   0x00000000       0x56 /home/dima/stm32/libopencm3/lib/libopencm3_stm32f1.a(assert.o)
 .debug_macro   0x00000000       0x51 /home/dima/stm32/libopencm3/lib/libopencm3_stm32f1.a(assert.o)
 .debug_macro   0x00000000      0x103 /home/dima/stm32/libopencm3/lib/libopencm3_stm32f1.a(assert.o)
 .debug_macro   0x00000000       0x6a /home/dima/stm32/libopencm3/lib/libopencm3_stm32f1.a(assert.o)
 .debug_macro   0x00000000      0x1df /home/dima/stm32/libopencm3/lib/libopencm3_stm32f1.a(assert.o)
 .debug_macro   0x00000000       0x22 /home/dima/stm32/libopencm3/lib/libopencm3_stm32f1.a(assert.o)
 .debug_macro   0x00000000       0xe8 /home/dima/stm32/libopencm3/lib/libopencm3_stm32f1.a(assert.o)
 .debug_macro   0x00000000       0x16 /home/dima/stm32/libopencm3/lib/libopencm3_stm32f1.a(assert.o)
 .debug_line    0x00000000      0x1b9 /home/dima/stm32/libopencm3/lib/libopencm3_stm32f1.a(assert.o)
 .debug_str     0x00000000     0x4151 /home/dima/stm32/libopencm3/lib/libopencm3_stm32f1.a(assert.o)
 .comment       0x00000000       0x46 /home/dima/stm32/libopencm3/lib/libopencm3_stm32f1.a(assert.o)
 .debug_frame   0x00000000       0x38 /home/dima/stm32/libopencm3/lib/libopencm3_stm32f1.a(assert.o)
 .ARM.attributes
                0x00000000       0x2d /home/dima/stm32/libopencm3/lib/libopencm3_stm32f1.a(assert.o)
 .group         0x00000000        0xc /home/dima/stm32/libopencm3/lib/libopencm3_stm32f1.a(flash_common_all.o)
 .group         0x00000000        0xc /home/dima/stm32/libopencm3/lib/libopencm3_stm32f1.a(flash_common_all.o)
 .group         0x00000000        0xc /home/dima/stm32/libopencm3/lib/libopencm3_stm32f1.a(flash_common_all.o)
 .group         0x00000000        0xc /home/dima/stm32/libopencm3/lib/libopencm3_stm32f1.a(flash_common_all.o)
 .group         0x00000000        0xc /home/dima/stm32/libopencm3/lib/libopencm3_stm32f1.a(flash_common_all.o)
 .group         0x00000000        0xc /home/dima/stm32/libopencm3/lib/libopencm3_stm32f1.a(flash_common_all.o)
 .group         0x00000000        0xc /home/dima/stm32/libopencm3/lib/libopencm3_stm32f1.a(flash_common_all.o)
 .group         0x00000000        0xc /home/dima/stm32/libopencm3/lib/libopencm3_stm32f1.a(flash_common_all.o)
 .group         0x00000000        0xc /home/dima/stm32/libopencm3/lib/libopencm3_stm32f1.a(flash_common_all.o)
 .group         0x00000000        0xc /home/dima/stm32/libopencm3/lib/libopencm3_stm32f1.a(flash_common_all.o)
 .group         0x00000000        0xc /home/dima/stm32/libopencm3/lib/libopencm3_stm32f1.a(flash_common_all.o)
 .group         0x00000000        0xc /home/dima/stm32/libopencm3/lib/libopencm3_stm32f1.a(flash_common_all.o)
 .group         0x00000000        0xc /home/dima/stm32/libopencm3/lib/libopencm3_stm32f1.a(flash_common_all.o)
 .group         0x00000000        0xc /home/dima/stm32/libopencm3/lib/libopencm3_stm32f1.a(flash_common_all.o)
 .text          0x00000000        0x0 /home/dima/stm32/libopencm3/lib/libopencm3_stm32f1.a(flash_common_all.o)
 .data          0x00000000        0x0 /home/dima/stm32/libopencm3/lib/libopencm3_stm32f1.a(flash_common_all.o)
 .bss           0x00000000        0x0 /home/dima/stm32/libopencm3/lib/libopencm3_stm32f1.a(flash_common_all.o)
 .text.flash_prefetch_enable
                0x00000000       0x10 /home/dima/stm32/libopencm3/lib/libopencm3_stm32f1.a(flash_common_all.o)
 .text.flash_prefetch_disable
                0x00000000       0x10 /home/dima/stm32/libopencm3/lib/libopencm3_stm32f1.a(flash_common_all.o)
 .text.flash_unlock_option_bytes
                0x00000000       0x18 /home/dima/stm32/libopencm3/lib/libopencm3_stm32f1.a(flash_common_all.o)
 .debug_macro   0x00000000      0xac0 /home/dima/stm32/libopencm3/lib/libopencm3_stm32f1.a(flash_common_all.o)
 .debug_macro   0x00000000       0x1c /home/dima/stm32/libopencm3/lib/libopencm3_stm32f1.a(flash_common_all.o)
 .debug_macro   0x00000000       0x22 /home/dima/stm32/libopencm3/lib/libopencm3_stm32f1.a(flash_common_all.o)
 .debug_macro   0x00000000       0x56 /home/dima/stm32/libopencm3/lib/libopencm3_stm32f1.a(flash_common_all.o)
 .debug_macro   0x00000000       0x51 /home/dima/stm32/libopencm3/lib/libopencm3_stm32f1.a(flash_common_all.o)
 .debug_macro   0x00000000      0x103 /home/dima/stm32/libopencm3/lib/libopencm3_stm32f1.a(flash_common_all.o)
 .debug_macro   0x00000000       0x6a /home/dima/stm32/libopencm3/lib/libopencm3_stm32f1.a(flash_common_all.o)
 .debug_macro   0x00000000      0x1df /home/dima/stm32/libopencm3/lib/libopencm3_stm32f1.a(flash_common_all.o)
 .debug_macro   0x00000000       0x22 /home/dima/stm32/libopencm3/lib/libopencm3_stm32f1.a(flash_common_all.o)
 .debug_macro   0x00000000       0xe8 /home/dima/stm32/libopencm3/lib/libopencm3_stm32f1.a(flash_common_all.o)
 .debug_macro   0x00000000       0x76 /home/dima/stm32/libopencm3/lib/libopencm3_stm32f1.a(flash_common_all.o)
 .debug_macro   0x00000000      0x1b4 /home/dima/stm32/libopencm3/lib/libopencm3_stm32f1.a(flash_common_all.o)
 .debug_macro   0x00000000       0xee /home/dima/stm32/libopencm3/lib/libopencm3_stm32f1.a(flash_common_all.o)
 .debug_macro   0x00000000       0x82 /home/dima/stm32/libopencm3/lib/libopencm3_stm32f1.a(flash_common_all.o)

Memory Configuration

Name             Origin             Length             Attributes
rom              0x08000000         0x00010000         xr
ram              0x20000000         0x00005000         xrw
*default*        0x00000000         0xffffffff

Linker script and memory map

LOAD main.o
LOAD rtos/heap_4.o
LOAD rtos/list.o
LOAD rtos/port.o
LOAD rtos/queue.o
LOAD rtos/tasks.o
LOAD rtos/opencm3.o
START GROUP
LOAD /opt/gcc-arm/bin/../lib/gcc/arm-none-eabi/14.2.1/../../../../arm-none-eabi/lib/thumb/v7-m/nofp/libc.a
LOAD /opt/gcc-arm/bin/../lib/gcc/arm-none-eabi/14.2.1/thumb/v7-m/nofp/libgcc.a
LOAD /opt/gcc-arm/bin/../lib/gcc/arm-none-eabi/14.2.1/../../../../arm-none-eabi/lib/thumb/v7-m/nofp/libnosys.a
END GROUP
LOAD /home/dima/stm32//rtos/libwwg/libwwg.a
LOAD /home/dima/stm32/libopencm3/lib/libopencm3_stm32f1.a
START GROUP
LOAD /opt/gcc-arm/bin/../lib/gcc/arm-none-eabi/14.2.1/thumb/v7-m/nofp/libgcc.a
LOAD /opt/gcc-arm/bin/../lib/gcc/arm-none-eabi/14.2.1/../../../../arm-none-eabi/lib/thumb/v7-m/nofp/libc.a
END GROUP
START GROUP
LOAD /opt/gcc-arm/bin/../lib/gcc/arm-none-eabi/14.2.1/thumb/v7-m/nofp/libgcc.a
LOAD /opt/gcc-arm/bin/../lib/gcc/arm-none-eabi/14.2.1/../../../../arm-none-eabi/lib/thumb/v7-m/nofp/libc.a
LOAD /opt/gcc-arm/bin/../lib/gcc/arm-none-eabi/14.2.1/../../../../arm-none-eabi/lib/thumb/v7-m/nofp/libnosys.a
END GROUP

.text           0x08000000     0x1034
 *(.vectors)
 .vectors       0x08000000      0x150 /home/dima/stm32/libopencm3/lib/libopencm3_stm32f1.a(vector.o)
                0x08000000                vector_table
 *(.text*)
 .text.timer_task
                0x08000150       0x8c main.o
 .text.startup.main
                0x080001dc       0x48 main.o
                0x080001dc                main
 .text.prvInsertBlockIntoFreeList
                0x08000224       0x4c rtos/heap_4.o
 .text.pvPortMalloc
                0x08000270       0xf4 rtos/heap_4.o
                0x08000270                pvPortMalloc
 .text.vPortFree
                0x08000364       0x4c rtos/heap_4.o
                0x08000364                vPortFree
 .text.vListInitialise
                0x080003b0       0x16 rtos/list.o
                0x080003b0                vListInitialise
 .text.vListInitialiseItem
                0x080003c6        0x6 rtos/list.o
                0x080003c6                vListInitialiseItem
 .text.vListInsertEnd
                0x080003cc       0x16 rtos/list.o
                0x080003cc                vListInsertEnd
 .text.vListInsert
                0x080003e2       0x2e rtos/list.o
                0x080003e2                vListInsert
 .text.uxListRemove
                0x08000410       0x1e rtos/list.o
                0x08000410                uxListRemove
 .text.prvTaskExitError
                0x0800042e       0x12 rtos/port.o
 .text.prvPortStartFirstTask
                0x08000440       0x20 rtos/port.o
 .text.pxPortInitialiseStack
                0x08000460       0x24 rtos/port.o
                0x08000460                pxPortInitialiseStack
 *fill*         0x08000484        0xc 
 .text.vPortSVCHandler
                0x08000490       0x24 rtos/port.o
                0x08000490                vPortSVCHandler
 .text.vPortEnterCritical
                0x080004b4       0x20 rtos/port.o
                0x080004b4                vPortEnterCritical
 .text.vPortExitCritical
                0x080004d4       0x14 rtos/port.o
                0x080004d4                vPortExitCritical
 *fill*         0x080004e8        0x8 
 .text.xPortPendSVHandler
                0x080004f0       0x44 rtos/port.o
                0x080004f0                xPortPendSVHandler
 .text.xPortSysTickHandler
                0x08000534       0x2c rtos/port.o
                0x08000534                xPortSysTickHandler
 .text.vPortSetupTimerInterrupt
                0x08000560       0x10 rtos/port.o
                0x08000560                vPortSetupTimerInterrupt
 .text.xPortStartScheduler
                0x08000570       0x34 rtos/port.o
                0x08000570                xPortStartScheduler
 .text.prvAddCurrentTaskToDelayedList
                0x080005a4       0x88 rtos/tasks.o
 .text.prvResetNextTaskUnblockTime
                0x0800062c       0x24 rtos/tasks.o
 .text.xTaskCreate
                0x08000650      0x1a4 rtos/tasks.o
                0x08000650                xTaskCreate
 .text.vTaskStartScheduler
                0x080007f4       0x60 rtos/tasks.o
                0x080007f4                vTaskStartScheduler
 .text.vTaskSuspendAll
                0x08000854       0x10 rtos/tasks.o
                0x08000854                vTaskSuspendAll
 .text.xTaskIncrementTick
                0x08000864      0x11c rtos/tasks.o
                0x08000864                xTaskIncrementTick
 .text.xTaskResumeAll
                0x08000980       0xd8 rtos/tasks.o
                0x08000980                xTaskResumeAll
 .text.vTaskDelay
                0x08000a58       0x2e rtos/tasks.o
                0x08000a58                vTaskDelay
 *fill*         0x08000a86        0x2 
 .text.prvIdleTask
                0x08000a88       0x74 rtos/tasks.o
 .text.vTaskSwitchContext
                0x08000afc       0x54 rtos/tasks.o
                0x08000afc                vTaskSwitchContext
 .text.sv_call_handler
                0x08000b50        0x4 rtos/opencm3.o
                0x08000b50                sv_call_handler
 .text.pend_sv_handler
                0x08000b54        0x4 rtos/opencm3.o
                0x08000b54                pend_sv_handler
 .text.sys_tick_handler
                0x08000b58        0x4 rtos/opencm3.o
                0x08000b58                sys_tick_handler
 .text.gpio_set_mode
                0x08000b5c       0x6a /home/dima/stm32/libopencm3/lib/libopencm3_stm32f1.a(gpio.o)
                0x08000b5c                gpio_set_mode
 .text.gpio_set
                0x08000bc6        0x4 /home/dima/stm32/libopencm3/lib/libopencm3_stm32f1.a(gpio_common_all.o)
                0x08000bc6                gpio_set
 .text.gpio_clear
                0x08000bca        0x6 /home/dima/stm32/libopencm3/lib/libopencm3_stm32f1.a(gpio_common_all.o)
                0x08000bca                gpio_clear
 .text.rcc_is_osc_ready
                0x08000bd0       0x58 /home/dima/stm32/libopencm3/lib/libopencm3_stm32f1.a(rcc.o)
                0x08000bd0                rcc_is_osc_ready
 .text.rcc_wait_for_osc_ready
                0x08000c28       0x10 /home/dima/stm32/libopencm3/lib/libopencm3_stm32f1.a(rcc.o)
                0x08000c28                rcc_wait_for_osc_ready
 .text.rcc_osc_on
                0x08000c38       0x60 /home/dima/stm32/libopencm3/lib/libopencm3_stm32f1.a(rcc.o)
                0x08000c38                rcc_osc_on
 .text.rcc_set_sysclk_source
                0x08000c98       0x14 /home/dima/stm32/libopencm3/lib/libopencm3_stm32f1.a(rcc.o)
                0x08000c98                rcc_set_sysclk_source
 .text.rcc_set_pll_multiplication_factor
                0x08000cac       0x14 /home/dima/stm32/libopencm3/lib/libopencm3_stm32f1.a(rcc.o)
                0x08000cac                rcc_set_pll_multiplication_factor
 .text.rcc_set_pll2_multiplication_factor
                0x08000cc0       0x14 /home/dima/stm32/libopencm3/lib/libopencm3_stm32f1.a(rcc.o)
                0x08000cc0                rcc_set_pll2_multiplication_factor
 .text.rcc_set_pll3_multiplication_factor
                0x08000cd4       0x14 /home/dima/stm32/libopencm3/lib/libopencm3_stm32f1.a(rcc.o)
                0x08000cd4                rcc_set_pll3_multiplication_factor
 .text.rcc_set_pll_source
                0x08000ce8       0x14 /home/dima/stm32/libopencm3/lib/libopencm3_stm32f1.a(rcc.o)
                0x08000ce8                rcc_set_pll_source
 .text.rcc_set_pllxtpre
                0x08000cfc       0x14 /home/dima/stm32/libopencm3/lib/libopencm3_stm32f1.a(rcc.o)
                0x08000cfc                rcc_set_pllxtpre
 .text.rcc_set_adcpre
                0x08000d10       0x14 /home/dima/stm32/libopencm3/lib/libopencm3_stm32f1.a(rcc.o)
                0x08000d10                rcc_set_adcpre
 .text.rcc_set_ppre2
                0x08000d24       0x14 /home/dima/stm32/libopencm3/lib/libopencm3_stm32f1.a(rcc.o)
                0x08000d24                rcc_set_ppre2
 .text.rcc_set_ppre1
                0x08000d38       0x14 /home/dima/stm32/libopencm3/lib/libopencm3_stm32f1.a(rcc.o)
                0x08000d38                rcc_set_ppre1
 .text.rcc_set_hpre
                0x08000d4c       0x14 /home/dima/stm32/libopencm3/lib/libopencm3_stm32f1.a(rcc.o)
                0x08000d4c                rcc_set_hpre
 .text.rcc_set_usbpre
                0x08000d60       0x18 /home/dima/stm32/libopencm3/lib/libopencm3_stm32f1.a(rcc.o)
                0x08000d60                rcc_set_usbpre
 .text.rcc_set_prediv1
                0x08000d78       0x14 /home/dima/stm32/libopencm3/lib/libopencm3_stm32f1.a(rcc.o)
                0x08000d78                rcc_set_prediv1
 .text.rcc_set_prediv2
                0x08000d8c       0x14 /home/dima/stm32/libopencm3/lib/libopencm3_stm32f1.a(rcc.o)
                0x08000d8c                rcc_set_prediv2
 .text.rcc_set_prediv1_source
                0x08000da0       0x18 /home/dima/stm32/libopencm3/lib/libopencm3_stm32f1.a(rcc.o)
                0x08000da0                rcc_set_prediv1_source
 .text.rcc_clock_setup_pll
                0x08000db8       0xbc /home/dima/stm32/libopencm3/lib/libopencm3_stm32f1.a(rcc.o)
                0x08000db8                rcc_clock_setup_pll
 .text.rcc_periph_clock_enable
                0x08000e74       0x1a /home/dima/stm32/libopencm3/lib/libopencm3_stm32f1.a(rcc_common_all.o)
                0x08000e74                rcc_periph_clock_enable
 .text.rcc_periph_reset_pulse
                0x08000e8e       0x22 /home/dima/stm32/libopencm3/lib/libopencm3_stm32f1.a(rcc_common_all.o)
                0x08000e8e                rcc_periph_reset_pulse
 .text.timer_get_flag
                0x08000eb0        0xc /home/dima/stm32/libopencm3/lib/libopencm3_stm32f1.a(timer_common_all.o)
                0x08000eb0                timer_get_flag
 .text.timer_clear_flag
                0x08000ebc        0x6 /home/dima/stm32/libopencm3/lib/libopencm3_stm32f1.a(timer_common_all.o)
                0x08000ebc                timer_clear_flag
 .text.timer_set_mode
                0x08000ec2       0x12 /home/dima/stm32/libopencm3/lib/libopencm3_stm32f1.a(timer_common_all.o)
                0x08000ec2                timer_set_mode
 .text.timer_one_shot_mode
                0x08000ed4        0xa /home/dima/stm32/libopencm3/lib/libopencm3_stm32f1.a(timer_common_all.o)
                0x08000ed4                timer_one_shot_mode
 .text.timer_enable_counter
                0x08000ede        0xa /home/dima/stm32/libopencm3/lib/libopencm3_stm32f1.a(timer_common_all.o)
                0x08000ede                timer_enable_counter
 .text.timer_set_prescaler
                0x08000ee8        0x4 /home/dima/stm32/libopencm3/lib/libopencm3_stm32f1.a(timer_common_all.o)
                0x08000ee8                timer_set_prescaler
 .text.timer_set_period
                0x08000eec        0x4 /home/dima/stm32/libopencm3/lib/libopencm3_stm32f1.a(timer_common_all.o)
                0x08000eec                timer_set_period
 .text.blocking_handler
                0x08000ef0        0x2 /home/dima/stm32/libopencm3/lib/libopencm3_stm32f1.a(vector.o)
                0x08000ef0                usart3_isr
                0x08000ef0                rtc_isr
                0x08000ef0                tim7_isr
                0x08000ef0                adc1_2_isr
                0x08000ef0                tim1_trg_com_isr
                0x08000ef0                usb_hp_can_tx_isr
                0x08000ef0                tim6_isr
                0x08000ef0                usb_wakeup_isr
                0x08000ef0                blocking_handler
                0x08000ef0                tim5_isr
                0x08000ef0                otg_fs_isr
                0x08000ef0                spi1_isr
                0x08000ef0                exti2_isr
                0x08000ef0                dma1_channel6_isr
                0x08000ef0                can_rx1_isr
                0x08000ef0                dma1_channel5_isr
                0x08000ef0                dma2_channel5_isr
                0x08000ef0                usart1_isr
                0x08000ef0                usage_fault_handler
                0x08000ef0                tim8_trg_com_isr
                0x08000ef0                can2_rx0_isr
                0x08000ef0                tim1_brk_isr
                0x08000ef0                can2_rx1_isr
                0x08000ef0                tim1_cc_isr
                0x08000ef0                sdio_isr
                0x08000ef0                eth_isr
                0x08000ef0                dma1_channel4_isr
                0x08000ef0                tim8_brk_isr
                0x08000ef0                dma2_channel4_5_isr
                0x08000ef0                pvd_isr
                0x08000ef0                rcc_isr
                0x08000ef0                flash_isr
                0x08000ef0                uart4_isr
                0x08000ef0                rtc_alarm_isr
                0x08000ef0                exti15_10_isr
                0x08000ef0                hard_fault_handler
                0x08000ef0                exti1_isr
                0x08000ef0                i2c1_ev_isr
                0x08000ef0                dma2_channel1_isr
                0x08000ef0                spi2_isr
                0x08000ef0                tim8_up_isr
                0x08000ef0                dma2_channel2_isr
                0x08000ef0                exti3_isr
                0x08000ef0                adc3_isr
                0x08000ef0                tim3_isr
                0x08000ef0                usart2_isr
                0x08000ef0                usb_lp_can_rx0_isr
                0x08000ef0                i2c2_er_isr
                0x08000ef0                i2c2_ev_isr
                0x08000ef0                uart5_isr
                0x08000ef0                fsmc_isr
                0x08000ef0                dma1_channel1_isr
                0x08000ef0                exti4_isr
                0x08000ef0                mem_manage_handler
                0x08000ef0                can2_tx_isr
                0x08000ef0                exti9_5_isr
                0x08000ef0                dma2_channel3_isr
                0x08000ef0                dma1_channel7_isr
                0x08000ef0                tim1_up_isr
                0x08000ef0                can2_sce_isr
                0x08000ef0                tim4_isr
                0x08000ef0                dma1_channel2_isr
                0x08000ef0                i2c1_er_isr
                0x08000ef0                can_sce_isr
                0x08000ef0                tim8_cc_isr
                0x08000ef0                tamper_isr
                0x08000ef0                eth_wkup_isr
                0x08000ef0                bus_fault_handler
                0x08000ef0                wwdg_isr
                0x08000ef0                dma1_channel3_isr
                0x08000ef0                spi3_isr
                0x08000ef0                tim2_isr
                0x08000ef0                exti0_isr
 .text.null_handler
                0x08000ef2        0x2 /home/dima/stm32/libopencm3/lib/libopencm3_stm32f1.a(vector.o)
                0x08000ef2                null_handler
                0x08000ef2                debug_monitor_handler
                0x08000ef2                nmi_handler
 .text.reset_handler
                0x08000ef4       0x94 /home/dima/stm32/libopencm3/lib/libopencm3_stm32f1.a(vector.o)
                0x08000ef4                reset_handler
 .text.flash_set_ws
                0x08000f88       0x14 /home/dima/stm32/libopencm3/lib/libopencm3_stm32f1.a(flash_common_all.o)
                0x08000f88                flash_set_ws
                0x08000f9c                        . = ALIGN (0x4)
 *(.rodata*)
 .rodata.main.str1.1
                0x08000f9c        0xb main.o
                                  0x6 (size before relaxing)
 .rodata.vTaskStartScheduler.str1.1
                0x08000fa7        0x5 rtos/tasks.o
 *fill*         0x08000fa7        0x1 
 .rodata.rcc_hse_configs
                0x08000fa8       0x8c /home/dima/stm32/libopencm3/lib/libopencm3_stm32f1.a(rcc.o)
                0x08000fa8                rcc_hse_configs
                0x08001034                        . = ALIGN (0x4)

.glue_7         0x08001034        0x0
 .glue_7        0x08001034        0x0 linker stubs

.glue_7t        0x08001034        0x0
 .glue_7t       0x08001034        0x0 linker stubs

.vfp11_veneer   0x08001034        0x0
 .vfp11_veneer  0x08001034        0x0 linker stubs

.v4_bx          0x08001034        0x0
 .v4_bx         0x08001034        0x0 linker stubs

.iplt           0x08001034        0x0
 .iplt          0x08001034        0x0 main.o

.rel.dyn        0x08001034        0x0
 .rel.iplt      0x08001034        0x0 main.o

.preinit_array  0x08001034        0x0
                0x08001034                        . = ALIGN (0x4)
                0x08001034                        __preinit_array_start = .
 *(.preinit_array)
                0x08001034                        __preinit_array_end = .

.init_array     0x08001034        0x0
                0x08001034                        . = ALIGN (0x4)
                0x08001034                        __init_array_start = .
 *(SORT_BY_NAME(.init_array.*))
 *(.init_array)
                0x08001034                        __init_array_end = .

.fini_array     0x08001034        0x0
                0x08001034                        . = ALIGN (0x4)
                0x08001034                        __fini_array_start = .
 *(.fini_array)
 *(SORT_BY_NAME(.fini_array.*))
                0x08001034                        __fini_array_end = .

.ARM.extab
 *(.ARM.extab*)

.ARM.exidx      0x08001034        0x0
                0x08001034                        __exidx_start = .
 *(.ARM.exidx*)
                0x08001034                        __exidx_end = .
                0x08001034                        . = ALIGN (0x4)
                0x08001034                        _etext = .

.data           0x20000000       0x10 load address 0x08001034
                0x20000000                        _data = .
 *(.data*)
 .data.uxCriticalNesting
                0x20000000        0x4 rtos/port.o
 .data.rcc_ahb_frequency
                0x20000004        0x4 /home/dima/stm32/libopencm3/lib/libopencm3_stm32f1.a(rcc.o)
                0x20000004                rcc_ahb_frequency
 .data.rcc_apb2_frequency
                0x20000008        0x4 /home/dima/stm32/libopencm3/lib/libopencm3_stm32f1.a(rcc.o)
                0x20000008                rcc_apb2_frequency
 .data.rcc_apb1_frequency
                0x2000000c        0x4 /home/dima/stm32/libopencm3/lib/libopencm3_stm32f1.a(rcc.o)
                0x2000000c                rcc_apb1_frequency
                0x20000010                        . = ALIGN (0x4)
                0x20000010                        _edata = .
                0x08001034                        _data_loadaddr = LOADADDR (.data)

.igot.plt       0x20000010        0x0 load address 0x08001044
 .igot.plt      0x20000010        0x0 main.o

.bss            0x20000010     0x451c load address 0x08001044
 *(.bss*)
 .bss.xBlockAllocatedBit
                0x20000010        0x4 rtos/heap_4.o
 .bss.xMinimumEverFreeBytesRemaining
                0x20000014        0x4 rtos/heap_4.o
 .bss.xFreeBytesRemaining
                0x20000018        0x4 rtos/heap_4.o
 .bss.pxEnd     0x2000001c        0x4 rtos/heap_4.o
 .bss.xStart    0x20000020        0x8 rtos/heap_4.o
 .bss.ucHeap    0x20000028     0x4400 rtos/heap_4.o
 .bss.uxSchedulerSuspended
                0x20004428        0x4 rtos/tasks.o
 .bss.xIdleTaskHandle
                0x2000442c        0x4 rtos/tasks.o
 .bss.xNextTaskUnblockTime
                0x20004430        0x4 rtos/tasks.o
 .bss.uxTaskNumber
                0x20004434        0x4 rtos/tasks.o
 .bss.xNumOfOverflows
                0x20004438        0x4 rtos/tasks.o
 .bss.xYieldPending
                0x2000443c        0x4 rtos/tasks.o
 .bss.uxPendedTicks
                0x20004440        0x4 rtos/tasks.o
 .bss.xSchedulerRunning
                0x20004444        0x4 rtos/tasks.o
 .bss.uxTopReadyPriority
                0x20004448        0x4 rtos/tasks.o
 .bss.xTickCount
                0x2000444c        0x4 rtos/tasks.o
 .bss.uxCurrentNumberOfTasks
                0x20004450        0x4 rtos/tasks.o
 .bss.xSuspendedTaskList
                0x20004454       0x14 rtos/tasks.o
 .bss.uxDeletedTasksWaitingCleanUp
                0x20004468        0x4 rtos/tasks.o
 .bss.xTasksWaitingTermination
                0x2000446c       0x14 rtos/tasks.o
 .bss.xPendingReadyList
                0x20004480       0x14 rtos/tasks.o
 .bss.pxOverflowDelayedTaskList
                0x20004494        0x4 rtos/tasks.o
 .bss.pxDelayedTaskList
                0x20004498        0x4 rtos/tasks.o
 .bss.xDelayedTaskList2
                0x2000449c       0x14 rtos/tasks.o
 .bss.xDelayedTaskList1
                0x200044b0       0x14 rtos/tasks.o
 .bss.pxReadyTasksLists
                0x200044c4       0x64 rtos/tasks.o
 .bss.pxCurrentTCB
                0x20004528        0x4 rtos/tasks.o
                0x20004528                pxCurrentTCB
 *(COMMON)
                0x2000452c                        . = ALIGN (0x4)
                0x2000452c                        _ebss = .

/DISCARD/
 *(.eh_frame)
                0x2000452c                        . = ALIGN (0x4)
                0x2000452c                        end = .
                0x20005000                        PROVIDE (_stack = (ORIGIN (ram) + LENGTH (ram)))
OUTPUT(main.elf elf32-littlearm)
LOAD linker stubs

.debug_info     0x00000000     0x674d
 .debug_info    0x00000000      0x94a main.o
 .debug_info    0x0000094a      0x423 rtos/heap_4.o
 .debug_info    0x00000d6d      0x2ae rtos/list.o
 .debug_info    0x0000101b      0x316 rtos/port.o
 .debug_info    0x00001331     0x2055 rtos/tasks.o
 .debug_info    0x00003386       0xde rtos/opencm3.o
 .debug_info    0x00003464      0x1fd /home/dima/stm32/libopencm3/lib/libopencm3_stm32f1.a(gpio.o)
 .debug_info    0x00003661      0x256 /home/dima/stm32/libopencm3/lib/libopencm3_stm32f1.a(gpio_common_all.o)
 .debug_info    0x000038b7     0x14d0 /home/dima/stm32/libopencm3/lib/libopencm3_stm32f1.a(rcc.o)
 .debug_info    0x00004d87      0x60d /home/dima/stm32/libopencm3/lib/libopencm3_stm32f1.a(rcc_common_all.o)
 .debug_info    0x00005394     0x1004 /home/dima/stm32/libopencm3/lib/libopencm3_stm32f1.a(timer_common_all.o)
 .debug_info    0x00006398      0x2c4 /home/dima/stm32/libopencm3/lib/libopencm3_stm32f1.a(vector.o)
 .debug_info    0x0000665c       0xf1 /home/dima/stm32/libopencm3/lib/libopencm3_stm32f1.a(flash_common_all.o)

.debug_abbrev   0x00000000     0x15ec
 .debug_abbrev  0x00000000      0x1c6 main.o
 .debug_abbrev  0x000001c6      0x243 rtos/heap_4.o
 .debug_abbrev  0x00000409      0x103 rtos/list.o
 .debug_abbrev  0x0000050c      0x220 rtos/port.o
 .debug_abbrev  0x0000072c      0x489 rtos/tasks.o
 .debug_abbrev  0x00000bb5       0x81 rtos/opencm3.o
 .debug_abbrev  0x00000c36       0xd3 /home/dima/stm32/libopencm3/lib/libopencm3_stm32f1.a(gpio.o)
 .debug_abbrev  0x00000d09      0x115 /home/dima/stm32/libopencm3/lib/libopencm3_stm32f1.a(gpio_common_all.o)
 .debug_abbrev  0x00000e1e      0x2be /home/dima/stm32/libopencm3/lib/libopencm3_stm32f1.a(rcc.o)
 .debug_abbrev  0x000010dc      0x185 /home/dima/stm32/libopencm3/lib/libopencm3_stm32f1.a(rcc_common_all.o)
 .debug_abbrev  0x00001261      0x1ac /home/dima/stm32/libopencm3/lib/libopencm3_stm32f1.a(timer_common_all.o)
 .debug_abbrev  0x0000140d      0x149 /home/dima/stm32/libopencm3/lib/libopencm3_stm32f1.a(vector.o)
 .debug_abbrev  0x00001556       0x96 /home/dima/stm32/libopencm3/lib/libopencm3_stm32f1.a(flash_common_all.o)

.debug_loclists
                0x00000000     0x1afe
 .debug_loclists
                0x00000000       0x2a main.o
 .debug_loclists
                0x0000002a      0x2df rtos/heap_4.o
 .debug_loclists
                0x00000309       0x77 rtos/list.o
 .debug_loclists
                0x00000380       0x82 rtos/port.o
 .debug_loclists
                0x00000402      0xf80 rtos/tasks.o
 .debug_loclists
                0x00001382      0x100 /home/dima/stm32/libopencm3/lib/libopencm3_stm32f1.a(gpio.o)
 .debug_loclists
                0x00001482       0x96 /home/dima/stm32/libopencm3/lib/libopencm3_stm32f1.a(gpio_common_all.o)
 .debug_loclists
                0x00001518      0x2cb /home/dima/stm32/libopencm3/lib/libopencm3_stm32f1.a(rcc.o)
 .debug_loclists
                0x000017e3       0x87 /home/dima/stm32/libopencm3/lib/libopencm3_stm32f1.a(rcc_common_all.o)
 .debug_loclists
                0x0000186a      0x1d5 /home/dima/stm32/libopencm3/lib/libopencm3_stm32f1.a(timer_common_all.o)
 .debug_loclists
                0x00001a3f       0xa8 /home/dima/stm32/libopencm3/lib/libopencm3_stm32f1.a(vector.o)
 .debug_loclists
                0x00001ae7       0x17 /home/dima/stm32/libopencm3/lib/libopencm3_stm32f1.a(flash_common_all.o)

.debug_aranges  0x00000000      0x808
 .debug_aranges
                0x00000000       0x28 main.o
 .debug_aranges
                0x00000028       0x48 rtos/heap_4.o
 .debug_aranges
                0x00000070       0x40 rtos/list.o
 .debug_aranges
                0x000000b0       0x70 rtos/port.o
 .debug_aranges
                0x00000120      0x160 rtos/tasks.o
 .debug_aranges
                0x00000280       0x30 rtos/opencm3.o
 .debug_aranges
                0x000002b0       0x38 /home/dima/stm32/libopencm3/lib/libopencm3_stm32f1.a(gpio.o)
 .debug_aranges
                0x000002e8       0x50 /home/dima/stm32/libopencm3/lib/libopencm3_stm32f1.a(gpio_common_all.o)
 .debug_aranges
                0x00000338      0x170 /home/dima/stm32/libopencm3/lib/libopencm3_stm32f1.a(rcc.o)
 .debug_aranges
                0x000004a8       0x80 /home/dima/stm32/libopencm3/lib/libopencm3_stm32f1.a(rcc_common_all.o)
 .debug_aranges
                0x00000528      0x278 /home/dima/stm32/libopencm3/lib/libopencm3_stm32f1.a(timer_common_all.o)
 .debug_aranges
                0x000007a0       0x30 /home/dima/stm32/libopencm3/lib/libopencm3_stm32f1.a(vector.o)
 .debug_aranges
                0x000007d0       0x38 /home/dima/stm32/libopencm3/lib/libopencm3_stm32f1.a(flash_common_all.o)

.debug_rnglists
                0x00000000      0x700
 .debug_rnglists
                0x00000000       0x1a main.o
 .debug_rnglists
                0x0000001a       0x32 rtos/heap_4.o
 .debug_rnglists
                0x0000004c       0x2b rtos/list.o
 .debug_rnglists
                0x00000077       0x5b rtos/port.o
 .debug_rnglists
                0x000000d2      0x1dd rtos/tasks.o
 .debug_rnglists
                0x000002af       0x1f rtos/opencm3.o
 .debug_rnglists
                0x000002ce       0x25 /home/dima/stm32/libopencm3/lib/libopencm3_stm32f1.a(gpio.o)
 .debug_rnglists
                0x000002f3       0x37 /home/dima/stm32/libopencm3/lib/libopencm3_stm32f1.a(gpio_common_all.o)
 .debug_rnglists
                0x0000032a      0x160 /home/dima/stm32/libopencm3/lib/libopencm3_stm32f1.a(rcc.o)
 .debug_rnglists
                0x0000048a       0x5b /home/dima/stm32/libopencm3/lib/libopencm3_stm32f1.a(rcc_common_all.o)
 .debug_rnglists
                0x000004e5      0x1d6 /home/dima/stm32/libopencm3/lib/libopencm3_stm32f1.a(timer_common_all.o)
 .debug_rnglists
                0x000006bb       0x20 /home/dima/stm32/libopencm3/lib/libopencm3_stm32f1.a(vector.o)
 .debug_rnglists
                0x000006db       0x25 /home/dima/stm32/libopencm3/lib/libopencm3_stm32f1.a(flash_common_all.o)

.debug_line     0x00000000     0x5295
 .debug_line    0x00000000      0x213 main.o
 .debug_line    0x00000213      0x43c rtos/heap_4.o
 .debug_line    0x0000064f      0x255 rtos/list.o
 .debug_line    0x000008a4      0x2df rtos/port.o
 .debug_line    0x00000b83     0x1808 rtos/tasks.o
 .debug_line    0x0000238b       0x6b rtos/opencm3.o
 .debug_line    0x000023f6      0x39c /home/dima/stm32/libopencm3/lib/libopencm3_stm32f1.a(gpio.o)
 .debug_line    0x00002792      0x355 /home/dima/stm32/libopencm3/lib/libopencm3_stm32f1.a(gpio_common_all.o)
 .debug_line    0x00002ae7      0xd05 /home/dima/stm32/libopencm3/lib/libopencm3_stm32f1.a(rcc.o)
 .debug_line    0x000037ec      0x3fc /home/dima/stm32/libopencm3/lib/libopencm3_stm32f1.a(rcc_common_all.o)
 .debug_line    0x00003be8     0x1037 /home/dima/stm32/libopencm3/lib/libopencm3_stm32f1.a(timer_common_all.o)
 .debug_line    0x00004c1f      0x370 /home/dima/stm32/libopencm3/lib/libopencm3_stm32f1.a(vector.o)
 .debug_line    0x00004f8f      0x306 /home/dima/stm32/libopencm3/lib/libopencm3_stm32f1.a(flash_common_all.o)

.debug_str      0x00000000    0x14032
 .debug_str     0x00000000    0x14032 main.o
                                0x863 (size before relaxing)
 .debug_str     0x00014032      0x35a rtos/heap_4.o
 .debug_str     0x00014032      0x2aa rtos/list.o
 .debug_str     0x00014032      0x304 rtos/port.o
 .debug_str     0x00014032      0xdae rtos/tasks.o
 .debug_str     0x00014032      0x1c2 rtos/opencm3.o
 .debug_str     0x00014032     0x86b3 /home/dima/stm32/libopencm3/lib/libopencm3_stm32f1.a(gpio.o)
 .debug_str     0x00014032     0x86a7 /home/dima/stm32/libopencm3/lib/libopencm3_stm32f1.a(gpio_common_all.o)
 .debug_str     0x00014032     0x8308 /home/dima/stm32/libopencm3/lib/libopencm3_stm32f1.a(rcc.o)
 .debug_str     0x00014032     0x7a16 /home/dima/stm32/libopencm3/lib/libopencm3_stm32f1.a(rcc_common_all.o)
 .debug_str     0x00014032     0xbfb2 /home/dima/stm32/libopencm3/lib/libopencm3_stm32f1.a(timer_common_all.o)
 .debug_str     0x00014032     0x66ed /home/dima/stm32/libopencm3/lib/libopencm3_stm32f1.a(vector.o)
 .debug_str     0x00014032     0x55ec /home/dima/stm32/libopencm3/lib/libopencm3_stm32f1.a(flash_common_all.o)

.comment        0x00000000       0x45
 .comment       0x00000000       0x45 main.o
                                 0x46 (size before relaxing)
 .comment       0x00000045       0x46 rtos/heap_4.o
 .comment       0x00000045       0x46 rtos/list.o
 .comment       0x00000045       0x46 rtos/port.o
 .comment       0x00000045       0x46 rtos/tasks.o
 .comment       0x00000045       0x46 rtos/opencm3.o
 .comment       0x00000045       0x46 /home/dima/stm32/libopencm3/lib/libopencm3_stm32f1.a(gpio.o)
 .comment       0x00000045       0x46 /home/dima/stm32/libopencm3/lib/libopencm3_stm32f1.a(gpio_common_all.o)
 .comment       0x00000045       0x46 /home/dima/stm32/libopencm3/lib/libopencm3_stm32f1.a(rcc.o)
 .comment       0x00000045       0x46 /home/dima/stm32/libopencm3/lib/libopencm3_stm32f1.a(rcc_common_all.o)
 .comment       0x00000045       0x46 /home/dima/stm32/libopencm3/lib/libopencm3_stm32f1.a(timer_common_all.o)
 .comment       0x00000045       0x46 /home/dima/stm32/libopencm3/lib/libopencm3_stm32f1.a(vector.o)
 .comment       0x00000045       0x46 /home/dima/stm32/libopencm3/lib/libopencm3_stm32f1.a(flash_common_all.o)

.ARM.attributes
                0x00000000       0x2b
 .ARM.attributes
                0x00000000       0x2d main.o
 .ARM.attributes
                0x0000002d       0x2d rtos/heap_4.o
 .ARM.attributes
                0x0000005a       0x2d rtos/list.o
 .ARM.attributes
                0x00000087       0x2d rtos/port.o
 .ARM.attributes
                0x000000b4       0x2d rtos/tasks.o
 .ARM.attributes
                0x000000e1       0x2d rtos/opencm3.o
 .ARM.attributes
                0x0000010e       0x2d /home/dima/stm32/libopencm3/lib/libopencm3_stm32f1.a(gpio.o)
 .ARM.attributes
                0x0000013b       0x2d /home/dima/stm32/libopencm3/lib/libopencm3_stm32f1.a(gpio_common_all.o)
 .ARM.attributes
                0x00000168       0x2d /home/dima/stm32/libopencm3/lib/libopencm3_stm32f1.a(rcc.o)
 .ARM.attributes
                0x00000195       0x2d /home/dima/stm32/libopencm3/lib/libopencm3_stm32f1.a(rcc_common_all.o)
 .ARM.attributes
                0x000001c2       0x2d /home/dima/stm32/libopencm3/lib/libopencm3_stm32f1.a(timer_common_all.o)
 .ARM.attributes
                0x000001ef       0x2d /home/dima/stm32/libopencm3/lib/libopencm3_stm32f1.a(vector.o)
 .ARM.attributes
                0x0000021c       0x2d /home/dima/stm32/libopencm3/lib/libopencm3_stm32f1.a(flash_common_all.o)

.debug_frame    0x00000000     0x110c
 .debug_frame   0x00000000       0x40 main.o
 .debug_frame   0x00000040       0x98 rtos/heap_4.o
 .debug_frame   0x000000d8       0x6c rtos/list.o
 .debug_frame   0x00000144       0xd0 rtos/port.o
 .debug_frame   0x00000214      0x468 rtos/tasks.o
 .debug_frame   0x0000067c       0x40 rtos/opencm3.o
 .debug_frame   0x000006bc       0x64 /home/dima/stm32/libopencm3/lib/libopencm3_stm32f1.a(gpio.o)
 .debug_frame   0x00000720       0x80 /home/dima/stm32/libopencm3/lib/libopencm3_stm32f1.a(gpio_common_all.o)
 .debug_frame   0x000007a0      0x318 /home/dima/stm32/libopencm3/lib/libopencm3_stm32f1.a(rcc.o)
 .debug_frame   0x00000ab8       0xe0 /home/dima/stm32/libopencm3/lib/libopencm3_stm32f1.a(rcc_common_all.o)
 .debug_frame   0x00000b98      0x4d8 /home/dima/stm32/libopencm3/lib/libopencm3_stm32f1.a(timer_common_all.o)
 .debug_frame   0x00001070       0x4c /home/dima/stm32/libopencm3/lib/libopencm3_stm32f1.a(vector.o)
 .debug_frame   0x000010bc       0x50 /home/dima/stm32/libopencm3/lib/libopencm3_stm32f1.a(flash_common_all.o)

.debug_macro    0x00000000     0x45c2
 .debug_macro   0x00000000       0xb8 /home/dima/stm32/libopencm3/lib/libopencm3_stm32f1.a(gpio.o)
 .debug_macro   0x000000b8      0xac0 /home/dima/stm32/libopencm3/lib/libopencm3_stm32f1.a(gpio.o)
 .debug_macro   0x00000b78       0x1c /home/dima/stm32/libopencm3/lib/libopencm3_stm32f1.a(gpio.o)
 .debug_macro   0x00000b94       0x22 /home/dima/stm32/libopencm3/lib/libopencm3_stm32f1.a(gpio.o)
 .debug_macro   0x00000bb6       0x56 /home/dima/stm32/libopencm3/lib/libopencm3_stm32f1.a(gpio.o)
 .debug_macro   0x00000c0c       0x51 /home/dima/stm32/libopencm3/lib/libopencm3_stm32f1.a(gpio.o)
 .debug_macro   0x00000c5d      0x103 /home/dima/stm32/libopencm3/lib/libopencm3_stm32f1.a(gpio.o)
 .debug_macro   0x00000d60       0x6a /home/dima/stm32/libopencm3/lib/libopencm3_stm32f1.a(gpio.o)
 .debug_macro   0x00000dca      0x1df /home/dima/stm32/libopencm3/lib/libopencm3_stm32f1.a(gpio.o)
 .debug_macro   0x00000fa9       0x22 /home/dima/stm32/libopencm3/lib/libopencm3_stm32f1.a(gpio.o)
 .debug_macro   0x00000fcb       0xe8 /home/dima/stm32/libopencm3/lib/libopencm3_stm32f1.a(gpio.o)
 .debug_macro   0x000010b3       0x76 /home/dima/stm32/libopencm3/lib/libopencm3_stm32f1.a(gpio.o)
 .debug_macro   0x00001129      0x1b4 /home/dima/stm32/libopencm3/lib/libopencm3_stm32f1.a(gpio.o)
 .debug_macro   0x000012dd       0x76 /home/dima/stm32/libopencm3/lib/libopencm3_stm32f1.a(gpio.o)
 .debug_macro   0x00001353      0xe2e /home/dima/stm32/libopencm3/lib/libopencm3_stm32f1.a(gpio.o)
 .debug_macro   0x00002181       0xb8 /home/dima/stm32/libopencm3/lib/libopencm3_stm32f1.a(gpio_common_all.o)
 .debug_macro   0x00002239       0xe7 /home/dima/stm32/libopencm3/lib/libopencm3_stm32f1.a(rcc.o)
 .debug_macro   0x00002320       0x16 /home/dima/stm32/libopencm3/lib/libopencm3_stm32f1.a(rcc.o)
 .debug_macro   0x00002336      0x8c6 /home/dima/stm32/libopencm3/lib/libopencm3_stm32f1.a(rcc.o)
 .debug_macro   0x00002bfc       0xee /home/dima/stm32/libopencm3/lib/libopencm3_stm32f1.a(rcc.o)
 .debug_macro   0x00002cea       0x82 /home/dima/stm32/libopencm3/lib/libopencm3_stm32f1.a(rcc.o)
 .debug_macro   0x00002d6c       0xce /home/dima/stm32/libopencm3/lib/libopencm3_stm32f1.a(rcc_common_all.o)
 .debug_macro   0x00002e3a       0xc5 /home/dima/stm32/libopencm3/lib/libopencm3_stm32f1.a(timer_common_all.o)
 .debug_macro   0x00002eff      0xf8f /home/dima/stm32/libopencm3/lib/libopencm3_stm32f1.a(timer_common_all.o)
 .debug_macro   0x00003e8e       0xcf /home/dima/stm32/libopencm3/lib/libopencm3_stm32f1.a(vector.o)
 .debug_macro   0x00003f5d      0x395 /home/dima/stm32/libopencm3/lib/libopencm3_stm32f1.a(vector.o)
 .debug_macro   0x000042f2       0x6e /home/dima/stm32/libopencm3/lib/libopencm3_stm32f1.a(vector.o)
 .debug_macro   0x00004360      0x1a2 /home/dima/stm32/libopencm3/lib/libopencm3_stm32f1.a(vector.o)
 .debug_macro   0x00004502       0xc0 /home/dima/stm32/libopencm3/lib/libopencm3_stm32f1.a(flash_common_all.o)
