Archive member included to satisfy reference by file (symbol)

/opt/gcc-arm/bin/../lib/gcc/arm-none-eabi/14.2.1/../../../../arm-none-eabi/lib/thumb/v7-m/nofp/libc.a(libc_a-ctype_.o)
                              main.o (_ctype_)
/opt/gcc-arm/bin/../lib/gcc/arm-none-eabi/14.2.1/../../../../arm-none-eabi/lib/thumb/v7-m/nofp/libc.a(libc_a-memcpy.o)
                              rtos/queue.o (memcpy)
/home/dima/stm32/libopencm3/lib/libopencm3_stm32f1.a(gpio.o)
                              main.o (gpio_set_mode)
/home/dima/stm32/libopencm3/lib/libopencm3_stm32f1.a(gpio_common_all.o)
                              main.o (gpio_set)
/home/dima/stm32/libopencm3/lib/libopencm3_stm32f1.a(rcc.o)
                              main.o (rcc_clock_setup_pll)
/home/dima/stm32/libopencm3/lib/libopencm3_stm32f1.a(rcc_common_all.o)
                              main.o (rcc_periph_clock_enable)
/home/dima/stm32/libopencm3/lib/libopencm3_stm32f1.a(usb.o)
                              main.o (usbd_init)
/home/dima/stm32/libopencm3/lib/libopencm3_stm32f1.a(usb_control.o)
                              main.o (usbd_register_control_callback)
/home/dima/stm32/libopencm3/lib/libopencm3_stm32f1.a(usb_standard.o)
                              main.o (usbd_register_set_config_callback)
/home/dima/stm32/libopencm3/lib/libopencm3_stm32f1.a(st_usbfs_v1.o)
                              main.o (st_usbfs_v1_usb_driver)
/home/dima/stm32/libopencm3/lib/libopencm3_stm32f1.a(vector.o)
                              (reset_handler)
/home/dima/stm32/libopencm3/lib/libopencm3_stm32f1.a(assert.o)
                              /home/dima/stm32/libopencm3/lib/libopencm3_stm32f1.a(rcc.o) (cm3_assert_failed)
/home/dima/stm32/libopencm3/lib/libopencm3_stm32f1.a(flash_common_all.o)
                              /home/dima/stm32/libopencm3/lib/libopencm3_stm32f1.a(rcc.o) (flash_set_ws)
/home/dima/stm32/libopencm3/lib/libopencm3_stm32f1.a(st_usbfs_core.o)
                              /home/dima/stm32/libopencm3/lib/libopencm3_stm32f1.a(st_usbfs_v1.o) (st_usbfs_set_address)
/opt/gcc-arm/bin/../lib/gcc/arm-none-eabi/14.2.1/../../../../arm-none-eabi/lib/thumb/v7-m/nofp/libc.a(libc_a-strlen-stub.o)
                              /home/dima/stm32/libopencm3/lib/libopencm3_stm32f1.a(usb_standard.o) (strlen)

Discarded input sections

 .text          0x00000000        0x0 main.o
 .data          0x00000000        0x0 main.o
 .bss           0x00000000        0x0 main.o
 .text          0x00000000        0x0 rtos/heap_4.o
 .data          0x00000000        0x0 rtos/heap_4.o
 .bss           0x00000000        0x0 rtos/heap_4.o
 .text.xPortGetFreeHeapSize
                0x00000000        0xc rtos/heap_4.o
 .text.xPortGetMinimumEverFreeHeapSize
                0x00000000        0xc rtos/heap_4.o
 .text.vPortInitialiseBlocks
                0x00000000        0x2 rtos/heap_4.o
 .text          0x00000000        0x0 rtos/list.o
 .data          0x00000000        0x0 rtos/list.o
 .bss           0x00000000        0x0 rtos/list.o
 .text.vListInsert
                0x00000000       0x2e rtos/list.o
 .text          0x00000000        0x0 rtos/port.o
 .data          0x00000000        0x0 rtos/port.o
 .bss           0x00000000        0x0 rtos/port.o
 .text.vPortEndScheduler
                0x00000000        0x2 rtos/port.o
 .text          0x00000000        0x0 rtos/queue.o
 .data          0x00000000        0x0 rtos/queue.o
 .bss           0x00000000        0x0 rtos/queue.o
 .text.prvCopyDataToQueue
                0x00000000       0x66 rtos/queue.o
 .text.prvCopyDataFromQueue
                0x00000000       0x26 rtos/queue.o
 .text.prvUnlockQueue
                0x00000000       0x6c rtos/queue.o
 .text.xQueueGenericReset
                0x00000000       0x6a rtos/queue.o
 .text.xQueueGenericCreate
                0x00000000       0x2e rtos/queue.o
 .text.xQueueGenericSend
                0x00000000       0xfa rtos/queue.o
 .text.xQueueCreateMutex
                0x00000000       0x24 rtos/queue.o
 .text.xQueueGenericSendFromISR
                0x00000000       0x62 rtos/queue.o
 .text.xQueueGiveFromISR
                0x00000000       0x56 rtos/queue.o
 .text.xQueueGenericReceive
                0x00000000      0x138 rtos/queue.o
 .text.xQueueReceiveFromISR
                0x00000000       0x64 rtos/queue.o
 .text.xQueuePeekFromISR
                0x00000000       0x30 rtos/queue.o
 .text.uxQueueMessagesWaiting
                0x00000000       0x12 rtos/queue.o
 .text.uxQueueSpacesAvailable
                0x00000000       0x16 rtos/queue.o
 .text.uxQueueMessagesWaitingFromISR
                0x00000000        0x4 rtos/queue.o
 .text.vQueueDelete
                0x00000000        0x4 rtos/queue.o
 .text.xQueueIsQueueEmptyFromISR
                0x00000000        0xa rtos/queue.o
 .text.xQueueIsQueueFullFromISR
                0x00000000        0xc rtos/queue.o
 .debug_info    0x00000000     0x1486 rtos/queue.o
 .debug_abbrev  0x00000000      0x34d rtos/queue.o
 .debug_loclists
[...]
Memory Configuration

Name             Origin             Length             Attributes
rom              0x08000000         0x00010000         xr
ram              0x20000000         0x00005000         xrw
*default*        0x00000000         0xffffffff

Linker script and memory map

LOAD main.o
LOAD rtos/heap_4.o
LOAD rtos/list.o
LOAD rtos/port.o
LOAD rtos/queue.o
LOAD rtos/tasks.o
LOAD rtos/opencm3.o
START GROUP
LOAD /opt/gcc-arm/bin/../lib/gcc/arm-none-eabi/14.2.1/../../../../arm-none-eabi/lib/thumb/v7-m/nofp/libc.a
LOAD /opt/gcc-arm/bin/../lib/gcc/arm-none-eabi/14.2.1/thumb/v7-m/nofp/libgcc.a
LOAD /opt/gcc-arm/bin/../lib/gcc/arm-none-eabi/14.2.1/../../../../arm-none-eabi/lib/thumb/v7-m/nofp/libnosys.a
END GROUP
LOAD /home/dima/stm32//rtos/libwwg/libwwg.a
LOAD /home/dima/stm32/libopencm3/lib/libopencm3_stm32f1.a
START GROUP
LOAD /opt/gcc-arm/bin/../lib/gcc/arm-none-eabi/14.2.1/thumb/v7-m/nofp/libgcc.a
LOAD /opt/gcc-arm/bin/../lib/gcc/arm-none-eabi/14.2.1/../../../../arm-none-eabi/lib/thumb/v7-m/nofp/libc.a
END GROUP
START GROUP
LOAD /opt/gcc-arm/bin/../lib/gcc/arm-none-eabi/14.2.1/thumb/v7-m/nofp/libgcc.a
LOAD /opt/gcc-arm/bin/../lib/gcc/arm-none-eabi/14.2.1/../../../../arm-none-eabi/lib/thumb/v7-m/nofp/libc.a
LOAD /opt/gcc-arm/bin/../lib/gcc/arm-none-eabi/14.2.1/../../../../arm-none-eabi/lib/thumb/v7-m/nofp/libnosys.a
END GROUP

.text           0x08000000     0x21dc
 *(.vectors)
 .vectors       0x08000000      0x150 /home/dima/stm32/libopencm3/lib/libopencm3_stm32f1.a(vector.o)
                0x08000000                vector_table
 *(.text*)
 .text.usb_task
                0x08000150       0x38 main.o
 .text.set_config
                0x08000188       0x3c main.o
 .text.bulk_rx_cb
                0x080001c4       0x74 main.o
 .text.led      0x08000238       0x18 main.o
                0x08000238                led
 .text.custom_control_request
                0x08000250       0x1c main.o
 .text.startup.main
                0x0800026c       0xc4 main.o
                0x0800026c                main
 .text.prvInsertBlockIntoFreeList
                0x08000330       0x4c rtos/heap_4.o
 .text.pvPortMalloc
                0x0800037c       0xf4 rtos/heap_4.o
                0x0800037c                pvPortMalloc
 .text.vPortFree
                0x08000470       0x4c rtos/heap_4.o
                0x08000470                vPortFree
 .text.vListInitialise
                0x080004bc       0x16 rtos/list.o
                0x080004bc                vListInitialise
 .text.vListInitialiseItem
                0x080004d2        0x6 rtos/list.o
                0x080004d2                vListInitialiseItem
 .text.vListInsertEnd
                0x080004d8       0x16 rtos/list.o
                0x080004d8                vListInsertEnd
 .text.uxListRemove
                0x080004ee       0x1e rtos/list.o
                0x080004ee                uxListRemove
 .text.prvTaskExitError
                0x0800050c       0x12 rtos/port.o
 *fill*         0x0800051e        0x2 
 .text.prvPortStartFirstTask
                0x08000520       0x20 rtos/port.o
 .text.pxPortInitialiseStack
                0x08000540       0x24 rtos/port.o
                0x08000540                pxPortInitialiseStack
 *fill*         0x08000564        0xc 
 .text.vPortSVCHandler
                0x08000570       0x24 rtos/port.o
                0x08000570                vPortSVCHandler
 .text.vPortEnterCritical
                0x08000594       0x20 rtos/port.o
                0x08000594                vPortEnterCritical
 .text.vPortExitCritical
                0x080005b4       0x14 rtos/port.o
                0x080005b4                vPortExitCritical
 *fill*         0x080005c8        0x8 
 .text.xPortPendSVHandler
                0x080005d0       0x44 rtos/port.o
                0x080005d0                xPortPendSVHandler
 .text.xPortSysTickHandler
                0x08000614       0x2c rtos/port.o
                0x08000614                xPortSysTickHandler
 .text.vPortSetupTimerInterrupt
                0x08000640       0x10 rtos/port.o
                0x08000640                vPortSetupTimerInterrupt
 .text.xPortStartScheduler
                0x08000650       0x34 rtos/port.o
                0x08000650                xPortStartScheduler
 .text.prvResetNextTaskUnblockTime
                0x08000684       0x24 rtos/tasks.o
 .text.xTaskCreate
                0x080006a8      0x1a4 rtos/tasks.o
                0x080006a8                xTaskCreate
 .text.vTaskStartScheduler
                0x0800084c       0x60 rtos/tasks.o
                0x0800084c                vTaskStartScheduler
 .text.vTaskSuspendAll
                0x080008ac       0x10 rtos/tasks.o
                0x080008ac                vTaskSuspendAll
 .text.xTaskIncrementTick
                0x080008bc      0x11c rtos/tasks.o
                0x080008bc                xTaskIncrementTick
 .text.xTaskResumeAll
                0x080009d8       0xd8 rtos/tasks.o
                0x080009d8                xTaskResumeAll
 .text.prvIdleTask
                0x08000ab0       0x74 rtos/tasks.o
 .text.vTaskSwitchContext
                0x08000b24       0x54 rtos/tasks.o
                0x08000b24                vTaskSwitchContext
 .text.sv_call_handler
                0x08000b78        0x4 rtos/opencm3.o
                0x08000b78                sv_call_handler
 .text.pend_sv_handler
                0x08000b7c        0x4 rtos/opencm3.o
                0x08000b7c                pend_sv_handler
 .text.sys_tick_handler
                0x08000b80        0x4 rtos/opencm3.o
                0x08000b80                sys_tick_handler
 .text          0x08000b84       0xec /opt/gcc-arm/bin/../lib/gcc/arm-none-eabi/14.2.1/../../../../arm-none-eabi/lib/thumb/v7-m/nofp/libc.a(libc_a-memcpy.o)
                0x08000b84                memcpy
 .text.gpio_set_mode
                0x08000c70       0x6a /home/dima/stm32/libopencm3/lib/libopencm3_stm32f1.a(gpio.o)
                0x08000c70                gpio_set_mode
 .text.gpio_set
                0x08000cda        0x4 /home/dima/stm32/libopencm3/lib/libopencm3_stm32f1.a(gpio_common_all.o)
                0x08000cda                gpio_set
 .text.gpio_clear
                0x08000cde        0x6 /home/dima/stm32/libopencm3/lib/libopencm3_stm32f1.a(gpio_common_all.o)
                0x08000cde                gpio_clear
 .text.rcc_is_osc_ready
                0x08000ce4       0x58 /home/dima/stm32/libopencm3/lib/libopencm3_stm32f1.a(rcc.o)
                0x08000ce4                rcc_is_osc_ready
 .text.rcc_wait_for_osc_ready
                0x08000d3c       0x10 /home/dima/stm32/libopencm3/lib/libopencm3_stm32f1.a(rcc.o)
                0x08000d3c                rcc_wait_for_osc_ready
 .text.rcc_osc_on
                0x08000d4c       0x60 /home/dima/stm32/libopencm3/lib/libopencm3_stm32f1.a(rcc.o)
                0x08000d4c                rcc_osc_on
 .text.rcc_set_sysclk_source
                0x08000dac       0x14 /home/dima/stm32/libopencm3/lib/libopencm3_stm32f1.a(rcc.o)
                0x08000dac                rcc_set_sysclk_source
 .text.rcc_set_pll_multiplication_factor
                0x08000dc0       0x14 /home/dima/stm32/libopencm3/lib/libopencm3_stm32f1.a(rcc.o)
                0x08000dc0                rcc_set_pll_multiplication_factor
 .text.rcc_set_pll2_multiplication_factor
                0x08000dd4       0x14 /home/dima/stm32/libopencm3/lib/libopencm3_stm32f1.a(rcc.o)
                0x08000dd4                rcc_set_pll2_multiplication_factor
 .text.rcc_set_pll3_multiplication_factor
                0x08000de8       0x14 /home/dima/stm32/libopencm3/lib/libopencm3_stm32f1.a(rcc.o)
                0x08000de8                rcc_set_pll3_multiplication_factor
 .text.rcc_set_pll_source
                0x08000dfc       0x14 /home/dima/stm32/libopencm3/lib/libopencm3_stm32f1.a(rcc.o)
                0x08000dfc                rcc_set_pll_source
 .text.rcc_set_pllxtpre
                0x08000e10       0x14 /home/dima/stm32/libopencm3/lib/libopencm3_stm32f1.a(rcc.o)
                0x08000e10                rcc_set_pllxtpre
 .text.rcc_set_adcpre
                0x08000e24       0x14 /home/dima/stm32/libopencm3/lib/libopencm3_stm32f1.a(rcc.o)
                0x08000e24                rcc_set_adcpre
 .text.rcc_set_ppre2
                0x08000e38       0x14 /home/dima/stm32/libopencm3/lib/libopencm3_stm32f1.a(rcc.o)
                0x08000e38                rcc_set_ppre2
 .text.rcc_set_ppre1
                0x08000e4c       0x14 /home/dima/stm32/libopencm3/lib/libopencm3_stm32f1.a(rcc.o)
                0x08000e4c                rcc_set_ppre1
 .text.rcc_set_hpre
                0x08000e60       0x14 /home/dima/stm32/libopencm3/lib/libopencm3_stm32f1.a(rcc.o)
                0x08000e60                rcc_set_hpre
 .text.rcc_set_usbpre
                0x08000e74       0x18 /home/dima/stm32/libopencm3/lib/libopencm3_stm32f1.a(rcc.o)
                0x08000e74                rcc_set_usbpre
 .text.rcc_set_prediv1
                0x08000e8c       0x14 /home/dima/stm32/libopencm3/lib/libopencm3_stm32f1.a(rcc.o)
                0x08000e8c                rcc_set_prediv1
 .text.rcc_set_prediv2
                0x08000ea0       0x14 /home/dima/stm32/libopencm3/lib/libopencm3_stm32f1.a(rcc.o)
                0x08000ea0                rcc_set_prediv2
 .text.rcc_set_prediv1_source
                0x08000eb4       0x18 /home/dima/stm32/libopencm3/lib/libopencm3_stm32f1.a(rcc.o)
                0x08000eb4                rcc_set_prediv1_source
 .text.rcc_clock_setup_pll
                0x08000ecc       0xbc /home/dima/stm32/libopencm3/lib/libopencm3_stm32f1.a(rcc.o)
                0x08000ecc                rcc_clock_setup_pll
 .text.rcc_periph_clock_enable
                0x08000f88       0x1a /home/dima/stm32/libopencm3/lib/libopencm3_stm32f1.a(rcc_common_all.o)
                0x08000f88                rcc_periph_clock_enable
 *fill*         0x08000fa2        0x2 
 .text.usbd_init
                0x08000fa4       0x54 /home/dima/stm32/libopencm3/lib/libopencm3_stm32f1.a(usb.o)
                0x08000fa4                usbd_init
 .text.usbd_poll
                0x08000ff8        0x8 /home/dima/stm32/libopencm3/lib/libopencm3_stm32f1.a(usb.o)
                0x08000ff8                usbd_poll
 .text.usbd_ep_setup
                0x08001000        0xe /home/dima/stm32/libopencm3/lib/libopencm3_stm32f1.a(usb.o)
                0x08001000                usbd_ep_setup
 .text._usbd_reset
                0x0800100e       0x32 /home/dima/stm32/libopencm3/lib/libopencm3_stm32f1.a(usb.o)
                0x0800100e                _usbd_reset
 .text.usbd_ep_write_packet
                0x08001040        0xe /home/dima/stm32/libopencm3/lib/libopencm3_stm32f1.a(usb.o)
                0x08001040                usbd_ep_write_packet
 .text.usbd_ep_read_packet
                0x0800104e        0xe /home/dima/stm32/libopencm3/lib/libopencm3_stm32f1.a(usb.o)
                0x0800104e                usbd_ep_read_packet
 .text.usbd_ep_stall_set
                0x0800105c        0x8 /home/dima/stm32/libopencm3/lib/libopencm3_stm32f1.a(usb.o)
                0x0800105c                usbd_ep_stall_set
 .text.usbd_ep_stall_get
                0x08001064        0x8 /home/dima/stm32/libopencm3/lib/libopencm3_stm32f1.a(usb.o)
                0x08001064                usbd_ep_stall_get
 .text.usbd_ep_nak_set
                0x0800106c        0x8 /home/dima/stm32/libopencm3/lib/libopencm3_stm32f1.a(usb.o)
                0x0800106c                usbd_ep_nak_set
 .text.usb_control_send_chunk
                0x08001074       0x4e /home/dima/stm32/libopencm3/lib/libopencm3_stm32f1.a(usb_control.o)
 .text.usb_control_request_dispatch
                0x080010c2       0x62 /home/dima/stm32/libopencm3/lib/libopencm3_stm32f1.a(usb_control.o)
 .text.stall_transaction
                0x08001124       0x14 /home/dima/stm32/libopencm3/lib/libopencm3_stm32f1.a(usb_control.o)
 .text.usb_control_recv_chunk
                0x08001138       0x3c /home/dima/stm32/libopencm3/lib/libopencm3_stm32f1.a(usb_control.o)
 .text.usb_control_setup_read
                0x08001174       0x66 /home/dima/stm32/libopencm3/lib/libopencm3_stm32f1.a(usb_control.o)
 .text.usbd_register_control_callback
                0x080011da       0x2c /home/dima/stm32/libopencm3/lib/libopencm3_stm32f1.a(usb_control.o)
                0x080011da                usbd_register_control_callback
 .text._usbd_control_setup
                0x08001206       0x60 /home/dima/stm32/libopencm3/lib/libopencm3_stm32f1.a(usb_control.o)
                0x08001206                _usbd_control_setup
 .text._usbd_control_out
                0x08001266       0x82 /home/dima/stm32/libopencm3/lib/libopencm3_stm32f1.a(usb_control.o)
                0x08001266                _usbd_control_out
 .text._usbd_control_in
                0x080012e8       0x64 /home/dima/stm32/libopencm3/lib/libopencm3_stm32f1.a(usb_control.o)
                0x080012e8                _usbd_control_in
 .text.usb_standard_set_address
                0x0800134c       0x28 /home/dima/stm32/libopencm3/lib/libopencm3_stm32f1.a(usb_standard.o)
 .text.usb_standard_set_configuration
                0x08001374       0x92 /home/dima/stm32/libopencm3/lib/libopencm3_stm32f1.a(usb_standard.o)
 .text.usb_standard_get_configuration
                0x08001406       0x22 /home/dima/stm32/libopencm3/lib/libopencm3_stm32f1.a(usb_standard.o)
 .text.usb_standard_set_interface
                0x08001428       0x50 /home/dima/stm32/libopencm3/lib/libopencm3_stm32f1.a(usb_standard.o)
 .text.usb_standard_get_interface
                0x08001478       0x34 /home/dima/stm32/libopencm3/lib/libopencm3_stm32f1.a(usb_standard.o)
 .text.usb_standard_device_get_status
                0x080014ac       0x18 /home/dima/stm32/libopencm3/lib/libopencm3_stm32f1.a(usb_standard.o)
 .text.usb_standard_endpoint_get_status
                0x080014c4       0x2a /home/dima/stm32/libopencm3/lib/libopencm3_stm32f1.a(usb_standard.o)
 .text.usb_standard_endpoint_stall
                0x080014ee       0x10 /home/dima/stm32/libopencm3/lib/libopencm3_stm32f1.a(usb_standard.o)
 .text.usb_standard_endpoint_unstall
                0x080014fe       0x10 /home/dima/stm32/libopencm3/lib/libopencm3_stm32f1.a(usb_standard.o)
 .text.usb_standard_get_descriptor
                0x0800150e      0x2ac /home/dima/stm32/libopencm3/lib/libopencm3_stm32f1.a(usb_standard.o)
 .text.usb_standard_interface_get_status
                0x080017ba       0x18 /home/dima/stm32/libopencm3/lib/libopencm3_stm32f1.a(usb_standard.o)
 .text.usbd_register_set_config_callback
                0x080017d2       0x28 /home/dima/stm32/libopencm3/lib/libopencm3_stm32f1.a(usb_standard.o)
                0x080017d2                usbd_register_set_config_callback
 *fill*         0x080017fa        0x2 
 .text._usbd_standard_request_device
                0x080017fc       0x48 /home/dima/stm32/libopencm3/lib/libopencm3_stm32f1.a(usb_standard.o)
                0x080017fc                _usbd_standard_request_device
 .text._usbd_standard_request_interface
                0x08001844       0x30 /home/dima/stm32/libopencm3/lib/libopencm3_stm32f1.a(usb_standard.o)
                0x08001844                _usbd_standard_request_interface
 .text._usbd_standard_request_endpoint
                0x08001874       0x3c /home/dima/stm32/libopencm3/lib/libopencm3_stm32f1.a(usb_standard.o)
                0x08001874                _usbd_standard_request_endpoint
 .text._usbd_standard_request
                0x080018b0       0x30 /home/dima/stm32/libopencm3/lib/libopencm3_stm32f1.a(usb_standard.o)
                0x080018b0                _usbd_standard_request
 .text.st_usbfs_v1_usbd_init
                0x080018e0       0x30 /home/dima/stm32/libopencm3/lib/libopencm3_stm32f1.a(st_usbfs_v1.o)
 .text.st_usbfs_copy_to_pm
                0x08001910       0x18 /home/dima/stm32/libopencm3/lib/libopencm3_stm32f1.a(st_usbfs_v1.o)
                0x08001910                st_usbfs_copy_to_pm
 .text.st_usbfs_copy_from_pm
                0x08001928       0x2a /home/dima/stm32/libopencm3/lib/libopencm3_stm32f1.a(st_usbfs_v1.o)
                0x08001928                st_usbfs_copy_from_pm
 .text.blocking_handler
                0x08001952        0x2 /home/dima/stm32/libopencm3/lib/libopencm3_stm32f1.a(vector.o)
                0x08001952                usart3_isr
                0x08001952                rtc_isr
                0x08001952                tim7_isr
                0x08001952                adc1_2_isr
                0x08001952                tim1_trg_com_isr
                0x08001952                usb_hp_can_tx_isr
                0x08001952                tim6_isr
                0x08001952                usb_wakeup_isr
                0x08001952                blocking_handler
                0x08001952                tim5_isr
                0x08001952                otg_fs_isr
                0x08001952                spi1_isr
                0x08001952                exti2_isr
                0x08001952                dma1_channel6_isr
                0x08001952                can_rx1_isr
                0x08001952                dma1_channel5_isr
                0x08001952                dma2_channel5_isr
                0x08001952                usart1_isr
                0x08001952                usage_fault_handler
                0x08001952                tim8_trg_com_isr
                0x08001952                can2_rx0_isr
                0x08001952                tim1_brk_isr
                0x08001952                can2_rx1_isr
                0x08001952                tim1_cc_isr
                0x08001952                sdio_isr
                0x08001952                eth_isr
                0x08001952                dma1_channel4_isr
                0x08001952                tim8_brk_isr
                0x08001952                dma2_channel4_5_isr
                0x08001952                pvd_isr
                0x08001952                rcc_isr
                0x08001952                flash_isr
                0x08001952                uart4_isr
                0x08001952                rtc_alarm_isr
                0x08001952                exti15_10_isr
                0x08001952                hard_fault_handler
                0x08001952                exti1_isr
                0x08001952                i2c1_ev_isr
                0x08001952                dma2_channel1_isr
                0x08001952                spi2_isr
                0x08001952                tim8_up_isr
                0x08001952                dma2_channel2_isr
                0x08001952                exti3_isr
                0x08001952                adc3_isr
                0x08001952                tim3_isr
                0x08001952                usart2_isr
                0x08001952                usb_lp_can_rx0_isr
                0x08001952                i2c2_er_isr
                0x08001952                i2c2_ev_isr
                0x08001952                uart5_isr
                0x08001952                fsmc_isr
                0x08001952                dma1_channel1_isr
                0x08001952                exti4_isr
                0x08001952                mem_manage_handler
                0x08001952                can2_tx_isr
                0x08001952                exti9_5_isr
                0x08001952                dma2_channel3_isr
                0x08001952                dma1_channel7_isr
                0x08001952                tim1_up_isr
                0x08001952                can2_sce_isr
                0x08001952                tim4_isr
                0x08001952                dma1_channel2_isr
                0x08001952                i2c1_er_isr
                0x08001952                can_sce_isr
                0x08001952                tim8_cc_isr
                0x08001952                tamper_isr
                0x08001952                eth_wkup_isr
                0x08001952                bus_fault_handler
                0x08001952                wwdg_isr
                0x08001952                dma1_channel3_isr
                0x08001952                spi3_isr
                0x08001952                tim2_isr
                0x08001952                exti0_isr
 .text.null_handler
                0x08001954        0x2 /home/dima/stm32/libopencm3/lib/libopencm3_stm32f1.a(vector.o)
                0x08001954                null_handler
                0x08001954                debug_monitor_handler
                0x08001954                nmi_handler
 *fill*         0x08001956        0x2 
 .text.reset_handler
                0x08001958       0x94 /home/dima/stm32/libopencm3/lib/libopencm3_stm32f1.a(vector.o)
                0x08001958                reset_handler
 .text.flash_set_ws
                0x080019ec       0x14 /home/dima/stm32/libopencm3/lib/libopencm3_stm32f1.a(flash_common_all.o)
                0x080019ec                flash_set_ws
 .text.st_usbfs_set_address
                0x08001a00       0x10 /home/dima/stm32/libopencm3/lib/libopencm3_stm32f1.a(st_usbfs_core.o)
                0x08001a00                st_usbfs_set_address
 .text.st_usbfs_set_ep_rx_bufsize
                0x08001a10       0x44 /home/dima/stm32/libopencm3/lib/libopencm3_stm32f1.a(st_usbfs_core.o)
                0x08001a10                st_usbfs_set_ep_rx_bufsize
 .text.st_usbfs_ep_setup
                0x08001a54      0x128 /home/dima/stm32/libopencm3/lib/libopencm3_stm32f1.a(st_usbfs_core.o)
                0x08001a54                st_usbfs_ep_setup
 .text.st_usbfs_endpoints_reset
                0x08001b7c       0x44 /home/dima/stm32/libopencm3/lib/libopencm3_stm32f1.a(st_usbfs_core.o)
                0x08001b7c                st_usbfs_endpoints_reset
 .text.st_usbfs_ep_stall_set
                0x08001bc0       0xbc /home/dima/stm32/libopencm3/lib/libopencm3_stm32f1.a(st_usbfs_core.o)
                0x08001bc0                st_usbfs_ep_stall_set
 .text.st_usbfs_ep_stall_get
                0x08001c7c       0x38 /home/dima/stm32/libopencm3/lib/libopencm3_stm32f1.a(st_usbfs_core.o)
                0x08001c7c                st_usbfs_ep_stall_get
 .text.st_usbfs_ep_nak_set
                0x08001cb4       0x3c /home/dima/stm32/libopencm3/lib/libopencm3_stm32f1.a(st_usbfs_core.o)
                0x08001cb4                st_usbfs_ep_nak_set
 .text.st_usbfs_ep_write_packet
                0x08001cf0       0x88 /home/dima/stm32/libopencm3/lib/libopencm3_stm32f1.a(st_usbfs_core.o)
                0x08001cf0                st_usbfs_ep_write_packet
 .text.st_usbfs_ep_read_packet
                0x08001d78       0xb4 /home/dima/stm32/libopencm3/lib/libopencm3_stm32f1.a(st_usbfs_core.o)
                0x08001d78                st_usbfs_ep_read_packet
 .text.st_usbfs_poll
                0x08001e2c       0xf0 /home/dima/stm32/libopencm3/lib/libopencm3_stm32f1.a(st_usbfs_core.o)
                0x08001e2c                st_usbfs_poll
 .text.strlen   0x08001f1c       0x5c /opt/gcc-arm/bin/../lib/gcc/arm-none-eabi/14.2.1/../../../../arm-none-eabi/lib/thumb/v7-m/nofp/libc.a(libc_a-strlen-stub.o)
                0x08001f1c                strlen
                0x08001f78                        . = ALIGN (0x4)
 *(.rodata*)
 .rodata.main.str1.1
                0x08001f78       0x3a main.o
                                  0x4 (size before relaxing)
 .rodata.str1.1
                0x08001fb2       0x31 main.o
 .rodata.config
                0x08001fb2        0xd main.o
 *fill*         0x08001fbf        0x1 
 .rodata.ifaces
                0x08001fc0       0x10 main.o
 .rodata.data_iface
                0x08001fd0       0x15 main.o
 .rodata.data_endp
                0x08001fe5       0x1e main.o
 .rodata.dev    0x08002003       0x12 main.o
 .rodata.vTaskStartScheduler.str1.1
                0x08002015        0x5 rtos/tasks.o
 *fill*         0x08002015        0x3 
 .rodata._ctype_
                0x08002018      0x101 /opt/gcc-arm/bin/../lib/gcc/arm-none-eabi/14.2.1/../../../../arm-none-eabi/lib/thumb/v7-m/nofp/libc.a(libc_a-ctype_.o)
                0x08002018                _ctype_
 *fill*         0x08002119        0x3 
 .rodata.rcc_hse_configs
                0x0800211c       0x8c /home/dima/stm32/libopencm3/lib/libopencm3_stm32f1.a(rcc.o)
                0x0800211c                rcc_hse_configs
 .rodata.st_usbfs_v1_usb_driver
                0x080021a8       0x34 /home/dima/stm32/libopencm3/lib/libopencm3_stm32f1.a(st_usbfs_v1.o)
                0x080021a8                st_usbfs_v1_usb_driver
                0x080021dc                        . = ALIGN (0x4)

.glue_7         0x080021dc        0x0
 .glue_7        0x080021dc        0x0 linker stubs

.glue_7t        0x080021dc        0x0
 .glue_7t       0x080021dc        0x0 linker stubs

.vfp11_veneer   0x080021dc        0x0
 .vfp11_veneer  0x080021dc        0x0 linker stubs

.v4_bx          0x080021dc        0x0
 .v4_bx         0x080021dc        0x0 linker stubs

.iplt           0x080021dc        0x0
 .iplt          0x080021dc        0x0 main.o

.preinit_array  0x080021dc        0x0
                0x080021dc                        . = ALIGN (0x4)
                0x080021dc                        __preinit_array_start = .
 *(.preinit_array)
                0x080021dc                        __preinit_array_end = .

.init_array     0x080021dc        0x0
                0x080021dc                        . = ALIGN (0x4)
                0x080021dc                        __init_array_start = .
 *(SORT_BY_NAME(.init_array.*))
 *(.init_array)
                0x080021dc                        __init_array_end = .

.fini_array     0x080021dc        0x0
                0x080021dc                        . = ALIGN (0x4)
                0x080021dc                        __fini_array_start = .
 *(.fini_array)
 *(SORT_BY_NAME(.fini_array.*))
                0x080021dc                        __fini_array_end = .

.ARM.extab
 *(.ARM.extab*)

.ARM.exidx      0x080021dc        0x8
                0x080021dc                        __exidx_start = .
 *(.ARM.exidx*)
 .ARM.exidx     0x080021dc        0x8 /opt/gcc-arm/bin/../lib/gcc/arm-none-eabi/14.2.1/../../../../arm-none-eabi/lib/thumb/v7-m/nofp/libc.a(libc_a-memcpy.o)
                0x080021e4                        __exidx_end = .

.rel.dyn        0x080021e4        0x0
 .rel.iplt      0x080021e4        0x0 main.o
                0x080021e4                        . = ALIGN (0x4)
                0x080021e4                        _etext = .

.data           0x20000000       0x1c load address 0x080021e4
                0x20000000                        _data = .
 *(.data*)
 .data.usb_strings
                0x20000000        0xc main.o
 .data.uxCriticalNesting
                0x2000000c        0x4 rtos/port.o
 .data.rcc_ahb_frequency
                0x20000010        0x4 /home/dima/stm32/libopencm3/lib/libopencm3_stm32f1.a(rcc.o)
                0x20000010                rcc_ahb_frequency
 .data.rcc_apb2_frequency
                0x20000014        0x4 /home/dima/stm32/libopencm3/lib/libopencm3_stm32f1.a(rcc.o)
                0x20000014                rcc_apb2_frequency
 .data.rcc_apb1_frequency
                0x20000018        0x4 /home/dima/stm32/libopencm3/lib/libopencm3_stm32f1.a(rcc.o)
                0x20000018                rcc_apb1_frequency
                0x2000001c                        . = ALIGN (0x4)
                0x2000001c                        _edata = .
                0x080021e4                        _data_loadaddr = LOADADDR (.data)

.igot.plt       0x2000001c        0x0 load address 0x08002200
 .igot.plt      0x2000001c        0x0 main.o

.bss            0x2000001c     0x46b0 load address 0x08002200
 *(.bss*)
 .bss.in_rx.0   0x2000001c        0x1 main.o
 .bss.usbd_control_buffer
                0x2000001d       0x80 main.o
                0x2000001d                usbd_control_buffer
 *fill*         0x2000009d        0x3 
 .bss.udev      0x200000a0        0x4 main.o
 .bss.xBlockAllocatedBit
                0x200000a4        0x4 rtos/heap_4.o
 .bss.xMinimumEverFreeBytesRemaining
                0x200000a8        0x4 rtos/heap_4.o
 .bss.xFreeBytesRemaining
                0x200000ac        0x4 rtos/heap_4.o
 .bss.pxEnd     0x200000b0        0x4 rtos/heap_4.o
 .bss.xStart    0x200000b4        0x8 rtos/heap_4.o
 .bss.ucHeap    0x200000bc     0x4400 rtos/heap_4.o
 .bss.uxSchedulerSuspended
                0x200044bc        0x4 rtos/tasks.o
 .bss.xIdleTaskHandle
                0x200044c0        0x4 rtos/tasks.o
 .bss.xNextTaskUnblockTime
                0x200044c4        0x4 rtos/tasks.o
 .bss.uxTaskNumber
                0x200044c8        0x4 rtos/tasks.o
 .bss.xNumOfOverflows
                0x200044cc        0x4 rtos/tasks.o
 .bss.xYieldPending
                0x200044d0        0x4 rtos/tasks.o
 .bss.uxPendedTicks
                0x200044d4        0x4 rtos/tasks.o
 .bss.xSchedulerRunning
                0x200044d8        0x4 rtos/tasks.o
 .bss.uxTopReadyPriority
                0x200044dc        0x4 rtos/tasks.o
 .bss.xTickCount
                0x200044e0        0x4 rtos/tasks.o
 .bss.uxCurrentNumberOfTasks
                0x200044e4        0x4 rtos/tasks.o
 .bss.xSuspendedTaskList
                0x200044e8       0x14 rtos/tasks.o
 .bss.uxDeletedTasksWaitingCleanUp
                0x200044fc        0x4 rtos/tasks.o
 .bss.xTasksWaitingTermination
                0x20004500       0x14 rtos/tasks.o
 .bss.xPendingReadyList
                0x20004514       0x14 rtos/tasks.o
 .bss.pxOverflowDelayedTaskList
                0x20004528        0x4 rtos/tasks.o
 .bss.pxDelayedTaskList
                0x2000452c        0x4 rtos/tasks.o
 .bss.xDelayedTaskList2
                0x20004530       0x14 rtos/tasks.o
 .bss.xDelayedTaskList1
                0x20004544       0x14 rtos/tasks.o
 .bss.pxReadyTasksLists
                0x20004558       0x64 rtos/tasks.o
 .bss.pxCurrentTCB
                0x200045bc        0x4 rtos/tasks.o
                0x200045bc                pxCurrentTCB
 .bss.st_usbfs_dev
                0x200045c0      0x104 /home/dima/stm32/libopencm3/lib/libopencm3_stm32f1.a(st_usbfs_core.o)
                0x200045c0                st_usbfs_dev
 .bss.st_usbfs_force_nak
                0x200046c4        0x8 /home/dima/stm32/libopencm3/lib/libopencm3_stm32f1.a(st_usbfs_core.o)
                0x200046c4                st_usbfs_force_nak
 *(COMMON)
                0x200046cc                        . = ALIGN (0x4)
                0x200046cc                        _ebss = .

/DISCARD/
 *(.eh_frame)
                0x200046cc                        . = ALIGN (0x4)
                0x200046cc                        end = .
                0x20005000                        PROVIDE (_stack = (ORIGIN (ram) + LENGTH (ram)))
OUTPUT(main.elf elf32-littlearm)
LOAD linker stubs

.debug_info     0x00000000     0xb485
 .debug_info    0x00000000     0x10ac main.o
 .debug_info    0x000010ac      0x423 rtos/heap_4.o
 .debug_info    0x000014cf      0x2ae rtos/list.o
 .debug_info    0x0000177d      0x316 rtos/port.o
 .debug_info    0x00001a93     0x2055 rtos/tasks.o
 .debug_info    0x00003ae8       0xde rtos/opencm3.o
 .debug_info    0x00003bc6      0x1fd /home/dima/stm32/libopencm3/lib/libopencm3_stm32f1.a(gpio.o)
 .debug_info    0x00003dc3      0x256 /home/dima/stm32/libopencm3/lib/libopencm3_stm32f1.a(gpio_common_all.o)
 .debug_info    0x00004019     0x14d0 /home/dima/stm32/libopencm3/lib/libopencm3_stm32f1.a(rcc.o)
 .debug_info    0x000054e9      0x60d /home/dima/stm32/libopencm3/lib/libopencm3_stm32f1.a(rcc_common_all.o)
 .debug_info    0x00005af6     0x1036 /home/dima/stm32/libopencm3/lib/libopencm3_stm32f1.a(usb.o)
 .debug_info    0x00006b2c     0x10ac /home/dima/stm32/libopencm3/lib/libopencm3_stm32f1.a(usb_control.o)
 .debug_info    0x00007bd8     0x166a /home/dima/stm32/libopencm3/lib/libopencm3_stm32f1.a(usb_standard.o)
 .debug_info    0x00009242      0xe42 /home/dima/stm32/libopencm3/lib/libopencm3_stm32f1.a(st_usbfs_v1.o)
 .debug_info    0x0000a084      0x2c4 /home/dima/stm32/libopencm3/lib/libopencm3_stm32f1.a(vector.o)
 .debug_info    0x0000a348       0xf1 /home/dima/stm32/libopencm3/lib/libopencm3_stm32f1.a(flash_common_all.o)
 .debug_info    0x0000a439     0x104c /home/dima/stm32/libopencm3/lib/libopencm3_stm32f1.a(st_usbfs_core.o)

.debug_abbrev   0x00000000     0x26a9
 .debug_abbrev  0x00000000      0x36f main.o
 .debug_abbrev  0x0000036f      0x243 rtos/heap_4.o
 .debug_abbrev  0x000005b2      0x103 rtos/list.o
 .debug_abbrev  0x000006b5      0x220 rtos/port.o
 .debug_abbrev  0x000008d5      0x489 rtos/tasks.o
 .debug_abbrev  0x00000d5e       0x81 rtos/opencm3.o
 .debug_abbrev  0x00000ddf       0xd3 /home/dima/stm32/libopencm3/lib/libopencm3_stm32f1.a(gpio.o)
 .debug_abbrev  0x00000eb2      0x115 /home/dima/stm32/libopencm3/lib/libopencm3_stm32f1.a(gpio_common_all.o)
 .debug_abbrev  0x00000fc7      0x2be /home/dima/stm32/libopencm3/lib/libopencm3_stm32f1.a(rcc.o)
 .debug_abbrev  0x00001285      0x185 /home/dima/stm32/libopencm3/lib/libopencm3_stm32f1.a(rcc_common_all.o)
 .debug_abbrev  0x0000140a      0x291 /home/dima/stm32/libopencm3/lib/libopencm3_stm32f1.a(usb.o)
 .debug_abbrev  0x0000169b      0x3ba /home/dima/stm32/libopencm3/lib/libopencm3_stm32f1.a(usb_control.o)
 .debug_abbrev  0x00001a55      0x4c7 /home/dima/stm32/libopencm3/lib/libopencm3_stm32f1.a(usb_standard.o)
 .debug_abbrev  0x00001f1c      0x294 /home/dima/stm32/libopencm3/lib/libopencm3_stm32f1.a(st_usbfs_v1.o)
 .debug_abbrev  0x000021b0      0x149 /home/dima/stm32/libopencm3/lib/libopencm3_stm32f1.a(vector.o)
 .debug_abbrev  0x000022f9       0x96 /home/dima/stm32/libopencm3/lib/libopencm3_stm32f1.a(flash_common_all.o)
 .debug_abbrev  0x0000238f      0x31a /home/dima/stm32/libopencm3/lib/libopencm3_stm32f1.a(st_usbfs_core.o)

.debug_loclists
                0x00000000     0x3adf
 .debug_loclists
                0x00000000      0x275 main.o
 .debug_loclists
                0x00000275      0x2df rtos/heap_4.o
 .debug_loclists
                0x00000554       0x77 rtos/list.o
 .debug_loclists
                0x000005cb       0x82 rtos/port.o
 .debug_loclists
                0x0000064d      0xf80 rtos/tasks.o
 .debug_loclists
                0x000015cd      0x100 /home/dima/stm32/libopencm3/lib/libopencm3_stm32f1.a(gpio.o)
 .debug_loclists
                0x000016cd       0x96 /home/dima/stm32/libopencm3/lib/libopencm3_stm32f1.a(gpio_common_all.o)
 .debug_loclists
                0x00001763      0x2cb /home/dima/stm32/libopencm3/lib/libopencm3_stm32f1.a(rcc.o)
 .debug_loclists
                0x00001a2e       0x87 /home/dima/stm32/libopencm3/lib/libopencm3_stm32f1.a(rcc_common_all.o)
 .debug_loclists
                0x00001ab5      0x3d2 /home/dima/stm32/libopencm3/lib/libopencm3_stm32f1.a(usb.o)
 .debug_loclists
                0x00001e87      0x5df /home/dima/stm32/libopencm3/lib/libopencm3_stm32f1.a(usb_control.o)
 .debug_loclists
                0x00002466      0xe0a /home/dima/stm32/libopencm3/lib/libopencm3_stm32f1.a(usb_standard.o)
 .debug_loclists
                0x00003270      0x13d /home/dima/stm32/libopencm3/lib/libopencm3_stm32f1.a(st_usbfs_v1.o)
 .debug_loclists
                0x000033ad       0xa8 /home/dima/stm32/libopencm3/lib/libopencm3_stm32f1.a(vector.o)
 .debug_loclists
                0x00003455       0x17 /home/dima/stm32/libopencm3/lib/libopencm3_stm32f1.a(flash_common_all.o)
 .debug_loclists
                0x0000346c      0x673 /home/dima/stm32/libopencm3/lib/libopencm3_stm32f1.a(st_usbfs_core.o)

.debug_aranges  0x00000000      0x7d8
 .debug_aranges
                0x00000000       0x48 main.o
 .debug_aranges
                0x00000048       0x48 rtos/heap_4.o
 .debug_aranges
                0x00000090       0x40 rtos/list.o
 .debug_aranges
                0x000000d0       0x70 rtos/port.o
 .debug_aranges
                0x00000140      0x160 rtos/tasks.o
 .debug_aranges
                0x000002a0       0x30 rtos/opencm3.o
 .debug_aranges
                0x000002d0       0x38 /home/dima/stm32/libopencm3/lib/libopencm3_stm32f1.a(gpio.o)
 .debug_aranges
                0x00000308       0x50 /home/dima/stm32/libopencm3/lib/libopencm3_stm32f1.a(gpio_common_all.o)
 .debug_aranges
                0x00000358      0x170 /home/dima/stm32/libopencm3/lib/libopencm3_stm32f1.a(rcc.o)
 .debug_aranges
                0x000004c8       0x80 /home/dima/stm32/libopencm3/lib/libopencm3_stm32f1.a(rcc_common_all.o)
 .debug_aranges
                0x00000548       0x90 /home/dima/stm32/libopencm3/lib/libopencm3_stm32f1.a(usb.o)
 .debug_aranges
                0x000005d8       0x60 /home/dima/stm32/libopencm3/lib/libopencm3_stm32f1.a(usb_control.o)
 .debug_aranges
                0x00000638       0xa0 /home/dima/stm32/libopencm3/lib/libopencm3_stm32f1.a(usb_standard.o)
 .debug_aranges
                0x000006d8       0x30 /home/dima/stm32/libopencm3/lib/libopencm3_stm32f1.a(st_usbfs_v1.o)
 .debug_aranges
                0x00000708       0x30 /home/dima/stm32/libopencm3/lib/libopencm3_stm32f1.a(vector.o)
 .debug_aranges
                0x00000738       0x38 /home/dima/stm32/libopencm3/lib/libopencm3_stm32f1.a(flash_common_all.o)
 .debug_aranges
                0x00000770       0x68 /home/dima/stm32/libopencm3/lib/libopencm3_stm32f1.a(st_usbfs_core.o)

.debug_rnglists
                0x00000000      0x79e
 .debug_rnglists
                0x00000000       0x3e main.o
 .debug_rnglists
                0x0000003e       0x32 rtos/heap_4.o
 .debug_rnglists
                0x00000070       0x2b rtos/list.o
 .debug_rnglists
                0x0000009b       0x5b rtos/port.o
 .debug_rnglists
                0x000000f6      0x1dd rtos/tasks.o
 .debug_rnglists
                0x000002d3       0x1f rtos/opencm3.o
 .debug_rnglists
                0x000002f2       0x25 /home/dima/stm32/libopencm3/lib/libopencm3_stm32f1.a(gpio.o)
 .debug_rnglists
                0x00000317       0x37 /home/dima/stm32/libopencm3/lib/libopencm3_stm32f1.a(gpio_common_all.o)
 .debug_rnglists
                0x0000034e      0x160 /home/dima/stm32/libopencm3/lib/libopencm3_stm32f1.a(rcc.o)
 .debug_rnglists
                0x000004ae       0x5b /home/dima/stm32/libopencm3/lib/libopencm3_stm32f1.a(rcc_common_all.o)
 .debug_rnglists
                0x00000509       0x67 /home/dima/stm32/libopencm3/lib/libopencm3_stm32f1.a(usb.o)
 .debug_rnglists
                0x00000570       0x6e /home/dima/stm32/libopencm3/lib/libopencm3_stm32f1.a(usb_control.o)
 .debug_rnglists
                0x000005de       0xbf /home/dima/stm32/libopencm3/lib/libopencm3_stm32f1.a(usb_standard.o)
 .debug_rnglists
                0x0000069d       0x1f /home/dima/stm32/libopencm3/lib/libopencm3_stm32f1.a(st_usbfs_v1.o)
 .debug_rnglists
                0x000006bc       0x20 /home/dima/stm32/libopencm3/lib/libopencm3_stm32f1.a(vector.o)
 .debug_rnglists
                0x000006dc       0x25 /home/dima/stm32/libopencm3/lib/libopencm3_stm32f1.a(flash_common_all.o)
 .debug_rnglists
                0x00000701       0x9d /home/dima/stm32/libopencm3/lib/libopencm3_stm32f1.a(st_usbfs_core.o)

.debug_line     0x00000000     0x6804
 .debug_line    0x00000000      0x3d9 main.o
 .debug_line    0x000003d9      0x43c rtos/heap_4.o
 .debug_line    0x00000815      0x255 rtos/list.o
 .debug_line    0x00000a6a      0x2df rtos/port.o
 .debug_line    0x00000d49     0x1808 rtos/tasks.o
 .debug_line    0x00002551       0x6b rtos/opencm3.o
 .debug_line    0x000025bc      0x39c /home/dima/stm32/libopencm3/lib/libopencm3_stm32f1.a(gpio.o)
 .debug_line    0x00002958      0x355 /home/dima/stm32/libopencm3/lib/libopencm3_stm32f1.a(gpio_common_all.o)
 .debug_line    0x00002cad      0xd05 /home/dima/stm32/libopencm3/lib/libopencm3_stm32f1.a(rcc.o)
 .debug_line    0x000039b2      0x3fc /home/dima/stm32/libopencm3/lib/libopencm3_stm32f1.a(rcc_common_all.o)
 .debug_line    0x00003dae      0x4e0 /home/dima/stm32/libopencm3/lib/libopencm3_stm32f1.a(usb.o)
 .debug_line    0x0000428e      0x6ce /home/dima/stm32/libopencm3/lib/libopencm3_stm32f1.a(usb_control.o)
 .debug_line    0x0000495c      0xcab /home/dima/stm32/libopencm3/lib/libopencm3_stm32f1.a(usb_standard.o)
 .debug_line    0x00005607      0x3c1 /home/dima/stm32/libopencm3/lib/libopencm3_stm32f1.a(st_usbfs_v1.o)
 .debug_line    0x000059c8      0x370 /home/dima/stm32/libopencm3/lib/libopencm3_stm32f1.a(vector.o)
 .debug_line    0x00005d38      0x306 /home/dima/stm32/libopencm3/lib/libopencm3_stm32f1.a(flash_common_all.o)
 .debug_line    0x0000603e      0x7c6 /home/dima/stm32/libopencm3/lib/libopencm3_stm32f1.a(st_usbfs_core.o)

.debug_str      0x00000000    0x14de4
 .debug_str     0x00000000    0x14de4 main.o
                                0xb5a (size before relaxing)
 .debug_str     0x00014de4      0x35b rtos/heap_4.o
 .debug_str     0x00014de4      0x2ab rtos/list.o
 .debug_str     0x00014de4      0x305 rtos/port.o
 .debug_str     0x00014de4      0xdaf rtos/tasks.o
 .debug_str     0x00014de4      0x1c3 rtos/opencm3.o
 .debug_str     0x00014de4     0x86b3 /home/dima/stm32/libopencm3/lib/libopencm3_stm32f1.a(gpio.o)
 .debug_str     0x00014de4     0x86a7 /home/dima/stm32/libopencm3/lib/libopencm3_stm32f1.a(gpio_common_all.o)
 .debug_str     0x00014de4     0x8308 /home/dima/stm32/libopencm3/lib/libopencm3_stm32f1.a(rcc.o)
 .debug_str     0x00014de4     0x7a16 /home/dima/stm32/libopencm3/lib/libopencm3_stm32f1.a(rcc_common_all.o)
 .debug_str     0x00014de4     0x7fd8 /home/dima/stm32/libopencm3/lib/libopencm3_stm32f1.a(usb.o)
 .debug_str     0x00014de4     0x7fba /home/dima/stm32/libopencm3/lib/libopencm3_stm32f1.a(usb_control.o)
 .debug_str     0x00014de4     0x80f4 /home/dima/stm32/libopencm3/lib/libopencm3_stm32f1.a(usb_standard.o)
 .debug_str     0x00014de4     0x9c2c /home/dima/stm32/libopencm3/lib/libopencm3_stm32f1.a(st_usbfs_v1.o)
 .debug_str     0x00014de4     0x66ed /home/dima/stm32/libopencm3/lib/libopencm3_stm32f1.a(vector.o)
 .debug_str     0x00014de4     0x55ec /home/dima/stm32/libopencm3/lib/libopencm3_stm32f1.a(flash_common_all.o)
 .debug_str     0x00014de4     0x9a79 /home/dima/stm32/libopencm3/lib/libopencm3_stm32f1.a(st_usbfs_core.o)

.comment        0x00000000       0x45
 .comment       0x00000000       0x45 main.o
                                 0x46 (size before relaxing)
 .comment       0x00000045       0x46 rtos/heap_4.o
 .comment       0x00000045       0x46 rtos/list.o
 .comment       0x00000045       0x46 rtos/port.o
 .comment       0x00000045       0x46 rtos/tasks.o
 .comment       0x00000045       0x46 rtos/opencm3.o
 .comment       0x00000045       0x46 /home/dima/stm32/libopencm3/lib/libopencm3_stm32f1.a(gpio.o)
 .comment       0x00000045       0x46 /home/dima/stm32/libopencm3/lib/libopencm3_stm32f1.a(gpio_common_all.o)
 .comment       0x00000045       0x46 /home/dima/stm32/libopencm3/lib/libopencm3_stm32f1.a(rcc.o)
 .comment       0x00000045       0x46 /home/dima/stm32/libopencm3/lib/libopencm3_stm32f1.a(rcc_common_all.o)
 .comment       0x00000045       0x46 /home/dima/stm32/libopencm3/lib/libopencm3_stm32f1.a(usb.o)
 .comment       0x00000045       0x46 /home/dima/stm32/libopencm3/lib/libopencm3_stm32f1.a(usb_control.o)
 .comment       0x00000045       0x46 /home/dima/stm32/libopencm3/lib/libopencm3_stm32f1.a(usb_standard.o)
 .comment       0x00000045       0x46 /home/dima/stm32/libopencm3/lib/libopencm3_stm32f1.a(st_usbfs_v1.o)
 .comment       0x00000045       0x46 /home/dima/stm32/libopencm3/lib/libopencm3_stm32f1.a(vector.o)
 .comment       0x00000045       0x46 /home/dima/stm32/libopencm3/lib/libopencm3_stm32f1.a(flash_common_all.o)
 .comment       0x00000045       0x46 /home/dima/stm32/libopencm3/lib/libopencm3_stm32f1.a(st_usbfs_core.o)

.ARM.attributes
                0x00000000       0x2b
 .ARM.attributes
                0x00000000       0x2d main.o
 .ARM.attributes
                0x0000002d       0x2d rtos/heap_4.o
 .ARM.attributes
                0x0000005a       0x2d rtos/list.o
 .ARM.attributes
                0x00000087       0x2d rtos/port.o
 .ARM.attributes
                0x000000b4       0x2d rtos/tasks.o
 .ARM.attributes
                0x000000e1       0x2d rtos/opencm3.o
 .ARM.attributes
                0x0000010e       0x2d /opt/gcc-arm/bin/../lib/gcc/arm-none-eabi/14.2.1/../../../../arm-none-eabi/lib/thumb/v7-m/nofp/libc.a(libc_a-ctype_.o)
 .ARM.attributes
                0x0000013b       0x1b /opt/gcc-arm/bin/../lib/gcc/arm-none-eabi/14.2.1/../../../../arm-none-eabi/lib/thumb/v7-m/nofp/libc.a(libc_a-memcpy.o)
 .ARM.attributes
                0x00000156       0x2d /home/dima/stm32/libopencm3/lib/libopencm3_stm32f1.a(gpio.o)
 .ARM.attributes
                0x00000183       0x2d /home/dima/stm32/libopencm3/lib/libopencm3_stm32f1.a(gpio_common_all.o)
 .ARM.attributes
                0x000001b0       0x2d /home/dima/stm32/libopencm3/lib/libopencm3_stm32f1.a(rcc.o)
 .ARM.attributes
                0x000001dd       0x2d /home/dima/stm32/libopencm3/lib/libopencm3_stm32f1.a(rcc_common_all.o)
 .ARM.attributes
                0x0000020a       0x2d /home/dima/stm32/libopencm3/lib/libopencm3_stm32f1.a(usb.o)
 .ARM.attributes
                0x00000237       0x2d /home/dima/stm32/libopencm3/lib/libopencm3_stm32f1.a(usb_control.o)
 .ARM.attributes
                0x00000264       0x2d /home/dima/stm32/libopencm3/lib/libopencm3_stm32f1.a(usb_standard.o)
 .ARM.attributes
                0x00000291       0x2d /home/dima/stm32/libopencm3/lib/libopencm3_stm32f1.a(st_usbfs_v1.o)
 .ARM.attributes
                0x000002be       0x2d /home/dima/stm32/libopencm3/lib/libopencm3_stm32f1.a(vector.o)
 .ARM.attributes
                0x000002eb       0x2d /home/dima/stm32/libopencm3/lib/libopencm3_stm32f1.a(flash_common_all.o)
 .ARM.attributes
                0x00000318       0x2d /home/dima/stm32/libopencm3/lib/libopencm3_stm32f1.a(st_usbfs_core.o)
 .ARM.attributes
                0x00000345       0x2d /opt/gcc-arm/bin/../lib/gcc/arm-none-eabi/14.2.1/../../../../arm-none-eabi/lib/thumb/v7-m/nofp/libc.a(libc_a-strlen-stub.o)

.debug_frame    0x00000000     0x1318
 .debug_frame   0x00000000       0xb4 main.o
 .debug_frame   0x000000b4       0x98 rtos/heap_4.o
 .debug_frame   0x0000014c       0x6c rtos/list.o
 .debug_frame   0x000001b8       0xd0 rtos/port.o
 .debug_frame   0x00000288      0x468 rtos/tasks.o
 .debug_frame   0x000006f0       0x40 rtos/opencm3.o
 .debug_frame   0x00000730       0x20 /opt/gcc-arm/bin/../lib/gcc/arm-none-eabi/14.2.1/../../../../arm-none-eabi/lib/thumb/v7-m/nofp/libc.a(libc_a-ctype_.o)
 .debug_frame   0x00000750       0x28 /opt/gcc-arm/bin/../lib/gcc/arm-none-eabi/14.2.1/../../../../arm-none-eabi/lib/thumb/v7-m/nofp/libc.a(libc_a-memcpy.o)
 .debug_frame   0x00000778       0x64 /home/dima/stm32/libopencm3/lib/libopencm3_stm32f1.a(gpio.o)
 .debug_frame   0x000007dc       0x80 /home/dima/stm32/libopencm3/lib/libopencm3_stm32f1.a(gpio_common_all.o)
 .debug_frame   0x0000085c      0x318 /home/dima/stm32/libopencm3/lib/libopencm3_stm32f1.a(rcc.o)
 .debug_frame   0x00000b74       0xe0 /home/dima/stm32/libopencm3/lib/libopencm3_stm32f1.a(rcc_common_all.o)
 .debug_frame   0x00000c54      0x14c /home/dima/stm32/libopencm3/lib/libopencm3_stm32f1.a(usb.o)
 .debug_frame   0x00000da0      0x164 /home/dima/stm32/libopencm3/lib/libopencm3_stm32f1.a(usb_control.o)
 .debug_frame   0x00000f04      0x1e8 /home/dima/stm32/libopencm3/lib/libopencm3_stm32f1.a(usb_standard.o)
 .debug_frame   0x000010ec       0x58 /home/dima/stm32/libopencm3/lib/libopencm3_stm32f1.a(st_usbfs_v1.o)
 .debug_frame   0x00001144       0x4c /home/dima/stm32/libopencm3/lib/libopencm3_stm32f1.a(vector.o)
 .debug_frame   0x00001190       0x50 /home/dima/stm32/libopencm3/lib/libopencm3_stm32f1.a(flash_common_all.o)
 .debug_frame   0x000011e0      0x118 /home/dima/stm32/libopencm3/lib/libopencm3_stm32f1.a(st_usbfs_core.o)
 .debug_frame   0x000012f8       0x20 /opt/gcc-arm/bin/../lib/gcc/arm-none-eabi/14.2.1/../../../../arm-none-eabi/lib/thumb/v7-m/nofp/libc.a(libc_a-strlen-stub.o)

.debug_line_str
                0x00000000       0xd8
 .debug_line_str
                0x00000000       0xd8 /opt/gcc-arm/bin/../lib/gcc/arm-none-eabi/14.2.1/../../../../arm-none-eabi/lib/thumb/v7-m/nofp/libc.a(libc_a-memcpy.o)

.debug_macro    0x00000000     0x4dae
 .debug_macro   0x00000000       0xb8 /home/dima/stm32/libopencm3/lib/libopencm3_stm32f1.a(gpio.o)
 .debug_macro   0x000000b8      0xac0 /home/dima/stm32/libopencm3/lib/libopencm3_stm32f1.a(gpio.o)
 .debug_macro   0x00000b78       0x1c /home/dima/stm32/libopencm3/lib/libopencm3_stm32f1.a(gpio.o)
 .debug_macro   0x00000b94       0x22 /home/dima/stm32/libopencm3/lib/libopencm3_stm32f1.a(gpio.o)
 .debug_macro   0x00000bb6       0x56 /home/dima/stm32/libopencm3/lib/libopencm3_stm32f1.a(gpio.o)
 .debug_macro   0x00000c0c       0x51 /home/dima/stm32/libopencm3/lib/libopencm3_stm32f1.a(gpio.o)
 .debug_macro   0x00000c5d      0x103 /home/dima/stm32/libopencm3/lib/libopencm3_stm32f1.a(gpio.o)
 .debug_macro   0x00000d60       0x6a /home/dima/stm32/libopencm3/lib/libopencm3_stm32f1.a(gpio.o)
 .debug_macro   0x00000dca      0x1df /home/dima/stm32/libopencm3/lib/libopencm3_stm32f1.a(gpio.o)
 .debug_macro   0x00000fa9       0x22 /home/dima/stm32/libopencm3/lib/libopencm3_stm32f1.a(gpio.o)
 .debug_macro   0x00000fcb       0xe8 /home/dima/stm32/libopencm3/lib/libopencm3_stm32f1.a(gpio.o)
 .debug_macro   0x000010b3       0x76 /home/dima/stm32/libopencm3/lib/libopencm3_stm32f1.a(gpio.o)
 .debug_macro   0x00001129      0x1b4 /home/dima/stm32/libopencm3/lib/libopencm3_stm32f1.a(gpio.o)
 .debug_macro   0x000012dd       0x76 /home/dima/stm32/libopencm3/lib/libopencm3_stm32f1.a(gpio.o)
 .debug_macro   0x00001353      0xe2e /home/dima/stm32/libopencm3/lib/libopencm3_stm32f1.a(gpio.o)
 .debug_macro   0x00002181       0xb8 /home/dima/stm32/libopencm3/lib/libopencm3_stm32f1.a(gpio_common_all.o)
 .debug_macro   0x00002239       0xe7 /home/dima/stm32/libopencm3/lib/libopencm3_stm32f1.a(rcc.o)
 .debug_macro   0x00002320       0x16 /home/dima/stm32/libopencm3/lib/libopencm3_stm32f1.a(rcc.o)
 .debug_macro   0x00002336      0x8c6 /home/dima/stm32/libopencm3/lib/libopencm3_stm32f1.a(rcc.o)
 .debug_macro   0x00002bfc       0xee /home/dima/stm32/libopencm3/lib/libopencm3_stm32f1.a(rcc.o)
 .debug_macro   0x00002cea       0x82 /home/dima/stm32/libopencm3/lib/libopencm3_stm32f1.a(rcc.o)
 .debug_macro   0x00002d6c       0xce /home/dima/stm32/libopencm3/lib/libopencm3_stm32f1.a(rcc_common_all.o)
 .debug_macro   0x00002e3a      0x146 /home/dima/stm32/libopencm3/lib/libopencm3_stm32f1.a(usb.o)
 .debug_macro   0x00002f80       0x75 /home/dima/stm32/libopencm3/lib/libopencm3_stm32f1.a(usb.o)
 .debug_macro   0x00002ff5       0x24 /home/dima/stm32/libopencm3/lib/libopencm3_stm32f1.a(usb.o)
 .debug_macro   0x00003019       0x5c /home/dima/stm32/libopencm3/lib/libopencm3_stm32f1.a(usb.o)
 .debug_macro   0x00003075       0x3c /home/dima/stm32/libopencm3/lib/libopencm3_stm32f1.a(usb.o)
 .debug_macro   0x000030b1       0x34 /home/dima/stm32/libopencm3/lib/libopencm3_stm32f1.a(usb.o)
 .debug_macro   0x000030e5      0x189 /home/dima/stm32/libopencm3/lib/libopencm3_stm32f1.a(usb.o)
 .debug_macro   0x0000326e       0x57 /home/dima/stm32/libopencm3/lib/libopencm3_stm32f1.a(usb.o)
 .debug_macro   0x000032c5      0x372 /home/dima/stm32/libopencm3/lib/libopencm3_stm32f1.a(usb.o)
 .debug_macro   0x00003637       0x16 /home/dima/stm32/libopencm3/lib/libopencm3_stm32f1.a(usb.o)
 .debug_macro   0x0000364d       0x4a /home/dima/stm32/libopencm3/lib/libopencm3_stm32f1.a(usb.o)
 .debug_macro   0x00003697       0x34 /home/dima/stm32/libopencm3/lib/libopencm3_stm32f1.a(usb.o)
 .debug_macro   0x000036cb       0x10 /home/dima/stm32/libopencm3/lib/libopencm3_stm32f1.a(usb.o)
 .debug_macro   0x000036db       0x58 /home/dima/stm32/libopencm3/lib/libopencm3_stm32f1.a(usb.o)
 .debug_macro   0x00003733      0x1e5 /home/dima/stm32/libopencm3/lib/libopencm3_stm32f1.a(usb.o)
 .debug_macro   0x00003918       0x10 /home/dima/stm32/libopencm3/lib/libopencm3_stm32f1.a(usb.o)
 .debug_macro   0x00003928       0x3c /home/dima/stm32/libopencm3/lib/libopencm3_stm32f1.a(usb.o)
 .debug_macro   0x00003964      0x19c /home/dima/stm32/libopencm3/lib/libopencm3_stm32f1.a(usb.o)
 .debug_macro   0x00003b00       0x10 /home/dima/stm32/libopencm3/lib/libopencm3_stm32f1.a(usb.o)
 .debug_macro   0x00003b10       0x1c /home/dima/stm32/libopencm3/lib/libopencm3_stm32f1.a(usb.o)
 .debug_macro   0x00003b2c      0x154 /home/dima/stm32/libopencm3/lib/libopencm3_stm32f1.a(usb_control.o)
 .debug_macro   0x00003c80       0x16 /home/dima/stm32/libopencm3/lib/libopencm3_stm32f1.a(usb_control.o)
 .debug_macro   0x00003c96      0x11c /home/dima/stm32/libopencm3/lib/libopencm3_stm32f1.a(usb_control.o)
 .debug_macro   0x00003db2       0x94 /home/dima/stm32/libopencm3/lib/libopencm3_stm32f1.a(usb_control.o)
 .debug_macro   0x00003e46       0x22 /home/dima/stm32/libopencm3/lib/libopencm3_stm32f1.a(usb_control.o)
 .debug_macro   0x00003e68      0x146 /home/dima/stm32/libopencm3/lib/libopencm3_stm32f1.a(usb_standard.o)
 .debug_macro   0x00003fae      0x10d /home/dima/stm32/libopencm3/lib/libopencm3_stm32f1.a(st_usbfs_v1.o)
 .debug_macro   0x000040bb       0x3a /home/dima/stm32/libopencm3/lib/libopencm3_stm32f1.a(st_usbfs_v1.o)
 .debug_macro   0x000040f5      0x29e /home/dima/stm32/libopencm3/lib/libopencm3_stm32f1.a(st_usbfs_v1.o)
 .debug_macro   0x00004393       0x28 /home/dima/stm32/libopencm3/lib/libopencm3_stm32f1.a(st_usbfs_v1.o)
 .debug_macro   0x000043bb      0x1a2 /home/dima/stm32/libopencm3/lib/libopencm3_stm32f1.a(st_usbfs_v1.o)
 .debug_macro   0x0000455d       0x10 /home/dima/stm32/libopencm3/lib/libopencm3_stm32f1.a(st_usbfs_v1.o)
 .debug_macro   0x0000456d       0xcf /home/dima/stm32/libopencm3/lib/libopencm3_stm32f1.a(vector.o)
 .debug_macro   0x0000463c      0x395 /home/dima/stm32/libopencm3/lib/libopencm3_stm32f1.a(vector.o)
 .debug_macro   0x000049d1       0x6e /home/dima/stm32/libopencm3/lib/libopencm3_stm32f1.a(vector.o)
 .debug_macro   0x00004a3f      0x1a2 /home/dima/stm32/libopencm3/lib/libopencm3_stm32f1.a(vector.o)
 .debug_macro   0x00004be1       0xc0 /home/dima/stm32/libopencm3/lib/libopencm3_stm32f1.a(flash_common_all.o)
 .debug_macro   0x00004ca1      0x10d /home/dima/stm32/libopencm3/lib/libopencm3_stm32f1.a(st_usbfs_core.o)
